08-25 17:34:14.373  1464  2100 D BackgroundInstallControlService: Package event received: 0
08-25 17:34:14.392  1464  4404 W ProcessStats: Tracking association SourceState{429239f com.google.android.pixelsystemservice/10419 ImpFg #40385} whose proc state 5 is better than process ProcessState{c2bebe0 com.google.android.apps.turbo/10165 pkg=com.google.android.apps.turbo} proc state 14 (0 skipped)
08-25 17:34:44.993  1464  2100 D BackgroundInstallControlService: Package event received: 0
08-25 17:34:44.998  1464  2100 D BackgroundInstallControlService: Package event received: 0
08-25 17:35:25.183  1464  1958 D ActivityManager: freezing 8949 com.google.android.apps.turbo
08-25 17:35:30.728  1464  1714 D BatteryStatsImpl: Reading cpu stats took 123ms
08-25 17:35:30.740  1464  1714 D KernelCpuUidUserSysTimeReader: Removing uids 10509-10509
08-25 17:35:30.741  1464  1714 D KernelCpuUidUserSysTimeReader: Removing uids 90001-90001
08-25 17:35:30.741  1464  1714 D KernelCpuUidUserSysTimeReader: Removing uids 90002-90002
08-25 17:35:35.198  1464  2100 D BackgroundInstallControlService: Package event received: 0
08-25 17:35:35.213  1464  1930 D ActivityManager: sync unfroze 8949 com.google.android.apps.turbo for 6
08-25 17:35:35.216  1464  2100 D BackgroundInstallControlService: Package event received: 0
08-25 17:35:35.231  1464  1930 W ProcessStats: Tracking association SourceState{429239f com.google.android.pixelsystemservice/10419 ImpFg #40393} whose proc state 5 is better than process ProcessState{c2bebe0 com.google.android.apps.turbo/10165 pkg=com.google.android.apps.turbo} proc state 14 (0 skipped)
08-25 17:35:47.797  1464  2100 D BackgroundInstallControlService: Package event received: 0
08-25 17:35:47.830  1464  2607 D ActivityManager: sync unfroze 23997 com.google.android.gms for 6
08-25 17:35:47.832  1464  2100 D BackgroundInstallControlService: Package event received: 0
08-25 17:35:47.833  1464  2607 D ActivityManager: sync unfroze 9676 com.google.android.adservices.api for 6
08-25 17:35:47.841  1464  2100 D BackgroundInstallControlService: Package event received: 0
08-25 17:35:47.860  1464  2607 W ProcessStats: Tracking association SourceState{df98eea com.google.android.gms/10133 BFgs #40399} whose proc state 4 is better than process ProcessState{ffd140c com.google.android.adservices.api/10263 pkg=com.google.android.adservices.api} proc state 15 (0 skipped)
08-25 17:36:12.996  1464  1958 D ActivityManager: freezing 23997 com.google.android.gms
08-25 17:36:13.013  1464  1958 D ActivityManager: freezing 9676 com.google.android.adservices.api
08-25 17:36:15.723  1464  1958 D ActivityManager: freezing 8949 com.google.android.apps.turbo
08-25 17:36:15.765  1464  2100 D BackgroundInstallControlService: Package event received: 0
08-25 17:36:15.780  1464  2403 D ActivityManager: sync unfroze 8949 com.google.android.apps.turbo for 6
08-25 17:36:15.782  1464  2100 D BackgroundInstallControlService: Package event received: 0
08-25 17:36:35.994  1464  1714 D BatteryStatsImpl: Reading cpu stats took 117ms
08-25 17:36:36.010  1464  1714 D KernelCpuUidUserSysTimeReader: Removing uids 90000-90000
08-25 17:36:56.021  1464  1958 D ActivityManager: freezing 8949 com.google.android.apps.turbo
08-25 17:36:56.047  1464  2100 D BackgroundInstallControlService: Package event received: 0
08-25 17:36:56.057  1464  2403 D ActivityManager: sync unfroze 8949 com.google.android.apps.turbo for 6
08-25 17:36:56.058  1464  2100 D BackgroundInstallControlService: Package event received: 0
08-25 17:37:09.883  1464  2403 E BatteryStatsService: Invalid uid for waking network packet: -1
08-25 17:37:36.315  1464  1958 D ActivityManager: freezing 8949 com.google.android.apps.turbo
08-25 17:37:45.533  1464  1930 W AppOps  : Noting op not finished: uid 10133 pkg com.google.android.gms code 113 startTime of in progress event=1756157392763
08-25 17:37:46.309  1464  1714 D BatteryStatsImpl: Reading cpu stats took 110ms
08-25 17:37:46.326  1464  2100 D BackgroundInstallControlService: Package event received: 0
08-25 17:37:46.341  1464  1930 D ActivityManager: sync unfroze 8949 com.google.android.apps.turbo for 6
08-25 17:37:46.343  1464  2100 D BackgroundInstallControlService: Package event received: 0
08-25 17:37:46.535  1464  1930 W AppOps  : Noting op not finished: uid 10133 pkg com.google.android.gms code 113 startTime of in progress event=1756157392763
08-25 17:38:26.905  1464  1958 D ActivityManager: freezing 8949 com.google.android.apps.turbo
08-25 17:38:36.946  1464  2100 D BackgroundInstallControlService: Package event received: 0
08-25 17:38:36.962  1464  2607 D ActivityManager: sync unfroze 8949 com.google.android.apps.turbo for 6
08-25 17:38:36.964  1464  2100 D BackgroundInstallControlService: Package event received: 0
08-25 17:38:36.986  1464  4404 W ProcessStats: Tracking association SourceState{429239f com.google.android.pixelsystemservice/10419 ImpFg #40425} whose proc state 5 is better than process ProcessState{c2bebe0 com.google.android.apps.turbo/10165 pkg=com.google.android.apps.turbo} proc state 14 (3 skipped)
08-25 17:38:47.030  1464  1714 D BatteryStatsImpl: Reading cpu stats took 111ms
08-25 17:39:17.035  1464  1958 D ActivityManager: freezing 8949 com.google.android.apps.turbo
08-25 17:39:17.053  1464  1714 E BluetoothPowerStatsCollector: Cannot acquire BluetoothActivityEnergyInfo
08-25 17:39:17.053  1464  1714 E BluetoothPowerStatsCollector: java.util.concurrent.ExecutionException: java.lang.RuntimeException: error: 9
08-25 17:39:17.053  1464  1714 E BluetoothPowerStatsCollector: 	at java.util.concurrent.CompletableFuture.reportGet(CompletableFuture.java:372)
08-25 17:39:17.053  1464  1714 E BluetoothPowerStatsCollector: 	at java.util.concurrent.CompletableFuture.get(CompletableFuture.java:2072)
08-25 17:39:17.053  1464  1714 E BluetoothPowerStatsCollector: 	at com.android.server.power.stats.BluetoothPowerStatsCollector.collectBluetoothActivityInfo(BluetoothPowerStatsCollector.java:192)
08-25 17:39:17.053  1464  1714 E BluetoothPowerStatsCollector: 	at com.android.server.power.stats.BluetoothPowerStatsCollector.collectStats(BluetoothPowerStatsCollector.java:155)
08-25 17:39:17.053  1464  1714 E BluetoothPowerStatsCollector: 	at com.android.server.power.stats.PowerStatsCollector.collectAndDeliverStats(PowerStatsCollector.java:176)
08-25 17:39:17.053  1464  1714 E BluetoothPowerStatsCollector: 	at com.android.server.power.stats.PowerStatsCollector$$ExternalSyntheticLambda0.run(R8$$SyntheticClass:0)
08-25 17:39:17.053  1464  1714 E BluetoothPowerStatsCollector: 	at android.os.Handler.handleCallback(Handler.java:995)
08-25 17:39:17.053  1464  1714 E BluetoothPowerStatsCollector: 	at android.os.Handler.dispatchMessage(Handler.java:103)
08-25 17:39:17.053  1464  1714 E BluetoothPowerStatsCollector: 	at android.os.Looper.loopOnce(Looper.java:248)
08-25 17:39:17.053  1464  1714 E BluetoothPowerStatsCollector: 	at android.os.Looper.loop(Looper.java:338)
08-25 17:39:17.053  1464  1714 E BluetoothPowerStatsCollector: 	at android.os.HandlerThread.run(HandlerThread.java:85)
08-25 17:39:17.053  1464  1714 E BluetoothPowerStatsCollector: Caused by: java.lang.RuntimeException: error: 9
08-25 17:39:17.053  1464  1714 E BluetoothPowerStatsCollector: 	at com.android.server.power.stats.BluetoothPowerStatsCollector$1.onBluetoothActivityEnergyInfoError(BluetoothPowerStatsCollector.java:181)
08-25 17:39:17.053  1464  1714 E BluetoothPowerStatsCollector: 	at android.bluetooth.BluetoothAdapter$OnBluetoothActivityEnergyInfoProxy.lambda$onError$2(BluetoothAdapter.java:1059)
08-25 17:39:17.053  1464  1714 E BluetoothPowerStatsCollector: 	at android.bluetooth.BluetoothAdapter$OnBluetoothActivityEnergyInfoProxy$$ExternalSyntheticLambda0.run(D8$$SyntheticClass:0)
08-25 17:39:17.053  1464  1714 E BluetoothPowerStatsCollector: 	at android.bluetooth.BluetoothUtils.lambda$executeFromBinder$0(BluetoothUtils.java:343)
08-25 17:39:17.053  1464  1714 E BluetoothPowerStatsCollector: 	at android.bluetooth.BluetoothUtils$$ExternalSyntheticLambda1.run(D8$$SyntheticClass:0)
08-25 17:39:17.053  1464  1714 E BluetoothPowerStatsCollector: 	at com.android.server.SystemServerInitThreadPool$$ExternalSyntheticLambda0.execute(R8$$SyntheticClass:0)
08-25 17:39:17.053  1464  1714 E BluetoothPowerStatsCollector: 	at android.bluetooth.BluetoothUtils.executeFromBinder(BluetoothUtils.java:343)
08-25 17:39:17.053  1464  1714 E BluetoothPowerStatsCollector: 	at android.bluetooth.BluetoothAdapter$OnBluetoothActivityEnergyInfoProxy.onError(BluetoothAdapter.java:1058)
08-25 17:39:17.053  1464  1714 E BluetoothPowerStatsCollector: 	at android.bluetooth.BluetoothAdapter.requestControllerActivityEnergyInfo(BluetoothAdapter.java:2694)
08-25 17:39:17.053  1464  1714 E BluetoothPowerStatsCollector: 	at com.android.server.power.stats.BatteryStatsImpl$BluetoothStatsRetrieverImpl.requestControllerActivityEnergyInfo(BatteryStatsImpl.java:485)
08-25 17:39:17.053  1464  1714 E BluetoothPowerStatsCollector: 	at com.android.server.power.stats.BluetoothPowerStatsCollector.collectBluetoothActivityInfo(BluetoothPowerStatsCollector.java:170)
08-25 17:39:17.053  1464  1714 E BluetoothPowerStatsCollector: 	... 8 more
08-25 17:39:57.464  1464  2100 D BackgroundInstallControlService: Package event received: 0
08-25 17:39:57.469  1464  2100 D BackgroundInstallControlService: Package event received: 0
08-25 17:39:57.481  1464  4001 D ActivityManager: sync unfroze 8949 com.google.android.apps.turbo for 6
08-25 17:39:57.483  1464  2100 D BackgroundInstallControlService: Package event received: 0
08-25 17:39:57.503  1464  4001 W ProcessStats: Tracking association SourceState{429239f com.google.android.pixelsystemservice/10419 ImpFg #40429} whose proc state 5 is better than process ProcessState{c2bebe0 com.google.android.apps.turbo/10165 pkg=com.google.android.apps.turbo} proc state 14 (0 skipped)
08-25 17:40:07.465  1464  1714 D BatteryStatsImpl: Reading cpu stats took 105ms
08-25 17:40:37.690  1464  1958 D ActivityManager: freezing 8949 com.google.android.apps.turbo
08-25 17:41:28.254  1464  2100 D BackgroundInstallControlService: Package event received: 0
08-25 17:41:28.261  1464  2607 D ActivityManager: sync unfroze 8949 com.google.android.apps.turbo for 6
08-25 17:41:28.265  1464  2100 D BackgroundInstallControlService: Package event received: 0
08-25 17:41:28.277  1464  1714 D BatteryStatsImpl: Reading cpu stats took 120ms
08-25 17:41:28.286  1464  4404 W ProcessStats: Tracking association SourceState{429239f com.google.android.pixelsystemservice/10419 ImpFg #40437} whose proc state 5 is better than process ProcessState{c2bebe0 com.google.android.apps.turbo/10165 pkg=com.google.android.apps.turbo} proc state 14 (0 skipped)
08-25 17:42:08.368  1464  1958 D ActivityManager: freezing 8949 com.google.android.apps.turbo
08-25 17:42:12.210  1464  2100 D BackgroundInstallControlService: Package event received: 0
08-25 17:42:28.424  1464  2100 D BackgroundInstallControlService: Package event received: 0
08-25 17:42:28.431  1464  2403 D ActivityManager: sync unfroze 8949 com.google.android.apps.turbo for 6
08-25 17:42:28.436  1464  2100 D BackgroundInstallControlService: Package event received: 0
08-25 17:42:28.447  1464  2403 W ProcessStats: Tracking association SourceState{429239f com.google.android.pixelsystemservice/10419 ImpFg #40451} whose proc state 5 is better than process ProcessState{c2bebe0 com.google.android.apps.turbo/10165 pkg=com.google.android.apps.turbo} proc state 14 (0 skipped)
08-25 17:42:28.603  1464  1714 D BatteryStatsImpl: Reading cpu stats took 103ms
08-25 17:42:30.845  1464  1703 D ActivityManager: sync unfroze 9676 com.google.android.adservices.api for 3
08-25 17:42:30.852  1464  1703 D ActivityManager: sync unfroze 23757 com.google.android.googlequicksearchbox:googleapp for 3
08-25 17:42:30.860  1464  1703 D ActivityManager: sync unfroze 27056 com.google.android.googlequicksearchbox:search for 3
08-25 17:42:31.301  1464  4001 D ActivityManager: sync unfroze 1188 com.android.providers.calendar for 7
08-25 17:42:31.326  1188  1188 D ActivityThread: Package [com.android.vending] reported as REPLACED, but missing application info. Assuming REMOVED.
08-25 17:42:31.332  1188  1188 D ActivityThread: Package [com.android.vending] reported as REPLACED, but missing application info. Assuming REMOVED.
08-25 17:42:46.188  1464  1945 I UsageStatsService: User[0] Flushing usage stats to disk
08-25 17:42:46.318  1464  2100 D BackgroundInstallControlService: Package event received: 0
08-25 17:42:47.610  1464  1958 D ActivityManager: freezing 1188 com.android.providers.calendar
08-25 17:42:51.057  1464  1958 D ActivityManager: freezing 27056 com.google.android.googlequicksearchbox:search
08-25 17:42:51.073  1464  1958 D ActivityManager: freezing 23757 com.google.android.googlequicksearchbox:googleapp
08-25 17:42:51.083  1464  1958 D ActivityManager: freezing 9676 com.google.android.adservices.api
08-25 17:43:08.677  1464  1958 D ActivityManager: freezing 8949 com.google.android.apps.turbo
08-25 17:43:59.361  1464  1714 D BatteryStatsImpl: Reading cpu stats took 120ms
08-25 17:44:09.415  1464  2100 D BackgroundInstallControlService: Package event received: 0
08-25 17:44:09.434  1464  1930 D ActivityManager: sync unfroze 8949 com.google.android.apps.turbo for 6
08-25 17:44:09.436  1464  2100 D BackgroundInstallControlService: Package event received: 0
08-25 17:44:09.465  1464  4001 W ProcessStats: Tracking association SourceState{429239f com.google.android.pixelsystemservice/10419 ImpFg #40465} whose proc state 5 is better than process ProcessState{c2bebe0 com.google.android.apps.turbo/10165 pkg=com.google.android.apps.turbo} proc state 14 (0 skipped)
08-25 17:44:49.544  1464  1958 D ActivityManager: freezing 8949 com.google.android.apps.turbo
08-25 17:45:09.602  1464  1714 E BluetoothPowerStatsCollector: Cannot acquire BluetoothActivityEnergyInfo
08-25 17:45:09.602  1464  1714 E BluetoothPowerStatsCollector: java.util.concurrent.ExecutionException: java.lang.RuntimeException: error: 9
08-25 17:45:09.602  1464  1714 E BluetoothPowerStatsCollector: 	at java.util.concurrent.CompletableFuture.reportGet(CompletableFuture.java:372)
08-25 17:45:09.602  1464  1714 E BluetoothPowerStatsCollector: 	at java.util.concurrent.CompletableFuture.get(CompletableFuture.java:2072)
08-25 17:45:09.602  1464  1714 E BluetoothPowerStatsCollector: 	at com.android.server.power.stats.BluetoothPowerStatsCollector.collectBluetoothActivityInfo(BluetoothPowerStatsCollector.java:192)
08-25 17:45:09.602  1464  1714 E BluetoothPowerStatsCollector: 	at com.android.server.power.stats.BluetoothPowerStatsCollector.collectStats(BluetoothPowerStatsCollector.java:155)
08-25 17:45:09.602  1464  1714 E BluetoothPowerStatsCollector: 	at com.android.server.power.stats.PowerStatsCollector.collectAndDeliverStats(PowerStatsCollector.java:176)
08-25 17:45:09.602  1464  1714 E BluetoothPowerStatsCollector: 	at com.android.server.power.stats.PowerStatsCollector$$ExternalSyntheticLambda0.run(R8$$SyntheticClass:0)
08-25 17:45:09.602  1464  1714 E BluetoothPowerStatsCollector: 	at android.os.Handler.handleCallback(Handler.java:995)
08-25 17:45:09.602  1464  1714 E BluetoothPowerStatsCollector: 	at android.os.Handler.dispatchMessage(Handler.java:103)
08-25 17:45:09.602  1464  1714 E BluetoothPowerStatsCollector: 	at android.os.Looper.loopOnce(Looper.java:248)
08-25 17:45:09.602  1464  1714 E BluetoothPowerStatsCollector: 	at android.os.Looper.loop(Looper.java:338)
08-25 17:45:09.602  1464  1714 E BluetoothPowerStatsCollector: 	at android.os.HandlerThread.run(HandlerThread.java:85)
08-25 17:45:09.602  1464  1714 E BluetoothPowerStatsCollector: Caused by: java.lang.RuntimeException: error: 9
08-25 17:45:09.602  1464  1714 E BluetoothPowerStatsCollector: 	at com.android.server.power.stats.BluetoothPowerStatsCollector$1.onBluetoothActivityEnergyInfoError(BluetoothPowerStatsCollector.java:181)
08-25 17:45:09.602  1464  1714 E BluetoothPowerStatsCollector: 	at android.bluetooth.BluetoothAdapter$OnBluetoothActivityEnergyInfoProxy.lambda$onError$2(BluetoothAdapter.java:1059)
08-25 17:45:09.602  1464  1714 E BluetoothPowerStatsCollector: 	at android.bluetooth.BluetoothAdapter$OnBluetoothActivityEnergyInfoProxy$$ExternalSyntheticLambda0.run(D8$$SyntheticClass:0)
08-25 17:45:09.602  1464  1714 E BluetoothPowerStatsCollector: 	at android.bluetooth.BluetoothUtils.lambda$executeFromBinder$0(BluetoothUtils.java:343)
08-25 17:45:09.602  1464  1714 E BluetoothPowerStatsCollector: 	at android.bluetooth.BluetoothUtils$$ExternalSyntheticLambda1.run(D8$$SyntheticClass:0)
08-25 17:45:09.602  1464  1714 E BluetoothPowerStatsCollector: 	at com.android.server.SystemServerInitThreadPool$$ExternalSyntheticLambda0.execute(R8$$SyntheticClass:0)
08-25 17:45:09.602  1464  1714 E BluetoothPowerStatsCollector: 	at android.bluetooth.BluetoothUtils.executeFromBinder(BluetoothUtils.java:343)
08-25 17:45:09.602  1464  1714 E BluetoothPowerStatsCollector: 	at android.bluetooth.BluetoothAdapter$OnBluetoothActivityEnergyInfoProxy.onError(BluetoothAdapter.java:1058)
08-25 17:45:09.602  1464  1714 E BluetoothPowerStatsCollector: 	at android.bluetooth.BluetoothAdapter.requestControllerActivityEnergyInfo(BluetoothAdapter.java:2694)
08-25 17:45:09.602  1464  1714 E BluetoothPowerStatsCollector: 	at com.android.server.power.stats.BatteryStatsImpl$BluetoothStatsRetrieverImpl.requestControllerActivityEnergyInfo(BatteryStatsImpl.java:485)
08-25 17:45:09.602  1464  1714 E BluetoothPowerStatsCollector: 	at com.android.server.power.stats.BluetoothPowerStatsCollector.collectBluetoothActivityInfo(BluetoothPowerStatsCollector.java:170)
08-25 17:45:09.602  1464  1714 E BluetoothPowerStatsCollector: 	... 8 more
08-25 17:45:09.712  1464  1714 D BatteryStatsImpl: Reading cpu stats took 106ms
08-25 17:45:29.870  1464  2100 D BackgroundInstallControlService: Package event received: 0
08-25 17:45:29.872  1464  1930 D ActivityManager: sync unfroze 8949 com.google.android.apps.turbo for 6
08-25 17:45:29.878  1464  2100 D BackgroundInstallControlService: Package event received: 0
08-25 17:45:29.906  1464  4404 W ProcessStats: Tracking association SourceState{429239f com.google.android.pixelsystemservice/10419 ImpFg #40469} whose proc state 5 is better than process ProcessState{c2bebe0 com.google.android.apps.turbo/10165 pkg=com.google.android.apps.turbo} proc state 14 (0 skipped)
08-25 17:45:50.699  1464  2100 D BackgroundInstallControlService: Package event received: 0
08-25 17:45:50.729  1464  1930 D ActivityManager: sync unfroze 23997 com.google.android.gms for 6
08-25 17:45:50.731  1464  2100 D BackgroundInstallControlService: Package event received: 0
08-25 17:45:50.737  1464  1930 D ActivityManager: sync unfroze 9676 com.google.android.adservices.api for 6
08-25 17:45:50.738  1464  2100 D BackgroundInstallControlService: Package event received: 0
08-25 17:45:50.772  1464  4404 W ProcessStats: Tracking association SourceState{df98eea com.google.android.gms/10133 BFgs #40473} whose proc state 4 is better than process ProcessState{ffd140c com.google.android.adservices.api/10263 pkg=com.google.android.adservices.api} proc state 13 (0 skipped)
08-25 17:46:09.994  1464  1958 D ActivityManager: freezing 8949 com.google.android.apps.turbo
08-25 17:46:15.878  1464  1958 D ActivityManager: freezing 23997 com.google.android.gms
08-25 17:46:15.901  1464  1958 D ActivityManager: freezing 9676 com.google.android.adservices.api
08-25 17:46:28.062  1464  2607 I PowerGroup: Waking up power group from Dozing (groupId=0, uid=10240, reason=WAKE_REASON_TAP, details=com.android.systemui:NODOZE tap)...
08-25 17:46:28.067  1464  2607 I PowerManagerService: Waking up from Dozing (uid=10240, reason=WAKE_REASON_TAP, details=com.android.systemui:NODOZE tap)...
08-25 17:46:28.075  1464  2100 D BackgroundInstallControlService: Package event received: 0
08-25 17:46:28.078  1464  1732 I DisplayPowerController[0]: Blocking screen on until initial contents have been drawn.
08-25 17:46:28.079  1464  1732 D WindowManager: Remove SleepToken: tag=Display-off, displayId=0
08-25 17:46:28.080  1464  1732 I DisplayPowerController: Window Manager Policy screenTurningOn complete
08-25 17:46:28.087  1464  2100 D BackgroundInstallControlService: Package event received: 0
08-25 17:46:28.090  1464  2100 D BackgroundInstallControlService: Package event received: 0
08-25 17:46:28.091  1464  2100 D BackgroundInstallControlService: Package event received: 0
08-25 17:46:28.092  1464  2100 D BackgroundInstallControlService: Package event received: 0
08-25 17:46:28.092  1464  2100 D BackgroundInstallControlService: Package event received: 0
08-25 17:46:28.092  1464  2100 D BackgroundInstallControlService: Package event received: 0
08-25 17:46:28.093  1464  2100 D BackgroundInstallControlService: Package event received: 0
08-25 17:46:28.094  1464  2100 D BackgroundInstallControlService: Package event received: 0
08-25 17:46:28.094  1464  2100 D BackgroundInstallControlService: Package event received: 0
08-25 17:46:28.106  1464  1464 W ProcessStats: Tracking association SourceState{c1cf03 com.android.settings/1000 Service #40478} whose proc state 8 is better than process ProcessState{8107ef8 com.google.android.apps.wellbeing/10143 pkg=com.google.android.apps.wellbeing} proc state 15 (5 skipped)
08-25 17:46:28.128  1464  2100 D BackgroundInstallControlService: Package event received: 0
08-25 17:46:28.128  1464  2100 D BackgroundInstallControlService: Package event received: 0
08-25 17:46:28.128  1464  2100 D BackgroundInstallControlService: Package event received: 0
08-25 17:46:28.128  1464  2100 D BackgroundInstallControlService: Package event received: 0
08-25 17:46:28.128  1464  2100 D BackgroundInstallControlService: Package event received: 0
08-25 17:46:28.128  1464  2100 D BackgroundInstallControlService: Package event received: 0
08-25 17:46:28.128  1464  2100 D BackgroundInstallControlService: Package event received: 0
08-25 17:46:28.128  1464  2100 D BackgroundInstallControlService: Package event received: 0
08-25 17:46:28.128  1464  2100 D BackgroundInstallControlService: Package event received: 0
08-25 17:46:28.128  1464  2100 D BackgroundInstallControlService: Package event received: 0
08-25 17:46:28.128  1464  2100 D BackgroundInstallControlService: Package event received: 0
08-25 17:46:28.128  1464  2100 D BackgroundInstallControlService: Package event received: 0
08-25 17:46:28.128  1464  2100 D BackgroundInstallControlService: Package event received: 0
08-25 17:46:28.128  1464  2100 D BackgroundInstallControlService: Package event received: 0
08-25 17:46:28.128  1464  2100 D BackgroundInstallControlService: Package event received: 0
08-25 17:46:28.128  1464  2100 D BackgroundInstallControlService: Package event received: 0
08-25 17:46:28.129  1464  2100 D BackgroundInstallControlService: Package event received: 0
08-25 17:46:28.132  2145  2145 D InsetsController: Setting requestedVisibleTypes to -9 (was -11)
08-25 17:46:28.132  1464  2100 D BackgroundInstallControlService: Package event received: 0
08-25 17:46:28.132  1464  2100 D BackgroundInstallControlService: Package event received: 0
08-25 17:46:28.132  1464  2100 D BackgroundInstallControlService: Package event received: 0
08-25 17:46:28.132  1464  2100 D BackgroundInstallControlService: Package event received: 0
08-25 17:46:28.132  1464  2100 D BackgroundInstallControlService: Package event received: 0
08-25 17:46:28.132  1464  2100 D BackgroundInstallControlService: Package event received: 0
08-25 17:46:28.132  1464  2100 D BackgroundInstallControlService: Package event received: 0
08-25 17:46:28.132  1464  2100 D BackgroundInstallControlService: Package event received: 0
08-25 17:46:28.132  1464  2100 D BackgroundInstallControlService: Package event received: 0
08-25 17:46:28.132  1464  2100 D BackgroundInstallControlService: Package event received: 0
08-25 17:46:28.133  1464  2100 D BackgroundInstallControlService: Package event received: 0
08-25 17:46:28.133  1464  2100 D BackgroundInstallControlService: Package event received: 0
08-25 17:46:28.133  1464  2100 D BackgroundInstallControlService: Package event received: 0
08-25 17:46:28.133  1464  2100 D BackgroundInstallControlService: Package event received: 0
08-25 17:46:28.135  2145  2172 D ShellSplitScreen: onStartedWakingUp
08-25 17:46:28.137  1464  2082 I MR2ServiceImpl: Updating composite discovery preference | preference: RouteDiscoveryRequest{ preferredFeatures={}, activeScan=false }, active routers: []
08-25 17:46:28.141  1464  1930 D CoreBackPreview: Window{4910a80 u0 NotificationShade}: Setting back callback OnBackInvokedCallbackInfo{mCallback=android.window.IOnBackInvokedCallback$Stub$Proxy@bfe0acf, mPriority=0, mIsAnimationCallback=false, mOverrideBehavior=0}
08-25 17:46:28.159  2283  2283 D ContextualAwarenessService: Before dispatching ACTION_SCREEN_ON onReceive work to background
08-25 17:46:28.159  2283  2283 D ContextualAwarenessService: After dispatching ACTION_SCREEN_ON onReceive work to background
08-25 17:46:28.160  2283 12159 D ContextualAwarenessService: Before ACTION_SCREEN_ON onReceive work
08-25 17:46:28.160  2283 12159 D ContextualAwarenessService: After ACTION_SCREEN_ON onReceive work
08-25 17:46:28.185  1464  2093 D BiometricScheduler: [Added] {[46] com.android.server.biometrics.sensors.face.aidl.FaceAuthenticationClient, proto=3, owner=com.android.systemui, cookie=0, requestId=11, userId=0}, new queue size: 1
08-25 17:46:28.185  1464  2093 D BiometricScheduler: [Polled] {[46] com.android.server.biometrics.sensors.face.aidl.FaceAuthenticationClient, proto=3, owner=com.android.systemui, cookie=0, requestId=11, userId=0}, State: 0
08-25 17:46:28.192  1464  1732 I DisplayBrightnessStrategySelector: Changing the DisplayBrightnessStrategy from ScreenOffBrightnessStrategy to AutoBrightnessFallbackStrategy for display 0
08-25 17:46:28.194  1464  4404 E AppOps  : attributionTag IWLAN not declared in manifest of com.google.android.iwlan
08-25 17:46:28.197  1464  1732 V DisplayPowerController[0]: Brightness [0.040834617] reason changing to: 'screen_off_brightness_sensor', previous reason: 'screen_off'.
08-25 17:46:28.197  1464  1732 I DisplayPowerController[0]: BrightnessEvent: brt=0.040834617 (58.0%), nits= 59.427647, lux=-1.0, reason=screen_off_brightness_sensor, strat=AutoBrightnessFallbackStrategy, state=ON, stateReason=DEFAULT_POLICY, policy=BRIGHT, flags=, initBrt=0.0, rcmdBrt=NaN, preBrt=NaN, preLux=0.0, wasShortTermModelActive=false, autoBrightness=true (default), unclampedBrt=0.040834617, hbmMax=0.35428858, hbmMode=off, thrmMax=1.0, rbcStrength=35, powerFactor=1.0, physDisp=Built-in Screen(local:4619826886480892416), logicalId=0, slowChange=false, rampSpeed=0.0
08-25 17:46:28.200  1464  1732 I DisplayPowerController[0]: Unblocked screen on after 122 ms
08-25 17:46:28.200  1464  1690 I DisplayDeviceRepository: Display device changed state: "Built-in Screen", ON
08-25 17:46:28.202  1464  1691 I DisplayDevice: [0] Layerstack set to 0 for local:4619826886480892416
08-25 17:46:28.208  1464  1732 D BrightnessThermalClamper: Thermal status observer already started
08-25 17:46:28.220  1464  1690 I BrightnessSynchronizer: [152] New Update 0.040834617(f) set brightness values:  11(i)
08-25 17:46:28.220  1464  1690 I BrightnessSynchronizer: New PendingUpdate: {[153] 0.040834617(f), mUpdatedTypes=0, mConfirmedTypes=0, mTimeUpdated=0}, prev=null
08-25 17:46:28.220  1464  2093 V ALSProbe: Enable ALS: 167753222
08-25 17:46:28.220  1464  1732 I DisplayBrightnessStrategySelector: Changing the DisplayBrightnessStrategy from AutoBrightnessFallbackStrategy to AutomaticBrightnessStrategy for display 0
08-25 17:46:28.221  1464  2093 D BiometricScheduler: [Started] {[46] com.android.server.biometrics.sensors.face.aidl.FaceAuthenticationClient, proto=3, owner=com.android.systemui, cookie=0, requestId=11, userId=0}
08-25 17:46:28.221  1464  2093 D Biometrics/AuthenticationClient: Requesting auth for com.android.systemui
08-25 17:46:28.221  1464  2403 V ALSProbe: Enable ALS: 51432309
08-25 17:46:28.222  1464  1732 V DisplayPowerController[0]: Brightness [0.08918797] reason changing to: 'automatic', previous reason: 'screen_off_brightness_sensor'.
08-25 17:46:28.222  1464  1732 I DisplayPowerController[0]: BrightnessEvent: brt=0.08918797 (74.0%), nits= 127.49456, lux=19.666134, reason=automatic, strat=AutomaticBrightnessStrategy, state=ON, stateReason=DEFAULT_POLICY, policy=BRIGHT, flags=, initBrt=0.040834617, rcmdBrt=0.08918797, preBrt=NaN, preLux=NaN, wasShortTermModelActive=false, autoBrightness=true (default), unclampedBrt=0.08918797, hbmMax=0.35428858, hbmMode=off, thrmMax=1.0, rbcStrength=35, powerFactor=1.0, physDisp=Built-in Screen(local:4619826886480892416), logicalId=0, slowChange=false, rampSpeed=0.7047244
08-25 17:46:28.223  1464  1690 I BrightnessSynchronizer: New PendingUpdate: {[154] 0.08918797(f), mUpdatedTypes=0, mConfirmedTypes=0, mTimeUpdated=0}, prev={[153] 0.040834617(f), mUpdatedTypes=0, mConfirmedTypes=0, mTimeUpdated=0}
08-25 17:46:28.223  1464  2093 V BiometricSchedulerOperation: started: {[46] com.android.server.biometrics.sensors.face.aidl.FaceAuthenticationClient, proto=3, owner=com.android.systemui, cookie=0, requestId=11, userId=0}, State: 2
08-25 17:46:28.230  1464  2093 V Biometrics/AcquisitionClient: Acquired: 20 0, shouldSend: false
08-25 17:46:28.233  1464  1690 I BrightnessSynchronizer: Swallowing update of 11(i) by update: {[152] 0.040834617(f), mUpdatedTypes=1, mConfirmedTypes=1, mTimeUpdated=9834158}
08-25 17:46:28.233  1464  1690 I BrightnessSynchronizer: Completed Update: {[152] 0.040834617(f), mUpdatedTypes=1, mConfirmedTypes=1, mTimeUpdated=9834158}
08-25 17:46:28.233  1464  1690 I BrightnessSynchronizer: [154] New Update 0.08918797(f) set brightness values:  24(i)
08-25 17:46:28.235  1464  1690 I BrightnessSynchronizer: Swallowing update of 24(i) by update: {[154] 0.08918797(f), mUpdatedTypes=1, mConfirmedTypes=1, mTimeUpdated=9834171}
08-25 17:46:28.235  1464  1690 I BrightnessSynchronizer: Completed Update: {[154] 0.08918797(f), mUpdatedTypes=1, mConfirmedTypes=1, mTimeUpdated=9834171}
08-25 17:46:28.241  1464  1688 D WindowManager: DeferredDisplayUpdater: partially applying DisplayInfo(1080 x 2400) immediately
08-25 17:46:28.241  1464  2082 I MR2ServiceImpl: Updating composite discovery preference | preference: RouteDiscoveryRequest{ preferredFeatures={}, activeScan=false }, active routers: []
08-25 17:46:28.244  1464  4372 E AppOps  : package client.pid<1238> not found, can't check for attributionTag null
08-25 17:46:28.244  1464  4372 E AppOps  : Bad call made by uid 1047. Package "client.pid<1238>" does not belong to uid 1000.
08-25 17:46:28.244  1464  4372 E AppOps  : Cannot getAppOpMode: non-application UID 1000
08-25 17:46:28.246   927  1431 I Lyric   : camera_powerhal.cc:181: SetPowerBoost Trigger CAMERA_LAUNCH for 1000ms
08-25 17:46:28.248   927  1905 W Lyric   : device_context.cc:317: NotifyCaptureSessionOpen: No OisController found for physical camera Front. Status: NOT_FOUND: Failed to find controller by type and camera id(Front); Controller with ID: optical image stabilization controller for camera: Front not present in device_context
08-25 17:46:28.251   927  1905 W Lyric   : device_context.cc:317: NotifyCaptureSessionOpen: No OisController found for physical camera FrontVirtual. Status: NOT_FOUND: Failed to find controller by type and camera id(FrontVirtual); Controller with ID: optical image stabilization controller for camera: FrontVirtual not present in device_context
08-25 17:46:28.251   927  1905 I G3ACoordinator: coordinator.cc:1170: Coordinator::AeNotifyCaptureSessionOpen called for camera: {position: front, lens_type: multi_fov, spectrum: visible, instance: real}
08-25 17:46:28.253   927  1905 I G3ACoordinator: coordinator.cc:1194: Coordinator::AfNotifyCaptureSessionOpen called for camera: {position: front, lens_type: multi_fov, spectrum: visible, instance: real}
08-25 17:46:28.253   927  1905 I G3ACoordinator: coordinator.cc:1219: Coordinator::AsdNotifyCaptureSessionOpen called for camera: {position: front, lens_type: multi_fov, spectrum: visible, instance: real}
08-25 17:46:28.253   927  1905 I G3ACoordinator: coordinator.cc:1236: Coordinator::AwbNotifyCaptureSessionOpen called for camera: {position: front, lens_type: multi_fov, spectrum: visible, instance: real}
08-25 17:46:28.253   927  1905 I G3ACoordinator: coordinator.cc:1153: Coordinator::NotifyCaptureSessionOpen called for camera: {position: front, lens_type: multi_fov, spectrum: visible, instance: real}
08-25 17:46:28.253   927  1905 I G3ACoordinator: coordinator.cc:1153: Coordinator::NotifyCaptureSessionOpen called for camera: {position: front, lens_type: multi_fov, spectrum: visible, instance: real}
08-25 17:46:28.253   927  1431 I Lyric   : camera_device_session_manager_base.cc:438: CameraDeviceSessionManager for camera id(FrontMultiFov) is created.
08-25 17:46:28.253   927  1838 I Lyric   : motion_sensor_controller_proxy.cc:471: Start to create all sensor readers, enable direct channel: 1, support async query: 0
08-25 17:46:28.254   927  1431 I Lyric   : camera_device_session_hwl_impl.cc:345: Created CameraDeviceSessionHwlImpl for camera 1
08-25 17:46:28.255   927  1431 I Lyric   : camera_device_manager_impl.cc:204: Pinning memory flag is set to 0.
08-25 17:46:28.260  1464  2762 D ActivityManager: sync unfroze 8949 com.google.android.apps.turbo for 6
08-25 17:46:28.262  1464  2100 D BackgroundInstallControlService: Package event received: 0
08-25 17:46:28.262  1464  2100 D BackgroundInstallControlService: Package event received: 0
08-25 17:46:28.263   985  1084 I vendor.google.wifi_ext-service-vendor: Wifi: Setting SAR Scenario to 3
08-25 17:46:28.265   927  1838 I Lyric   : direct_channel_motion_sensor_data_streamer.cc:464: gyroscope direct channel created.
08-25 17:46:28.272  1464  2100 D BackgroundInstallControlService: Package event received: 0
08-25 17:46:28.277   927  8898 I Lyric   : sensor_generic_driver.cc:5147: DOKKAEBI ReadSensorId success: 0x30a1 setting version: 1.5 setting type: 0
08-25 17:46:28.278   927  1838 I Lyric   : direct_channel_motion_sensor_data_streamer.cc:464: gravity direct channel created.
08-25 17:46:28.291   927  1883 I Lyric   : camera_device_session_hwl_impl.cc:1526: CameraDeviceSessionHwlImpl::IsStreamConfigurationSupported 1
08-25 17:46:28.291   927  1883 I Lyric   : lyric_basic_capture_session.cc:66: LyricBasicCaptureSession supports the stream config
08-25 17:46:28.291   927  1883 I Lyric   : camera_device_session_manager_impl.cc:321: ==========Classfied stream for camera 1==========
08-25 17:46:28.291   927  1883 I Lyric   : camera_device_session_manager_impl.cc:325: Physical camera id 5 stream id 0 width 1600 height 1200 format: YCBCR_420_888 usage: 16 type Output
08-25 17:46:28.291   927  1883 I Lyric   : camera_device_session_manager_impl.cc:325: Physical camera id 5 stream id 1 width 3648 height 684 format: RAW10 usage: 16 type Output
08-25 17:46:28.291   927  1883 I Lyric   : camera_device_session_manager_impl.cc:332: Dump lyric internal stream:
08-25 17:46:28.291   927  1883 I Lyric   : camera_powerhal.cc:258: SetPowerStreamingMode CAMERA_STREAMING_STANDARD mode
08-25 17:46:28.291   927  1883 I Lyric   : camera_powerhal.cc:258: SetPowerStreamingMode CAMERA_GPU_STANDARD mode
08-25 17:46:28.291   927  1437 I G3ACoordinator: front_als_manager.cc:169: Front ALS sensor enabled
08-25 17:46:28.291   927  1908 I Lyric   : camera_device_session_hwl_impl.cc:906: BuildPipelines entered, camera_id: 1
08-25 17:46:28.291   927  1908 I Lyric   : active_camera_device_tracker.cc:51: Adding camera: 1, is_logical_camera: 1, is_front_camera: 1, is_1p_camera_app: 1, active devices: 0, is_tele_camera_participant: 0
08-25 17:46:28.291   927  1908 I Lyric   : active_camera_device_tracker.cc:194: No specific graph requested, allowing lyric to select based on stream configuration.
08-25 17:46:28.291   927  1908 I Lyric   : camera_device_session_manager_base.cc:628: Attempting to build a processing graph
08-25 17:46:28.292   927  1908 I Lyric   : choose_and_make.h:48: Not making GenericGraph due to: FAILED_PRECONDITION: GenericGraph can't support stream configuration with logical camera
08-25 17:46:28.292   927  1908 I Lyric   : multicam_graph.cc:505: SW denoise supports logical stream only
08-25 17:46:28.292   927  1908 I Lyric   : multicam_node.cc:860: Create Multicam node for logical camera 1, default camera fov FrontVirtual, roi transformation type 1, enable metadata validation 0, enable zoom ratio recalculation 0, enable multicam two stage processing 0
08-25 17:46:28.292   927  1908 W Lyric   : multicam_graph.cc:428: Force LTMPostProcessingNode to be disabled because is not supported by current device or LTM is disabled.
08-25 17:46:28.292   927  1908 I Lyric   : multicam_subgraph_config.cc:17: Attempting to configure MulticamGraph for computer vision mode: secure
08-25 17:46:28.292   927  1908 I Lyric   : stream_info_parser.cc:140: Project11 enabled: 0
08-25 17:46:28.292   927  1908 W Lyric   : stream_info_parser.cc:365: Camera Front unknown stream: {type: Streaminfo, stream_id: 0, camera_id: Front, format: YCBCR_420_888, width: 1600, height: 1200, usage: [Protected], stream_type: Output, use_case: Default, data_space: DataSpace(Color)::(Standard: BT601_625, Transfer: SMPTE_170M, Range: Full), is_framework_physical_stream: 1, dynamic_range_profile: Standard, intended_for_max_resolution_mode: 0, group_id: -1, is_tunable: 1} does not fall in any known use case
08-25 17:46:28.292   927  1908 I Lyric   : generic_subgraph.cc:1293: The aligner on camera Front is None
08-25 17:46:28.292   927  1908 I Lyric   : generic_subgraph.cc:1316: Roshi not supported in Front
08-25 17:46:28.293   927  8912 I Lyric   : binder_sensor_vsync_reader.cc:25: Created BinderSensorVsyncReader, cam_vsync_id: 1
08-25 17:46:28.294   927  1907 I Lyric   : multisensor_controller.cc:1157: Front RadioExt: preferred_mipi_rate size 2 preferred_dbr_rate size 4. API delay 591.919us
08-25 17:46:28.294   927  1907 I Lyric   : sensor_generic_driver.cc:1932: DOKKAEBI GetModeIndex requirement {size = {width: 3648, height: 2736}, frame_rate_range = [30, 30], request_binning_mode = false, request_pd_stream = true, only_config_logical_cam_stream = false, camera_id = [<recursive>], require_full_fov = true, is_high_frame_rate = false, crop_margin = 0, is_sibling_camera_participating = false, sub_image_count = 1, is_face_auth = true, is_video_mode = false, is_high_resolution_mode = false, is_roshi_enabled = false, is_specific_aspect_ratio_video = false, require_exact_size = false, force_sensor_mode_index = -1, is_multi_cam_usecase = false, raw_stream_usecase = 0, is_high_resolution_standalone_mode = false} required aspect ratio 1.40351 pick_transition_mode 0 require exact size 0
08-25 17:46:28.294   927  1907 I Lyric   : sensor_generic_driver.cc:2026: DOKKAEBI GetModeIndex requirement use_binning_mode 0
08-25 17:46:28.294   927  1907 I Lyric   : sensor_generic_driver.cc:2033: DOKKAEBI candidate mode index 0, size = {width: 3840, height: 2736}, pd = 1, frame rate range = [7.5, 30], is faceauth mode 0
08-25 17:46:28.294   927  1907 I Lyric   : sensor_generic_driver.cc:2033: DOKKAEBI candidate mode index 1, size = {width: 3840, height: 2236}, pd = 1, frame rate range = [7.5, 30], is faceauth mode 0
08-25 17:46:28.294   927  1907 I Lyric   : sensor_generic_driver.cc:2033: DOKKAEBI candidate mode index 2, size = {width: 3840, height: 2232}, pd = 1, frame rate range = [15, 60], is faceauth mode 0
08-25 17:46:28.294   927  1907 I Lyric   : sensor_generic_driver.cc:2033: DOKKAEBI candidate mode index 3, size = {width: 1920, height: 1368}, pd = 1, frame rate range = [15, 60], is faceauth mode 0
08-25 17:46:28.294   927  1907 I Lyric   : sensor_generic_driver.cc:2033: DOKKAEBI candidate mode index 4, size = {width: 1920, height: 1116}, pd = 1, frame rate range = [7.5, 60], is faceauth mode 0
08-25 17:46:28.294   927  1907 I Lyric   : sensor_generic_driver.cc:2033: DOKKAEBI candidate mode index 5, size = {width: 3648, height: 2736}, pd = 1, frame rate range = [7.5, 30], is faceauth mode 1
08-25 17:46:28.294   927  1907 I Lyric   : sensor_generic_driver.cc:2182: DOKKAEBI Matching sensor mode found, mode index: 5
08-25 17:46:28.294   927  1907 I Lyric   : sensor_generic_driver.cc:2363: DOKKAEBI Mode size {width: 3648, height: 2736} FPS [7.5, 30] requested FPS [30, 30] MIPI rate 1628.01Mbps rss 31.721868ms
08-25 17:46:28.294   927  1907 I Lyric   : sensor_generic_driver.cc:2606: DOKKAEBI uses alternative MIPI rate 1628 MHz
08-25 17:46:28.294   927  1907 I Lyric   : sensor_generic_driver.cc:2618: DOKKAEBI uses alternative DBR rate 126.38 MHz
08-25 17:46:28.294   927  1907 I Lyric   : sensor_generic_driver.cc:2508: dpm: camera DOKKAEBI, line time: 11.59425us, pixel_rate_vt: 809370000, width: 3648, height: 2736, dual pd size: {width: 3648, height: 684}, sparse pd size: {width: 0, height: 0}, emb height: 2, hblanking: 5736, mode.hblanking: 5736, vblanking: 136(1.576818ms), mode.vblanking: 136(1.576818ms), frame lines: 2874, frame lines for required fps: 2874, line pixels: 9384, FPS: 30, requested FPS: 30, binning factor: {x: 1, y: 1}, analog_gain_range: [1, 16], digital_gain_range: [1, 6], mode index = 5, size = {width: 3648, height: 2736}, pd = 1, frame rate range = [7.5, 30]
08-25 17:46:28.294   927  1907 I Lyric   : sensor_node.cc:477: cam5_sensor: CPU affinity setting: Auto
08-25 17:46:28.294   927  1907 W Lyric   : sensor_node.cc:1631: cam5_sensor Failed to get pdaf calibration data
08-25 17:46:28.294   927  1907 I Lyric   : generic_subgraph.cc:1963: minimum pipeline delay: 3, is_portrait_mode: 0 pipeline delay: 3
08-25 17:46:28.294   927  1907 I Lyric   : generic_subgraph.cc:1971: positive_offsets_enabled: ENABLED.; enable_positive_offset = 1; camera_app_1p_enabled = 1; camera_extensions_enabled = 0
08-25 17:46:28.294   927  1907 I Lyric   : generic_subgraph.cc:1981: hal_touch_roi_tracking_enabled: ENABLED
08-25 17:46:28.294   927  1907 I Lyric   : generic_subgraph.cc:2082: enable_eis_blur_refinement_mask_data_flow=0 camera=5
08-25 17:46:28.294   927  1907 I Lyric   : generic_subgraph.cc:2843: Attempt to obtain pd dma output format from sensor mode
08-25 17:46:28.294   927  1907 I Lyric   : zuma_isp_subgraph.cc:864: DSNR is disabled and Skin Texture is disabled in Lyric for camera Front
08-25 17:46:28.294   927  1907 I Lyric   : zuma_isp_subgraph.cc:528: all backend pipelines for nodes: 
08-25 17:46:28.294   927  1907 I Lyric   : zuma_isp_subgraph.cc:529: scaled_streams_raw_to_yuv: Pipeline (ID: (instance_id: 1850), IPs: [ RawToYuv ], Max Outputs: 1, IPConnections: [ ], Usecase: Realtime)
08-25 17:46:28.294   927  1907 I Lyric   : zuma_isp_subgraph.cc:532: raw_to_yuv_for_snapshot_exceeding_video: Pipeline (ID: (instance_id: 1851), IPs: [ RawToYuv ], Max Outputs: 1, IPConnections: [ ], Usecase: Snapshot)
08-25 17:46:28.294   927  1907 I Lyric   : zuma_isp_subgraph.cc:535: tnr_merge: Pipeline (ID: (instance_id: 1852), IPs: [ TnrMerge ], Max Outputs: 1, IPConnections: [ ], Usecase: Realtime)
08-25 17:46:28.294   927  1907 I Lyric   : zuma_isp_subgraph.cc:537: preview_mesh_warp: Pipeline (ID: (instance_id: 1853), IPs: [ MeshWarp ], Max Outputs: 1, IPConnections: [ ], Usecase: Realtime)
08-25 17:46:28.294   927  1907 I Lyric   : zuma_isp_subgraph.cc:539: video_mesh_warp: Pipeline (ID: (instance_id: 1854), IPs: [ MeshWarp ], Max Outputs: 1, IPConnections: [ ], Usecase: Video)
08-25 17:46:28.294   927  1907 I Lyric   : zuma_isp_subgraph.cc:541: mesh_warp_for_snapshot_exceeding_video: Pipeline (ID: (instance_id: 1855), IPs: [ MeshWarp ], Max Outputs: 1, IPConnections: [ ], Usecase: Snapshot)
08-25 17:46:28.294   927  1907 I Lyric   : zuma_isp_subgraph.cc:544: pipeline_info_for_dsnr_snapshot_mesh_warp: Pipeline (ID: (instance_id: 1856), IPs: [ MeshWarp ], Max Outputs: 1, IPConnections: [ ], Usecase: SnapshotForDsnr)
08-25 17:46:28.294   927  1907 I Lyric   : zuma_isp_subgraph.cc:547: post_itsc_scaler: Pipeline (ID: (instance_id: 1857), IPs: [ Scaler ], Max Outputs: 0, IPConnections: [ ], Usecase: PostItsc)
08-25 17:46:28.294   927  1907 I Lyric   : zuma_isp_subgraph.cc:549: preview_scaler: Pipeline (ID: (instance_id: 1858), IPs: [ Scaler ], Max Outputs: 0, IPConnections: [ ], Usecase: Realtime)
08-25 17:46:28.294   927  1907 I Lyric   : zuma_isp_subgraph.cc:551: video_scaler: Pipeline (ID: (instance_id: 1859), IPs: [ Scaler ], Max Outputs: 0, IPConnections: [ ], Usecase: Video)
08-25 17:46:28.294   927  1907 I Lyric   : zuma_isp_subgraph.cc:553: scaler_for_snapshot_exceeding_video: Pipeline (ID: (instance_id: 1860), IPs: [ Scaler ], Max Outputs: 0, IPConnections: [ ], Usecase: Snapshot)
08-25 17:46:28.294   927  1907 I Lyric   : zuma_isp_subgraph.cc:556: recomp_scaler: Pipeline (ID: (instance_id: 1861), IPs: [ Scaler ], Max Outputs: 0, IPConnections: [ ], Usecase: Recomposition)
08-25 17:46:28.294   927  1907 I Lyric   : zuma_isp_subgraph.cc:558: pipeline_info_for_dsnr_snapshot_scaler: Pipeline (ID: (instance_id: 1862), IPs: [ Scaler ], Max Outputs: 0, IPConnections: [ ], Usecase: SnapshotForDsnr)
08-25 17:46:28.294   927  1907 I Lyric   : zuma_isp_subgraph.cc:562: pipeline_info_for_throttled_scaled_streams_raw_to_yuv: Pipeline (ID: (instance_id: 1863), IPs: [ RawToYuv ], Max Outputs: 1, IPConnections: [ ], Usecase: Realtime)
08-25 17:46:28.294   927  1907 I Lyric   : zuma_isp_subgraph.cc:565: pipeline_info_for_throttled_recomposition_scaler: Pipeline (ID: (instance_id: 1864), IPs: [ Scaler ], Max Outputs: 0, IPConnections: [ ], Usecase: Recomposition)
08-25 17:46:28.294   927  1907 I Lyric   : zuma_isp_subgraph.cc:568: pipeline_info_for_throttled_preview_scaler: Pipeline (ID: (instance_id: 1865), IPs: [ Scaler ], Max Outputs: 0, IPConnections: [ ], Usecase: Realtime)
08-25 17:46:28.294   927  1907 I Lyric   : zuma_like_isp_front_end_subgraph.cc:182: FrontEndNode PoolAllocator(raw_allocator) took 12.939us to initialize
08-25 17:46:28.294   927  1907 I Lyric   : unified_zuma_front_end_controller.cc:1045: LMP DDS crop enabled: false, AutoCal crop enabled: false, YUV to framework enabled: false
08-25 17:46:28.295   927  1907 I Lyric   : whi_like_isp_back_end_core_subgraph.cc:828: RawToYuvNode is configured to output consumer type 3 fmt: HalImageFormat{ pixel_format = YCBCR_420_888, stride_alignment = 16, num_buffers = 1 } for Front
08-25 17:46:28.295   927  1907 I Lyric   : whi_like_isp_back_end_core_subgraph.cc:933: RawToYuvNode for snapshot exceeding video is configured to output consumer type 2 fmt: HalImageFormat{ pixel_format = YCBCR_420_SPN_10B, stride_alignment = 64, num_buffers = 1 } for Front
08-25 17:46:28.295   927  1907 I Lyric   : whi_like_isp_back_end_core_subgraph.cc:1757: Align map output not enabled!
08-25 17:46:28.295   927  1907 I Lyric   : camera_device_session_manager_base.cc:1537: Stream 0 limited to 7 inflight requests
08-25 17:46:28.295   927  1907 I Lyric   : camera_device_session_manager_base.cc:1537: Stream 1 limited to 7 inflight requests
08-25 17:46:28.295   927  1907 I Lyric   : camera_device_session_manager_base.cc:1547: Front frontend limited to 3 inflight requests
08-25 17:46:28.295   927  1907 I Lyric   : generic_subgraph.cc:3290: camera_id = 5; is_front_camera = 1; is_1p_camera_app = 1; video_call = 0
08-25 17:46:28.295   927  1907 W Lyric   : auto_white_balance_node.cc:319: cam5_awb does not have available actuator controller for fetching the latest actuator target position.
08-25 17:46:28.295   927  1907 I Lyric   : auto_exposure_node.cc:644: cam5_ae: CPU affinity setting: Medium Core
08-25 17:46:28.296   927  1908 I Lyric   : multicam_graph.cc:1325: AE is connected to multicam routing node for camera Front(5)
08-25 17:46:28.296   927  1908 I Lyric   : multicam_graph.cc:1333: AWB is connected to multicam routing node for camera Front(5)
08-25 17:46:28.296   927  1908 I Lyric   : multicam_graph.cc:1357: number of video bokeh nodes connected to multicam routing node = 0
08-25 17:46:28.296   927  1908 I Lyric   : multicam_graph.cc:1360: number of rectiface nodes connected to multicam routing node = 0
08-25 17:46:28.296   927  1908 I Lyric   : multicam_graph.cc:1363: number of EIS nodes connected to multicam routing node = 0
08-25 17:46:28.296   927  1838 I Lyric   : binder_environment_sensor_reader.cc:78: Enabled BinderEnvironmentSensorReader, type: device_orientation
08-25 17:46:28.297   927  1908 I Lyric   : whi_like_isp_back_end_core_subgraph.cc:197: RawToYuvNode(Front) output size: {width: 1600, height: 1200}
08-25 17:46:28.297   927  1908 I Lyric   : multicam_controller_base.cc:1135: FOV transition participant camera: Front (id: 5)
08-25 17:46:28.297   927  1908 I Lyric   : multicam_controller_base.cc:1418: There is only one camera Front participant, make a static vote for lead role
08-25 17:46:28.297   927  1908 W Lyric   : multicam_defs.h:612: Can't found CameraFov for 
08-25 17:46:28.297   927  1908 I Lyric   : multicam_controller_base.cc:1274: Lead camera is not locked. System property value: 
08-25 17:46:28.297   927  1908 I Lyric   : multicam_controller_base.cc:1234: Allocated context: 0xb400007bbcd2f2b0 for logical camera: FrontMultiFov, enable 3a overwrite: 0, enable FTR: 0, enable device state transition: 0, enable tele in pip: 0, max active camera number: 1
08-25 17:46:28.297   927  1908 I Lyric   : multicam_node.cc:897: Max number of fe inflight request: 3
08-25 17:46:28.297   927  1908 I Lyric   : camera_device_session_manager_base.cc:641: Successfully constructed graph: top_graph_for_camera_FrontMultiFov, graph class: MulticamGraph, graph_configuration:
