08-25 17:30:19.676  1464  2397 D ImeInsetsSourceProvider: showImePostLayout aborted, isScheduledAndReadyToShowIme: false, mImeRequester: null, serverVisible: true, frozen: false, mWindowContainer is: non-null, windowState: Window{1496c26 u0 InputMethod}, isDrawn: true, mGivenInsetsPending: false, dcTarget: Window{bbe8af7 u0 com.google.android.apps.nexuslauncher/com.google.android.apps.nexuslauncher.NexusLauncherActivity}, controlTarget: Window{bbe8af7 u0 com.google.android.apps.nexuslauncher/com.google.android.apps.nexuslauncher.NexusLauncherActivity}
08-25 17:30:19.682  1464  4404 W PackageConfigPersister: App-specific configuration not found for packageName: com.google.android.apps.nexuslauncher and userId: 0
08-25 17:30:19.859  1464  1688 D WindowManager: powerPress: eventTime=8869405 interactive=true count=1 mShortPressOnPowerBehavior=1
08-25 17:30:19.860  1464  1688 I PowerGroup: Powering off display group due to power_button (groupId= 0, uid= 1000, millisSinceLastUserActivity=400, lastUserActivityEvent=touch)...
08-25 17:30:19.863  1464  1688 I PowerManagerService: Going to sleep due to power_button (uid 1000, screenOffTimeout=1800000, activityTimeoutWM=-1, maxDimRatio=0.20000005, maxDimDur=7000)...
08-25 17:30:19.866  1464  2100 D BackgroundInstallControlService: Package event received: 0
08-25 17:30:19.869  1464  4373 D BiometricUtils: isEncrypted: false isLockdown: false
08-25 17:30:19.871  1464  2092 D BiometricScheduler: [Added] {[44] com.android.server.biometrics.sensors.fingerprint.aidl.FingerprintAuthenticationClient, proto=3, owner=com.android.systemui, cookie=0, requestId=9, userId=0}, new queue size: 1
08-25 17:30:19.871  1464  2092 D BiometricScheduler: [Polled] {[44] com.android.server.biometrics.sensors.fingerprint.aidl.FingerprintAuthenticationClient, proto=3, owner=com.android.systemui, cookie=0, requestId=9, userId=0}, State: 0
08-25 17:30:19.871  1464  2092 D GestureAvailabilityTracker: Notifying gesture availability, active=false
08-25 17:30:19.872  1464  2092 D BiometricScheduler: [Started] {[44] com.android.server.biometrics.sensors.fingerprint.aidl.FingerprintAuthenticationClient, proto=3, owner=com.android.systemui, cookie=0, requestId=9, userId=0}
08-25 17:30:19.872  1464  2092 D BiometricStateCallback: State updated from 0 to 2, client {[44] com.android.server.biometrics.sensors.fingerprint.aidl.FingerprintAuthenticationClient, proto=3, owner=com.android.systemui, cookie=0, requestId=9, userId=0}
08-25 17:30:19.873  1464  2092 D Biometrics/AuthenticationClient: Requesting auth for com.android.systemui
08-25 17:30:19.878  1464  2092 V BiometricSchedulerOperation: started: {[44] com.android.server.biometrics.sensors.fingerprint.aidl.FingerprintAuthenticationClient, proto=3, owner=com.android.systemui, cookie=0, requestId=9, userId=0}, State: 2
08-25 17:30:19.885  1464  2607 E AppOps  : attributionTag  not declared in manifest of com.android.systemui
08-25 17:30:19.886  1464  2607 E AppOps  : attributionTag  not declared in manifest of com.android.systemui
08-25 17:30:19.954  1464  1732 I DisplayPowerController[0]: BrightnessEvent: brt=0.06669289 (68.0%), nits= 95.82048, lux=11.363466, reason=automatic, strat=AutomaticBrightnessStrategy, state=ON, stateReason=DEFAULT_POLICY, policy=OFF, flags=, initBrt=0.06669289, rcmdBrt=0.06669289, preBrt=0.08775526, preLux=37.8464, wasShortTermModelActive=false, autoBrightness=true (default), unclampedBrt=0.06669289, hbmMax=0.35428858, hbmMode=off, thrmMax=1.0, rbcStrength=35, powerFactor=1.0, physDisp=Built-in Screen(local:4619826886480892416), logicalId=0, slowChange=true, rampSpeed=0.0
08-25 17:30:20.074  1464  2607 E AppOps  : attributionTag  not declared in manifest of com.android.systemui
08-25 17:30:20.075  1464  4404 E AppOps  : attributionTag  not declared in manifest of com.android.systemui
08-25 17:30:20.369  1464  1732 I DisplayPowerController[0]: Blocking screen off
08-25 17:30:20.391  1464  1732 D WindowManager: Create SleepToken: tag=Display-off, displayId=0
08-25 17:30:20.392  1464  1732 D ActivityTaskManager: Top Process State changed to PROCESS_STATE_TOP_SLEEPING
08-25 17:30:20.405  1464  2100 D BackgroundInstallControlService: Package event received: 0
08-25 17:30:20.406  1464  1732 I DisplayPowerController[0]: Unblocked screen off after 38 ms
08-25 17:30:20.409  1464  1732 I DisplayBrightnessStrategySelector: Changing the DisplayBrightnessStrategy from AutomaticBrightnessStrategy to ScreenOffBrightnessStrategy for display 0
08-25 17:30:20.412  1464  1732 V DisplayPowerController[0]: Brightness [0.0] reason changing to: 'screen_off', previous reason: 'automatic'.
08-25 17:30:20.412  1464  1732 I DisplayPowerController[0]: BrightnessEvent: brt=0.0 (0.0%), nits= 2.0, lux=-1.0, reason=screen_off, strat=ScreenOffBrightnessStrategy, state=OFF, stateReason=DEFAULT_POLICY, policy=OFF, flags=, initBrt=0.06669289, rcmdBrt=NaN, preBrt=NaN, preLux=0.0, wasShortTermModelActive=false, autoBrightness=true (default), unclampedBrt=-1.0, hbmMax=0.71, hbmMode=off, thrmMax=1.0, rbcStrength=35, powerFactor=1.0, physDisp=Built-in Screen(local:4619826886480892416), logicalId=0, slowChange=false, rampSpeed=0.0
08-25 17:30:20.413  1464  1690 I DisplayDeviceRepository: Display device changed state: "Built-in Screen", OFF
08-25 17:30:20.415  1464  1732 I DreamManagerService: Entering dreamland.
08-25 17:30:20.416  1464  1732 I PowerManagerService: Dozing...
08-25 17:30:20.416  1464  1732 D BrightnessThermalClamper: Thermal status observer already started
08-25 17:30:20.416  1464  1687 I DreamController: Starting dream: name=ComponentInfo{com.android.systemui/com.android.systemui.doze.DozeService}, isPreviewMode=false, canDoze=true, userId=0, reason='power manager request'
08-25 17:30:20.420  1464  4373 I DisplayDevice: [0] Layerstack set to -1 for local:4619826886480892416
08-25 17:30:20.421  1464  2100 D BackgroundInstallControlService: Package event received: 0
08-25 17:30:20.423  1464  1688 D WindowManager: DeferredDisplayUpdater: partially applying DisplayInfo(1080 x 2400) immediately
08-25 17:30:20.436  1464  2100 D BackgroundInstallControlService: Package event received: 0
08-25 17:30:20.444  1464  4373 D WindowManager: Create SleepToken: tag=keyguard, displayId=0
08-25 17:30:20.445  2145  2145 D InsetsController: Setting requestedVisibleTypes to -11 (was -9)
08-25 17:30:20.449  2145  2145 V DreamService[DozeService]: UpdateDoze mDozeScreenState=1 mDozeScreenBrightness=18 mDozeScreenBrightnessFloat=NaN
08-25 17:30:20.451  1464  4002 D DreamManagerService: Dream requested to start dozing: android.os.Binder@aa8e545, screenState=OFF, reason=UNKNOWN, screenBrightnessFloat=NaN, screenBrightnessInt=18, useNormalBrightnessForDoze=false
08-25 17:30:20.455  1464  1732 I DisplayPowerController[0]: BrightnessEvent: brt=0.0 (0.0%), nits= 2.0, lux=-1.0, reason=screen_off, strat=ScreenOffBrightnessStrategy, state=OFF, stateReason=UNKNOWN, policy=DOZE, flags=, initBrt=0.0, rcmdBrt=NaN, preBrt=NaN, preLux=0.0, wasShortTermModelActive=false, autoBrightness=true (default), unclampedBrt=-1.0, hbmMax=0.71, hbmMode=off, thrmMax=1.0, rbcStrength=35, powerFactor=1.0, physDisp=Built-in Screen(local:4619826886480892416), logicalId=0, slowChange=false, rampSpeed=0.0
08-25 17:30:20.466  2145  2145 V DreamService[DozeService]: UpdateDoze mDozeScreenState=1 mDozeScreenBrightness=18 mDozeScreenBrightnessFloat=NaN
08-25 17:30:20.466  1464  2607 D DreamManagerService: Dream requested to start dozing: android.os.Binder@aa8e545, screenState=OFF, reason=UNKNOWN, screenBrightnessFloat=NaN, screenBrightnessInt=18, useNormalBrightnessForDoze=false
08-25 17:30:20.470  1464  4002 D BiometricService: canAuthenticate: User=0, Caller=0, Authenticators=255
08-25 17:30:20.470  1464  4002 D BiometricService/PreAuthInfo: Package: com.android.systemui Sensor ID: 1 Modality: 8 User id: 0 Status: 1
08-25 17:30:20.471  1464  4002 D BiometricService/PreAuthInfo: Package: com.android.systemui Sensor ID: 0 Modality: 2 User id: 0 Status: 1
08-25 17:30:20.471  1464  4002 D BiometricService/PreAuthInfo: getCanAuthenticateInternal Modality: 10 AuthenticatorStatus: 1
08-25 17:30:20.471  1464  4002 D AuthService: canAuthenticate, userId: 0, callingUserId: 0, authenticators: 255, result: 0
08-25 17:30:20.475  1464  1931 D SystemServerTiming: getUserSwitchability-0
08-25 17:30:20.475  1464  4404 D SystemServerTiming: getUserSwitchability-0
08-25 17:30:20.476  1464  1931 D SystemServerTiming: TM.isInCall
08-25 17:30:20.476  1464  4404 D SystemServerTiming: TM.isInCall
08-25 17:30:20.477  1464  1931 D SystemServerTiming: hasUserRestriction-DISALLOW_USER_SWITCH
08-25 17:30:20.477  1464  1931 D SystemServerTiming: getInt-ALLOW_USER_SWITCHING_WHEN_SYSTEM_USER_LOCKED
08-25 17:30:20.477  1464  4404 D SystemServerTiming: hasUserRestriction-DISALLOW_USER_SWITCH
08-25 17:30:20.477  1464  1931 D SystemServerTiming: isUserUnlocked-USER_SYSTEM
08-25 17:30:20.477  1464  4404 D SystemServerTiming: getInt-ALLOW_USER_SWITCHING_WHEN_SYSTEM_USER_LOCKED
08-25 17:30:20.477  1464  4404 D SystemServerTiming: isUserUnlocked-USER_SYSTEM
08-25 17:30:20.578  2283  2283 D ContextualAwarenessService: Before dispatching ACTION_SCREEN_OFF onReceive work to background
08-25 17:30:20.578  2283  2283 D ContextualAwarenessService: After dispatching ACTION_SCREEN_OFF onReceive work to background
08-25 17:30:20.581  1464  1464 I PowerManagerService: onFlip(): Face up.
08-25 17:30:20.583  2283 12159 D ContextualAwarenessService: Before ACTION_SCREEN_OFF onReceive work
08-25 17:30:20.584  2283 12159 D ContextualAwarenessService: After ACTION_SCREEN_OFF onReceive work
08-25 17:30:20.584  1464  2100 D BackgroundInstallControlService: Package event received: 0
08-25 17:30:20.587   583 32418 I keystore2: system/security/keystore2/src/authorization.rs:153 - on_device_locked(user_id=0, unlocking_sids=[1920301165700193555, -2772122652900087087], weak_unlock_enabled=false)
08-25 17:30:20.587  1464  4372 D SystemServerTiming: getUserSwitchability-0
08-25 17:30:20.587  1464  4372 D SystemServerTiming: TM.isInCall
08-25 17:30:20.587  1464  4372 D SystemServerTiming: hasUserRestriction-DISALLOW_USER_SWITCH
08-25 17:30:20.587  1464  4372 D SystemServerTiming: getInt-ALLOW_USER_SWITCHING_WHEN_SYSTEM_USER_LOCKED
08-25 17:30:20.587  1464  4372 D SystemServerTiming: isUserUnlocked-USER_SYSTEM
08-25 17:30:20.593   927  1835 I Lyric   : face_authentication_controller.cc:68: FaceAuthPreAllocation Finished
08-25 17:30:20.596   927  1778 I Lyric   : spectral_driver.cc:163: Ambient light sampling has been disabled. Stream consumer count: 0
08-25 17:30:20.604   583 32418 I keystore2: system/security/keystore2/src/super_key.rs:973 - UnlockedDeviceRequired super keys for user 0 are biometric-encrypted.
08-25 17:30:20.613  1464  1690 I DisplayDeviceRepository: Display device changed render timings: "Built-in Screen", renderFrameRate=60.000004, presentationDeadlineNanos=11500000, appVsyncOffsetNanos=6233332, frameRateOverrides=[]
08-25 17:30:20.613  1464  1688 D WindowManager: DeferredDisplayUpdater: partially applying DisplayInfo(1080 x 2400) immediately
08-25 17:30:20.621  1464  2082 I MR2ServiceImpl: Updating composite discovery preference | preference: RouteDiscoveryRequest{ preferredFeatures={}, activeScan=false }, active routers: []
08-25 17:30:20.641  1464  2100 D BackgroundInstallControlService: Package event received: 0
08-25 17:30:20.646  1464  1959 D HintManagerService: Starts cleaning for 10192
08-25 17:30:20.691  1464  2607 W ActivityManager: Foreground service started from background can not have location/camera/microphone access: service pedometer.steptracker.calorieburner.stepcounter/steptracker.stepcounter.pedometer.service.CounterService
08-25 17:30:20.855  1464  4381 D FingerprintProvider/default: setIgnoreDisplayTouches set to false
08-25 17:30:21.168  1464  1942 E AppOps  : attributionTag  not declared in manifest of pedometer.steptracker.calorieburner.stepcounter
08-25 17:30:21.181  1464  2403 W ActivityManager: Foreground service started from background can not have location/camera/microphone access: service pedometer.steptracker.calorieburner.stepcounter/steptracker.stepcounter.pedometer.service.CounterService
08-25 17:30:21.381  1464  1942 E AppOps  : attributionTag  not declared in manifest of pedometer.steptracker.calorieburner.stepcounter
08-25 17:30:21.398  1464  1958 D ActivityManager: freezing 1572 com.instagram.android
08-25 17:30:21.402  2145  2172 V WindowManagerShell: Transition requested (#338): android.os.BinderProxy@e0b29 TransitionRequestInfo { type = SLEEP, triggerTask = null, pipChange = null, remoteTransition = null, displayChange = null, flags = 0, debugId = 338 }
08-25 17:30:21.404  2145  2166 V WindowManagerShell: onTransitionReady(transaction=6287832137141)
08-25 17:30:21.404  1464  2403 W Transition: Transition already started id=338 state=2
08-25 17:30:21.405  2145  2172 V WindowManagerShell: onTransitionReady (#338) android.os.BinderProxy@e0b29: {id=338 t=SLEEP f=0x40 trk=0 r=[] c=[]}
08-25 17:30:21.405  2145  2172 V WindowManagerShell: No transition roots in (#338) android.os.BinderProxy@e0b29@0 so abort
08-25 17:30:21.407  2145  2172 V WindowManagerShell: Transition animation finished (aborted=true), notifying core (#338) android.os.BinderProxy@e0b29@0
08-25 17:30:21.412  1464  1687 V WindowManager: Sent Transition (#338) createdAt=08-25 17:30:21.399 via request=TransitionRequestInfo { type = SLEEP, triggerTask = null, pipChange = null, remoteTransition = null, displayChange = null, flags = 0, debugId = 338 }
08-25 17:30:21.412  1464  1687 V WindowManager:     startWCT=WindowContainerTransaction { changes= {} hops= [] errorCallbackToken=null taskFragmentOrganizer=null }
08-25 17:30:21.412  1464  1687 V WindowManager:     info={id=338 t=SLEEP f=0x40 trk=0 r=[] c=[]}
08-25 17:30:21.414  2145  2172 V WindowManagerShell: Track 0 became idle
08-25 17:30:21.414  2145  2172 V WindowManagerShell: All active transition animations finished
08-25 17:30:21.418  1464  1687 V WindowManager: Finish Transition (#338): created at 08-25 17:30:21.399 collect-started=0.561ms request-sent=1.266ms started=2.783ms ready=2.731ms sent=3.512ms commit=12.025ms finished=14.353ms
08-25 17:30:21.459  1464  1942 E AppOps  : attributionTag  not declared in manifest of pedometer.steptracker.calorieburner.stepcounter
08-25 17:30:21.657  1464  1958 D ActivityManager: freezing 1977 com.instagram.android:mqtt
08-25 17:30:21.889  1464  2082 I MR2ServiceImpl: Updating composite discovery preference | preference: RouteDiscoveryRequest{ preferredFeatures={}, activeScan=false }, active routers: []
08-25 17:30:21.970  1464  2403 W ActivityManager: Foreground service started from background can not have location/camera/microphone access: service pedometer.steptracker.calorieburner.stepcounter/steptracker.stepcounter.pedometer.service.CounterService
08-25 17:30:23.213  1464  1942 E AppOps  : attributionTag  not declared in manifest of pedometer.steptracker.calorieburner.stepcounter
08-25 17:30:23.226  1464  1930 W ActivityManager: Foreground service started from background can not have location/camera/microphone access: service pedometer.steptracker.calorieburner.stepcounter/steptracker.stepcounter.pedometer.service.CounterService
08-25 17:30:23.938  1464  1958 D ActivityManager: freezing 4348 com.google.android.gms.unstable
08-25 17:30:23.945  1464  1958 D ActivityManager: freezing 3504 com.google.android.gms.ui
08-25 17:30:25.401  1464  1958 D ActivityManager: freezing 23236 com.google.android.settings.intelligence
08-25 17:30:26.541  1464  1690 W ProcessStats: Tracking association SourceState{fb22c33 com.google.android.googlequicksearchbox:search/10150 BFgs #40146} whose proc state 4 is better than process ProcessState{309a063 com.google.android.googlequicksearchbox:googleapp/10150 pkg=com.google.android.googlequicksearchbox} proc state 14 (66 skipped)
08-25 17:30:30.555  1464  1958 D ActivityManager: freezing 2805 com.google.android.euicc
08-25 17:30:30.744  1464  1958 D ActivityManager: freezing 7453 com.facebook.katana
08-25 17:30:31.106   583  7329 I keystore2: system/security/keystore2/watchdog/src/lib.rs:377 - Watchdog thread idle -> terminating. Have a great day.
08-25 17:30:32.059  1464  1958 D ActivityManager: freezing 7678 com.android.settings
08-25 17:30:32.079  1464  1958 D ActivityManager: freezing 4912 com.android.keychain
08-25 17:30:35.067  1464  1958 D ActivityManager: freezing 3168 com.google.android.apps.wellbeing
08-25 17:30:43.975  1464  1958 D ActivityManager: freezing 7184 com.android.providers.partnerbookmarks
08-25 17:30:44.751  1464  1958 D ActivityManager: freezing 23997 com.google.android.gms
08-25 17:30:50.665  1464  1946 D CompatChangeReporter: Compat change id reported: 151861875; UID 10287; state: ENABLED
08-25 17:30:50.723  1464  1704 W ActivityManager: Slow operation: 58ms so far, now at startProcess: returned from zygote!
08-25 17:30:50.723  1464  1704 W ActivityManager: Slow operation: 58ms so far, now at startProcess: done updating battery stats
08-25 17:30:50.723  1464  1704 W ActivityManager: Slow operation: 58ms so far, now at startProcess: building log message
08-25 17:30:50.723  1464  1704 I ActivityManager: Start proc 7368:com.untappdllc.app/u0a287 for service {com.untappdllc.app/androidx.work.impl.background.systemjob.SystemJobService}
08-25 17:30:50.723  1464  1704 W ActivityManager: Slow operation: 58ms so far, now at startProcess: starting to update pids map
08-25 17:30:50.723  1464  1704 I ActivityManager: ProcessObserver broadcast disabled
08-25 17:30:50.723  1464  1704 W ActivityManager: Slow operation: 58ms so far, now at startProcess: done updating pids map
08-25 17:30:51.608  1464  2100 D BackgroundInstallControlService: Package event received: 0
08-25 17:30:51.664  1464  2100 D BackgroundInstallControlService: Package event received: 0
08-25 17:30:51.665  1464  1930 D ActivityManager: sync unfroze 23997 com.google.android.gms for 6
08-25 17:30:51.932  1464  2403 E ProcessStats: Executing service ServiceState{bc48c7f org.chromium.content.app.SandboxedProcessService0 pkg=com.android.chrome proc=fb658c3} without owner
08-25 17:30:51.940  1464  2403 E ProcessStats: Binding service ServiceState{bc48c7f org.chromium.content.app.SandboxedProcessService0 pkg=com.android.chrome proc=fb658c3} without owner
08-25 17:30:51.941  1464  2403 E ProcessStats: Starting service ServiceState{bc48c7f org.chromium.content.app.SandboxedProcessService0 pkg=com.android.chrome proc=fb658c3} without owner
08-25 17:30:51.941  1464  2403 E ProcessStats: Binding service ServiceState{bc48c7f org.chromium.content.app.SandboxedProcessService0 pkg=com.android.chrome proc=fb658c3} without owner
08-25 17:30:51.942  1464  2403 I ActivityManager: Killing 7102:com.android.chrome:sandboxed_process0:org.chromium.content.app.SandboxedProcessService0:12/u0a186i-9000 (adj 0): isolated not needed
08-25 17:30:51.977  1464  2403 D CompatChangeReporter: Compat change id reported: 297989574; UID 10287; state: ENABLED
08-25 17:30:52.216  1464  2607 D CompatChangeReporter: Compat change id reported: 311208629; UID 10287; state: ENABLED
08-25 17:30:52.236  1464  2607 D ActivityManager: sync unfroze 18417 com.PYOPYO.StarTracker for 6
08-25 17:30:52.238  1464  2607 D ActivityManager: sync unfroze 18642 com.google.android.webview:sandboxed_process0:org.chromium.content.app.SandboxedProcessService0:0 for 6
08-25 17:30:52.288  1464  1946 W JobServiceContext: Sending onNetworkChanged for a job that isn't started. JobStatus{3ee0f8e #u0a380/784194006 com.PYOPYO.StarTracker/com.startapp.sdk.jobs.SchedulerService u=0 s=10380 TIME=-1m6s246ms:+3m53s754ms NET PERIODIC PERSISTED READY}
08-25 17:30:52.304 18642 18642 D ActivityThread: Package [com.android.vending] reported as REPLACED, but missing application info. Assuming REMOVED.
08-25 17:30:52.304  1464  2607 D CompatChangeReporter: Compat change id reported: 311402873; UID 10287; state: ENABLED
08-25 17:30:52.304  1464  2607 D CompatChangeReporter: Compat change id reported: 323349338; UID 10287; state: ENABLED
08-25 17:30:52.313 18642 18642 D ActivityThread: Package [com.android.vending] reported as REPLACED, but missing application info. Assuming REMOVED.
08-25 17:30:52.331 18417 18417 D ActivityThread: Package [com.android.vending] reported as REPLACED, but missing application info. Assuming REMOVED.
08-25 17:30:52.332 18417 18417 D ActivityThread: Package [com.android.vending] reported as REPLACED, but missing application info. Assuming REMOVED.
08-25 17:30:52.349  1464  2762 W ProcessStats: Tracking association SourceState{3500412 com.PYOPYO.StarTracker/10380 ImpBg #40184} whose proc state 6 is better than process ProcessState{21af798 com.google.android.webview:sandboxed_process0:org.chromium.content.app.SandboxedProcessService0:0/10380 pkg=com.PYOPYO.StarTracker} proc state 15 (3 skipped)
08-25 17:30:52.643  1464  2403 D ActivityManager: sync unfroze 4942 com.android.vending for 6
08-25 17:30:52.645  1464  2403 D ActivityManager: sync unfroze 4954 com.android.vending:background for 6
08-25 17:30:52.967  1464  2403 V Configuration: Updating configuration, locales updated from [] to [en_US]
08-25 17:30:52.967  1464  2403 V Configuration: Updating configuration, locales updated from [] to [en_US]
08-25 17:30:52.967  1464  2403 V Configuration: Updating configuration, locales updated from [] to [en_US]
08-25 17:30:52.967  1464  2403 V Configuration: Updating configuration, locales updated from [] to [en_US]
08-25 17:30:52.967  1464  2403 V Configuration: Updating configuration, locales updated from [] to [en_US]
08-25 17:30:52.967  1464  2403 V Configuration: Updating configuration, locales updated from [] to [en_US]
08-25 17:30:52.967  1464  2403 V Configuration: Updating configuration, locales updated from [] to [en_US]
08-25 17:30:52.967  1464  2403 V Configuration: Updating configuration, locales updated from [] to [en_US]
08-25 17:30:52.967  1464  2403 V Configuration: Updating configuration, locales updated from [] to [en_US]
08-25 17:30:52.968  1464  2403 V Configuration: Updating configuration, locales updated from [] to [en_US]
08-25 17:30:52.968  1464  2403 V Configuration: Updating configuration, locales updated from [] to [en_US]
08-25 17:30:52.968  1464  2403 V Configuration: Updating configuration, locales updated from [] to [en_US]
08-25 17:30:52.968  1464  2403 V Configuration: Updating configuration, locales updated from [] to [en_US]
08-25 17:30:52.968  1464  2403 V Configuration: Updating configuration, locales updated from [] to [en_US]
08-25 17:30:52.968  1464  2403 V Configuration: Updating configuration, locales updated from [] to [en_US]
08-25 17:30:52.968  1464  2403 V Configuration: Updating configuration, locales updated from [] to [en_US]
08-25 17:30:52.968  1464  2403 V Configuration: Updating configuration, locales updated from [] to [en_US]
08-25 17:30:52.968  1464  2403 V Configuration: Updating configuration, locales updated from [] to [en_US]
08-25 17:30:52.968  1464  2403 V Configuration: Updating configuration, locales updated from [] to [en_US]
08-25 17:30:52.968  1464  2403 V Configuration: Updating configuration, locales updated from [] to [en_US]
08-25 17:30:52.969  1464  2403 V Configuration: Updating configuration, locales updated from [] to [en_US]
08-25 17:30:52.969  1464  2403 V Configuration: Updating configuration, locales updated from [] to [en_US]
08-25 17:30:52.969  1464  2403 V Configuration: Updating configuration, locales updated from [] to [en_US]
08-25 17:30:52.969  1464  2403 V Configuration: Updating configuration, locales updated from [] to [en_US]
08-25 17:30:52.969  1464  2403 V Configuration: Updating configuration, locales updated from [] to [en_US]
08-25 17:30:52.969  1464  2403 V Configuration: Updating configuration, locales updated from [] to [en_US]
08-25 17:30:52.969  1464  2403 V Configuration: Updating configuration, locales updated from [] to [en_US]
08-25 17:30:52.969  1464  2403 V Configuration: Updating configuration, locales updated from [] to [en_US]
08-25 17:30:52.969  1464  2403 V Configuration: Updating configuration, locales updated from [] to [en_US]
08-25 17:30:52.969  1464  2403 V Configuration: Updating configuration, locales updated from [] to [en_US]
08-25 17:30:52.970  1464  2403 V Configuration: Updating configuration, locales updated from [] to [en_US]
08-25 17:30:52.970  1464  2403 V Configuration: Updating configuration, locales updated from [] to [en_US]
08-25 17:30:52.972  1464  2403 D IntervalStats: Unable to parse usage stats packages: [32, 47, 137, 296, 476, 477, 490, 494, 495, 496, 498, 499, 500, 502, 503, 504, 508, 513, 514, 517, 518, 520, 521, 523, 524, 525, 526, 527, 530, 531, 532, 533, 534, 535, 536, 538, 540, 545, 556, 561, 578, 585, 586, 587, 588, 589, 590, 597, 598, 599, 608, 610, 611, 612, 613, 639, 640, 641, 642, 643, 644]
08-25 17:30:57.780  1464  2100 D BackgroundInstallControlService: Package event received: 0
08-25 17:31:02.326  1464  1958 D ActivityManager: freezing 7368 com.untappdllc.app
08-25 17:31:02.764  1464  1958 D ActivityManager: freezing 18417 com.PYOPYO.StarTracker
08-25 17:31:02.770  1464  1958 D ActivityManager: freezing 18642 com.google.android.webview:sandboxed_process0:org.chromium.content.app.SandboxedProcessService0:0
08-25 17:31:07.987  1464  1958 D ActivityManager: freezing 4942 com.android.vending
08-25 17:31:08.010  1464  1958 D ActivityManager: freezing 4954 com.android.vending:background
08-25 17:31:08.551  1464  1958 D ActivityManager: freezing 27056 com.google.android.googlequicksearchbox:search
08-25 17:31:08.568  1464  1958 D ActivityManager: freezing 23757 com.google.android.googlequicksearchbox:googleapp
08-25 17:31:12.295  1464  1958 D ActivityManager: freezing 23997 com.google.android.gms
08-25 17:31:13.959  1464  2100 D BackgroundInstallControlService: Package event received: 0
08-25 17:31:13.963  1464  2100 D BackgroundInstallControlService: Package event received: 0
08-25 17:31:15.547   985  2131 I vendor.google.wifi_ext-service-vendor: Wifi: Resetting SAR Scenario to default
08-25 17:31:33.312  1464  1958 D ActivityManager: freezing 20467 com.android.chrome
08-25 17:31:33.327  1464  1958 D ActivityManager: freezing 9676 com.google.android.adservices.api
08-25 17:31:49.700  1464  1703 D ActivityManager: sync unfroze 16245 com.google.android.apps.photos for 3
08-25 17:31:49.803 16245 16245 D ActivityThread: Package [com.android.vending] reported as REPLACED, but missing application info. Assuming REMOVED.
08-25 17:31:49.804 16245 16245 D ActivityThread: Package [com.android.vending] reported as REPLACED, but missing application info. Assuming REMOVED.
08-25 17:31:50.159  1464  2100 D BackgroundInstallControlService: Package event received: 0
08-25 17:31:50.782  1464  2100 D BackgroundInstallControlService: Package event received: 0
08-25 17:31:50.806  1464  1714 D KernelCpuUidUserSysTimeReader: Removing uids 10508-10508
08-25 17:31:50.836  1464  2100 D BackgroundInstallControlService: Package event received: 0
08-25 17:31:52.360  1464  1714 D BatteryStatsImpl: Reading cpu stats took 120ms
08-25 17:31:54.027  1464  2100 D BackgroundInstallControlService: Package event received: 0
08-25 17:31:54.033  1464  2100 D BackgroundInstallControlService: Package event received: 0
08-25 17:32:11.558  1464  2100 D BackgroundInstallControlService: Package event received: 0
08-25 17:32:11.643  1464  4404 W ActivityManager: Foreground service started from background can not have location/camera/microphone access: service pedometer.steptracker.calorieburner.stepcounter/steptracker.stepcounter.pedometer.service.CounterService
08-25 17:32:11.649  1464  2100 D BackgroundInstallControlService: Package event received: 0
08-25 17:32:17.703  1464  2100 D BackgroundInstallControlService: Package event received: 0
08-25 17:32:18.048  1464  4404 W ActivityManager: Foreground service started from background can not have location/camera/microphone access: service pedometer.steptracker.calorieburner.stepcounter/steptracker.stepcounter.pedometer.service.CounterService
08-25 17:32:18.520  1464  1942 E AppOps  : attributionTag  not declared in manifest of pedometer.steptracker.calorieburner.stepcounter
08-25 17:32:18.531  1464  4404 W ActivityManager: Foreground service started from background can not have location/camera/microphone access: service pedometer.steptracker.calorieburner.stepcounter/steptracker.stepcounter.pedometer.service.CounterService
08-25 17:32:18.953  1464  4404 W ActivityManager: Foreground service started from background can not have location/camera/microphone access: service pedometer.steptracker.calorieburner.stepcounter/steptracker.stepcounter.pedometer.service.CounterService
08-25 17:32:19.774  1464  4404 W ActivityManager: Foreground service started from background can not have location/camera/microphone access: service pedometer.steptracker.calorieburner.stepcounter/steptracker.stepcounter.pedometer.service.CounterService
08-25 17:32:20.659  1464  1945 V Configuration: Updating configuration, locales updated from [] to [en_US]
08-25 17:32:20.660  1464  1945 V Configuration: Updating configuration, locales updated from [] to [en_US]
08-25 17:32:20.660  1464  1945 V Configuration: Updating configuration, locales updated from [] to [en_US]
08-25 17:32:20.660  1464  1945 V Configuration: Updating configuration, locales updated from [] to [en_US]
08-25 17:32:20.660  1464  1945 V Configuration: Updating configuration, locales updated from [] to [en_US]
08-25 17:32:20.661  1464  1945 V Configuration: Updating configuration, locales updated from [] to [en_US]
08-25 17:32:20.678  1464  1945 D IntervalStats: Unable to parse usage stats packages: [691]
08-25 17:32:20.748  1464  1946 D CompatChangeReporter: Compat change id reported: 262645982; UID 10422; state: ENABLED
08-25 17:32:20.808  1464  2762 W ProcessStats: Tracking association SourceState{a7bbb3b system/1000 ImpBg #40275} whose proc state 6 is better than process ProcessState{384e10d com.google.android.apps.pixel.dcservice/10212 pkg=com.google.android.apps.pixel.dcservice} proc state 14 (4 skipped)
08-25 17:32:21.396  1464  4404 W ActivityManager: Foreground service started from background can not have location/camera/microphone access: service pedometer.steptracker.calorieburner.stepcounter/steptracker.stepcounter.pedometer.service.CounterService
08-25 17:32:24.104  1464  2100 D BackgroundInstallControlService: Package event received: 0
08-25 17:32:24.112  1464  2100 D BackgroundInstallControlService: Package event received: 0
08-25 17:32:30.611  1464  1714 D BatteryStatsImpl: Reading cpu stats took 108ms
08-25 17:32:30.872  1464  1958 D ActivityManager: freezing 16245 com.google.android.apps.photos
08-25 17:32:30.898  1464  1958 D ActivityManager: freezing 8053 com.google.android.apps.pixel.dcservice
08-25 17:32:40.516  1464  1703 D ActivityManager: sync unfroze 3168 com.google.android.apps.wellbeing for 3
08-25 17:32:40.519  1464  1703 D ActivityManager: sync unfroze 7678 com.android.settings for 3
08-25 17:32:40.537  1464  1703 W ProcessStats: Tracking association SourceState{c1cf03 com.android.settings/1000 Service #40298} whose proc state 8 is better than process ProcessState{8107ef8 com.google.android.apps.wellbeing/10143 pkg=com.google.android.apps.wellbeing} proc state 15 (6 skipped)
08-25 17:32:40.591  1464  2100 D BackgroundInstallControlService: Package event received: 0
08-25 17:32:50.627  1464  1958 D ActivityManager: freezing 7678 com.android.settings
08-25 17:32:50.644  1464  1958 D ActivityManager: freezing 3168 com.google.android.apps.wellbeing
08-25 17:32:58.416  1464  1744 W PackageManager: Not removing package com.google.android.trichromelibrary hosting lib com.google.android.trichromelibrary version 725809433 used by [VersionedPackage[com.google.android.webview/725809433]] for user 0
08-25 17:33:04.209  1464  2100 D BackgroundInstallControlService: Package event received: 0
08-25 17:33:04.211  1464  2100 D BackgroundInstallControlService: Package event received: 0
08-25 17:33:32.211  1464  2762 I PowerGroup: Waking up power group from Dozing (groupId=0, uid=10240, reason=WAKE_REASON_TAP, details=com.android.systemui:NODOZE tap)...
08-25 17:33:32.215  1464  2762 I PowerManagerService: Waking up from Dozing (uid=10240, reason=WAKE_REASON_TAP, details=com.android.systemui:NODOZE tap)...
08-25 17:33:32.219  1464  2100 D BackgroundInstallControlService: Package event received: 0
08-25 17:33:32.229  1464  2403 D CoreBackPreview: Window{4910a80 u0 NotificationShade}: Setting back callback OnBackInvokedCallbackInfo{mCallback=android.window.IOnBackInvokedCallback$Stub$Proxy@5631e81, mPriority=0, mIsAnimationCallback=false, mOverrideBehavior=0}
08-25 17:33:32.232  1464  1732 I DisplayPowerController[0]: Blocking screen on until initial contents have been drawn.
08-25 17:33:32.232  1464  1732 D WindowManager: Remove SleepToken: tag=Display-off, displayId=0
08-25 17:33:32.233  1464  1732 I DisplayPowerController: Window Manager Policy screenTurningOn complete
08-25 17:33:32.242  1464  2100 D BackgroundInstallControlService: Package event received: 0
08-25 17:33:32.244  1464  2100 D BackgroundInstallControlService: Package event received: 0
08-25 17:33:32.244  2145  2145 D InsetsController: Setting requestedVisibleTypes to -9 (was -11)
08-25 17:33:32.245  1464  2100 D BackgroundInstallControlService: Package event received: 0
08-25 17:33:32.246  1464  2100 D BackgroundInstallControlService: Package event received: 0
08-25 17:33:32.247  1464  2100 D BackgroundInstallControlService: Package event received: 0
08-25 17:33:32.248  1464  2100 D BackgroundInstallControlService: Package event received: 0
08-25 17:33:32.248  1464  1464 W ProcessStats: Tracking association SourceState{c1cf03 com.android.settings/1000 Service #40309} whose proc state 8 is better than process ProcessState{8107ef8 com.google.android.apps.wellbeing/10143 pkg=com.google.android.apps.wellbeing} proc state 15 (0 skipped)
08-25 17:33:32.254  2145  2172 D ShellSplitScreen: onStartedWakingUp
08-25 17:33:32.251  1464  2100 D BackgroundInstallControlService: Package event received: 0
08-25 17:33:32.254  1464  2100 D BackgroundInstallControlService: Package event received: 0
08-25 17:33:32.255  1464  2100 D BackgroundInstallControlService: Package event received: 0
08-25 17:33:32.255  1464  2100 D BackgroundInstallControlService: Package event received: 0
08-25 17:33:32.256  1464  2100 D BackgroundInstallControlService: Package event received: 0
08-25 17:33:32.256  1464  2100 D BackgroundInstallControlService: Package event received: 0
08-25 17:33:32.256  1464  2100 D BackgroundInstallControlService: Package event received: 0
08-25 17:33:32.256  1464  2100 D BackgroundInstallControlService: Package event received: 0
08-25 17:33:32.256  1464  2100 D BackgroundInstallControlService: Package event received: 0
08-25 17:33:32.256  1464  2100 D BackgroundInstallControlService: Package event received: 0
08-25 17:33:32.256  1464  2100 D BackgroundInstallControlService: Package event received: 0
08-25 17:33:32.256  1464  2100 D BackgroundInstallControlService: Package event received: 0
08-25 17:33:32.256  1464  2100 D BackgroundInstallControlService: Package event received: 0
08-25 17:33:32.256  1464  2100 D BackgroundInstallControlService: Package event received: 0
08-25 17:33:32.256  1464  2100 D BackgroundInstallControlService: Package event received: 0
08-25 17:33:32.256  1464  2100 D BackgroundInstallControlService: Package event received: 0
08-25 17:33:32.256  1464  2100 D BackgroundInstallControlService: Package event received: 0
08-25 17:33:32.257  1464  2100 D BackgroundInstallControlService: Package event received: 0
08-25 17:33:32.257  1464  2100 D BackgroundInstallControlService: Package event received: 0
08-25 17:33:32.257  1464  2100 D BackgroundInstallControlService: Package event received: 0
08-25 17:33:32.257  1464  2100 D BackgroundInstallControlService: Package event received: 0
08-25 17:33:32.257  1464  2100 D BackgroundInstallControlService: Package event received: 0
08-25 17:33:32.257  1464  2100 D BackgroundInstallControlService: Package event received: 0
08-25 17:33:32.257  1464  2100 D BackgroundInstallControlService: Package event received: 0
08-25 17:33:32.257  1464  2100 D BackgroundInstallControlService: Package event received: 0
08-25 17:33:32.257  1464  2100 D BackgroundInstallControlService: Package event received: 0
08-25 17:33:32.257  1464  2100 D BackgroundInstallControlService: Package event received: 0
08-25 17:33:32.257  1464  2100 D BackgroundInstallControlService: Package event received: 0
08-25 17:33:32.257  1464  2100 D BackgroundInstallControlService: Package event received: 0
08-25 17:33:32.257  1464  2100 D BackgroundInstallControlService: Package event received: 0
08-25 17:33:32.257  1464  2100 D BackgroundInstallControlService: Package event received: 0
08-25 17:33:32.257  1464  2100 D BackgroundInstallControlService: Package event received: 0
08-25 17:33:32.257  1464  2100 D BackgroundInstallControlService: Package event received: 0
08-25 17:33:32.258  1464  2082 I MR2ServiceImpl: Updating composite discovery preference | preference: RouteDiscoveryRequest{ preferredFeatures={}, activeScan=false }, active routers: []
08-25 17:33:32.268  2283  2283 D ContextualAwarenessService: Before dispatching ACTION_SCREEN_ON onReceive work to background
08-25 17:33:32.268  2283 12159 D ContextualAwarenessService: Before ACTION_SCREEN_ON onReceive work
08-25 17:33:32.268  2283 12159 D ContextualAwarenessService: After ACTION_SCREEN_ON onReceive work
08-25 17:33:32.269  2283  2283 D ContextualAwarenessService: After dispatching ACTION_SCREEN_ON onReceive work to background
08-25 17:33:32.289  1464  2093 D BiometricScheduler: [Added] {[45] com.android.server.biometrics.sensors.face.aidl.FaceAuthenticationClient, proto=3, owner=com.android.systemui, cookie=0, requestId=10, userId=0}, new queue size: 1
08-25 17:33:32.289  1464  2093 D BiometricScheduler: [Polled] {[45] com.android.server.biometrics.sensors.face.aidl.FaceAuthenticationClient, proto=3, owner=com.android.systemui, cookie=0, requestId=10, userId=0}, State: 0
08-25 17:33:32.302  1464  1732 I DisplayBrightnessStrategySelector: Changing the DisplayBrightnessStrategy from ScreenOffBrightnessStrategy to AutoBrightnessFallbackStrategy for display 0
08-25 17:33:32.309  1464  1732 V DisplayPowerController[0]: Brightness [0.040834617] reason changing to: 'screen_off_brightness_sensor', previous reason: 'screen_off'.
08-25 17:33:32.309  1464  1732 I DisplayPowerController[0]: BrightnessEvent: brt=0.040834617 (58.0%), nits= 59.427647, lux=-1.0, reason=screen_off_brightness_sensor, strat=AutoBrightnessFallbackStrategy, state=ON, stateReason=DEFAULT_POLICY, policy=BRIGHT, flags=, initBrt=0.0, rcmdBrt=NaN, preBrt=NaN, preLux=0.0, wasShortTermModelActive=false, autoBrightness=true (default), unclampedBrt=0.040834617, hbmMax=0.35428858, hbmMode=off, thrmMax=1.0, rbcStrength=35, powerFactor=1.0, physDisp=Built-in Screen(local:4619826886480892416), logicalId=0, slowChange=false, rampSpeed=0.0
08-25 17:33:32.310  1464  1732 I DisplayPowerController[0]: Unblocked screen on after 79 ms
08-25 17:33:32.313  1464  1690 I DisplayDeviceRepository: Display device changed state: "Built-in Screen", ON
08-25 17:33:32.314  1464  2129 E AppOps  : attributionTag IWLAN not declared in manifest of com.google.android.iwlan
08-25 17:33:32.315  1464  1732 I DisplayBrightnessStrategySelector: Changing the DisplayBrightnessStrategy from AutoBrightnessFallbackStrategy to AutomaticBrightnessStrategy for display 0
08-25 17:33:32.316  1464  1732 V DisplayPowerController[0]: Brightness [0.097379655] reason changing to: 'automatic', previous reason: 'screen_off_brightness_sensor'.
08-25 17:33:32.316  1464  1732 I DisplayPowerController[0]: BrightnessEvent: brt=0.097379655 (76.0%), nits= 139.0318, lux=53.958294, reason=automatic, strat=AutomaticBrightnessStrategy, state=ON, stateReason=DEFAULT_POLICY, policy=BRIGHT, flags=, initBrt=0.040834617, rcmdBrt=0.097379655, preBrt=NaN, preLux=NaN, wasShortTermModelActive=false, autoBrightness=true (default), unclampedBrt=0.097379655, hbmMax=0.35428858, hbmMode=off, thrmMax=1.0, rbcStrength=35, powerFactor=1.0, physDisp=Built-in Screen(local:4619826886480892416), logicalId=0, slowChange=false, rampSpeed=0.7047244
08-25 17:33:32.319  1464  1732 D BrightnessThermalClamper: Thermal status observer already started
08-25 17:33:32.323  1464  1690 I BrightnessSynchronizer: [147] New Update 0.097379655(f) set brightness values:  26(i)
08-25 17:33:32.323  1464  1690 I BrightnessSynchronizer: New PendingUpdate: {[148] 0.097379655(f), mUpdatedTypes=0, mConfirmedTypes=0, mTimeUpdated=0}, prev=null
08-25 17:33:32.327  1464  1691 I DisplayDevice: [0] Layerstack set to 0 for local:4619826886480892416
08-25 17:33:32.330  1464  2093 V ALSProbe: Enable ALS: 137744000
08-25 17:33:32.330  1464  4373 V ALSProbe: Enable ALS: 51432309
08-25 17:33:32.341  1464  2093 D BiometricScheduler: [Started] {[45] com.android.server.biometrics.sensors.face.aidl.FaceAuthenticationClient, proto=3, owner=com.android.systemui, cookie=0, requestId=10, userId=0}
08-25 17:33:32.341  1464  2093 D Biometrics/AuthenticationClient: Requesting auth for com.android.systemui
08-25 17:33:32.343  1464  2093 V BiometricSchedulerOperation: started: {[45] com.android.server.biometrics.sensors.face.aidl.FaceAuthenticationClient, proto=3, owner=com.android.systemui, cookie=0, requestId=10, userId=0}, State: 2
08-25 17:33:32.343  1464  1690 I BrightnessSynchronizer: Swallowing update of 26(i) by update: {[147] 0.097379655(f), mUpdatedTypes=1, mConfirmedTypes=1, mTimeUpdated=9062065}
08-25 17:33:32.343  1464  1690 I BrightnessSynchronizer: Completed Update: {[147] 0.097379655(f), mUpdatedTypes=1, mConfirmedTypes=1, mTimeUpdated=9062065}
08-25 17:33:32.347  1464  2093 V Biometrics/AcquisitionClient: Acquired: 20 0, shouldSend: false
08-25 17:33:32.348  1464  2082 I MR2ServiceImpl: Updating composite discovery preference | preference: RouteDiscoveryRequest{ preferredFeatures={}, activeScan=false }, active routers: []
08-25 17:33:32.357  1464  2100 D BackgroundInstallControlService: Package event received: 0
08-25 17:33:32.360  1464  4381 E AppOps  : package client.pid<1238> not found, can't check for attributionTag null
08-25 17:33:32.360  1464  4381 E AppOps  : Bad call made by uid 1047. Package "client.pid<1238>" does not belong to uid 1000.
08-25 17:33:32.360  1464  1688 D WindowManager: DeferredDisplayUpdater: partially applying DisplayInfo(1080 x 2400) immediately
08-25 17:33:32.360  1464  4381 E AppOps  : Cannot getAppOpMode: non-application UID 1000
08-25 17:33:32.363   927  1431 I Lyric   : camera_powerhal.cc:181: SetPowerBoost Trigger CAMERA_LAUNCH for 1000ms
08-25 17:33:32.364   927  1909 W Lyric   : device_context.cc:317: NotifyCaptureSessionOpen: No OisController found for physical camera Front. Status: NOT_FOUND: Failed to find controller by type and camera id(Front); Controller with ID: optical image stabilization controller for camera: Front not present in device_context
08-25 17:33:32.364   927  1909 W Lyric   : device_context.cc:317: NotifyCaptureSessionOpen: No OisController found for physical camera FrontVirtual. Status: NOT_FOUND: Failed to find controller by type and camera id(FrontVirtual); Controller with ID: optical image stabilization controller for camera: FrontVirtual not present in device_context
08-25 17:33:32.364   927  1909 I G3ACoordinator: coordinator.cc:1170: Coordinator::AeNotifyCaptureSessionOpen called for camera: {position: front, lens_type: multi_fov, spectrum: visible, instance: real}
08-25 17:33:32.365   927  1909 I G3ACoordinator: coordinator.cc:1194: Coordinator::AfNotifyCaptureSessionOpen called for camera: {position: front, lens_type: multi_fov, spectrum: visible, instance: real}
08-25 17:33:32.365   927  1909 I G3ACoordinator: coordinator.cc:1219: Coordinator::AsdNotifyCaptureSessionOpen called for camera: {position: front, lens_type: multi_fov, spectrum: visible, instance: real}
08-25 17:33:32.365   927  1909 I G3ACoordinator: coordinator.cc:1236: Coordinator::AwbNotifyCaptureSessionOpen called for camera: {position: front, lens_type: multi_fov, spectrum: visible, instance: real}
08-25 17:33:32.366   927  1909 I G3ACoordinator: coordinator.cc:1153: Coordinator::NotifyCaptureSessionOpen called for camera: {position: front, lens_type: multi_fov, spectrum: visible, instance: real}
08-25 17:33:32.366   927  1838 I Lyric   : motion_sensor_controller_proxy.cc:471: Start to create all sensor readers, enable direct channel: 1, support async query: 0
08-25 17:33:32.366   927  1909 I G3ACoordinator: coordinator.cc:1153: Coordinator::NotifyCaptureSessionOpen called for camera: {position: front, lens_type: multi_fov, spectrum: visible, instance: real}
08-25 17:33:32.366   927  1431 I Lyric   : camera_device_session_manager_base.cc:438: CameraDeviceSessionManager for camera id(FrontMultiFov) is created.
08-25 17:33:32.367   927  1431 I Lyric   : camera_device_session_hwl_impl.cc:345: Created CameraDeviceSessionHwlImpl for camera 1
08-25 17:33:32.367   927  1431 I Lyric   : camera_device_manager_impl.cc:204: Pinning memory flag is set to 0.
08-25 17:33:32.380   927  1436 I G3ACoordinator: front_als_manager.cc:169: Front ALS sensor enabled
08-25 17:33:32.380   927  1838 I Lyric   : direct_channel_motion_sensor_data_streamer.cc:464: gyroscope direct channel created.
08-25 17:33:32.394   927  7767 I Lyric   : sensor_generic_driver.cc:5147: DOKKAEBI ReadSensorId success: 0x30a1 setting version: 1.5 setting type: 0
08-25 17:33:32.397   927  1838 I Lyric   : direct_channel_motion_sensor_data_streamer.cc:464: gravity direct channel created.
08-25 17:33:32.403   927  1838 I Lyric   : binder_environment_sensor_reader.cc:78: Enabled BinderEnvironmentSensorReader, type: device_orientation
08-25 17:33:32.417     0     0 I trusty  : logging.cc: 79: ***: :219: Command Received: AuthenticationCreate
08-25 17:33:32.417     0     0 I trusty  : logging.cc: 79: ***: :270: Faceauth product version 5.7
08-25 17:33:32.419   927  1883 I Lyric   : camera_device_session_hwl_impl.cc:1526: CameraDeviceSessionHwlImpl::IsStreamConfigurationSupported 1
08-25 17:33:32.420   927  1883 I Lyric   : lyric_basic_capture_session.cc:66: LyricBasicCaptureSession supports the stream config
08-25 17:33:32.420   927  1883 I Lyric   : camera_device_session_manager_impl.cc:321: ==========Classfied stream for camera 1==========
08-25 17:33:32.420   927  1883 I Lyric   : camera_device_session_manager_impl.cc:325: Physical camera id 5 stream id 0 width 1600 height 1200 format: YCBCR_420_888 usage: 16 type Output
08-25 17:33:32.420   927  1883 I Lyric   : camera_device_session_manager_impl.cc:325: Physical camera id 5 stream id 1 width 3648 height 684 format: RAW10 usage: 16 type Output
08-25 17:33:32.420   927  1883 I Lyric   : camera_device_session_manager_impl.cc:332: Dump lyric internal stream:
08-25 17:33:32.420   927  1883 I Lyric   : camera_powerhal.cc:258: SetPowerStreamingMode CAMERA_STREAMING_STANDARD mode
08-25 17:33:32.420   927  1883 I Lyric   : camera_powerhal.cc:258: SetPowerStreamingMode CAMERA_GPU_STANDARD mode
08-25 17:33:32.420   927 19193 I Lyric   : camera_device_session_hwl_impl.cc:906: BuildPipelines entered, camera_id: 1
08-25 17:33:32.420   927 19193 I Lyric   : active_camera_device_tracker.cc:51: Adding camera: 1, is_logical_camera: 1, is_front_camera: 1, is_1p_camera_app: 1, active devices: 0, is_tele_camera_participant: 0
08-25 17:33:32.420   927 19193 I Lyric   : active_camera_device_tracker.cc:194: No specific graph requested, allowing lyric to select based on stream configuration.
08-25 17:33:32.420   927 19193 I Lyric   : camera_device_session_manager_base.cc:628: Attempting to build a processing graph
08-25 17:33:32.420   927 19193 I Lyric   : choose_and_make.h:48: Not making GenericGraph due to: FAILED_PRECONDITION: GenericGraph can't support stream configuration with logical camera
08-25 17:33:32.420   927 19193 I Lyric   : multicam_graph.cc:505: SW denoise supports logical stream only
08-25 17:33:32.420   927 19193 I Lyric   : multicam_node.cc:860: Create Multicam node for logical camera 1, default camera fov FrontVirtual, roi transformation type 1, enable metadata validation 0, enable zoom ratio recalculation 0, enable multicam two stage processing 0
08-25 17:33:32.421   927 19193 W Lyric   : multicam_graph.cc:428: Force LTMPostProcessingNode to be disabled because is not supported by current device or LTM is disabled.
08-25 17:33:32.421   927 19193 I Lyric   : multicam_subgraph_config.cc:17: Attempting to configure MulticamGraph for computer vision mode: secure
08-25 17:33:32.424   927 19193 I Lyric   : stream_info_parser.cc:140: Project11 enabled: 0
08-25 17:33:32.424   927 19193 W Lyric   : stream_info_parser.cc:365: Camera Front unknown stream: {type: Streaminfo, stream_id: 0, camera_id: Front, format: YCBCR_420_888, width: 1600, height: 1200, usage: [Protected], stream_type: Output, use_case: Default, data_space: DataSpace(Color)::(Standard: BT601_625, Transfer: SMPTE_170M, Range: Full), is_framework_physical_stream: 1, dynamic_range_profile: Standard, intended_for_max_resolution_mode: 0, group_id: -1, is_tunable: 1} does not fall in any known use case
08-25 17:33:32.424   927 19193 I Lyric   : generic_subgraph.cc:1293: The aligner on camera Front is None
08-25 17:33:32.424   927 19193 I Lyric   : generic_subgraph.cc:1316: Roshi not supported in Front
08-25 17:33:32.425   927  7788 I Lyric   : binder_sensor_vsync_reader.cc:25: Created BinderSensorVsyncReader, cam_vsync_id: 1
08-25 17:33:32.425   927  1906 I Lyric   : multisensor_controller.cc:1157: Front RadioExt: preferred_mipi_rate size 2 preferred_dbr_rate size 4. API delay 1.025594ms
