08-25 17:46:28.297   927  1908 I Lyric   : graph_configuration.cc:373: {type: Streaminfo, stream_id: 0, camera_id: Front, format: YCBCR_420_888, width: 1600, height: 1200, usage: [Protected], stream_type: Output, use_case: Default, data_space: DataSpace(Color)::(Standard: BT601_625, Transfer: SMPTE_170M, Range: Full), is_framework_physical_stream: 1, dynamic_range_profile: Standard, intended_for_max_resolution_mode: 0, group_id: -1, is_tunable: 1}
08-25 17:46:28.297   927  1908 I Lyric   : graph_configuration.cc:373: {type: Streaminfo, stream_id: 1, camera_id: Front, format: RAW10, width: 3648, height: 684, usage: [Protected], stream_type: Output, use_case: Default, data_space: DataSpace(Custom)::Depth, is_framework_physical_stream: 1, dynamic_range_profile: Standard, intended_for_max_resolution_mode: 0, group_id: -1, is_tunable: 0}
08-25 17:46:28.297   927  1908 I Lyric   : graph_configuration.cc:376: {type: StreamConfigurationMode, Front: Normal}
08-25 17:46:28.297   927  1908 I Lyric   : camera_performance_analyzer.cc:23: [CPA] CPA-Lite is enabled.
08-25 17:46:28.297   927  1908 I Lyric   : graph_runner_deferring_work_queue.cc:320: GraphRunner: Using GraphRunnerDeferringWorkQueue
08-25 17:46:28.297   927  1908 I Lyric   : graph_runner_deferring_work_queue.cc:322: Thread pool config , Input Priority: High, affinity: Auto, process group: CameraServicePerformance, # of threads: 12
08-25 17:46:28.297   927  1908 I Lyric   : graph_runner_deferring_work_queue.cc:322: Thread pool config , Input Priority: Normal, affinity: Auto, process group: CameraServicePerformance, # of threads: 7
08-25 17:46:28.297   927  1908 I Lyric   : graph_runner_deferring_work_queue.cc:322: Thread pool config , Input Priority: Realtime, affinity: Auto, process group: CameraServicePerformance, # of threads: 3
08-25 17:46:28.297   927  1908 I Lyric   : camera_device_session_manager_base.cc:744: CameraMode: 12
08-25 17:46:28.297   927  1908 I Lyric   : camera_device_session_manager_base.cc:997: Attempting to start graph:top_graph_for_camera_FrontMultiFov
08-25 17:46:28.297   927  1908 I Lyric   : processing_graph.cc:276: Starting nodes based on DEFAULT
08-25 17:46:28.298   927  1908 I Lyric   : camera_device_session_manager_base.cc:1001: Successfully started graph:top_graph_for_camera_FrontMultiFov
08-25 17:46:28.298   927  1435 I Lyric   : sensor_node.cc:484: cam5_sensor SensorNode starting for sensor: DOKKAEBI, camera: Front
08-25 17:46:28.298   927  1435 W Lyric   : fe_node.cc:798: cam5_frontend Failed to get pdaf calibration data
08-25 17:46:28.298   927  1883 I Lyric   : lyric_basic_capture_session.cc:95: LyricBasicCaptureSession created
08-25 17:46:28.298   927  1435 I Lyric   : unified_zuma_front_end_controller.cc:1045: LMP DDS crop enabled: false, AutoCal crop enabled: false, YUV to framework enabled: false
08-25 17:46:28.298   927  1435 I Lyric   : per_camera_barrier_impl.cc:47: Blocker for FeControllerBlockCam5ToStartExp0#0 acquired
08-25 17:46:28.298   927  1435 I Lyric   : unified_zuma_front_end_controller.cc:1094: [CAM5] Ready to acquire driver context for sensor DOKKAEBI, mode_index 5, csi-ch 6, at (3840x2736). With a normal lens at front position.
08-25 17:46:28.298   927  1435 I Lyric   : zuma_fe_driver.cc:950: Power Context acquired in FE driver.
08-25 17:46:28.298   927  1435 I Lyric   : zuma_fe_driver.cc:1121: [ISPFE] Enabling the device
08-25 17:46:28.299   927  1436 I G3ACoordinator: awb_session_config_parser_lyric.cc:245: sensor_mode ptr [0xb400007a3cac7758], sobek_enabled [false], post_process [0]
08-25 17:46:28.299   927  1436 I G3ACoordinator: awb_session_config_parser_lyric.cc:285: Map sensor mode property: sobek_enabled [false], hdr_mode [0]
08-25 17:46:28.299   927  1436 I G3ACoordinator: awb_session_config_parser_lyric.cc:210: Map sensor name [DOKKAEBI] binning_factor [1 1] mode_index [5] to GCam sensor ID [1]
08-25 17:46:28.299   927  1436 I G3ACoordinator: awb_session_config_parser_lyric.cc:145: Fail to read calibration data for camera[front normal]]. Use the default LED decision in tuning!
08-25 17:46:28.299   927  1436 I G3ACoordinator: awb_engine.cc:428: Use lut file ghawb_para_lut_front_normal.binarypb
08-25 17:46:28.299   927  1436 I G3ACoordinator: awb_engine.cc:481: Camera 5 Initial decision [1.5010417 1 1.852839] CCT [3351] CCM [1.5597459 -0.44534725 -0.11439867, -0.21251032 1.2744875 -0.061977293, -0.11351229 -0.9364212 2.0499334, 0 0 0, 1->1]
08-25 17:46:28.301   927  1901 I Lyric   : graph_runner_deferring_work_queue.cc:180: Registering all threads took 2679850 ns.
08-25 17:46:28.301   927  1437 I Lyric   : rgbp_driver.cc:449: Ip version: 0x1050001
08-25 17:46:28.301   927  1437 I Lyric   : mcfp_driver.cc:804: Ip version: 0x10050000
08-25 17:46:28.301   927  1437 I Lyric   : yuvp_driver.cc:529: Ip version: 0x1050001
08-25 17:46:28.301   927  1437 I Lyric   : zuma_be_core_driver_impl.cc:543: Successfully powered up BeCore block.
08-25 17:46:28.302   927  1436 W G3ACoordinator: awb_engine.cc:526: Failed to register data types in data manager.
08-25 17:46:28.302   927  1436 I G3ACoordinator: awb_engine.cc:529: [2, 5] AwbEngine_2_5 initialized
08-25 17:46:28.303   927  1436 I Lyric   : motion_sensor_controller_proxy.cc:437: MotionSensor context requests resource change to normal.
08-25 17:46:28.303   927  1838 I Lyric   : motion_sensor_controller_proxy.cc:471: Start to create all sensor readers, enable direct channel: 1, support async query: 0
08-25 17:46:28.303   927  1436 I G3ACoordinator: ae_session_config_parser_lyric.cc:201: ispfe_raw_input_resolution [width:3648, height:2736]
08-25 17:46:28.303   927  1436 I G3ACoordinator: ae_session_config_parser_lyric.cc:260: Map sensor mode property: sobek_enabled = false, g3a_session_info.hdr_mode = 0, sensor_mode_property 0
08-25 17:46:28.303   927  1436 I G3ACoordinator: ae_session_config_parser_lyric.cc:272: Map sensor name [DOKKAEBI], binning_factor [1, 1] and mode_index [5] to GCam sensor ID [1]
08-25 17:46:28.303   927  1436 I G3ACoordinator: ae_session_config_parser_lyric.cc:372: Pre-LSC AE stats status: disabled
08-25 17:46:28.303   927  1436 I G3ACoordinator: ae_engine.cc:378: session_type 2
08-25 17:46:28.303   927  1436 I G3ACoordinator: ae_engine.cc:2857: GABC fatp_enable_ = 0
08-25 17:46:28.303   927  1436 I G3ACoordinator: ae_engine.cc:452: [0, 5] AeEngine_0_5 initialized
08-25 17:46:28.303   927  1435 I Lyric   : zuma_fe_resetter.cc:157: FrontEnd: SW Reset begins.
08-25 17:46:28.304   927  1436 W Lyric   : auto_exposure_node.cc:1036: cam5_ae failed to acquire eco context: UNAVAILABLE: Not able to create valid eco proxy client
08-25 17:46:28.304   927  1779 I Lyric   : spectral_driver.cc:422: Flicker sampling has been enabled.
08-25 17:46:28.304   927  1436 I Lyric   : page_release_controller.cc:108: Disabling page releasing.
08-25 17:46:28.309     0     0 I trusty  : logging.cc: 79: ***: :219: Command Received: AuthenticationCreate
08-25 17:46:28.312     0     0 I trusty  : logging.cc: 79: ***: :270: Faceauth product version 5.7
08-25 17:46:28.307   927  1778 I Lyric   : spectral_driver.cc:177: Ambient light sampling enabled with mode: 2 stream consumer count: 0
08-25 17:46:28.307   927  1883 I Lyric   : camera_powerhal.cc:181: SetPowerBoost Trigger CAMERA_LAUNCH_EXTENDED for 2000ms
08-25 17:46:28.307   927  1437 I Lyric   : zuma_secure_operation_controller.cc:71: ZumaSecureOperationController: Requested secure session for zuma-mcfp
08-25 17:46:28.307   927  1435 I Lyric   : zuma_fe_resetter.cc:168: FrontEnd: SW Reset done: rstctl_status = 0x0
08-25 17:46:28.307   927  1883 I Lyric   : multicam_controller_base.cc:1856: 48 calls in 776 sec(s): Lead camera is locked, skip PIP processing
08-25 17:46:28.307   927  1883 I Lyric   : multicam_node.cc:2555: ********************dpm: put camera: 5 on NORMAL, frame number: 0, zoom ratio: 1.00 ********************
08-25 17:46:28.307   927  1883 I Lyric   : multicam_node.cc:2737: ******************** new lead: camera: 5(FrontWide), frame number: 0, zoom ratio: 1.00 *******************
08-25 17:46:28.307   927  1883 I Lyric   : multicam_node.cc:1588: ====== Multicam status update ======
08-25 17:46:28.307   927  1883 I Lyric   : multicam_node.cc:1589: Frame number: 0, Lead cam: 5, Zoom ratio: 1.00, APP requested streams:  (0, 5) (1, 5)
08-25 17:46:28.307   927  1883 I Lyric   : multicam_node.cc:1596: cam: 5, dpm_mode: Normal, activation_flags: None
08-25 17:46:28.307   927  1883 I Lyric   : retiming_node.cc:1374: ******** dpm: Front(hal id: 5) change DPM mode from Undefined to Normal, is virtual transition: 0, framework request id 0, frame number: 0
08-25 17:46:28.307   927  1435 I Lyric   : zuma_lmp_driver.cc:356: Configuring global system CSRs
08-25 17:46:28.308   927  1903 W Lyric   : three_a_request_node.cc:127: 48 calls in 776 sec(s): ThreeARequestNode: Error getting  metadata entry [ANDROID_CONTROL_AF_REGIONS]: INVALID_ARGUMENT: Metadata doesn't have the entry for ANDROID_CONTROL_AF_REGIONS
08-25 17:46:28.308   927  1431 I Lyric   : multicam_node.cc:1588: ====== Multicam status update ======
08-25 17:46:28.308   927  1431 I Lyric   : multicam_node.cc:1589: Frame number: 1, Lead cam: 5, Zoom ratio: 1.00, APP requested streams:  (0, 5) (1, 5)
08-25 17:46:28.308   927  1431 I Lyric   : multicam_node.cc:1596: cam: 5, dpm_mode: Undefined, activation_flags: None
08-25 17:46:28.308   927  1437 I Lyric   : zuma_secure_operation_controller.cc:71: ZumaSecureOperationController: Requested secure session for zuma-rgbp
08-25 17:46:28.308   927 19192 I Lyric   : conditional_dpm_node.cc:65: cam5_conditional_dpm turn to dpm mode: Normal, framte number: 0
08-25 17:46:28.308   927  1435 I Lyric   : zuma_csis_core_driver.cc:197: CSIS Core: ebuf_free_byte_size: 0x75800, ebuf_fifo_intf0_ctl0: 0x967b5c2e
08-25 17:46:28.308   927  8916 I Lyric   : lwis_event_thread.cc:209: LwEv:FePdma event thread is starting . . .
08-25 17:46:28.309   927  8917 I Lyric   : lwis_event_thread.cc:209: LwEv:FeLmp event thread is starting . . .
08-25 17:46:28.310   927  8918 I Lyric   : lwis_event_thread.cc:209: LwEv:FePhyLink event thread is starting . . .
08-25 17:46:28.310   927 19201 I G3ACoordinator: ae_input_parser_lyric.cc:1883: Starter frame: rel_frame_num [-3]
08-25 17:46:28.310   927 19201 W G3ACoordinator: data_manager.cc:154: [5, 27, 9000] can't be found
08-25 17:46:28.310   927 19201 I G3ACoordinator: ae_engine.cc:536: Starter Frames
08-25 17:46:28.311   927  1907 I Lyric   : dpm_bandwidth_controller_v2.cc:988: Update minimum MIF clock to 1000000000 number of active sensor: 1
08-25 17:46:28.311   927  1907 I Lyric   : dpm_bandwidth_controller_v2.cc:1044: Update minimum INT clock to 200000000 number of active sensor: 1
08-25 17:46:28.311   927  1907 I Lyric   : multisensor_controller.cc:814: Front StartStreaming, waiting on barrier
08-25 17:46:28.311   927  1907 I Lyric   : multisensor_controller.cc:856: camera Front start prepare spend : 2.483us
08-25 17:46:28.311  1464  2762 W ActivityManager: Foreground service started from background can not have location/camera/microphone access: service pedometer.steptracker.calorieburner.stepcounter/steptracker.stepcounter.pedometer.service.CounterService
08-25 17:46:28.312   927  1437 I Lyric   : zuma_secure_operation_controller.cc:71: ZumaSecureOperationController: Requested secure session for zuma-yuvp
08-25 17:46:28.312   927  1437 I Lyric   : raw_to_yuv_node.cc:756: Starting node cam5_raw_to_yuv with Pipeline (ID: (instance_id: 1850), IPs: [ RawToYuv ], Max Outputs: 1, IPConnections: [ ], Usecase: Realtime) on camera 5
08-25 17:46:28.313   927  1906 I G3ACoordinator: awb_input_parser_lyric.cc:1118: Starter frame: rel_frame_num [-3]
08-25 17:46:28.313   927  1906 I G3ACoordinator: awb_engine.cc:1908: Load tuning with previous:Primary :  Usecase: 1 Sensor mode: -1 Viridian value: -1 Camera position: 2 Camera lens_type: 0 Camera spectrum: -1 Partial Usecases: {} current:Primary :  Usecase: 0 Sensor mode: -1 Viridian value: -1 Camera position: 2 Camera lens_type: 0 Camera spectrum: -1 Partial Usecases: {}
08-25 17:46:28.314   927  1778 I Lyric   : spectral_driver.cc:183: Ambient light sampling switched to mode: 1 stream consumer count: 1
08-25 17:46:28.314   927  1903 I Lyric   : unified_zuma_front_end_controller.cc:730: [CAM5] Updating power mode from Standby to Normal on frame 0
08-25 17:46:28.314   927  1903 I Lyric   : zuma_fe_driver.cc:840: [ISPFE] Acquiring context. Sensor: DOKKAEBI
08-25 17:46:28.314   927  1903 I Lyric   : switchboard.cc:333: Booked resources: BookedResourceMap below:
08-25 17:46:28.314   927  1903 I Lyric   :   Resource type Bayer OTF at index 4,
08-25 17:46:28.314   927  1903 I Lyric   :   Resource type Image LoCH at index 0,
08-25 17:46:28.314   927  1903 I Lyric   :   Resource type PD LoCH at index 0,
08-25 17:46:28.314   927  1903 I Lyric   :   Resource type PD WDMA at index 0,
08-25 17:46:28.314   927  1903 I Lyric   : pd_logical_channel.cc:63: CSIS Core: pd context 0 is tpg 0 for camera 5 created.
08-25 17:46:28.314   927  1903 I Lyric   : zuma_csis_core_context.cc:395: [CAM5] Created Zuma CSIS Core context for sensor DOKKAEBI with size: {width: 3648, height: 2736}
08-25 17:46:28.315   927 19201 I G3ACoordinator: ae_input_parser_lyric.cc:1883: Starter frame: rel_frame_num [-2]
08-25 17:46:28.315   927 19201 I G3ACoordinator: ae_engine.cc:536: Starter Frames
08-25 17:46:28.315   927  1903 I Lyric   : zuma_csis_phy_link_context.cc:165: Zuma CsisPhyLinkContext_6 sensor with image size: {width: 3648, height: 2736}, format: raw_10
08-25 17:46:28.315   927  1903 I Lyric   : zuma_csis_phy_link_context.cc:1322: Zuma CsisPhyLinkContext_6 Rx CTLE enable: 0, is CPHY: 0, mipi rate: 1628Msps
08-25 17:46:28.315   927  1903 I Lyric   : zuma_csis_phy_link_context.cc:198: Zuma CsisPhyLinkContext_6 Disable Rx CTLE settings NcCoef: 0x0, CntRout: 0x5, BiasCon: 0x8, RselCnt: 0xa, CapCnt: 0xe
08-25 17:46:28.315   927  1903 I Lyric   : zuma_fc_bayer_context.cc:45: FC bayer context 4 for camera 5 created, sensor output size: {width: 3648, height: 2736} bayer output size: 3648 x 2736
08-25 17:46:28.315   927 19200 I G3ACoordinator: awb_input_parser_lyric.cc:1118: Starter frame: rel_frame_num [-2]
08-25 17:46:28.316   927  1903 I Lyric   : zuma_lmp_line_buffer.h:50: For LMP bayer context index 4, requested width 3648 compared to last used width -1, after allocation, the available linebuffer size is 15040
08-25 17:46:28.316   927  1903 I Lyric   : zuma_lmp_bayer_context.cc:62: Created Zuma LMP context with bayer size: 3648 x 2736 for sensor output stream 3648 x 2736
08-25 17:46:28.317   927 19201 I G3ACoordinator: ae_input_parser_lyric.cc:1883: Starter frame: rel_frame_num [-1]
08-25 17:46:28.317   927 19201 I G3ACoordinator: ae_engine.cc:536: Starter Frames
08-25 17:46:28.329     0     0 I trusty  : gxp_device_impl: 442: Loaded GXP library:
08-25 17:46:28.329     0     0 I trusty  : gxp_device_impl: 444:  - Name: tuscany_dsp_lib
08-25 17:46:28.329     0     0 I trusty  : gxp_device_impl: 445:  - Functions: ExtractThumbnailKernel,Yuv2RgbKernel
08-25 17:46:28.329     0     0 I trusty  : logging.cc: 79: ***: :100: Creating dsp pal.
08-25 17:46:28.318   927 19201 I G3ACoordinator: awb_input_parser_lyric.cc:1118: Starter frame: rel_frame_num [-1]
08-25 17:46:28.318   927  8916 I Lyric   : zuma_fe_pdma_driver.cc:153: [FEIRQ] FE PDMA event 608 #1, timestamp: 9844769280870, name: IspFe.pdma_rstctl.Context0SwResetDone
08-25 17:46:28.318   927  8912 I Lyric   : binder_sensor_vsync_reader.cc:40: Enabled BinderSensorVsyncReader, cam_vsync_id: 1
08-25 17:46:28.318   927  8912 W Lyric   : shutter_notification_manager.cc:95:  sensor with vsync id : 1 creating vsync sensor spent 24.733561ms
08-25 17:46:28.318  1464  2093 V Biometrics/AcquisitionClient: Acquired: 24 0, shouldSend: false
08-25 17:46:28.318  1464  2093 W FaceManager: Unknown authentication acquired message: 24, 0
08-25 17:46:28.319   927  1903 I Lyric   : test_pattern_calculator.h:61: TpgSync clock: 465000 KHz, fps: 30
08-25 17:46:28.319   927  1903 I Lyric   : image_logical_channel.cc:116: CSIS Core: ImgLoch_0 size: {width: 3648, height: 2736} auto_rec hblanking: 39336 auto_rec vblanking: 5871864
08-25 17:46:28.320   927  1903 I Lyric   : test_pattern_calculator.h:61: TpgSync clock: 465000 KHz, fps: 30
08-25 17:46:28.320   927  1903 I Lyric   : pd_logical_channel.cc:160: CSIS Core: PdLoch_0 size: {width: 3648, height: 684} auto_rec hblanking: 39336 auto_rec vblanking: 5871864
08-25 17:46:28.320   927  1903 I Lyric   : zuma_csis_phy_link_context.cc:243: Zuma CsisPhyLinkContext_6 Camera ID(5) Initialized
08-25 17:46:28.321   927  1903 I Lyric   : zuma_csis_phy_link_context.cc:955: Zuma CsisPhyLinkContext_6 IspConfigCh0 with virtual channel: 0, parallel mode: 0, size: {width: 3648, height: 2736}, format: raw_10
08-25 17:46:28.321   927  1903 I Lyric   : zuma_csis_phy_link_context.cc:955: Zuma CsisPhyLinkContext_6 IspConfigCh1 with virtual channel: 1, parallel mode: 0, size: {width: 3648, height: 684}, format: raw_10
08-25 17:46:28.321   927  1903 I Lyric   : zuma_csis_phy_link_context.cc:955: Zuma CsisPhyLinkContext_6 IspConfigCh2 with virtual channel: 0, parallel mode: 2, size: {width: 3648, height: 2}, format: 8_bit_data
08-25 17:46:28.323   927  1903 I Lyric   : zuma_csis_phy_link_context.cc:251: Zuma CsisPhyLinkContext_6 enabled
08-25 17:46:28.323   927  1903 I Lyric   : zuma_fe_programming.cc:97: [CAM5][ISPFE] Creating programming model. Indices: {bayer_context_index = [4], pdaf_context_index = nullopt, image_loch_indices = [0], pdaf_loch_indices = [0], vc_loch_index = nullopt, rdma_indices = []}
08-25 17:46:28.323   927  1903 I Lyric   : zuma_fe_programming.cc:108: [CAM5][ISPFE] Submitted repeating SOF sync transaction id 76
08-25 17:46:28.323   927  1903 I Lyric   : zuma_fe_utils.cc:695: ISP-FE Bandwidth Formula V1.1
08-25 17:46:28.323   927  1903 I Lyric   : zuma_fe_utils.cc:728: ISP-FE Clock Formula V1.6, csis_core: 81400250 csi_phy: 111000000 lmp: 101772720
08-25 17:46:28.324   927  1903 I Lyric   : zuma_fe_driver.cc:1308: ISP-FE Qos Update: context(0), csi clock: 111000000, lmp clock: 101772720
08-25 17:46:28.325   927  1903 I Lyric   : zuma_fe_driver.cc:1363: ISP-FE Qos Update: clock frequency: 111000000, write bandwidth: 769415040, read bandwidth: 0
08-25 17:46:28.326   927  1903 I Lyric   : zuma_secure_operation_controller.cc:71: ZumaSecureOperationController: Requested secure session for zuma-fe
08-25 17:46:28.326   927  1903 I Lyric   : unified_zuma_front_end_controller.cc:194: [CAM5] Acquired driver context for exposure 0.
08-25 17:46:28.326   927  1903 I Lyric   : per_camera_barrier_impl.cc:47: Blocker for FeControllerBlockCam5ToStop#0 acquired
08-25 17:46:28.326   927  1903 E Lyric   : software_fence.cc:40: Resetting unsignaled fence unnamed
08-25 17:46:28.326   927  1903 I Lyric   : fe_node.cc:2657: cam5_frontend HalPixelFormat for FrontEndNode RAW16_BAYER_SBWC
08-25 17:46:28.326   927  1903 I Lyric   : unified_zuma_front_end_controller.cc:303: [CAM5] The first sensor frame number is changed from -1 to 1 for exposure index 0.
08-25 17:46:28.327   927  1903 I Lyric   : zuma_csis_core_context.cc:670: [CAM5] queuing PD frame: 1, addr[0]: 0x4bb20000, SQ addr: 0x4c120000
08-25 17:46:28.328   927  1903 I Lyric   : register_sets.cc:171: ISPFE RegisterUpdate Expression events: IspFe.fc_bayer.Context4FcRegUpdated IspFe.csis_core_pd_proc.LogicalChannel0ShadowUpdate 
08-25 17:46:28.328   927  1903 I Lyric   : zuma_fe_programming.cc:1047: [CAM5][ISPFE] Releasing sensor start blocker with status OK
08-25 17:46:28.328   927  1903 I Lyric   : per_camera_barrier_impl.cc:58: Blocker for FeControllerBlockCam5ToStartExp0#0 released with status: OK with lwis fence, which will be waited at sensor start transaction in kernel
08-25 17:46:28.328   927  1907 I Lyric   : multisensor_controller.cc:862: camera Front start wait for barrier spend : 17.337036ms
08-25 17:46:28.329   927  1907 I Lyric   : sensor_generic_driver.cc:1261:  event thread started.
08-25 17:46:28.329   927  1907 I Lyric   : sensor_generic_driver.cc:1449: DOKKAEBI stream on, size: {width: 3648, height: 2736}, frame rate range: [7.5, 30], sensor ispfe sync in kernel with ispfe-side completion fence request id: 0
08-25 17:46:28.329   927  1907 I Lyric   : per_camera_barrier_impl.cc:47: Blocker for MultiSensorController_Stop acquired
08-25 17:46:28.329   927  1447 I Lyric   : zuma_fe_programming.cc:292: [FEIRQ] [CAM5][ISPFE] Received event IspFe.csis_core_pd_proc.LogicalChannel0ShadowUpdate. Count: 1. Timestamp: 9844780433743 ns.
08-25 17:46:28.329   927  1449 I Lyric   : zuma_csis_core_driver.cc:260: [FEIRQ] CSIS Core context 0: event IspFe.csis_core_cmn_ctl.Loch7 #1, category: 8, count: 1, timestamp: 9844780487210
08-25 17:46:28.329   927  1447 I Lyric   : zuma_fe_programming.cc:292: [FEIRQ] [CAM5][ISPFE] Received event IspFe.lmp_bayer.Context4RegisterUpdate. Count: 1. Timestamp: 9844780546251 ns.
08-25 17:46:28.329   927  1447 I Lyric   : zuma_fe_programming.cc:292: [FEIRQ] [CAM5][ISPFE] Received event IspFe.fc_bayer.Context4FcRegUpdated. Count: 1. Timestamp: 9844780583889 ns.
08-25 17:46:28.329   927  1447 I Lyric   : zuma_fe_programming.cc:628: [CAM5][ISPFE] Enabling LoCHs with register-set states: {fc_lmp_bayer = 1, fc_lmp_pdaf = 0, csis_image_wdmas = [], csis_pd_wdmas = [{0, 1}], csis_vc_wdma = 0, csis_rdmas = [], context_indices = {bayer_context_index = [4], pdaf_context_index = nullopt, image_loch_indices = [0], pdaf_loch_indices = [0], vc_loch_index = nullopt, rdma_indices = []}}
08-25 17:46:28.329   927  1447 I Lyric   : image_logical_channel.cc:261: CSIS Core: Setting loch_en for ImgLoch_0
08-25 17:46:28.329   927  1447 I Lyric   : pd_logical_channel.cc:296: CSIS Core: Setting loch_en for PdLoch_0
08-25 17:46:28.333   927 19191 I Lyric   : zuma_csis_core_context.cc:670: [CAM5] queuing PD frame: 2, addr[0]: 0x4be20000, SQ addr: 0x4c430000
08-25 17:46:28.335  1464  2100 D BackgroundInstallControlService: Package event received: 0
08-25 17:46:28.335   927  8926 I Lyric   : sensor_generic_driver.cc:1208: DOKKAEBI init success.
08-25 17:46:28.337   927 19191 I Lyric   : zuma_csis_core_context.cc:670: [CAM5] queuing PD frame: 3, addr[0]: 0x4c130000, SQ addr: 0x4c440000
08-25 17:46:28.348   927  8926 I Lyric   : sensor_generic_driver.cc:1214: DOKKAEBI set mode success.
08-25 17:46:28.349   927  8926 I Lyric   : sensor_generic_driver.cc:1130: DOKKAEBI stream on success. Transaction delay: 19.829387ms
08-25 17:46:28.369   927  8918 I Lyric   : zuma_csis_phy_link_driver.cc:220: [FEIRQ] CsisPhyLink context 6 event 2305843009213699458 name: IspFe.csis_int1.Context6FrameStart count: 1 timestamp: 9844820816230
08-25 17:46:28.369   927  8918 I Lyric   : zuma_csis_phy_link_driver.cc:220: [FEIRQ] CsisPhyLink context 6 event 2305843009213699841 name: IspFe.csis_fs_int.Context6FrameStartCh1 count: 1 timestamp: 9844820860867
08-25 17:46:28.369   927  8918 I Lyric   : zuma_csis_phy_link_driver.cc:220: [FEIRQ] CsisPhyLink context 6 event 2305843009213699842 name: IspFe.csis_fs_int.Context6FrameStartCh2 count: 1 timestamp: 9844820868232
08-25 17:46:28.369   927  8918 I Lyric   : zuma_csis_phy_link_driver.cc:220: [FEIRQ] CsisPhyLink context 6 event 2305843009213699840 name: IspFe.csis_fs_int.Context6FrameStartCh0 count: 1 timestamp: 9844820874376
08-25 17:46:28.369   927  8926 I Lyric   : sensor_generic_driver.cc:971: DOKKAEBI 1st SOF arrived. Delay from stream on: 40.71228ms Delay from stream on transaction: 20.634033ms (Delay - exposure time): 12.3093615ms
08-25 17:46:28.369   927  8918 I Lyric   : dpm_bandwidth_controller_v2.cc:884: Current CLOCK_FAMILY_INTCAM clock 111000
08-25 17:46:28.369   927  8918 I Lyric   : dpm_bandwidth_controller_v2.cc:884: Current CLOCK_FAMILY_CAM clock 111000
08-25 17:46:28.369   927  8918 I Lyric   : dpm_bandwidth_controller_v2.cc:884: Current CLOCK_FAMILY_INT clock 356000
08-25 17:46:28.369   927  1447 I Lyric   : zuma_fe_programming.cc:292: [FEIRQ] [CAM5][ISPFE] Received event IspFe.fe_programming.Context0SofSyncSuccess. Count: 1. Timestamp: 9844820948391 ns.
08-25 17:46:28.369   927  8918 I Lyric   : dpm_bandwidth_controller_v2.cc:884: Current CLOCK_FAMILY_MIF clock 3744000
08-25 17:46:28.369   927  8918 I Lyric   : dpm_bandwidth_controller_v2.cc:884: Current CLOCK_FAMILY_TNR clock 111000
08-25 17:46:28.369   927  1449 I Lyric   : zuma_csis_core_driver.cc:260: [FEIRQ] CSIS Core context 0: event IspFe.csis_core_cmn_ctl.Loch0 #1, category: 8, count: 1, timestamp: 9844820976915
08-25 17:46:28.375  1464  1732 W PowerManagerService: Screen on took 314 ms
08-25 17:46:28.375  1464  1732 I DreamManagerService: Gently waking up from dream.
08-25 17:46:28.382  2145  2145 W FaceManager: Unknown authentication acquired message: 24, 0
08-25 17:46:28.384  1464  2129 I DreamManagerService: Leaving dreamland.
08-25 17:46:28.384  1464  1687 I DreamController: Stopping dream: name=ComponentInfo{com.android.systemui/com.android.systemui.doze.DozeService}, isPreviewMode=false, canDoze=true, userId=0, reason='finished self'(from 'power manager request')
08-25 17:46:28.401   927  1449 I Lyric   : zuma_csis_core_driver.cc:260: [FEIRQ] CSIS Core context 0: event IspFe.csis_core_pd_proc.LogicalChannel0DmaDone #1, category: 15, count: 1, timestamp: 9844852529975
08-25 17:46:28.401   927  1449 I Lyric   : frame_images_queue_handler.cc:405: [CAM5] PD signaling secure mode frame: 1
08-25 17:46:28.401   927  8918 I Lyric   : zuma_csis_phy_link_driver.cc:220: [FEIRQ] CsisPhyLink context 6 event 2305843009213699457 name: IspFe.csis_int1.Context6FrameEnd count: 1 timestamp: 9844852627631
08-25 17:46:28.401   927  8918 I Lyric   : zuma_csis_phy_link_driver.cc:220: [FEIRQ] CsisPhyLink context 6 event 2305843009213700224 name: IspFe.csis_fe_int.Context6FrameEndCh0 count: 1 timestamp: 9844852664130
08-25 17:46:28.401   927  8918 I Lyric   : zuma_csis_phy_link_driver.cc:220: [FEIRQ] CsisPhyLink context 6 event 2305843009213700226 name: IspFe.csis_fe_int.Context6FrameEndCh2 count: 1 timestamp: 9844852684679
08-25 17:46:28.401   927  8918 I Lyric   : zuma_csis_phy_link_driver.cc:220: [FEIRQ] CsisPhyLink context 6 event 2305843009213700225 name: IspFe.csis_fe_int.Context6FrameEndCh1 count: 1 timestamp: 9844852690904
08-25 17:46:28.401   927  1449 I Lyric   : zuma_csis_core_driver.cc:260: [FEIRQ] CSIS Core context 0: event IspFe.csis_core_pd_proc.LogicalChannel0Eof #1, category: 15, count: 1, timestamp: 9844852563789
08-25 17:46:28.401   927  1449 I Lyric   : zuma_csis_core_driver.cc:260: [FEIRQ] CSIS Core context 0: event IspFe.csis_core_img_proc.LogicalChannel0Eof #1, category: 11, count: 1, timestamp: 9844852736152
08-25 17:46:28.401   927  8917 I Lyric   : zuma_lmp_driver.cc:455: [FEIRQ] Lmp bayer context 4, event 2305843009213694849, name: IspFe.lmp_bayer.Context4Eof, count: 1, timestamp: 9844852922472
08-25 17:46:28.403   927  1903 I Lyric   : raw_to_yuv_node.cc:1297: HalImageFormat for YUV output: HalImageFormat{ pixel_format = YCBCR_420_888, stride_alignment = 16, num_buffers = 1 }
08-25 17:46:28.404   927  1910 W Lyric   : sensor_generic_driver.cc:3363: 9 calls in 1242 sec(s): DOKKAEBI frame length increased to 2880 due to the frame_length_line is lower than limitation
08-25 17:46:28.407   927 19191 I Lyric   : zuma_csis_core_context.cc:670: [CAM5] queuing PD frame: 4, addr[0]: 0x4c450000, SQ addr: 0x4c750000
08-25 17:46:28.410  1464  1703 D ActivityManager: sync unfroze 20611 com.google.android.apps.privacy.wildlife for 3
08-25 17:46:28.411  1464  2100 D BackgroundInstallControlService: Package event received: 0
08-25 17:46:28.416  1464  4381 D ActivityManager: sync unfroze 4062 com.google.android.apps.messaging for 7
08-25 17:46:28.419  1464  2100 D BackgroundInstallControlService: Package event received: 0
08-25 17:46:28.429   927  1446 I Lyric   : zuma_be_core_event_handler_impl.cc:76: Received Hw event: BeCore.RgbpInt0.FrameEnd counter 1, timestamp: 9844880682400
08-25 17:46:28.429   927  1446 I Lyric   : zuma_be_core_event_handler_impl.cc:76: Received Hw event: BeCore.YuvpInt0.FrameEnd counter 1, timestamp: 9844880745185
08-25 17:46:28.429   927  8911 I Lyric   : camera_latency_analyzer.cc:99: [CLA] Cam1-Open
08-25 17:46:28.429   927  8911 I Lyric   : camera_latency_analyzer.cc:101: [CLA] (Cam1-Open) Open latency: 16.9328
08-25 17:46:28.429   927  8911 I Lyric   : camera_latency_analyzer.cc:101: [CLA] (Cam1-Open) <-- IDLE --> latency: 27.446
08-25 17:46:28.429   927  8911 I Lyric   : camera_latency_analyzer.cc:101: [CLA] (Cam1-Open) ConfigureStream latency: 7.58927
08-25 17:46:28.429   927  8911 I Lyric   : camera_latency_analyzer.cc:101: [CLA] (Cam1-Open) <-- IDLE --> latency: 8.01884
08-25 17:46:28.429   927  8911 I Lyric   : camera_latency_analyzer.cc:101: [CLA] (Cam1-Open) First frame latency: 123.154
08-25 17:46:28.429   927  8911 I Lyric   : camera_latency_analyzer.cc:101: [CLA] (Cam1-Open) Overall latency: 183.157
08-25 17:46:28.429   927  8911 I Lyric   : camera_latency_analyzer.cc:101: [CLA] (Cam1-Open) HAL Total latency: 147.67
08-25 17:46:28.434     0     0 I trusty  : logging.cc: 79: ***: :219: Command Received: AuthenticationEvaluate
08-25 17:46:28.434   927  1449 I Lyric   : frame_images_queue_handler.cc:405: [CAM5] PD signaling secure mode frame: 2
08-25 17:46:28.438   927  8926 W Lyric   : shutter_notification_manager.cc:227: 8 calls in 776 sec(s): vsync timeout for frame 3
08-25 17:46:28.438   927  8926 I Lyric   : shutter_notification_manager.cc:269: 8 calls in 776 sec(s): vsync_timestamp unavailable. Apply previous vsync_sof_offset -915801
08-25 17:46:28.439  1464  2093 V Biometrics/AcquisitionClient: Acquired: 11 0, shouldSend: false
08-25 17:46:28.441   927  1903 I Lyric   : zuma_csis_core_context.cc:670: [CAM5] queuing PD frame: 5, addr[0]: 0x4ca30000, SQ addr: 0x4c120000
08-25 17:46:28.465     0     0 I trusty  : logging.cc: 79: ***: :219: Command Received: AuthenticationEvaluate
08-25 17:46:28.467  1464  2093 V Biometrics/AcquisitionClient: Acquired: 11 0, shouldSend: false
08-25 17:46:28.468   927  1449 I Lyric   : frame_images_queue_handler.cc:405: [CAM5] PD signaling secure mode frame: 3
08-25 17:46:28.474   927  1903 I Lyric   : zuma_csis_core_context.cc:670: [CAM5] queuing PD frame: 6, addr[0]: 0x4bb20000, SQ addr: 0x4c430000
08-25 17:46:28.500     0     0 I trusty  : logging.cc: 79: ***: :219: Command Received: AuthenticationEvaluate
08-25 17:46:28.501   927  1449 I Lyric   : frame_images_queue_handler.cc:405: [CAM5] PD signaling secure mode frame: 4
08-25 17:46:28.507  1464  2093 V Biometrics/AcquisitionClient: Acquired: 3 0, shouldSend: false
08-25 17:46:28.508   927  1903 I Lyric   : zuma_csis_core_context.cc:670: [CAM5] queuing PD frame: 7, addr[0]: 0x4be20000, SQ addr: 0x4c440000
08-25 17:46:28.530     0     0 I trusty  : logging.cc: 79: ***: :219: Command Received: AuthenticationEvaluate
08-25 17:46:28.534   927  1449 I Lyric   : frame_images_queue_handler.cc:405: [CAM5] PD signaling secure mode frame: 5
08-25 17:46:28.534  1464  2093 V Biometrics/AcquisitionClient: Acquired: 3 0, shouldSend: false
08-25 17:46:28.540   927  1906 I Lyric   : zuma_csis_core_context.cc:670: [CAM5] queuing PD frame: 8, addr[0]: 0x4c130000, SQ addr: 0x4c750000
08-25 17:46:28.567     0     0 I trusty  : logging.cc: 79: ***: :219: Command Received: AuthenticationEvaluate
08-25 17:46:28.568   927  1449 I Lyric   : frame_images_queue_handler.cc:405: [CAM5] PD signaling secure mode frame: 6
08-25 17:46:28.569  1464  2093 V Biometrics/AcquisitionClient: Acquired: 11 0, shouldSend: false
08-25 17:46:28.572   927  1903 I Lyric   : zuma_csis_core_context.cc:670: [CAM5] queuing PD frame: 9, addr[0]: 0x4c450000, SQ addr: 0x4c120000
08-25 17:46:28.596     0     0 I trusty  : logging.cc: 79: ***: :219: Command Received: AuthenticationEvaluate
08-25 17:46:28.600  1464  2093 V Biometrics/AcquisitionClient: Acquired: 11 0, shouldSend: false
08-25 17:46:28.601   927  1449 I Lyric   : frame_images_queue_handler.cc:405: [CAM5] PD signaling secure mode frame: 7
08-25 17:46:28.607   927 19201 I Lyric   : zuma_csis_core_context.cc:670: [CAM5] queuing PD frame: 10, addr[0]: 0x4ca30000, SQ addr: 0x4c430000
08-25 17:46:28.629     0     0 I trusty  : logging.cc: 79: ***: :219: Command Received: AuthenticationEvaluate
08-25 17:46:28.635   927  1449 I Lyric   : frame_images_queue_handler.cc:405: [CAM5] PD signaling secure mode frame: 8
08-25 17:46:28.636  1464  2093 V Biometrics/AcquisitionClient: Acquired: 11 0, shouldSend: false
08-25 17:46:28.640   927  1903 I Lyric   : zuma_csis_core_context.cc:670: [CAM5] queuing PD frame: 11, addr[0]: 0x4bb20000, SQ addr: 0x4c440000
08-25 17:46:28.664     0     0 I trusty  : logging.cc: 79: ***: :219: Command Received: AuthenticationEvaluate
08-25 17:46:28.667  1464  2093 V Biometrics/AcquisitionClient: Acquired: 11 0, shouldSend: false
08-25 17:46:28.668   927  1449 I Lyric   : frame_images_queue_handler.cc:405: [CAM5] PD signaling secure mode frame: 9
08-25 17:46:28.676   927 19191 I Lyric   : zuma_csis_core_context.cc:670: [CAM5] queuing PD frame: 12, addr[0]: 0x4be20000, SQ addr: 0x4c750000
08-25 17:46:28.696     0     0 I trusty  : logging.cc: 79: ***: :219: Command Received: AuthenticationEvaluate
08-25 17:46:28.700  1464  2093 V Biometrics/AcquisitionClient: Acquired: 11 0, shouldSend: false
08-25 17:46:28.701   927  1449 I Lyric   : frame_images_queue_handler.cc:405: [CAM5] PD signaling secure mode frame: 10
08-25 17:46:28.705   927  1906 I Lyric   : zuma_csis_core_context.cc:670: [CAM5] queuing PD frame: 13, addr[0]: 0x4c130000, SQ addr: 0x4c120000
08-25 17:46:28.731     0     0 I trusty  : logging.cc: 79: ***: :219: Command Received: AuthenticationEvaluate
08-25 17:46:28.735   927  1449 I Lyric   : frame_images_queue_handler.cc:405: [CAM5] PD signaling secure mode frame: 11
08-25 17:46:28.736  1464  2093 V Biometrics/AcquisitionClient: Acquired: 11 0, shouldSend: false
08-25 17:46:28.739   927 19191 I Lyric   : zuma_csis_core_context.cc:670: [CAM5] queuing PD frame: 14, addr[0]: 0x4c450000, SQ addr: 0x4c430000
08-25 17:46:28.767     0     0 I trusty  : logging.cc: 79: ***: :219: Command Received: AuthenticationEvaluate
08-25 17:46:28.768   927  1449 I Lyric   : frame_images_queue_handler.cc:405: [CAM5] PD signaling secure mode frame: 12
08-25 17:46:28.775   927 19191 I Lyric   : zuma_csis_core_context.cc:670: [CAM5] queuing PD frame: 15, addr[0]: 0x4ca30000, SQ addr: 0x4c440000
08-25 17:46:28.777  1464  2093 V Biometrics/AcquisitionClient: Acquired: 11 0, shouldSend: false
08-25 17:46:28.797     0     0 I trusty  : logging.cc: 79: ***: :219: Command Received: AuthenticationEvaluate
08-25 17:46:28.802   927  1449 I Lyric   : frame_images_queue_handler.cc:405: [CAM5] PD signaling secure mode frame: 13
08-25 17:46:28.804  1464  2093 V Biometrics/AcquisitionClient: Acquired: 11 0, shouldSend: false
08-25 17:46:28.811   927 19201 I Lyric   : zuma_csis_core_context.cc:670: [CAM5] queuing PD frame: 16, addr[0]: 0x4cff0000, SQ addr: 0x4c750000
08-25 17:46:28.835   927  1449 I Lyric   : frame_images_queue_handler.cc:405: [CAM5] PD signaling secure mode frame: 14
08-25 17:46:28.840     0     0 I trusty  : logging.cc: 79: ***: :219: Command Received: AuthenticationEvaluate
08-25 17:46:28.845  1464  2093 V Biometrics/AcquisitionClient: Acquired: 11 0, shouldSend: false
08-25 17:46:28.849   927  1903 I Lyric   : zuma_csis_core_context.cc:670: [CAM5] queuing PD frame: 17, addr[0]: 0x4bb20000, SQ addr: 0x4c120000
08-25 17:46:28.863  1464  4376 W ActivityManager: Foreground service started from background can not have location/camera/microphone access: service pedometer.steptracker.calorieburner.stepcounter/steptracker.stepcounter.pedometer.service.CounterService
08-25 17:46:28.869     0     0 I trusty  : logging.cc: 79: ***: :219: Command Received: AuthenticationEvaluate
08-25 17:46:28.868   927  1449 I Lyric   : frame_images_queue_handler.cc:405: [CAM5] PD signaling secure mode frame: 15
08-25 17:46:28.876   927  1903 I Lyric   : zuma_csis_core_context.cc:670: [CAM5] queuing PD frame: 18, addr[0]: 0x4be20000, SQ addr: 0x4c430000
08-25 17:46:28.880  1464  2093 V Biometrics/AcquisitionClient: Acquired: 11 0, shouldSend: false
08-25 17:46:28.899     0     0 I trusty  : logging.cc: 79: ***: :219: Command Received: AuthenticationEvaluate
08-25 17:46:28.902   927  1449 I Lyric   : frame_images_queue_handler.cc:405: [CAM5] PD signaling secure mode frame: 16
08-25 17:46:28.903  1464  2093 V Biometrics/AcquisitionClient: Acquired: 11 0, shouldSend: false
08-25 17:46:28.907   927 19191 I Lyric   : zuma_csis_core_context.cc:670: [CAM5] queuing PD frame: 19, addr[0]: 0x4c130000, SQ addr: 0x4c440000
08-25 17:46:28.931     0     0 I trusty  : logging.cc: 79: ***: :219: Command Received: AuthenticationEvaluate
08-25 17:46:28.935   927  1449 I Lyric   : frame_images_queue_handler.cc:405: [CAM5] PD signaling secure mode frame: 17
08-25 17:46:28.936  1464  2093 V Biometrics/AcquisitionClient: Acquired: 11 0, shouldSend: false
08-25 17:46:28.942   927  1903 I Lyric   : zuma_csis_core_context.cc:670: [CAM5] queuing PD frame: 20, addr[0]: 0x4c450000, SQ addr: 0x4c750000
08-25 17:46:28.964     0     0 I trusty  : logging.cc: 79: ***: :219: Command Received: AuthenticationEvaluate
08-25 17:46:28.968  1464  2093 V Biometrics/AcquisitionClient: Acquired: 11 0, shouldSend: false
08-25 17:46:28.968   927  1449 I Lyric   : frame_images_queue_handler.cc:405: [CAM5] PD signaling secure mode frame: 18
08-25 17:46:28.972   927  1906 I Lyric   : zuma_csis_core_context.cc:670: [CAM5] queuing PD frame: 21, addr[0]: 0x4ca30000, SQ addr: 0x4c120000
08-25 17:46:29.000     0     0 I trusty  : logging.cc: 79: ***: :219: Command Received: AuthenticationEvaluate
08-25 17:46:29.002   927  1449 I Lyric   : frame_images_queue_handler.cc:405: [CAM5] PD signaling secure mode frame: 19
08-25 17:46:29.008   927 19201 I Lyric   : zuma_csis_core_context.cc:670: [CAM5] queuing PD frame: 22, addr[0]: 0x4cff0000, SQ addr: 0x4c430000
08-25 17:46:29.011  1464  2093 V Biometrics/AcquisitionClient: Acquired: 11 0, shouldSend: false
08-25 17:46:29.032     0     0 I trusty  : logging.cc: 79: ***: :219: Command Received: AuthenticationEvaluate
08-25 17:46:29.035   927  1449 I Lyric   : frame_images_queue_handler.cc:405: [CAM5] PD signaling secure mode frame: 20
08-25 17:46:29.036  1464  2093 V Biometrics/AcquisitionClient: Acquired: 11 0, shouldSend: false
08-25 17:46:29.041   927  1903 I Lyric   : zuma_csis_core_context.cc:670: [CAM5] queuing PD frame: 23, addr[0]: 0x4bb20000, SQ addr: 0x4c440000
08-25 17:46:29.067     0     0 I trusty  : logging.cc: 79: ***: :219: Command Received: AuthenticationEvaluate
08-25 17:46:29.068   927  1449 I Lyric   : frame_images_queue_handler.cc:405: [CAM5] PD signaling secure mode frame: 21
08-25 17:46:29.076   927 19191 I Lyric   : zuma_csis_core_context.cc:670: [CAM5] queuing PD frame: 24, addr[0]: 0x4be20000, SQ addr: 0x4c750000
08-25 17:46:29.085  1464  2093 V Biometrics/AcquisitionClient: Acquired: 1 0, shouldSend: false
08-25 17:46:29.102   927  1449 I Lyric   : frame_images_queue_handler.cc:405: [CAM5] PD signaling secure mode frame: 22
08-25 17:46:29.103     0     0 I trusty  : logging.cc: 79: ***: :219: Command Received: AuthenticationEvaluate
08-25 17:46:29.107   927  1903 I Lyric   : zuma_csis_core_context.cc:670: [CAM5] queuing PD frame: 25, addr[0]: 0x4c130000, SQ addr: 0x4c120000
08-25 17:46:29.119  1464  2093 V Biometrics/AcquisitionClient: Acquired: 1 0, shouldSend: false
08-25 17:46:29.131     0     0 I trusty  : logging.cc: 79: ***: :219: Command Received: AuthenticationEvaluate
08-25 17:46:29.135   927  1449 I Lyric   : frame_images_queue_handler.cc:405: [CAM5] PD signaling secure mode frame: 23
08-25 17:46:29.140   927 19201 I Lyric   : zuma_csis_core_context.cc:670: [CAM5] queuing PD frame: 26, addr[0]: 0x4c450000, SQ addr: 0x4c430000
08-25 17:46:29.149  1464  2093 V Biometrics/AcquisitionClient: Acquired: 1 0, shouldSend: false
08-25 17:46:29.165     0     0 I trusty  : logging.cc: 79: ***: :219: Command Received: AuthenticationEvaluate
08-25 17:46:29.168   927  1449 I Lyric   : frame_images_queue_handler.cc:405: [CAM5] PD signaling secure mode frame: 24
08-25 17:46:29.169  1464  2093 V Biometrics/AcquisitionClient: Acquired: 11 0, shouldSend: false
08-25 17:46:29.173   927 19191 I Lyric   : zuma_csis_core_context.cc:670: [CAM5] queuing PD frame: 27, addr[0]: 0x4ca30000, SQ addr: 0x4c440000
08-25 17:46:29.201     0     0 I trusty  : logging.cc: 79: ***: :219: Command Received: AuthenticationEvaluate
08-25 17:46:29.202   927  1449 I Lyric   : frame_images_queue_handler.cc:405: [CAM5] PD signaling secure mode frame: 25
08-25 17:46:29.210   927 19201 I Lyric   : zuma_csis_core_context.cc:670: [CAM5] queuing PD frame: 28, addr[0]: 0x4cff0000, SQ addr: 0x4c750000
08-25 17:46:29.211  1464  2093 V Biometrics/AcquisitionClient: Acquired: 11 0, shouldSend: false
08-25 17:46:29.235   927  1449 I Lyric   : frame_images_queue_handler.cc:405: [CAM5] PD signaling secure mode frame: 26
08-25 17:46:29.238     0     0 I trusty  : logging.cc: 79: ***: :219: Command Received: AuthenticationEvaluate
08-25 17:46:29.243   927 19200 I Lyric   : zuma_csis_core_context.cc:670: [CAM5] queuing PD frame: 29, addr[0]: 0x4bb20000, SQ addr: 0x4c120000
08-25 17:46:29.257  1464  2093 V Biometrics/AcquisitionClient: Acquired: 1 0, shouldSend: false
08-25 17:46:29.270     0     0 I trusty  : logging.cc: 79: ***: :219: Command Received: AuthenticationEvaluate
08-25 17:46:29.269   927  1449 I Lyric   : frame_images_queue_handler.cc:405: [CAM5] PD signaling secure mode frame: 27
08-25 17:46:29.274   927 19200 I Lyric   : zuma_csis_core_context.cc:670: [CAM5] queuing PD frame: 30, addr[0]: 0x4be20000, SQ addr: 0x4c430000
08-25 17:46:29.286  1464  2093 V Biometrics/AcquisitionClient: Acquired: 1 0, shouldSend: false
08-25 17:46:29.301     0     0 I trusty  : logging.cc: 79: ***: :219: Command Received: AuthenticationEvaluate
08-25 17:46:29.302   927  1449 I Lyric   : frame_images_queue_handler.cc:405: [CAM5] PD signaling secure mode frame: 28
08-25 17:46:29.307   927 19201 I Lyric   : zuma_csis_core_context.cc:670: [CAM5] queuing PD frame: 31, addr[0]: 0x4c130000, SQ addr: 0x4c440000
08-25 17:46:29.315  1464  2093 V Biometrics/AcquisitionClient: Acquired: 1 0, shouldSend: false
08-25 17:46:29.335   927  1449 I Lyric   : frame_images_queue_handler.cc:405: [CAM5] PD signaling secure mode frame: 29
08-25 17:46:29.336     0     0 I trusty  : logging.cc: 79: ***: :219: Command Received: AuthenticationEvaluate
08-25 17:46:29.341   927  1903 I Lyric   : zuma_csis_core_context.cc:670: [CAM5] queuing PD frame: 32, addr[0]: 0x4c450000, SQ addr: 0x4c750000
08-25 17:46:29.356  1464  2093 V Biometrics/AcquisitionClient: Acquired: 1 0, shouldSend: false
08-25 17:46:29.368     0     0 I trusty  : logging.cc: 79: ***: :219: Command Received: AuthenticationEvaluate
08-25 17:46:29.369   927  1449 I Lyric   : frame_images_queue_handler.cc:405: [CAM5] PD signaling secure mode frame: 30
08-25 17:46:29.374   927 19191 I Lyric   : zuma_csis_core_context.cc:670: [CAM5] queuing PD frame: 33, addr[0]: 0x4ca30000, SQ addr: 0x4c120000
08-25 17:46:29.388  1464  2093 V Biometrics/AcquisitionClient: Acquired: 1 0, shouldSend: false
08-25 17:46:29.402     0     0 I trusty  : logging.cc: 79: ***: :219: Command Received: AuthenticationEvaluate
08-25 17:46:29.402   927  1449 I Lyric   : frame_images_queue_handler.cc:405: [CAM5] PD signaling secure mode frame: 31
08-25 17:46:29.410   927 19201 I Lyric   : zuma_csis_core_context.cc:670: [CAM5] queuing PD frame: 34, addr[0]: 0x4cff0000, SQ addr: 0x4c430000
08-25 17:46:29.436   927  1449 I Lyric   : frame_images_queue_handler.cc:405: [CAM5] PD signaling secure mode frame: 32
08-25 17:46:29.446     0     0 I trusty  : logging.cc: 79: ***: :219: Command Received: AuthenticationEvaluate
08-25 17:46:29.442  1464  2093 V Biometrics/AcquisitionClient: Acquired: 0 0, shouldSend: false
08-25 17:46:29.447   927 19201 I Lyric   : zuma_csis_core_context.cc:670: [CAM5] queuing PD frame: 35, addr[0]: 0x4bb20000, SQ addr: 0x4c440000
08-25 17:46:29.469   927  1449 I Lyric   : frame_images_queue_handler.cc:405: [CAM5] PD signaling secure mode frame: 33
08-25 17:46:29.482   927 19201 I Lyric   : zuma_csis_core_context.cc:670: [CAM5] queuing PD frame: 36, addr[0]: 0x4be20000, SQ addr: 0x4c750000
08-25 17:46:29.491     0     0 I trusty  : logging.cc: 83: ***: :138: FixedPointWarpRescale source buffer is not mapped to DSP, expect slower runtime performance.
08-25 17:46:29.491     0     0 I trusty  : logging.cc: 83: ***: :138: FixedPointWarpRescale source buffer is not mapped to DSP, expect slower runtime performance.
08-25 17:46:29.491     0     0 I trusty  : logging.cc: 83: ***: :138: FixedPointWarpRescale source buffer is not mapped to DSP, expect slower runtime performance.
08-25 17:46:29.491     0     0 I trusty  : logging.cc: 83: ***: :138: FixedPointWarpRescale source buffer is not mapped to DSP, expect slower runtime performance.
08-25 17:46:29.491     0     0 I trusty  : logging.cc: 83: ***: :138: FixedPointWarpRescale source buffer is not mapped to DSP, expect slower runtime performance.
08-25 17:46:29.493     0     0 I trusty  : logging.cc: 83: ***: :98: ExtractFaceThumbnail source buffer is not mapped to DSP, expect slower runtime performance.
08-25 17:46:29.494     0     0 I trusty  : logging.cc: 83: ***: :98: ExtractFaceThumbnail source buffer is not mapped to DSP, expect slower runtime performance.
08-25 17:46:29.495     0     0 I trusty  : logging.cc: 83: ***: :98: ExtractFaceThumbnail source buffer is not mapped to DSP, expect slower runtime performance.
08-25 17:46:29.496     0     0 I trusty  : logging.cc: 83: ***: :98: ExtractFaceThumbnail source buffer is not mapped to DSP, expect slower runtime performance.
08-25 17:46:29.496     0     0 I trusty  : logging.cc: 83: ***: :98: ExtractFaceThumbnail source buffer is not mapped to DSP, expect slower runtime performance.
08-25 17:46:29.501     0     0 I trusty  : logging.cc: 83: ***: :98: ExtractFaceThumbnail source buffer is not mapped to DSP, expect slower runtime performance.
08-25 17:46:29.501     0     0 I trusty  : logging.cc: 83: ***: :98: ExtractFaceThumbnail source buffer is not mapped to DSP, expect slower runtime performance.
08-25 17:46:29.503   927  1449 I Lyric   : frame_images_queue_handler.cc:405: [CAM5] PD signaling secure mode frame: 34
08-25 17:46:29.509     0     0 I trusty  : logging.cc: 79: ***: :219: Command Received: AuthenticationDecide
08-25 17:46:29.510     0     0 I trusty  : logging.cc: 79: ***: :158: Auth decision: authenticated
08-25 17:46:29.509  1464  2093 V Biometrics/AcquisitionClient: Acquired: 0 0, shouldSend: false
08-25 17:46:29.514  1464  2093 V BiometricLogger: Authentication latency: 1284
08-25 17:46:29.515  1464  2093 V Biometrics/AuthenticationClient: onAuthenticated(true), ID:1, Owner: com.android.systemui, isBP: false, listener: com.android.server.biometrics.sensors.ClientMonitorCallbackConverter@dd87e0a, requireConfirmation: false, user: 0, clientMonitor: {[46] com.android.server.biometrics.sensors.face.aidl.FaceAuthenticationClient, proto=3, owner=com.android.systemui, cookie=0, requestId=11, userId=0}
08-25 17:46:29.515  1464  2093 W Biometrics/AuthenticationClient: Allowing background authentication, this is allowed only for platform or test invocations
08-25 17:46:29.515  1464  2093 D BaseClientMonitor: marking operation as done: {[46] com.android.server.biometrics.sensors.face.aidl.FaceAuthenticationClient, proto=3, owner=com.android.systemui, cookie=0, requestId=11, userId=0}
08-25 17:46:29.515  1464  2093 D BiometricService: resetLockout from: 1, for: 0, userId: 0
08-25 17:46:29.516   927 19201 I Lyric   : zuma_csis_core_context.cc:670: [CAM5] queuing PD frame: 37, addr[0]: 0x4d5b0000, SQ addr: 0x4c120000
08-25 17:46:29.516  1464  2092 D BiometricScheduler: [Added] {[47] com.android.server.biometrics.sensors.fingerprint.aidl.FingerprintResetLockoutClient, proto=12, owner=android, cookie=0, requestId=-1, userId=0}, new queue size: 1
08-25 17:46:29.517  1464  2092 D BiometricScheduler: [Cancelling Interruptable]: {[44] com.android.server.biometrics.sensors.fingerprint.aidl.FingerprintAuthenticationClient, proto=3, owner=com.android.systemui, cookie=0, requestId=9, userId=0}, State: 2
08-25 17:46:29.517  1464  2092 D BiometricSchedulerOperation: [Cancelling] Current client: {[44] com.android.server.biometrics.sensors.fingerprint.aidl.FingerprintAuthenticationClient, proto=3, owner=com.android.systemui, cookie=0, requestId=9, userId=0}
08-25 17:46:29.517   583 32418 I keystore2: system/security/keystore2/src/authorization.rs:112 - add_auth_token(challenge=0, userId=-5270170251288250256, authId=1920301165700193555, authType=0x2, timestamp=9847592ms)
08-25 17:46:29.518  1464  2093 D Biometrics/AuthenticationClient: addAuthToken succeeded
08-25 17:46:29.519  1464  2093 D BiometricSchedulerOperation: [Finished / destroy]: {[46] com.android.server.biometrics.sensors.face.aidl.FaceAuthenticationClient, proto=3, owner=com.android.systemui, cookie=0, requestId=11, userId=0}
08-25 17:46:29.520  1464  2093 V ALSProbe: Disable ALS: 167753222
08-25 17:46:29.520  1464  2093 D BiometricScheduler: [Finishing] {[46] com.android.server.biometrics.sensors.face.aidl.FaceAuthenticationClient, proto=3, owner=com.android.systemui, cookie=0, requestId=11, userId=0}, success: true
08-25 17:46:29.520  1464  2093 D BiometricScheduler: No operations, returning to idle
08-25 17:46:29.521   583 32418 I keystore2: system/security/keystore2/src/authorization.rs:126 - on_device_unlocked(user_id=0, password.is_some()=false)
08-25 17:46:29.522  2145  2145 D FingerprintManager: Cancel fingerprint authentication requested for: 9
08-25 17:46:29.522  1464  2092 D BiometricScheduler: cancelAuthenticationOrDetection, requestId: 9
