08-25 17:33:33.273   927  1905 I Lyric   : zuma_csis_core_context.cc:670: [CAM5] queuing PD frame: 26, addr[0]: 0x4cff0000, SQ addr: 0x4c430000
08-25 17:33:33.294   927  1449 I Lyric   : frame_images_queue_handler.cc:405: [CAM5] PD signaling secure mode frame: 24
08-25 17:33:33.302     0     0 I trusty  : logging.cc: 79: ***: :219: Command Received: AuthenticationEvaluate
08-25 17:33:33.307   927  1906 I Lyric   : zuma_csis_core_context.cc:670: [CAM5] queuing PD frame: 27, addr[0]: 0x4c450000, SQ addr: 0x4c440000
08-25 17:33:33.312  1464  2093 V Biometrics/AcquisitionClient: Acquired: 11 0, shouldSend: false
08-25 17:33:33.328   927  1449 I Lyric   : frame_images_queue_handler.cc:405: [CAM5] PD signaling secure mode frame: 25
08-25 17:33:33.339   927  1906 I Lyric   : zuma_csis_core_context.cc:670: [CAM5] queuing PD frame: 28, addr[0]: 0x4ca20000, SQ addr: 0x4c750000
08-25 17:33:33.341     0     0 I trusty  : logging.cc: 79: ***: :219: Command Received: AuthenticationEvaluate
08-25 17:33:33.348  1464  2093 V Biometrics/AcquisitionClient: Acquired: 11 0, shouldSend: false
08-25 17:33:33.361   927  1449 I Lyric   : frame_images_queue_handler.cc:405: [CAM5] PD signaling secure mode frame: 26
08-25 17:33:33.364     0     0 I trusty  : logging.cc: 79: ***: :219: Command Received: AuthenticationEvaluate
08-25 17:33:33.373   927  1909 I Lyric   : zuma_csis_core_context.cc:670: [CAM5] queuing PD frame: 29, addr[0]: 0x4bb20000, SQ addr: 0x4be20000
08-25 17:33:33.373  1464  2093 V Biometrics/AcquisitionClient: Acquired: 11 0, shouldSend: false
08-25 17:33:33.394   927  1449 I Lyric   : frame_images_queue_handler.cc:405: [CAM5] PD signaling secure mode frame: 27
08-25 17:33:33.401     0     0 I trusty  : logging.cc: 79: ***: :219: Command Received: AuthenticationEvaluate
08-25 17:33:33.405   927  1909 I Lyric   : zuma_csis_core_context.cc:670: [CAM5] queuing PD frame: 30, addr[0]: 0x4be30000, SQ addr: 0x4c430000
08-25 17:33:33.410  1464  2093 V Biometrics/AcquisitionClient: Acquired: 11 0, shouldSend: false
08-25 17:33:33.427   927  1449 I Lyric   : frame_images_queue_handler.cc:405: [CAM5] PD signaling secure mode frame: 28
08-25 17:33:33.435     0     0 I trusty  : logging.cc: 79: ***: :219: Command Received: AuthenticationEvaluate
08-25 17:33:33.438   927  1901 I Lyric   : zuma_csis_core_context.cc:670: [CAM5] queuing PD frame: 31, addr[0]: 0x4c130000, SQ addr: 0x4c440000
08-25 17:33:33.444  1464  2093 V Biometrics/AcquisitionClient: Acquired: 11 0, shouldSend: false
08-25 17:33:33.461   927  1449 I Lyric   : frame_images_queue_handler.cc:405: [CAM5] PD signaling secure mode frame: 29
08-25 17:33:33.468     0     0 I trusty  : logging.cc: 79: ***: :219: Command Received: AuthenticationEvaluate
08-25 17:33:33.470   927  1902 I Lyric   : zuma_csis_core_context.cc:670: [CAM5] queuing PD frame: 32, addr[0]: 0x4cff0000, SQ addr: 0x4c750000
08-25 17:33:33.478  1464  2093 V Biometrics/AcquisitionClient: Acquired: 11 0, shouldSend: false
08-25 17:33:33.494   927  1449 I Lyric   : frame_images_queue_handler.cc:405: [CAM5] PD signaling secure mode frame: 30
08-25 17:33:33.505   927  1906 I Lyric   : zuma_csis_core_context.cc:670: [CAM5] queuing PD frame: 33, addr[0]: 0x4c450000, SQ addr: 0x4be20000
08-25 17:33:33.505     0     0 I trusty  : logging.cc: 79: ***: :219: Command Received: AuthenticationEvaluate
08-25 17:33:33.512  1464  2093 V Biometrics/AcquisitionClient: Acquired: 11 0, shouldSend: false
08-25 17:33:33.527   927  1449 I Lyric   : frame_images_queue_handler.cc:405: [CAM5] PD signaling secure mode frame: 31
08-25 17:33:33.539   927  1909 I Lyric   : zuma_csis_core_context.cc:670: [CAM5] queuing PD frame: 34, addr[0]: 0x4ca20000, SQ addr: 0x4c430000
08-25 17:33:33.541     0     0 I trusty  : logging.cc: 79: ***: :219: Command Received: AuthenticationEvaluate
08-25 17:33:33.548  1464  2093 V Biometrics/AcquisitionClient: Acquired: 11 0, shouldSend: false
08-25 17:33:33.561   927  1449 I Lyric   : frame_images_queue_handler.cc:405: [CAM5] PD signaling secure mode frame: 32
08-25 17:33:33.566     0     0 I trusty  : logging.cc: 79: ***: :219: Command Received: AuthenticationEvaluate
08-25 17:33:33.574   927  1906 I Lyric   : zuma_csis_core_context.cc:670: [CAM5] queuing PD frame: 35, addr[0]: 0x4bb20000, SQ addr: 0x4c440000
08-25 17:33:33.575  1464  2093 V Biometrics/AcquisitionClient: Acquired: 11 0, shouldSend: false
08-25 17:33:33.597     0     0 I trusty  : logging.cc: 79: ***: :219: Command Received: AuthenticationEvaluate
08-25 17:33:33.594   927  1449 I Lyric   : frame_images_queue_handler.cc:405: [CAM5] PD signaling secure mode frame: 33
08-25 17:33:33.605   927  1909 I Lyric   : zuma_csis_core_context.cc:670: [CAM5] queuing PD frame: 36, addr[0]: 0x4be30000, SQ addr: 0x4c750000
08-25 17:33:33.609  1464  2093 V Biometrics/AcquisitionClient: Acquired: 11 0, shouldSend: false
08-25 17:33:33.627   927  1449 I Lyric   : frame_images_queue_handler.cc:405: [CAM5] PD signaling secure mode frame: 34
08-25 17:33:33.630     0     0 I trusty  : logging.cc: 79: ***: :219: Command Received: AuthenticationEvaluate
08-25 17:33:33.637   927  1901 I Lyric   : zuma_csis_core_context.cc:670: [CAM5] queuing PD frame: 37, addr[0]: 0x4c130000, SQ addr: 0x4be20000
08-25 17:33:33.639  1464  2093 V Biometrics/AcquisitionClient: Acquired: 11 0, shouldSend: false
08-25 17:33:33.661   927  1449 I Lyric   : frame_images_queue_handler.cc:405: [CAM5] PD signaling secure mode frame: 35
08-25 17:33:33.665   927  7797 W Lyric   : shutter_notification_manager.cc:211: 1 calls in 0 sec(s): re-sync SOF and vsync events. counter offset: 0 timestamp drift: -1096182ns at frame count: 36
08-25 17:33:33.671     0     0 I trusty  : logging.cc: 79: ***: :219: Command Received: AuthenticationEvaluate
08-25 17:33:33.674   927  1906 I Lyric   : zuma_csis_core_context.cc:670: [CAM5] queuing PD frame: 38, addr[0]: 0x4cff0000, SQ addr: 0x4c430000
08-25 17:33:33.679  1464  2093 V Biometrics/AcquisitionClient: Acquired: 11 0, shouldSend: false
08-25 17:33:33.694   927  1449 I Lyric   : frame_images_queue_handler.cc:405: [CAM5] PD signaling secure mode frame: 36
08-25 17:33:33.702     0     0 I trusty  : logging.cc: 79: ***: :219: Command Received: AuthenticationEvaluate
08-25 17:33:33.708   927  1905 I Lyric   : zuma_csis_core_context.cc:670: [CAM5] queuing PD frame: 39, addr[0]: 0x4c450000, SQ addr: 0x4c440000
08-25 17:33:33.709  1464  2093 V Biometrics/AcquisitionClient: Acquired: 11 0, shouldSend: false
08-25 17:33:33.727   927  1449 I Lyric   : frame_images_queue_handler.cc:405: [CAM5] PD signaling secure mode frame: 37
08-25 17:33:33.732     0     0 I trusty  : logging.cc: 79: ***: :219: Command Received: AuthenticationEvaluate
08-25 17:33:33.738   927  1909 I Lyric   : zuma_csis_core_context.cc:670: [CAM5] queuing PD frame: 40, addr[0]: 0x4ca20000, SQ addr: 0x4c750000
08-25 17:33:33.741  1464  2093 V Biometrics/AcquisitionClient: Acquired: 11 0, shouldSend: false
08-25 17:33:33.761   927  1449 I Lyric   : frame_images_queue_handler.cc:405: [CAM5] PD signaling secure mode frame: 38
08-25 17:33:33.768     0     0 I trusty  : logging.cc: 79: ***: :219: Command Received: AuthenticationEvaluate
08-25 17:33:33.773   927  1909 I Lyric   : zuma_csis_core_context.cc:670: [CAM5] queuing PD frame: 41, addr[0]: 0x4bb20000, SQ addr: 0x4be20000
08-25 17:33:33.778  1464  2093 V Biometrics/AcquisitionClient: Acquired: 11 0, shouldSend: false
08-25 17:33:33.794   927  1449 I Lyric   : frame_images_queue_handler.cc:405: [CAM5] PD signaling secure mode frame: 39
08-25 17:33:33.808     0     0 I trusty  : logging.cc: 79: ***: :219: Command Received: AuthenticationEvaluate
08-25 17:33:33.805   927  1901 I Lyric   : zuma_csis_core_context.cc:670: [CAM5] queuing PD frame: 42, addr[0]: 0x4be30000, SQ addr: 0x4c430000
08-25 17:33:33.810  1464  2093 V Biometrics/AcquisitionClient: Acquired: 11 0, shouldSend: false
08-25 17:33:33.827   927  1449 I Lyric   : frame_images_queue_handler.cc:405: [CAM5] PD signaling secure mode frame: 40
08-25 17:33:33.828     0     0 I trusty  : logging.cc: 79: ***: :219: Command Received: AuthenticationEvaluate
08-25 17:33:33.838   927  1905 I Lyric   : zuma_csis_core_context.cc:670: [CAM5] queuing PD frame: 43, addr[0]: 0x4c130000, SQ addr: 0x4c440000
08-25 17:33:33.841  1464  2093 V Biometrics/AcquisitionClient: Acquired: 11 0, shouldSend: false
08-25 17:33:33.861   927  1449 I Lyric   : frame_images_queue_handler.cc:405: [CAM5] PD signaling secure mode frame: 41
08-25 17:33:33.861     0     0 I trusty  : logging.cc: 79: ***: :219: Command Received: AuthenticationEvaluate
08-25 17:33:33.870  1464  2093 V Biometrics/AcquisitionClient: Acquired: 11 0, shouldSend: false
08-25 17:33:33.872   927  1906 I Lyric   : zuma_csis_core_context.cc:670: [CAM5] queuing PD frame: 44, addr[0]: 0x4cff0000, SQ addr: 0x4c750000
08-25 17:33:33.894   927  1449 I Lyric   : frame_images_queue_handler.cc:405: [CAM5] PD signaling secure mode frame: 42
08-25 17:33:33.899     0     0 I trusty  : logging.cc: 79: ***: :219: Command Received: AuthenticationEvaluate
08-25 17:33:33.904   927  1909 I Lyric   : zuma_csis_core_context.cc:670: [CAM5] queuing PD frame: 45, addr[0]: 0x4c450000, SQ addr: 0x4be20000
08-25 17:33:33.910  1464  2093 V Biometrics/AcquisitionClient: Acquired: 11 0, shouldSend: false
08-25 17:33:33.927   927  1449 I Lyric   : frame_images_queue_handler.cc:405: [CAM5] PD signaling secure mode frame: 43
08-25 17:33:33.932     0     0 I trusty  : logging.cc: 79: ***: :219: Command Received: AuthenticationEvaluate
08-25 17:33:33.938   927  1909 I Lyric   : zuma_csis_core_context.cc:670: [CAM5] queuing PD frame: 46, addr[0]: 0x4ca20000, SQ addr: 0x4c430000
08-25 17:33:33.943  1464  2093 V Biometrics/AcquisitionClient: Acquired: 11 0, shouldSend: false
08-25 17:33:33.944     0     0 I trusty  : logging.cc: 79: ***: :219: Command Received: AuthenticationDecide
08-25 17:33:33.944     0     0 I trusty  : logging.cc: 79: ***: :158: Auth decision: timeout
08-25 17:33:33.946  1464  2093 D Biometrics/AcquisitionClient: onErrorInternal code: 3, finish: true
08-25 17:33:33.946  1464  2093 V BiometricLogger: Error latency: 1599
08-25 17:33:33.948  1464  2093 D BiometricSchedulerOperation: [Finished / destroy]: {[45] com.android.server.biometrics.sensors.face.aidl.FaceAuthenticationClient, proto=3, owner=com.android.systemui, cookie=0, requestId=10, userId=0}
08-25 17:33:33.951  1464  2093 V ALSProbe: Disable ALS: 137744000
08-25 17:33:33.952  1464  2093 D BiometricScheduler: [Finishing] {[45] com.android.server.biometrics.sensors.face.aidl.FaceAuthenticationClient, proto=3, owner=com.android.systemui, cookie=0, requestId=10, userId=0}, success: false
08-25 17:33:33.952  1464  2093 D BiometricScheduler: No operations, returning to idle
08-25 17:33:33.961   927  1449 I Lyric   : frame_images_queue_handler.cc:405: [CAM5] PD signaling secure mode frame: 44
08-25 17:33:33.961   927 21193 I Lyric   : camera_device_session_hwl_impl.cc:1394: Flush entered, camera_id: 1
08-25 17:33:33.961   927 21193 I Lyric   : camera_powerhal.cc:181: SetPowerBoost Trigger CAMERA_LAUNCH for 200ms
08-25 17:33:33.962   927 21193 I Lyric   : camera_device_session_manager_base.cc:1320: Attempting to flush graph:top_graph_for_camera_FrontMultiFov
08-25 17:33:33.964   927  1909 I Lyric   : retiming_node.cc:569: Front(hal id: 5), Reporting image frame drop to framework for stream id: 1, request id: 44
08-25 17:33:33.965   927 21193 I Lyric   : fe_node.cc:1023: cam5_frontend flush at flush_mark 47 output frame stats (ignores fence-signaled drops): {process_input_count = 0, dropped_all_outputs = 0, valid_ae = 0, valid_pre_lsc_ae = 0, valid_uae = 0, valid_awb = 0, valid_histogram = 0, valid_flicker = 0, valid_motion = 0, valid_cdaf = 0, valid_pdaf = 0, valid_align = 0, valid_alias_map = 0, valid_gaussian_pyramid = 0, valid_scaled_rgb_stats = 0, valid_scaled_yuv_stats = 0, valid_lsc = 0, valid_bilateral_grid = 0, valid_scaled_rgb = 0, valid_scaled_yuv = 0, valid_cam_data_dump = 0, valid_pixel_patch = 0}
08-25 17:33:33.965   927  1909 I Lyric   : retiming_node.cc:569: Front(hal id: 5), Reporting image frame drop to framework for stream id: 1, request id: 45
08-25 17:33:33.965   927 21193 I Lyric   : unified_zuma_front_end_controller.cc:407: [CAM5] Flushing at Normal mode
08-25 17:33:33.965   927 21193 I Lyric   : per_camera_barrier_impl.cc:47: Blocker for FeControllerBlockCam5ToStop#1ForFlush acquired
08-25 17:33:33.965   927 19192 W Lyric   : sensor_node.cc:758: cam5_sensor SensorNode producing drops due to frame request drop on frame 46
08-25 17:33:33.965   927 21193 I Lyric   : zuma_fe_programming.cc:987: [CAM5][ISPFE] Flushing. In flight list size is: 1
08-25 17:33:33.965   927 21193 I Lyric   : zuma_fe_programming.cc:1010: [CAM5][ISPFE] config for frame 46 was submitted. SW will wait for it.
08-25 17:33:33.965   927 21193 I Lyric   : zuma_fe_programming.cc:1031: [CAM5][ISPFE] Done flushing the programming model
08-25 17:33:33.965   927 21193 I Lyric   : frame_images_queue_handler.cc:140: [CAM5] Bayer[0] Flushed [CAM5] Bayer[0] frame
08-25 17:33:33.965   927 21193 I Lyric   : frame_images_queue_handler.cc:140: [CAM5] PD[0] Flushed [CAM5] PD[0] frame
08-25 17:33:33.965   927 21193 I Lyric   : lmp_pipeline.cc:585: [Bayer4][CAM5] Removed obsolete lmp frame (not frame 45) (not frame 46)
08-25 17:33:33.965   927 21193 I Lyric   : zuma_lmp_context.cc:117: Flushing Lmp context bayer
08-25 17:33:33.965   927 21193 I Lyric   : lmp_pipeline.cc:494: [Bayer4][CAM5] Drain(timeout=200.0347945ms) entered. Number of frames in the queue is 2
08-25 17:33:33.965   927 21193 I Lyric   : lmp_pipeline.cc:511: [Bayer4][CAM5] Waiting for pipeline to drain. There are 2 pending transactions for frames: sensor frame numbers: [45 46], abs frame numbers: [44 45]
08-25 17:33:33.965   927  1901 I Lyric   : retiming_node.cc:569: Front(hal id: 5), Reporting image frame drop to framework for stream id: 0, request id: 43
08-25 17:33:33.966   927 19192 W Lyric   : sensor_node.cc:758: cam5_sensor SensorNode producing drops due to frame request drop on frame 47
08-25 17:33:33.966   927  1906 I Lyric   : camera_device_session_manager_base.cc:1182: Reporting metadata frame drop for camera: FrontMultiFov, request id: 43, partial result count: 2
08-25 17:33:33.966   927  1901 I Lyric   : retiming_node.cc:569: Front(hal id: 5), Reporting image frame drop to framework for stream id: 0, request id: 44
08-25 17:33:33.967   927  1906 I Lyric   : camera_device_session_manager_base.cc:1182: Reporting metadata frame drop for camera: FrontMultiFov, request id: 46, partial result count: 1
08-25 17:33:33.967   927  1902 W Lyric   : tuning_node.cc:541: 1 calls in 467 sec(s): TuningNode producing frame drop because request frame is drop
08-25 17:33:33.968   927  1906 I Lyric   : camera_device_session_manager_base.cc:1182: Reporting metadata frame drop for camera: FrontMultiFov, request id: 44, partial result count: 2
08-25 17:33:33.968   927  1901 I Lyric   : retiming_node.cc:569: Front(hal id: 5), Reporting image frame drop to framework for stream id: 0, request id: 45
08-25 17:33:33.968   927  1906 I Lyric   : camera_device_session_manager_base.cc:1182: Reporting metadata frame drop for camera: FrontMultiFov, request id: 47, partial result count: 1
08-25 17:33:33.969   927  1906 I Lyric   : camera_device_session_manager_base.cc:1182: Reporting metadata frame drop for camera: FrontMultiFov, request id: 45, partial result count: 2
08-25 17:33:33.994   927  1449 I Lyric   : frame_images_queue_handler.cc:405: [CAM5] PD signaling secure mode frame: 45
08-25 17:33:34.027   927  1449 I Lyric   : frame_images_queue_handler.cc:405: [CAM5] PD signaling secure mode frame: 46
08-25 17:33:34.028   927 21193 I Lyric   : lmp_pipeline.cc:523: [Bayer4][CAM5] Pipeline drained.
08-25 17:33:34.028   927 21193 I Lyric   : zuma_lmp_context.cc:120: Done flushing Lmp context bayer
08-25 17:33:34.028   927 21193 I Lyric   : zuma_csis_core_context.cc:969: [CAM5] Waiting for 0 bayer[0] images: none, 0 pd[0] images: none for 33ms
08-25 17:33:34.028   927 21193 I Lyric   : zuma_csis_core_context.cc:978: [CAM5] Flush is done
08-25 17:33:34.029   927 21193 I Lyric   : unified_zuma_front_end_controller.cc:542: [CAM5] Sensor isn't waiting on the barrier, skip re-acquiring the blocker
08-25 17:33:34.029   927 21193 I Lyric   : unified_zuma_front_end_controller.cc:463: [CAM5] Flushed.
08-25 17:33:34.029   927 21193 I Lyric   : per_camera_barrier_impl.cc:58: Blocker for FeControllerBlockCam5ToStop#1ForFlush released with status: OK without lwis fence.
08-25 17:33:34.029   927 21193 I Lyric   : unified_zuma_front_end_controller.cc:499: [CAM5] Sensor isn't waiting on the barrier, skip re-acquiring the blocker
08-25 17:33:34.029   927 21193 I Lyric   : zuma_backend_pipeline_context.cc:1942: Flushing backend pipeline Pipeline (ID: (instance_id: 1746), IPs: [ RawToYuv ], Max Outputs: 1, IPConnections: [ ], Usecase: Realtime) took 19 us, with flush HW = false
08-25 17:33:34.029   927 21193 I Lyric   : auto_exposure_node.cc:1100: {type: Node, name: top_graph_for_camera_FrontMultiFov.cam5_ae, class_name: AutoExposureNode}: AE input statistics: {process_input_count = 48, dropped_requests = 2, stats_not_ready_count = 0, motion_stats_not_ready_count = 0, segmentation_mask_not_ready_count = 0, stage_detection_result_not_ready_count = 0, saliency_data_not_ready_count = 0, valid_flash_state = 0, valid_exposure_timestamp = 43, valid_sensor_properties = 43, valid_motion_stats = 0, valid_wb_config = 45, valid_color_correction = 45}
08-25 17:33:34.029   927  1449 I Lyric   : zuma_csis_core_driver.cc:260: [FEIRQ] CSIS Core context 0: event IspFe.csis_core_pd_err.LogicalChannel0LateConfigError #1, category: 16, count: 1, timestamp: 9070480534731
08-25 17:33:34.029   927  1909 I Lyric   : fe_node.cc:2713: cam5_frontend received incomplete request at frame number: 46, request dropped: 1, sensor_image dropped: 1, sensor_properties dropped: 1, tuning point dropped: 0
08-25 17:33:34.029   927  1448 I Lyric   : zuma_fc_driver.cc:126: [FEIRQ] FC bayer context 4, event 2305843009213694086, name: IspFe.fc_bayer.Context4FcLateConfig, count: 1, timestamp: 9070480721987
08-25 17:33:34.029   927  1447 I Lyric   : zuma_fe_programming.cc:292: [FEIRQ] [CAM5][ISPFE] Received event IspFe.fe_programming.LoCh0CsisCorePdLateConfigSyncSuccess. Count: 1. Timestamp: 9070480586896 ns.
08-25 17:33:34.029   927  1909 I Lyric   : fe_node.cc:1605: cam5_frontend Finished processing an incomplete_request at frame 46 when flush_mark is at frame 47 power mode is Normal
08-25 17:33:34.029   927  1447 I Lyric   : zuma_fe_programming.cc:292: [FEIRQ] [CAM5][ISPFE] Received event IspFe.fe_programming.Context4FcBayerLateConfigSyncSuccess. Count: 1. Timestamp: 9070480773216 ns.
08-25 17:33:34.029   927  1901 I Lyric   : retiming_node.cc:569: Front(hal id: 5), Reporting image frame drop to framework for stream id: 0, request id: 46
08-25 17:33:34.029   927  1909 I Lyric   : fe_node.cc:2713: cam5_frontend received incomplete request at frame number: 47, request dropped: 1, sensor_image dropped: 1, sensor_properties dropped: 1, tuning point dropped: 0
08-25 17:33:34.030   927  1909 I Lyric   : fe_node.cc:1605: cam5_frontend Finished processing an incomplete_request at frame 47 when flush_mark is at frame 47 power mode is Normal
08-25 17:33:34.030   927  1905 I Lyric   : retiming_node.cc:569: Front(hal id: 5), Reporting image frame drop to framework for stream id: 1, request id: 46
08-25 17:33:34.030   927  1909 I Lyric   : camera_device_session_manager_base.cc:1182: Reporting metadata frame drop for camera: FrontMultiFov, request id: 46, partial result count: 2
08-25 17:33:34.031   927  1905 I Lyric   : retiming_node.cc:569: Front(hal id: 5), Reporting image frame drop to framework for stream id: 1, request id: 47
08-25 17:33:34.031   927  1901 I Lyric   : retiming_node.cc:569: Front(hal id: 5), Reporting image frame drop to framework for stream id: 0, request id: 47
08-25 17:33:34.033   927  1905 I Lyric   : camera_device_session_manager_base.cc:1182: Reporting metadata frame drop for camera: FrontMultiFov, request id: 47, partial result count: 2
08-25 17:33:34.034   927 21193 I Lyric   : camera_device_session_manager_base.cc:1371: Finished flushing graph:top_graph_for_camera_FrontMultiFov
08-25 17:33:34.036   927  1883 I Lyric   : camera_device_session_hwl_impl.cc:1054: DestroyPipelines entered, camera_id: 1
08-25 17:33:34.037   927  1883 I Lyric   : camera_powerhal.cc:296: CAMERA_STREAMING_STANDARD mode unset
08-25 17:33:34.037   927  1883 I Lyric   : camera_powerhal.cc:296: CAMERA_GPU_STANDARD mode unset
08-25 17:33:34.037   927  1883 I Lyric   : camera_device_session_manager_base.cc:1048: Attempting to stop graph:top_graph_for_camera_FrontMultiFov
08-25 17:33:34.037   927  1435 I Lyric   : page_release_controller.cc:151: Reenabling page releasing.
08-25 17:33:34.039   927  1883 I Lyric   : fe_node.cc:1023: cam5_frontend flush at flush_mark 9223372036854774807 output frame stats (ignores fence-signaled drops): {process_input_count = 0, dropped_all_outputs = 0, valid_ae = 0, valid_pre_lsc_ae = 0, valid_uae = 0, valid_awb = 0, valid_histogram = 0, valid_flicker = 0, valid_motion = 0, valid_cdaf = 0, valid_pdaf = 0, valid_align = 0, valid_alias_map = 0, valid_gaussian_pyramid = 0, valid_scaled_rgb_stats = 0, valid_scaled_yuv_stats = 0, valid_lsc = 0, valid_bilateral_grid = 0, valid_scaled_rgb = 0, valid_scaled_yuv = 0, valid_cam_data_dump = 0, valid_pixel_patch = 0}
08-25 17:33:34.039   927  1883 I Lyric   : unified_zuma_front_end_controller.cc:407: [CAM5] Flushing at Normal mode
08-25 17:33:34.039   927  1883 I Lyric   : per_camera_barrier_impl.cc:47: Blocker for FeControllerBlockCam5ToStop#2ForFlush acquired
08-25 17:33:34.039   927  1883 I Lyric   : zuma_fe_programming.cc:983: [CAM5][ISPFE] Nothing to flush in the programming model
08-25 17:33:34.039   927  1883 I Lyric   : frame_images_queue_handler.cc:140: [CAM5] Bayer[0] Flushed [CAM5] Bayer[0] frame
08-25 17:33:34.039   927  1883 I Lyric   : frame_images_queue_handler.cc:140: [CAM5] PD[0] Flushed [CAM5] PD[0] frame
08-25 17:33:34.039   927  1883 I Lyric   : lmp_pipeline.cc:585: [Bayer4][CAM5] Removed obsolete lmp frame
08-25 17:33:34.039   927  1883 I Lyric   : zuma_lmp_context.cc:117: Flushing Lmp context bayer
08-25 17:33:34.039   927  1883 I Lyric   : lmp_pipeline.cc:494: [Bayer4][CAM5] Drain(timeout=100ms) entered. Number of frames in the queue is 0
08-25 17:33:34.039   927  1883 I Lyric   : lmp_pipeline.cc:498: [Bayer4][CAM5] Pipeline drained.
08-25 17:33:34.039   927  1883 I Lyric   : zuma_lmp_context.cc:120: Done flushing Lmp context bayer
08-25 17:33:34.039   927  1883 I Lyric   : zuma_csis_core_context.cc:969: [CAM5] Waiting for 0 bayer[0] images: none, 0 pd[0] images: none for 33ms
08-25 17:33:34.039   927  1883 I Lyric   : zuma_csis_core_context.cc:978: [CAM5] Flush is done
08-25 17:33:34.039   927  1883 I Lyric   : unified_zuma_front_end_controller.cc:542: [CAM5] Sensor isn't waiting on the barrier, skip re-acquiring the blocker
08-25 17:33:34.039   927  1883 I Lyric   : unified_zuma_front_end_controller.cc:463: [CAM5] Flushed.
08-25 17:33:34.039   927  1883 I Lyric   : per_camera_barrier_impl.cc:58: Blocker for FeControllerBlockCam5ToStop#2ForFlush released with status: OK without lwis fence.
08-25 17:33:34.039   927  1883 I Lyric   : unified_zuma_front_end_controller.cc:499: [CAM5] Sensor isn't waiting on the barrier, skip re-acquiring the blocker
08-25 17:33:34.039   927  1883 I Lyric   : zuma_backend_pipeline_context.cc:1942: Flushing backend pipeline Pipeline (ID: (instance_id: 1746), IPs: [ RawToYuv ], Max Outputs: 1, IPConnections: [ ], Usecase: Realtime) took 13 us, with flush HW = false
08-25 17:33:34.040   927  1883 I Lyric   : processing_graph.cc:613: Starting OutputPort production audit...
08-25 17:33:34.040   927  1883 I Lyric   : processing_graph.cc:677: OutputPort production audit passed, no anomalies detected :)
08-25 17:33:34.040   927  1437 I Lyric   : multisensor_controller.cc:956: Resetting stream_on_framework_request_id for camera 5
08-25 17:33:34.041   927  1437 I Lyric   : multisensor_controller.cc:977: Front StopStreaming, waiting on barrier
08-25 17:33:34.041   927  1436 I Lyric   : unified_zuma_front_end_controller.cc:730: [CAM5] Updating power mode from Normal to Standby with incomplete_request on frame -1
08-25 17:33:34.041   927  1435 I Lyric   : zuma_backend_pipeline_context.cc:1942: Flushing backend pipeline Pipeline (ID: (instance_id: 1746), IPs: [ RawToYuv ], Max Outputs: 1, IPConnections: [ ], Usecase: Realtime) took 31 us, with flush HW = false
08-25 17:33:34.041   927  1436 I Lyric   : zuma_lmp_context.cc:104: Lmp context bayer go to standby mode at hw frame 48
08-25 17:33:34.041   927  1436 I Lyric   : lmp_pipeline.cc:494: [Bayer4][CAM5] Drain(timeout=100ms) entered. Number of frames in the queue is 0
08-25 17:33:34.041   927  1436 I Lyric   : lmp_pipeline.cc:498: [Bayer4][CAM5] Pipeline drained.
08-25 17:33:34.041   927  1436 I Lyric   : zuma_lmp_context.cc:109: LMP context bayer is done waiting for frame for standby mode
08-25 17:33:34.041   927  1436 I Lyric   : zuma_csis_core_context.cc:969: [CAM5] Waiting for 0 bayer[0] images: none, 0 pd[0] images: none for 33ms
08-25 17:33:34.041   927  1436 I Lyric   : zuma_csis_core_context.cc:978: [CAM5] Flush is done
08-25 17:33:34.041   927  1436 I Lyric   : per_camera_barrier_impl.cc:47: Blocker for FeControllerBlockCam5ToStartExp0#1 acquired
08-25 17:33:34.041   927  1436 I Lyric   : per_camera_barrier_impl.cc:58: Blocker for FeControllerBlockCam5ToStop#0 released with status: OK without lwis fence.
08-25 17:33:34.041   927  1435 I Lyric   : zuma_be_core_driver_impl.cc:435: BeCore: receives context release notification
08-25 17:33:34.041   927  7797 I Lyric   : sensor_generic_driver.cc:1183: DOKKAEBI stream off success.
08-25 17:33:34.041   927  1437 I Lyric   : sensor_generic_driver.cc:6252: DOKKAEBI is_reading_frame:1, frame count:47, eof event count:46, waiting for last frame EOF.
08-25 17:33:34.042   927  1435 I Lyric   : zuma_secure_operation_controller.cc:84: ZumaSecureOperationController: End secure session for zuma-mcfp
08-25 17:33:34.044   927  1435 I Lyric   : zuma_secure_operation_controller.cc:84: ZumaSecureOperationController: End secure session for zuma-rgbp
08-25 17:33:34.046   927  1435 I Lyric   : zuma_secure_operation_controller.cc:84: ZumaSecureOperationController: End secure session for zuma-yuvp
08-25 17:33:34.046   927  1435 I Lyric   : zuma_be_core_driver_impl.cc:470: BeCore: release internal memory allocation
08-25 17:33:34.046   927  1435 I Lyric   : zuma_be_core_driver_impl.cc:550: BeCore: power down
08-25 17:33:34.046   927  1435 I Lyric   : zuma_be_core_driver_impl.cc:573: BeCore: disabling hardware
08-25 17:33:34.048   927  1435 I Lyric   : dynamic_boost_manager.cc:82: Boost factor reset done
08-25 17:33:34.048   927  1435 I Lyric   : three_a_request_node.cc:822: cam5_three_a_request: Performance statistics for this session: {process_input_count = 48, dropped_request_count = 0}
08-25 17:33:34.049   927  1435 I Lyric   : motion_sensor_controller_proxy.cc:447: MotionSensor context requests resource change to standby.
08-25 17:33:34.049   927  1435 I Lyric   : multicam_controller_base.cc:1245: Destroy context 0xb400007bbcd51ab0 for logical camera FrontMultiFov
08-25 17:33:34.049   927  1838 I Lyric   : motion_sensor_controller_proxy.cc:535: Start to release all sensor readers.
08-25 17:33:34.051   927  1838 I Lyric   : direct_channel_motion_sensor_data_streamer.cc:484: gyroscope direct channel released.
08-25 17:33:34.057   927  1778 I Lyric   : spectral_driver.cc:183: Ambient light sampling switched to mode: 2 stream consumer count: 0
08-25 17:33:34.061   927  7797 I Lyric   : sensor_generic_driver.cc:1053: DOKKAEBI Received last EOF, sensor frame count:255, offset eof event count:47
08-25 17:33:34.061   927  7797 I Lyric   : sensor_generic_driver.cc:1064: DOKKAEBI EOF received; signal fence and stream off.
08-25 17:33:34.061   927  1437 I Lyric   : sensor_generic_driver.cc:1269:  event thread stopped.
08-25 17:33:34.061   927  1437 I Lyric   : sensor_generic_driver.cc:1643: DOKKAEBI sensor frame drop rate at stream off: 0%. drop rate for hw sync: 0%
08-25 17:33:34.061   927  1437 I Lyric   : sensor_generic_driver.cc:1678: DOKKAEBI stream off, size: {width: 3648, height: 2736}, frame rate range: [7.5, 30]
08-25 17:33:34.061   927  1437 I Lyric   : per_camera_barrier_impl.cc:58: Blocker for MultiSensorController_Stop released with status: OK without lwis fence.
08-25 17:33:34.061   927  1437 I Lyric   : multisensor_controller.cc:1737: Front created transition fence, stream-on ID: 4294967295
08-25 17:33:34.061   927  1437 I Lyric   : multisensor_controller.cc:1762: Front signalled transition fence with stream-on ID: 4294967295
08-25 17:33:34.061   927  1436 I Lyric   : zuma_fe_driver.cc:1381: [ISPFE] Cleaning up the sub-driver contexts
08-25 17:33:34.061   927  1436 I Lyric   : zuma_csis_phy_link_context.cc:1104: Zuma CsisPhyLinkContext_6 disabled
08-25 17:33:34.062   927  1437 I Lyric   : dpm_bandwidth_controller_v2.cc:988: Update minimum MIF clock to 0 number of active sensor: 0
08-25 17:33:34.062   927  1437 I Lyric   : dpm_bandwidth_controller_v2.cc:1044: Update minimum INT clock to 0 number of active sensor: 0
08-25 17:33:34.063   927  1436 I Lyric   : zuma_fc_bayer_context.cc:249: Disabling bayer context 4
08-25 17:33:34.063   927  1436 I Lyric   : zuma_fe_driver.cc:1409: [ISPFE] Skip cleaning up the FC PDAF context.
08-25 17:33:34.063   927  1436 I Lyric   : lmp_pipeline.cc:585: [Bayer4][CAM5] Removed obsolete lmp frame
08-25 17:33:34.063   927  1436 I Lyric   : zuma_fe_driver.cc:1421: [ISPFE] Skip cleaning up the LMP PDAF context.
08-25 17:33:34.063   927  1436 I Lyric   : zuma_pdma_context.cc:165: disabling Pdma context.
08-25 17:33:34.064   927  1436 I Lyric   : zuma_secure_operation_controller.cc:84: ZumaSecureOperationController: End secure session for zuma-fe
08-25 17:33:34.065   927  1436 I Lyric   : zuma_csis_core_context.cc:310: [CAM5] Destroyed Zuma CSIS Core context for sensor DOKKAEBI with size: {width: 3648, height: 2736}
08-25 17:33:34.065   927  1436 I Lyric   : zuma_fe_driver.cc:1434: [ISPFE] Received context release notification for camera 5
08-25 17:33:34.065   927  1436 I Lyric   : zuma_fe_driver.cc:1363: ISP-FE Qos Update: clock frequency: 0, write bandwidth: 0, read bandwidth: 0
08-25 17:33:34.065   927  1436 I Lyric   : zuma_fe_driver.cc:1454: [ISPFE] Skipping power down due to active power context
08-25 17:33:34.065   927  1838 I Lyric   : direct_channel_motion_sensor_data_streamer.cc:484: gravity direct channel released.
08-25 17:33:34.066   927  1436 I Lyric   : unified_zuma_front_end_controller.cc:468: [CAM5] Received notification that graph has stopped
08-25 17:33:34.068   927  1838 I Lyric   : motion_sensor_controller_proxy.cc:560: Successfully release all sensor readers.
08-25 17:33:34.085   927  1436 I Lyric   : unified_zuma_front_end_controller.cc:701: Release ZumaFeControllerContext for binding id [CAM5]
08-25 17:33:34.085   927  1436 I Lyric   : unified_zuma_front_end_controller.cc:113: [CAM5] Context is being destroyed
08-25 17:33:34.085   927  1436 I Lyric   : per_camera_barrier_impl.cc:58: Blocker for FeControllerBlockCam5ToStartExp0#1 released with status: OK without lwis fence.
08-25 17:33:34.085   927  1436 I Lyric   : zuma_fe_driver.cc:945: [ISPFE] Received context release notification when releasing power_context.
08-25 17:33:34.085   927  1436 I Lyric   : zuma_fe_driver.cc:1239: [ISPFE] Disabling the device
08-25 17:33:34.085   927  1436 I Lyric   : lwis_event_thread.cc:117: LwEv:FePhyLink RemovedLwisClient(isp-fe|FePhyLink) from event thread
08-25 17:33:34.085   927  7795 I Lyric   : lwis_event_thread.cc:292: LwEv:FePhyLink event thread is ending . . .
08-25 17:33:34.086   927  1436 I Lyric   : lwis_event_thread.cc:117: LwEv:FeLmp RemovedLwisClient(isp-fe|FeLmp) from event thread
08-25 17:33:34.086   927  7794 I Lyric   : lwis_event_thread.cc:292: LwEv:FeLmp event thread is ending . . .
08-25 17:33:34.086   927  1436 I Lyric   : zuma_fe_pdma_driver.cc:61: Disabling pdma hardware
08-25 17:33:34.086   927  1436 I Lyric   : lwis_event_thread.cc:117: LwEv:FePdma RemovedLwisClient(isp-fe|FePdma) from event thread
08-25 17:33:34.086   927  7791 I Lyric   : lwis_event_thread.cc:292: LwEv:FePdma event thread is ending . . .
08-25 17:33:34.086   927  1436 I Lyric   : zuma_fe_resetter.cc:157: FrontEnd: SW Reset begins.
08-25 17:33:34.088   927  1436 I Lyric   : zuma_fe_resetter.cc:168: FrontEnd: SW Reset done: rstctl_status = 0x0
08-25 17:33:34.090   927  1883 I Lyric   : camera_device_session_manager_base.cc:1052: Successfully stopped graph:top_graph_for_camera_FrontMultiFov
08-25 17:33:34.090   927  1883 I Lyric   : camera_device_session_manager_base.cc:836: Attempting to destroy graph:top_graph_for_camera_FrontMultiFov
08-25 17:33:34.091   927  1883 W Lyric   : graph_runner.cc:217: GraphRunner::StopGraph(1) called on a graph that is not running.
08-25 17:33:34.096   927  1883 I Lyric   : camera_device_session_manager_base.cc:849: Successfully destroyed graph:top_graph_for_camera_FrontMultiFov
08-25 17:33:34.096   927  1883 I Lyric   : camera_powerhal.cc:200: CancelPowerBoost CAMERA_LAUNCH
08-25 17:33:34.096   927  1883 I Lyric   : camera_powerhal.cc:200: CancelPowerBoost CAMERA_BACKEND_BOOST
08-25 17:33:34.096   927  1883 I Lyric   : camera_powerhal.cc:200: CancelPowerBoost CAMERA_CAPTURE_CPU_THROTTLE
08-25 17:33:34.096   927  1883 I Lyric   : camera_powerhal.cc:200: CancelPowerBoost CAMERA_LAUNCH_EXTENDED
08-25 17:33:34.096   927  1883 I Lyric   : camera_powerhal.cc:200: CancelPowerBoost CAMERA_VIDEO_RECORDING
08-25 17:33:34.096   927  1883 I Lyric   : camera_powerhal.cc:200: CancelPowerBoost CAMERA_ZOOMING_BOOST
08-25 17:33:34.096   927  1883 I Lyric   : camera_powerhal.cc:200: CancelPowerBoost CAMERA_HIGH_PERFORMANCE_BOOST
08-25 17:33:34.096   927  1883 I Lyric   : camera_powerhal.cc:200: CancelPowerBoost CAMERA_MULTICAM_BOOST
08-25 17:33:34.096   927  1883 I Lyric   : camera_device_session_hwl_impl.cc:455: Destroyed CameraDeviceSessionHwlImpl for camera 1
08-25 17:33:34.097   927  1911 I G3ACoordinator: coordinator.cc:1182: Coordinator NotifyCaptureSessionClose called for camera: {position: front, lens_type: multi_fov, spectrum: visible, instance: real}
08-25 17:33:34.097   927  1911 I G3ACoordinator: coordinator.cc:1206: Coordinator AfNotifyCaptureSessionClose called for camera: {position: front, lens_type: multi_fov, spectrum: visible, instance: real}
08-25 17:33:34.097   927  1911 I G3ACoordinator: coordinator.cc:1227: Coordinator AsdNotifyCaptureSessionClose called for camera: {position: front, lens_type: multi_fov, spectrum: visible, instance: real}
08-25 17:33:34.097   927  1435 W Lyric   : device_context.cc:362: NotifyCaptureSessionClose: No OisController found for physical camera Front. Status: NOT_FOUND: Failed to find controller by type and camera id(Front); Controller with ID: optical image stabilization controller for camera: Front not present in device_context
08-25 17:33:34.097   927  1911 I G3ACoordinator: coordinator.cc:1244: Coordinator AwbNotifyCaptureSessionClose called for camera: {position: front, lens_type: multi_fov, spectrum: visible, instance: real}
08-25 17:33:34.097   927  1911 I G3ACoordinator: coordinator.cc:1161: Coordinator::NotifyCaptureSessionClose called for camera: {position: front, lens_type: multi_fov, spectrum: visible, instance: real}
08-25 17:33:34.097   927  1435 W Lyric   : device_context.cc:362: NotifyCaptureSessionClose: No OisController found for physical camera FrontVirtual. Status: NOT_FOUND: Failed to find controller by type and camera id(FrontVirtual); Controller with ID: optical image stabilization controller for camera: FrontVirtual not present in device_context
08-25 17:33:34.097   927  1838 I Lyric   : motion_sensor_controller_proxy.cc:535: Start to release all sensor readers.
08-25 17:33:34.097   927  1838 I Lyric   : motion_sensor_controller_proxy.cc:560: Successfully release all sensor readers.
08-25 17:33:34.097   927  1911 I G3ACoordinator: coordinator.cc:1161: Coordinator::NotifyCaptureSessionClose called for camera: {position: front, lens_type: multi_fov, spectrum: visible, instance: real}
08-25 17:33:34.105     0     0 I trusty  : logging.cc: 79: ***: :219: Command Received: AuthenticationDelete
08-25 17:33:34.097   927  1883 I Lyric   : camera_latency_analyzer.cc:99: [CLA] Cam1-Close
08-25 17:33:34.097   927  1883 I Lyric   : camera_latency_analyzer.cc:101: [CLA] (Cam1-Close) Flush latency: 74.1405
08-25 17:33:34.097   927  1883 I Lyric   : camera_latency_analyzer.cc:101: [CLA] (Cam1-Close) <-- IDLE --> latency: 0.450399
08-25 17:33:34.097   927  1883 I Lyric   : camera_latency_analyzer.cc:101: [CLA] (Cam1-Close) Close latency: 61.3362
08-25 17:33:34.097   927  1883 I Lyric   : camera_latency_analyzer.cc:101: [CLA] (Cam1-Close) Overall latency: 135.947
08-25 17:33:34.097   927  1883 I Lyric   : camera_latency_analyzer.cc:101: [CLA] (Cam1-Close) HAL Total latency: 135.469
08-25 17:33:34.102   927  1435 I G3ACoordinator: front_als_manager.cc:194: Front ALS sensor disabled
08-25 17:33:34.119     0     0 I trusty  : logging.cc: 79: ***"faceauth": :189: Session finished, current heap footprint: 1437696, maximum footprint: 11526144
08-25 17:33:34.857   927  1779 I Lyric   : spectral_driver.cc:420: Flicker sampling has been disabled.
08-25 17:33:40.222  1464  1732 V DisplayPowerController[0]: Brightness [0.05] reason changing to: 'automatic [ dim ]', previous reason: 'automatic'.
08-25 17:33:40.223  1464  1732 I DisplayPowerController[0]: BrightnessEvent: brt=0.05 (62.0%), nits= 72.32477, lux=53.958294, reason=automatic [ dim ], strat=AutomaticBrightnessStrategy, state=ON, stateReason=DEFAULT_POLICY, policy=DIM, flags=, initBrt=0.097379655, rcmdBrt=0.097379655, preBrt=NaN, preLux=NaN, wasShortTermModelActive=false, autoBrightness=true (default), unclampedBrt=0.097379655, hbmMax=0.35428858, hbmMode=off, thrmMax=1.0, rbcStrength=35, powerFactor=1.0, physDisp=Built-in Screen(local:4619826886480892416), logicalId=0, slowChange=false, rampSpeed=0.7047244
08-25 17:33:40.876  1464  1714 E BluetoothPowerStatsCollector: Cannot acquire BluetoothActivityEnergyInfo
08-25 17:33:40.876  1464  1714 E BluetoothPowerStatsCollector: java.util.concurrent.ExecutionException: java.lang.RuntimeException: error: 9
08-25 17:33:40.876  1464  1714 E BluetoothPowerStatsCollector: 	at java.util.concurrent.CompletableFuture.reportGet(CompletableFuture.java:372)
08-25 17:33:40.876  1464  1714 E BluetoothPowerStatsCollector: 	at java.util.concurrent.CompletableFuture.get(CompletableFuture.java:2072)
08-25 17:33:40.876  1464  1714 E BluetoothPowerStatsCollector: 	at com.android.server.power.stats.BluetoothPowerStatsCollector.collectBluetoothActivityInfo(BluetoothPowerStatsCollector.java:192)
08-25 17:33:40.876  1464  1714 E BluetoothPowerStatsCollector: 	at com.android.server.power.stats.BluetoothPowerStatsCollector.collectStats(BluetoothPowerStatsCollector.java:155)
08-25 17:33:40.876  1464  1714 E BluetoothPowerStatsCollector: 	at com.android.server.power.stats.PowerStatsCollector.collectAndDeliverStats(PowerStatsCollector.java:176)
08-25 17:33:40.876  1464  1714 E BluetoothPowerStatsCollector: 	at com.android.server.power.stats.PowerStatsCollector$$ExternalSyntheticLambda0.run(R8$$SyntheticClass:0)
08-25 17:33:40.876  1464  1714 E BluetoothPowerStatsCollector: 	at android.os.Handler.handleCallback(Handler.java:995)
08-25 17:33:40.876  1464  1714 E BluetoothPowerStatsCollector: 	at android.os.Handler.dispatchMessage(Handler.java:103)
08-25 17:33:40.876  1464  1714 E BluetoothPowerStatsCollector: 	at android.os.Looper.loopOnce(Looper.java:248)
08-25 17:33:40.876  1464  1714 E BluetoothPowerStatsCollector: 	at android.os.Looper.loop(Looper.java:338)
08-25 17:33:40.876  1464  1714 E BluetoothPowerStatsCollector: 	at android.os.HandlerThread.run(HandlerThread.java:85)
08-25 17:33:40.876  1464  1714 E BluetoothPowerStatsCollector: Caused by: java.lang.RuntimeException: error: 9
08-25 17:33:40.876  1464  1714 E BluetoothPowerStatsCollector: 	at com.android.server.power.stats.BluetoothPowerStatsCollector$1.onBluetoothActivityEnergyInfoError(BluetoothPowerStatsCollector.java:181)
08-25 17:33:40.876  1464  1714 E BluetoothPowerStatsCollector: 	at android.bluetooth.BluetoothAdapter$OnBluetoothActivityEnergyInfoProxy.lambda$onError$2(BluetoothAdapter.java:1059)
08-25 17:33:40.876  1464  1714 E BluetoothPowerStatsCollector: 	at android.bluetooth.BluetoothAdapter$OnBluetoothActivityEnergyInfoProxy$$ExternalSyntheticLambda0.run(D8$$SyntheticClass:0)
08-25 17:33:40.876  1464  1714 E BluetoothPowerStatsCollector: 	at android.bluetooth.BluetoothUtils.lambda$executeFromBinder$0(BluetoothUtils.java:343)
08-25 17:33:40.876  1464  1714 E BluetoothPowerStatsCollector: 	at android.bluetooth.BluetoothUtils$$ExternalSyntheticLambda1.run(D8$$SyntheticClass:0)
08-25 17:33:40.876  1464  1714 E BluetoothPowerStatsCollector: 	at com.android.server.SystemServerInitThreadPool$$ExternalSyntheticLambda0.execute(R8$$SyntheticClass:0)
08-25 17:33:40.876  1464  1714 E BluetoothPowerStatsCollector: 	at android.bluetooth.BluetoothUtils.executeFromBinder(BluetoothUtils.java:343)
08-25 17:33:40.876  1464  1714 E BluetoothPowerStatsCollector: 	at android.bluetooth.BluetoothAdapter$OnBluetoothActivityEnergyInfoProxy.onError(BluetoothAdapter.java:1058)
08-25 17:33:40.876  1464  1714 E BluetoothPowerStatsCollector: 	at android.bluetooth.BluetoothAdapter.requestControllerActivityEnergyInfo(BluetoothAdapter.java:2694)
08-25 17:33:40.876  1464  1714 E BluetoothPowerStatsCollector: 	at com.android.server.power.stats.BatteryStatsImpl$BluetoothStatsRetrieverImpl.requestControllerActivityEnergyInfo(BatteryStatsImpl.java:485)
08-25 17:33:40.876  1464  1714 E BluetoothPowerStatsCollector: 	at com.android.server.power.stats.BluetoothPowerStatsCollector.collectBluetoothActivityInfo(BluetoothPowerStatsCollector.java:170)
08-25 17:33:40.876  1464  1714 E BluetoothPowerStatsCollector: 	... 8 more
08-25 17:33:42.213  1464  1732 I PowerGroup: Powering off display group due to timeout (groupId= 0, uid= 1000, millisSinceLastUserActivity=10002, lastUserActivityEvent=other)...
08-25 17:33:42.219  1464  1732 I PowerManagerService: Going to sleep due to timeout (uid 1000, screenOffTimeout=1800000, activityTimeoutWM=10000, maxDimRatio=0.20000005, maxDimDur=7000)...
08-25 17:33:42.221  1464  2100 D BackgroundInstallControlService: Package event received: 0
08-25 17:33:42.229  1464  1930 D CoreBackPreview: Window{4910a80 u0 NotificationShade}: Setting back callback null
08-25 17:33:42.245  1464  1930 V ALSProbe: Disable ALS: 51432309
08-25 17:33:42.248  1464  1464 W ProcessStats: Tracking association SourceState{c1cf03 com.android.settings/1000 Service #40349} whose proc state 8 is better than process ProcessState{8107ef8 com.google.android.apps.wellbeing/10143 pkg=com.google.android.apps.wellbeing} proc state 15 (0 skipped)
08-25 17:33:42.288  1464  1958 D ActivityManager: freezing 20562 com.android.chrome:privileged_process0
08-25 17:33:42.336  1464  1732 V DisplayPowerController[0]: Brightness [0.097379655] reason changing to: 'automatic', previous reason: 'automatic [ dim ]'.
08-25 17:33:42.336  1464  1732 I DisplayPowerController[0]: BrightnessEvent: brt=0.097379655 (76.0%), nits= 139.0318, lux=53.958294, reason=automatic, strat=AutomaticBrightnessStrategy, state=ON, stateReason=DEFAULT_POLICY, policy=OFF, flags=, initBrt=0.05, rcmdBrt=0.097379655, preBrt=NaN, preLux=NaN, wasShortTermModelActive=false, autoBrightness=true (default), unclampedBrt=0.097379655, hbmMax=0.35428858, hbmMode=off, thrmMax=1.0, rbcStrength=35, powerFactor=1.0, physDisp=Built-in Screen(local:4619826886480892416), logicalId=0, slowChange=false, rampSpeed=0.0
08-25 17:33:42.529  1464  1958 D ActivityManager: freezing 20611 com.google.android.apps.privacy.wildlife
08-25 17:33:42.740  1464  1732 I DisplayPowerController[0]: Blocking screen off
08-25 17:33:42.743  1464  1732 D WindowManager: Create SleepToken: tag=Display-off, displayId=0
08-25 17:33:42.758  1464  1732 I DisplayPowerController[0]: Unblocked screen off after 18 ms
08-25 17:33:42.785  1464  1732 I DisplayBrightnessStrategySelector: Changing the DisplayBrightnessStrategy from AutomaticBrightnessStrategy to ScreenOffBrightnessStrategy for display 0
08-25 17:33:42.788  1464  1732 V DisplayPowerController[0]: Brightness [0.0] reason changing to: 'screen_off', previous reason: 'automatic'.
08-25 17:33:42.788  1464  1732 I DisplayPowerController[0]: BrightnessEvent: brt=0.0 (0.0%), nits= 2.0, lux=-1.0, reason=screen_off, strat=ScreenOffBrightnessStrategy, state=OFF, stateReason=DEFAULT_POLICY, policy=OFF, flags=, initBrt=0.097379655, rcmdBrt=NaN, preBrt=NaN, preLux=0.0, wasShortTermModelActive=false, autoBrightness=true (default), unclampedBrt=-1.0, hbmMax=0.71, hbmMode=off, thrmMax=1.0, rbcStrength=35, powerFactor=1.0, physDisp=Built-in Screen(local:4619826886480892416), logicalId=0, slowChange=false, rampSpeed=0.0
08-25 17:33:42.792  1464  1690 I DisplayDeviceRepository: Display device changed state: "Built-in Screen", OFF
08-25 17:33:42.796  1464  1732 D BrightnessThermalClamper: Thermal status observer already started
08-25 17:33:42.796  1464  1688 D WindowManager: DeferredDisplayUpdater: partially applying DisplayInfo(1080 x 2400) immediately
08-25 17:33:42.802  1464  1688 I DisplayDevice: [0] Layerstack set to -1 for local:4619826886480892416
08-25 17:33:42.947  1464  1732 I DreamManagerService: Entering dreamland.
08-25 17:33:42.950  1464  1732 I PowerManagerService: Dozing...
08-25 17:33:42.961  1464  1687 I DreamController: Starting dream: name=ComponentInfo{com.android.systemui/com.android.systemui.doze.DozeService}, isPreviewMode=false, canDoze=true, userId=0, reason='power manager request'
08-25 17:33:42.965  1464  2100 D BackgroundInstallControlService: Package event received: 0
08-25 17:33:42.999  2145  2145 D InsetsController: Setting requestedVisibleTypes to -11 (was -9)
08-25 17:33:43.002  2145  2145 V DreamService[DozeService]: UpdateDoze mDozeScreenState=1 mDozeScreenBrightness=26 mDozeScreenBrightnessFloat=NaN
08-25 17:33:43.002  1464  4001 D DreamManagerService: Dream requested to start dozing: android.os.Binder@3ca2790, screenState=OFF, reason=UNKNOWN, screenBrightnessFloat=NaN, screenBrightnessInt=26, useNormalBrightnessForDoze=false
08-25 17:33:43.005  1464  1732 I DisplayPowerController[0]: BrightnessEvent: brt=0.0 (0.0%), nits= 2.0, lux=-1.0, reason=screen_off, strat=ScreenOffBrightnessStrategy, state=OFF, stateReason=UNKNOWN, policy=DOZE, flags=, initBrt=0.0, rcmdBrt=NaN, preBrt=NaN, preLux=0.0, wasShortTermModelActive=false, autoBrightness=true (default), unclampedBrt=-1.0, hbmMax=0.71, hbmMode=off, thrmMax=1.0, rbcStrength=35, powerFactor=1.0, physDisp=Built-in Screen(local:4619826886480892416), logicalId=0, slowChange=false, rampSpeed=0.0
08-25 17:33:43.006   927  1835 I Lyric   : face_authentication_controller.cc:68: FaceAuthPreAllocation Finished
08-25 17:33:43.008  2145  2145 V DreamService[DozeService]: UpdateDoze mDozeScreenState=1 mDozeScreenBrightness=26 mDozeScreenBrightnessFloat=NaN
08-25 17:33:43.009  2145  2145 V DreamService[DozeService]: UpdateDoze mDozeScreenState=1 mDozeScreenBrightness=26 mDozeScreenBrightnessFloat=NaN
08-25 17:33:43.009  1464  2607 D DreamManagerService: Dream requested to start dozing: android.os.Binder@3ca2790, screenState=OFF, reason=UNKNOWN, screenBrightnessFloat=NaN, screenBrightnessInt=26, useNormalBrightnessForDoze=false
08-25 17:33:43.011  1464  1930 D DreamManagerService: Dream requested to start dozing: android.os.Binder@3ca2790, screenState=OFF, reason=UNKNOWN, screenBrightnessFloat=NaN, screenBrightnessInt=26, useNormalBrightnessForDoze=false
08-25 17:33:43.017   927  1778 I Lyric   : spectral_driver.cc:163: Ambient light sampling has been disabled. Stream consumer count: 0
08-25 17:33:43.020  2283  2283 D ContextualAwarenessService: Before dispatching ACTION_SCREEN_OFF onReceive work to background
08-25 17:33:43.020  2283  2283 D ContextualAwarenessService: After dispatching ACTION_SCREEN_OFF onReceive work to background
08-25 17:33:43.020  2283  8637 D ContextualAwarenessService: Before ACTION_SCREEN_OFF onReceive work
08-25 17:33:43.020  2283  8637 D ContextualAwarenessService: After ACTION_SCREEN_OFF onReceive work
08-25 17:33:43.044  1464  1464 I PowerManagerService: onFlip(): Face up.
08-25 17:33:43.078  1464  2100 D BackgroundInstallControlService: Package event received: 0
08-25 17:33:43.080  1464  2082 I MR2ServiceImpl: Updating composite discovery preference | preference: RouteDiscoveryRequest{ preferredFeatures={}, activeScan=false }, active routers: []
08-25 17:33:43.607  1464  1942 E AppOps  : attributionTag  not declared in manifest of pedometer.steptracker.calorieburner.stepcounter
08-25 17:33:43.621  1464  4001 W ActivityManager: Foreground service started from background can not have location/camera/microphone access: service pedometer.steptracker.calorieburner.stepcounter/steptracker.stepcounter.pedometer.service.CounterService
08-25 17:33:44.262  1464  2082 I MR2ServiceImpl: Updating composite discovery preference | preference: RouteDiscoveryRequest{ preferredFeatures={}, activeScan=false }, active routers: []
08-25 17:34:04.354  1464  1714 D BatteryStatsImpl: Reading cpu stats took 110ms
08-25 17:34:08.605  1464  1958 D ActivityManager: freezing 4062 com.google.android.apps.messaging
08-25 17:34:14.160  1464  1958 D ActivityManager: freezing 8949 com.google.android.apps.turbo
08-25 17:34:14.357  1464  2100 D BackgroundInstallControlService: Package event received: 0
08-25 17:34:14.371  1464  2403 D ActivityManager: sync unfroze 8949 com.google.android.apps.turbo for 6
