08-22 02:21:37.075 10235 11985 I chatty  : uid=2000(shell) /apex/com.android.adbd/bin/adbd expire 3 lines
08-22 02:21:38.094 10235 11986 I chatty  : uid=2000(shell) /apex/com.android.adbd/bin/adbd expire 3 lines
08-22 02:21:39.009  2570  2570 W ThreadPoolForeg: type=1400 audit(0.0:3448): avc: denied { write } for name="traced_producer" dev="tmpfs" ino=26046 scontext=u:r:gmscore_app:s0:c512,c768 tcontext=u:object_r:traced_producer_socket:s0 tclass=sock_file permissive=0 app=com.google.android.gms
08-22 02:21:39.114 10235 11987 I chatty  : uid=2000(shell) /apex/com.android.adbd/bin/adbd expire 3 lines
08-22 02:21:40.132 10235 11988 I chatty  : uid=2000(shell) /apex/com.android.adbd/bin/adbd expire 3 lines
08-22 02:21:40.137 11554 11702 I o9      : gatewayOverUPnP: java.io.IOException
08-22 02:21:41.155 10235 11989 I chatty  : uid=2000(shell) /apex/com.android.adbd/bin/adbd expire 3 lines
08-22 02:21:41.496  1060  1090 I chatty  : uid=1000(system) /vendor/bin/sensors.qcom expire 10 lines
08-22 02:21:42.176 10235 11990 I chatty  : uid=2000(shell) /apex/com.android.adbd/bin/adbd expire 3 lines
08-22 02:21:43.199 10235 11991 I chatty  : uid=2000(shell) /apex/com.android.adbd/bin/adbd expire 3 lines
08-22 02:21:44.238 10235 11993 I chatty  : uid=2000(shell) /apex/com.android.adbd/bin/adbd expire 3 lines
08-22 02:21:44.496 11554 11702 D kb      : request time failed: java.net.UnknownHostException
08-22 02:21:44.496 11554 11702 V ge      : Syncing TimeServer failed
08-22 02:21:45.277 10235 11999 I chatty  : uid=2000(shell) /apex/com.android.adbd/bin/adbd expire 3 lines
08-22 02:21:46.307 10235 12000 I chatty  : uid=2000(shell) /apex/com.android.adbd/bin/adbd expire 3 lines
08-22 02:21:47.325 10235 12001 I chatty  : uid=2000(shell) /apex/com.android.adbd/bin/adbd expire 3 lines
08-22 02:21:48.355 10235 12002 I chatty  : uid=2000(shell) /apex/com.android.adbd/bin/adbd expire 3 lines
08-22 02:21:49.383 10235 12003 I chatty  : uid=2000(shell) /apex/com.android.adbd/bin/adbd expire 3 lines
08-22 02:21:50.417 10235 12004 I chatty  : uid=2000(shell) /apex/com.android.adbd/bin/adbd expire 3 lines
08-22 02:21:51.449 10235 12005 I chatty  : uid=2000(shell) /apex/com.android.adbd/bin/adbd expire 3 lines
08-22 02:21:52.488 10235 12006 I chatty  : uid=2000(shell) /apex/com.android.adbd/bin/adbd expire 3 lines
08-22 02:21:53.516 10235 12007 I chatty  : uid=2000(shell) /apex/com.android.adbd/bin/adbd expire 3 lines
08-22 02:21:54.542 10235 12009 I chatty  : uid=2000(shell) /apex/com.android.adbd/bin/adbd expire 3 lines
08-22 02:21:55.578 10235 12010 I chatty  : uid=2000(shell) /apex/com.android.adbd/bin/adbd expire 3 lines
08-22 02:21:56.598 10235 12011 I chatty  : uid=2000(shell) /apex/com.android.adbd/bin/adbd expire 3 lines
08-22 02:21:57.615 10235 12012 I chatty  : uid=2000(shell) /apex/com.android.adbd/bin/adbd expire 3 lines
08-22 02:21:58.642 10235 12013 I chatty  : uid=2000(shell) /apex/com.android.adbd/bin/adbd expire 3 lines
08-22 02:21:59.676 10235 12014 I chatty  : uid=2000(shell) /apex/com.android.adbd/bin/adbd expire 3 lines
08-22 02:22:00.703 10235 12015 I chatty  : uid=2000(shell) /apex/com.android.adbd/bin/adbd expire 3 lines
08-22 02:22:01.735 10235 12016 I chatty  : uid=2000(shell) /apex/com.android.adbd/bin/adbd expire 3 lines
08-22 02:22:02.750 10235 12017 I chatty  : uid=2000(shell) /apex/com.android.adbd/bin/adbd expire 3 lines
08-22 02:22:03.773 10235 12018 I chatty  : uid=2000(shell) /apex/com.android.adbd/bin/adbd expire 3 lines
08-22 02:22:04.804 10235 12020 I chatty  : uid=2000(shell) /apex/com.android.adbd/bin/adbd expire 3 lines
08-22 02:22:05.831 10235 12021 I chatty  : uid=2000(shell) /apex/com.android.adbd/bin/adbd expire 3 lines
08-22 02:22:06.099  2982  2982 W ThreadPoolForeg: type=1400 audit(0.0:3449): avc: denied { write } for name="traced_producer" dev="tmpfs" ino=26046 scontext=u:r:gmscore_app:s0:c512,c768 tcontext=u:object_r:traced_producer_socket:s0 tclass=sock_file permissive=0 app=com.google.android.gms
08-22 02:22:06.267 31643 31643 I chatty  : uid=10135 com.google.android.googlequicksearchbox:search expire 222 lines
08-22 02:22:06.833 10235 10235 I chatty  : uid=2000(shell) /apex/com.android.adbd/bin/adbd expire 87 lines
08-22 02:22:06.858 10235 10241 I chatty  : uid=2000(shell) usb ffs open expire 58 lines
08-22 02:22:06.863 10235 12022 I chatty  : uid=2000(shell) /apex/com.android.adbd/bin/adbd expire 3 lines
08-22 02:22:07.883 10235 12023 I chatty  : uid=2000(shell) /apex/com.android.adbd/bin/adbd expire 3 lines
08-22 02:22:08.917 10235 12024 I chatty  : uid=2000(shell) /apex/com.android.adbd/bin/adbd expire 3 lines
08-22 02:22:09.039  2570  2570 W ThreadPoolForeg: type=1400 audit(0.0:3450): avc: denied { write } for name="traced_producer" dev="tmpfs" ino=26046 scontext=u:r:gmscore_app:s0:c512,c768 tcontext=u:object_r:traced_producer_socket:s0 tclass=sock_file permissive=0 app=com.google.android.gms
08-22 02:22:09.325  8608  8658 I Finsky  : [2151] AIM: AppInfoManager-Perf > Destroying AppInfoManager ...
08-22 02:22:09.954 10235 12025 I chatty  : uid=2000(shell) /apex/com.android.adbd/bin/adbd expire 3 lines
08-22 02:22:10.976 10235 12026 I chatty  : uid=2000(shell) /apex/com.android.adbd/bin/adbd expire 3 lines
08-22 02:22:11.999 10235 12027 I chatty  : uid=2000(shell) /apex/com.android.adbd/bin/adbd expire 3 lines
08-22 02:22:13.028 10235 12028 I chatty  : uid=2000(shell) /apex/com.android.adbd/bin/adbd expire 3 lines
08-22 02:22:14.036 11554 11554 D WM-DelayedWorkTracker: Scheduling work ac683131-43b0-4d81-8545-d220248b8462
08-22 02:22:14.036 11554 11554 D WM-GreedyScheduler: Starting work for ac683131-43b0-4d81-8545-d220248b8462
08-22 02:22:14.039 11554 11607 D WM-Processor: Processor: processing WorkGenerationalId(workSpecId=ac683131-43b0-4d81-8545-d220248b8462, generation=0)
08-22 02:22:14.048 10235 12030 I chatty  : uid=2000(shell) /apex/com.android.adbd/bin/adbd expire 3 lines
08-22 02:22:14.048 11554 11554 D WM-WorkerWrapper: Starting work for com.umlaut.crowd.service.InsightWorker
08-22 02:22:14.053 11554 11646 I WM-WorkerWrapper: Worker result SUCCESS for Work [ id=ac683131-43b0-4d81-8545-d220248b8462, tags={ com.umlaut.crowd.service.InsightWorker,InsightWorker } ]
08-22 02:22:14.056 11554 11554 D WM-Processor: Processor ac683131-43b0-4d81-8545-d220248b8462 executed; reschedule = false
08-22 02:22:14.069 11554 11645 D WM-SystemJobScheduler: Scheduling work ID b05ef689-0818-42d6-85f2-063a6a2a5e84Job ID 599509
08-22 02:22:14.089 11554 11645 D WM-GreedyScheduler: Cancelling work ID ac683131-43b0-4d81-8545-d220248b8462
08-22 02:22:14.617 11554 11702 D kb      : request time failed: java.net.UnknownHostException
08-22 02:22:14.617 11554 11702 V ge      : Syncing TimeServer failed
08-22 02:22:15.074 10235 12036 I chatty  : uid=2000(shell) /apex/com.android.adbd/bin/adbd expire 3 lines
08-22 02:22:16.095 10235 12037 I chatty  : uid=2000(shell) /apex/com.android.adbd/bin/adbd expire 3 lines
08-22 02:22:17.130 10235 12038 I chatty  : uid=2000(shell) /apex/com.android.adbd/bin/adbd expire 3 lines
08-22 02:22:18.159 10235 12039 I chatty  : uid=2000(shell) /apex/com.android.adbd/bin/adbd expire 3 lines
08-22 02:22:19.194 10235 12040 I chatty  : uid=2000(shell) /apex/com.android.adbd/bin/adbd expire 3 lines
08-22 02:22:20.221 10235 12041 I chatty  : uid=2000(shell) /apex/com.android.adbd/bin/adbd expire 3 lines
08-22 02:22:21.245 10235 12042 I chatty  : uid=2000(shell) /apex/com.android.adbd/bin/adbd expire 3 lines
08-22 02:22:22.274 10235 12043 I chatty  : uid=2000(shell) /apex/com.android.adbd/bin/adbd expire 3 lines
08-22 02:22:23.303 10235 12044 I chatty  : uid=2000(shell) /apex/com.android.adbd/bin/adbd expire 3 lines
08-22 02:22:24.332 10235 12046 I chatty  : uid=2000(shell) /apex/com.android.adbd/bin/adbd expire 3 lines
08-22 02:22:25.367 10235 12047 I chatty  : uid=2000(shell) /apex/com.android.adbd/bin/adbd expire 3 lines
08-22 02:22:26.416 10235 12048 I chatty  : uid=2000(shell) /apex/com.android.adbd/bin/adbd expire 3 lines
08-22 02:22:27.436 10235 12049 I chatty  : uid=2000(shell) /apex/com.android.adbd/bin/adbd expire 3 lines
08-22 02:22:28.467 10235 12050 I chatty  : uid=2000(shell) /apex/com.android.adbd/bin/adbd expire 3 lines
08-22 02:22:29.495 10235 12051 I chatty  : uid=2000(shell) /apex/com.android.adbd/bin/adbd expire 3 lines
08-22 02:22:30.527 10235 12052 I chatty  : uid=2000(shell) /apex/com.android.adbd/bin/adbd expire 3 lines
08-22 02:22:31.553 10235 12053 I chatty  : uid=2000(shell) /apex/com.android.adbd/bin/adbd expire 3 lines
08-22 02:22:32.590 10235 12054 I chatty  : uid=2000(shell) /apex/com.android.adbd/bin/adbd expire 3 lines
08-22 02:22:33.613 10235 12055 I chatty  : uid=2000(shell) /apex/com.android.adbd/bin/adbd expire 3 lines
08-22 02:22:34.642 10235 12057 I chatty  : uid=2000(shell) /apex/com.android.adbd/bin/adbd expire 3 lines
08-22 02:22:35.672 10235 12058 I chatty  : uid=2000(shell) /apex/com.android.adbd/bin/adbd expire 3 lines
08-22 02:22:36.113  2982  2982 W ThreadPoolForeg: type=1400 audit(0.0:3451): avc: denied { write } for name="traced_producer" dev="tmpfs" ino=26046 scontext=u:r:gmscore_app:s0:c512,c768 tcontext=u:object_r:traced_producer_socket:s0 tclass=sock_file permissive=0 app=com.google.android.gms
08-22 02:22:36.230 31643 31643 I chatty  : uid=10135 com.google.android.googlequicksearchbox:search expire 222 lines
08-22 02:22:36.674 10235 10235 I chatty  : uid=2000(shell) /apex/com.android.adbd/bin/adbd expire 93 lines
08-22 02:22:36.689 10235 10241 I chatty  : uid=2000(shell) usb ffs open expire 62 lines
08-22 02:22:36.699 10235 12059 I chatty  : uid=2000(shell) /apex/com.android.adbd/bin/adbd expire 3 lines
08-22 02:22:37.728 10235 12060 I chatty  : uid=2000(shell) /apex/com.android.adbd/bin/adbd expire 3 lines
08-22 02:22:38.753 10235 12061 I chatty  : uid=2000(shell) /apex/com.android.adbd/bin/adbd expire 3 lines
08-22 02:22:39.046  2570  2570 W ThreadPoolForeg: type=1400 audit(0.0:3452): avc: denied { write } for name="traced_producer" dev="tmpfs" ino=26046 scontext=u:r:gmscore_app:s0:c512,c768 tcontext=u:object_r:traced_producer_socket:s0 tclass=sock_file permissive=0 app=com.google.android.gms
08-22 02:22:39.782 10235 12062 I chatty  : uid=2000(shell) /apex/com.android.adbd/bin/adbd expire 3 lines
08-22 02:22:40.797 10235 12063 I chatty  : uid=2000(shell) /apex/com.android.adbd/bin/adbd expire 3 lines
08-22 02:22:41.803  1060  1090 I chatty  : uid=1000(system) /vendor/bin/sensors.qcom expire 11 lines
08-22 02:22:41.824 10235 12064 I chatty  : uid=2000(shell) /apex/com.android.adbd/bin/adbd expire 3 lines
08-22 02:22:42.853 10235 12065 I chatty  : uid=2000(shell) /apex/com.android.adbd/bin/adbd expire 3 lines
08-22 02:22:43.884 10235 12067 I chatty  : uid=2000(shell) /apex/com.android.adbd/bin/adbd expire 3 lines
08-22 02:22:44.709 11554 11702 D kb      : request time failed: java.net.UnknownHostException
08-22 02:22:44.709 11554 11702 V ge      : Syncing TimeServer failed
08-22 02:22:44.916 10235 12073 I chatty  : uid=2000(shell) /apex/com.android.adbd/bin/adbd expire 3 lines
08-22 02:22:45.935 10235 12074 I chatty  : uid=2000(shell) /apex/com.android.adbd/bin/adbd expire 3 lines
08-22 02:22:46.969 10235 12075 I chatty  : uid=2000(shell) /apex/com.android.adbd/bin/adbd expire 3 lines
08-22 02:22:47.999 10235 12076 I chatty  : uid=2000(shell) /apex/com.android.adbd/bin/adbd expire 3 lines
08-22 02:22:49.024 10235 12077 I chatty  : uid=2000(shell) /apex/com.android.adbd/bin/adbd expire 3 lines
08-22 02:22:50.049 10235 12078 I chatty  : uid=2000(shell) /apex/com.android.adbd/bin/adbd expire 3 lines
08-22 02:22:51.080 10235 12079 I chatty  : uid=2000(shell) /apex/com.android.adbd/bin/adbd expire 3 lines
08-22 02:22:52.106 10235 12080 I chatty  : uid=2000(shell) /apex/com.android.adbd/bin/adbd expire 3 lines
08-22 02:22:53.132 10235 12081 I chatty  : uid=2000(shell) /apex/com.android.adbd/bin/adbd expire 3 lines
08-22 02:22:54.162 10235 12083 I chatty  : uid=2000(shell) /apex/com.android.adbd/bin/adbd expire 3 lines
08-22 02:22:55.182 10235 12084 I chatty  : uid=2000(shell) /apex/com.android.adbd/bin/adbd expire 3 lines
08-22 02:22:56.203 10235 12085 I chatty  : uid=2000(shell) /apex/com.android.adbd/bin/adbd expire 3 lines
08-22 02:22:57.226 10235 12086 I chatty  : uid=2000(shell) /apex/com.android.adbd/bin/adbd expire 3 lines
08-22 02:22:58.253 10235 12087 I chatty  : uid=2000(shell) /apex/com.android.adbd/bin/adbd expire 3 lines
08-22 02:22:59.286 10235 12088 I chatty  : uid=2000(shell) /apex/com.android.adbd/bin/adbd expire 3 lines
08-22 02:23:00.315 10235 12089 I chatty  : uid=2000(shell) /apex/com.android.adbd/bin/adbd expire 3 lines
08-22 02:23:01.349 10235 12090 I chatty  : uid=2000(shell) /apex/com.android.adbd/bin/adbd expire 3 lines
08-22 02:23:02.373 10235 12091 I chatty  : uid=2000(shell) /apex/com.android.adbd/bin/adbd expire 3 lines
08-22 02:23:03.400 10235 12092 I chatty  : uid=2000(shell) /apex/com.android.adbd/bin/adbd expire 3 lines
08-22 02:23:04.425 10235 12094 I chatty  : uid=2000(shell) /apex/com.android.adbd/bin/adbd expire 3 lines
08-22 02:23:05.456 10235 12095 I chatty  : uid=2000(shell) /apex/com.android.adbd/bin/adbd expire 3 lines
08-22 02:23:06.123  2982  2982 W ThreadPoolForeg: type=1400 audit(0.0:3453): avc: denied { write } for name="traced_producer" dev="tmpfs" ino=26046 scontext=u:r:gmscore_app:s0:c512,c768 tcontext=u:object_r:traced_producer_socket:s0 tclass=sock_file permissive=0 app=com.google.android.gms
08-22 02:23:06.193 31643 31643 I chatty  : uid=10135 com.google.android.googlequicksearchbox:search expire 130 lines
08-22 02:23:06.482 10235 12096 I chatty  : uid=2000(shell) /apex/com.android.adbd/bin/adbd expire 3 lines
08-22 02:23:06.732  6932  6955 I Finsky:background: [2090] Stats for Executor: bgExecutor tkx@43ccb9a[Running, pool size = 4, active threads = 0, queued tasks = 0, completed tasks = 77]
08-22 02:23:06.732  6932  6955 I Finsky:background: [2090] Stats for Executor: LightweightExecutor tkx@707cccb[Running, pool size = 4, active threads = 0, queued tasks = 0, completed tasks = 40]
08-22 02:23:07.063  6932  6955 I Finsky:background: [2090] Stats for Executor: BlockingExecutor tkx@eba3ca8[Running, pool size = 0, active threads = 0, queued tasks = 0, completed tasks = 14]
08-22 02:23:07.511 10235 12097 I chatty  : uid=2000(shell) /apex/com.android.adbd/bin/adbd expire 3 lines
08-22 02:23:08.513 10235 10235 I chatty  : uid=2000(shell) /apex/com.android.adbd/bin/adbd expire 63 lines
08-22 02:23:08.528 10235 10241 I chatty  : uid=2000(shell) usb ffs open expire 42 lines
08-22 02:23:08.545 10235 12098 I chatty  : uid=2000(shell) /apex/com.android.adbd/bin/adbd expire 3 lines
08-22 02:23:09.076  2570  2570 W ThreadPoolForeg: type=1400 audit(0.0:3454): avc: denied { write } for name="traced_producer" dev="tmpfs" ino=26046 scontext=u:r:gmscore_app:s0:c512,c768 tcontext=u:object_r:traced_producer_socket:s0 tclass=sock_file permissive=0 app=com.google.android.gms
08-22 02:23:09.579 10235 12099 I chatty  : uid=2000(shell) /apex/com.android.adbd/bin/adbd expire 3 lines
08-22 02:23:10.609 10235 12100 I chatty  : uid=2000(shell) /apex/com.android.adbd/bin/adbd expire 3 lines
08-22 02:23:10.765  1007  1007 I android.hardware.health@2.0-service.wahoo: SRAM data: 3623000
08-22 02:23:11.633 10235 12103 I chatty  : uid=2000(shell) /apex/com.android.adbd/bin/adbd expire 3 lines
08-22 02:23:12.659 10235 12104 I chatty  : uid=2000(shell) /apex/com.android.adbd/bin/adbd expire 3 lines
08-22 02:23:13.678 10235 12105 I chatty  : uid=2000(shell) /apex/com.android.adbd/bin/adbd expire 3 lines
08-22 02:23:13.944 11554 11567 I nstudio.notepa: WaitForGcToComplete blocked Background on ProfileSaver for 29.951ms
08-22 02:23:14.065 11554 11554 D WM-DelayedWorkTracker: Scheduling work b05ef689-0818-42d6-85f2-063a6a2a5e84
08-22 02:23:14.065 11554 11554 D WM-GreedyScheduler: Starting work for b05ef689-0818-42d6-85f2-063a6a2a5e84
08-22 02:23:14.074 11554 11646 D WM-Processor: Processor: processing WorkGenerationalId(workSpecId=b05ef689-0818-42d6-85f2-063a6a2a5e84, generation=0)
08-22 02:23:14.084 11554 11554 D WM-WorkerWrapper: Starting work for com.umlaut.crowd.service.InsightWorker
08-22 02:23:14.090 11554 11645 D WM-Processor: Processor cancelling b05ef689-0818-42d6-85f2-063a6a2a5e84
08-22 02:23:14.091 11554 11645 D WM-Processor: WorkerWrapper interrupted for b05ef689-0818-42d6-85f2-063a6a2a5e84
08-22 02:23:14.117 11554 11645 D WM-GreedyScheduler: Cancelling work ID b05ef689-0818-42d6-85f2-063a6a2a5e84
08-22 02:23:14.124 11554 11645 D WM-SystemJobScheduler: Scheduling work ID 6248eef8-7b6c-47ff-aebc-ac2ebf06d036Job ID 599510
08-22 02:23:14.128 11554 11645 I WM-WorkerWrapper: Work [ id=b05ef689-0818-42d6-85f2-063a6a2a5e84, tags={ com.umlaut.crowd.service.InsightWorker,InsightWorker } ] was cancelled
08-22 02:23:14.128 11554 11645 I WM-WorkerWrapper: androidx.work.impl.WorkerStoppedException
08-22 02:23:14.128 11554 11645 I WM-WorkerWrapper: 	at androidx.work.impl.WorkerWrapper.interrupt(SourceFile:5)
08-22 02:23:14.128 11554 11645 I WM-WorkerWrapper: 	at androidx.work.impl.Processor.interrupt(SourceFile:3)
08-22 02:23:14.128 11554 11645 I WM-WorkerWrapper: 	at androidx.work.impl.Processor.stopAndCancelWork(SourceFile:40)
08-22 02:23:14.128 11554 11645 I WM-WorkerWrapper: 	at androidx.work.impl.utils.CancelWorkRunnable.cancel(SourceFile:13)
08-22 02:23:14.128 11554 11645 I WM-WorkerWrapper: 	at androidx.work.impl.utils.CancelWorkRunnable.forNameInline$lambda$0(SourceFile:25)
08-22 02:23:14.128 11554 11645 I WM-WorkerWrapper: 	at androidx.work.impl.utils.CancelWorkRunnable.a(SourceFile:1)
08-22 02:23:14.128 11554 11645 I WM-WorkerWrapper: 	at androidx.work.impl.utils.a.run(SourceFile:1)
08-22 02:23:14.128 11554 11645 I WM-WorkerWrapper: 	at androidx.room.RoomDatabase.runInTransaction(SourceFile:2)
08-22 02:23:14.128 11554 11645 I WM-WorkerWrapper: 	at androidx.work.impl.utils.CancelWorkRunnable.forNameInline(SourceFile:10)
08-22 02:23:14.128 11554 11645 I WM-WorkerWrapper: 	at androidx.work.impl.utils.EnqueueRunnable.enqueueWorkWithPrerequisites(SourceFile:178)
08-22 02:23:14.128 11554 11645 I WM-WorkerWrapper: 	at androidx.work.impl.utils.EnqueueRunnable.enqueueContinuation(SourceFile:30)
08-22 02:23:14.128 11554 11645 I WM-WorkerWrapper: 	at androidx.work.impl.utils.EnqueueRunnable.processContinuation(SourceFile:78)
08-22 02:23:14.128 11554 11645 I WM-WorkerWrapper: 	at androidx.work.impl.utils.EnqueueRunnable.addToDatabase(SourceFile:19)
08-22 02:23:14.128 11554 11645 I WM-WorkerWrapper: 	at androidx.work.impl.utils.EnqueueRunnable.enqueue(SourceFile:7)
08-22 02:23:14.128 11554 11645 I WM-WorkerWrapper: 	at androidx.work.impl.WorkContinuationImpl.a(SourceFile:4)
08-22 02:23:14.128 11554 11645 I WM-WorkerWrapper: 	at androidx.work.impl.f.invoke(SourceFile:1)
08-22 02:23:14.128 11554 11645 I WM-WorkerWrapper: 	at androidx.work.OperationKt.launchOperation$lambda$2$lambda$1(SourceFile:13)
08-22 02:23:14.128 11554 11645 I WM-WorkerWrapper: 	at androidx.work.OperationKt.b(SourceFile:1)
08-22 02:23:14.128 11554 11645 I WM-WorkerWrapper: 	at androidx.work.h.run(SourceFile:1)
08-22 02:23:14.128 11554 11645 I WM-WorkerWrapper: 	at androidx.work.impl.utils.SerialExecutorImpl$Task.run(SourceFile:3)
08-22 02:23:14.128 11554 11645 I WM-WorkerWrapper: 	at java.util.concurrent.ThreadPoolExecutor.runWorker(ThreadPoolExecutor.java:1167)
08-22 02:23:14.128 11554 11645 I WM-WorkerWrapper: 	at java.util.concurrent.ThreadPoolExecutor$Worker.run(ThreadPoolExecutor.java:641)
08-22 02:23:14.128 11554 11645 I WM-WorkerWrapper: 	at java.lang.Thread.run(Thread.java:923)
08-22 02:23:14.129 11554 11645 D WM-WorkerWrapper: Status for b05ef689-0818-42d6-85f2-063a6a2a5e84 is null ; not doing any work
08-22 02:23:14.129 11554 11554 D WM-Processor: Processor b05ef689-0818-42d6-85f2-063a6a2a5e84 executed; reschedule = false
08-22 02:23:14.130 11554 11645 D WM-StopWorkRunnable: StopWorkRunnable for b05ef689-0818-42d6-85f2-063a6a2a5e84; Processor.stopWork = false
08-22 02:23:14.132 11554 11645 D WM-GreedyScheduler: Cancelling work ID b05ef689-0818-42d6-85f2-063a6a2a5e84
08-22 02:23:14.711 10235 12107 I chatty  : uid=2000(shell) /apex/com.android.adbd/bin/adbd expire 3 lines
08-22 02:23:14.931 11554 11702 D kb      : request time failed: java.net.UnknownHostException
08-22 02:23:14.931 11554 11702 V ge      : Syncing TimeServer failed
08-22 02:23:15.742 10235 12113 I chatty  : uid=2000(shell) /apex/com.android.adbd/bin/adbd expire 3 lines
08-22 02:23:16.772 10235 12114 I chatty  : uid=2000(shell) /apex/com.android.adbd/bin/adbd expire 3 lines
08-22 02:23:17.800 10235 12115 I chatty  : uid=2000(shell) /apex/com.android.adbd/bin/adbd expire 3 lines
08-22 02:23:18.834 10235 12116 I chatty  : uid=2000(shell) /apex/com.android.adbd/bin/adbd expire 3 lines
08-22 02:23:19.867 10235 12117 I chatty  : uid=2000(shell) /apex/com.android.adbd/bin/adbd expire 3 lines
08-22 02:23:20.899 10235 12118 I chatty  : uid=2000(shell) /apex/com.android.adbd/bin/adbd expire 3 lines
08-22 02:23:21.932 10235 12119 I chatty  : uid=2000(shell) /apex/com.android.adbd/bin/adbd expire 3 lines
08-22 02:23:22.958 10235 12120 I chatty  : uid=2000(shell) /apex/com.android.adbd/bin/adbd expire 3 lines
08-22 02:23:23.605  6932  7035 I PlayCommon: [2123] Preparing logs for uploading
08-22 02:23:23.622  6932  7035 I PlayCommon: [2123] Connecting to server: https://play.googleapis.com/play/log?format=raw&proto_v2=true
08-22 02:23:23.738 31643 31643 I chatty  : uid=10135 com.google.android.googlequicksearchbox:search expire 92 lines
08-22 02:23:23.985 10235 12126 I chatty  : uid=2000(shell) /apex/com.android.adbd/bin/adbd expire 3 lines
08-22 02:23:24.178  6932  7035 I PlayCommon: [2123] Successfully uploaded logs.
08-22 02:23:25.006 10235 12127 I chatty  : uid=2000(shell) /apex/com.android.adbd/bin/adbd expire 3 lines
08-22 02:23:25.119  2570 11553 I .gms.persisten: Explicit concurrent copying GC freed 73122(3766KB) AllocSpace objects, 8(296KB) LOS objects, 50% free, 18MB/37MB, paused 323us total 256.716ms
08-22 02:23:25.576 11554 11702 I o9      : gatewayOverUPnP: java.io.IOException
08-22 02:23:26.035 10235 12129 I chatty  : uid=2000(shell) /apex/com.android.adbd/bin/adbd expire 3 lines
08-22 02:23:27.064 10235 12130 I chatty  : uid=2000(shell) /apex/com.android.adbd/bin/adbd expire 3 lines
08-22 02:23:28.091 10235 12131 I chatty  : uid=2000(shell) /apex/com.android.adbd/bin/adbd expire 3 lines
08-22 02:23:29.131 10235 12132 I chatty  : uid=2000(shell) /apex/com.android.adbd/bin/adbd expire 3 lines
08-22 02:23:30.133 10235 10235 I chatty  : uid=2000(shell) /apex/com.android.adbd/bin/adbd expire 57 lines
08-22 02:23:30.152 10235 10241 I chatty  : uid=2000(shell) usb ffs open expire 38 lines
08-22 02:23:30.158 10235 12133 I chatty  : uid=2000(shell) /apex/com.android.adbd/bin/adbd expire 3 lines
08-22 02:23:30.415  2982  6215 I gle.android.gm: Explicit concurrent copying GC freed 65883(3025KB) AllocSpace objects, 12(496KB) LOS objects, 49% free, 23MB/47MB, paused 206us total 240.803ms
08-22 02:23:31.181 10235 12134 I chatty  : uid=2000(shell) /apex/com.android.adbd/bin/adbd expire 3 lines
08-22 02:23:32.216 10235 12135 I chatty  : uid=2000(shell) /apex/com.android.adbd/bin/adbd expire 3 lines
08-22 02:23:33.241 10235 12136 I chatty  : uid=2000(shell) /apex/com.android.adbd/bin/adbd expire 3 lines
08-22 02:23:34.268 10235 12138 I chatty  : uid=2000(shell) /apex/com.android.adbd/bin/adbd expire 3 lines
08-22 02:23:35.300 10235 12139 I chatty  : uid=2000(shell) /apex/com.android.adbd/bin/adbd expire 3 lines
08-22 02:23:36.153  2982  2982 W ThreadPoolForeg: type=1400 audit(0.0:3455): avc: denied { write } for name="traced_producer" dev="tmpfs" ino=26046 scontext=u:r:gmscore_app:s0:c512,c768 tcontext=u:object_r:traced_producer_socket:s0 tclass=sock_file permissive=0 app=com.google.android.gms
08-22 02:23:36.156 31643 31643 I chatty  : uid=10135 com.google.android.googlequicksearchbox:search expire 224 lines
08-22 02:23:36.326 10235 12140 I chatty  : uid=2000(shell) /apex/com.android.adbd/bin/adbd expire 3 lines
08-22 02:23:37.361 10235 12141 I chatty  : uid=2000(shell) /apex/com.android.adbd/bin/adbd expire 3 lines
08-22 02:23:38.392 10235 12142 I chatty  : uid=2000(shell) /apex/com.android.adbd/bin/adbd expire 3 lines
08-22 02:23:39.086  2570  2570 W ThreadPoolForeg: type=1400 audit(0.0:3456): avc: denied { write } for name="traced_producer" dev="tmpfs" ino=26046 scontext=u:r:gmscore_app:s0:c512,c768 tcontext=u:object_r:traced_producer_socket:s0 tclass=sock_file permissive=0 app=com.google.android.gms
08-22 02:23:39.418 10235 12143 I chatty  : uid=2000(shell) /apex/com.android.adbd/bin/adbd expire 3 lines
08-22 02:23:40.461 10235 12144 I chatty  : uid=2000(shell) /apex/com.android.adbd/bin/adbd expire 3 lines
08-22 02:23:41.489 10235 12145 I chatty  : uid=2000(shell) /apex/com.android.adbd/bin/adbd expire 3 lines
08-22 02:23:42.519 10235 12146 I chatty  : uid=2000(shell) /apex/com.android.adbd/bin/adbd expire 3 lines
08-22 02:23:43.548 10235 12149 I chatty  : uid=2000(shell) /apex/com.android.adbd/bin/adbd expire 3 lines
08-22 02:23:44.577 10235 12152 I chatty  : uid=2000(shell) /apex/com.android.adbd/bin/adbd expire 3 lines
08-22 02:23:45.142 11554 11702 D kb      : request time failed: java.net.UnknownHostException
08-22 02:23:45.143 11554 11702 V ge      : Syncing TimeServer failed
08-22 02:23:45.600 10235 12158 I chatty  : uid=2000(shell) /apex/com.android.adbd/bin/adbd expire 3 lines
08-22 02:23:46.628 10235 12159 I chatty  : uid=2000(shell) /apex/com.android.adbd/bin/adbd expire 3 lines
08-22 02:23:47.661 10235 12160 I chatty  : uid=2000(shell) /apex/com.android.adbd/bin/adbd expire 3 lines
08-22 02:23:48.688 10235 12161 I chatty  : uid=2000(shell) /apex/com.android.adbd/bin/adbd expire 3 lines
08-22 02:23:49.690 10235 10235 I chatty  : uid=2000(shell) /apex/com.android.adbd/bin/adbd expire 60 lines
08-22 02:23:49.708 10235 10241 I chatty  : uid=2000(shell) usb ffs open expire 40 lines
08-22 02:23:49.710 10235 12162 I chatty  : uid=2000(shell) /apex/com.android.adbd/bin/adbd expire 3 lines
08-22 02:23:50.743 10235 12163 I chatty  : uid=2000(shell) /apex/com.android.adbd/bin/adbd expire 3 lines
08-22 02:23:51.767 10235 12164 I chatty  : uid=2000(shell) /apex/com.android.adbd/bin/adbd expire 3 lines
08-22 02:23:52.793 10235 12166 I chatty  : uid=2000(shell) /apex/com.android.adbd/bin/adbd expire 3 lines
08-22 02:23:53.819 10235 12168 I chatty  : uid=2000(shell) /apex/com.android.adbd/bin/adbd expire 3 lines
08-22 02:23:54.861 10235 12169 I chatty  : uid=2000(shell) /apex/com.android.adbd/bin/adbd expire 3 lines
08-22 02:23:55.877 10235 12170 I chatty  : uid=2000(shell) /apex/com.android.adbd/bin/adbd expire 3 lines
08-22 02:23:56.912 10235 12171 I chatty  : uid=2000(shell) /apex/com.android.adbd/bin/adbd expire 3 lines
08-22 02:23:57.971 10235 12173 I chatty  : uid=2000(shell) /apex/com.android.adbd/bin/adbd expire 3 lines
08-22 02:23:58.992 10235 12174 I chatty  : uid=2000(shell) /apex/com.android.adbd/bin/adbd expire 3 lines
08-22 02:24:00.038 10235 12175 I chatty  : uid=2000(shell) /apex/com.android.adbd/bin/adbd expire 3 lines
08-22 02:24:01.067 10235 12180 I chatty  : uid=2000(shell) /apex/com.android.adbd/bin/adbd expire 3 lines
08-22 02:24:01.254  1476  1571 V DisplayPowerController: Brightness [0.019198358] reason changing to: 'automatic [ dim ]', previous reason: 'automatic'.
08-22 02:24:02.088 10235 12181 I chatty  : uid=2000(shell) /apex/com.android.adbd/bin/adbd expire 3 lines
08-22 02:24:03.115 10235 12182 I chatty  : uid=2000(shell) /apex/com.android.adbd/bin/adbd expire 3 lines
08-22 02:24:04.145 10235 12184 I chatty  : uid=2000(shell) /apex/com.android.adbd/bin/adbd expire 3 lines
08-22 02:24:05.173 10235 12185 I chatty  : uid=2000(shell) /apex/com.android.adbd/bin/adbd expire 3 lines
08-22 02:24:06.163  2982  2982 W ThreadPoolForeg: type=1400 audit(0.0:3457): avc: denied { write } for name="traced_producer" dev="tmpfs" ino=26046 scontext=u:r:gmscore_app:s0:c512,c768 tcontext=u:object_r:traced_producer_socket:s0 tclass=sock_file permissive=0 app=com.google.android.gms
08-22 02:24:06.199 10235 12186 I chatty  : uid=2000(shell) /apex/com.android.adbd/bin/adbd expire 3 lines
08-22 02:24:06.388 31643 31643 I chatty  : uid=10135 com.google.android.googlequicksearchbox:search expire 30 lines
08-22 02:24:07.232 10235 12187 I chatty  : uid=2000(shell) /apex/com.android.adbd/bin/adbd expire 3 lines
08-22 02:24:08.260 10235 12188 I chatty  : uid=2000(shell) /apex/com.android.adbd/bin/adbd expire 3 lines
08-22 02:24:09.109  2570  2570 W ThreadPoolForeg: type=1400 audit(0.0:3458): avc: denied { write } for name="traced_producer" dev="tmpfs" ino=26046 scontext=u:r:gmscore_app:s0:c512,c768 tcontext=u:object_r:traced_producer_socket:s0 tclass=sock_file permissive=0 app=com.google.android.gms
08-22 02:24:09.283 10235 12189 I chatty  : uid=2000(shell) /apex/com.android.adbd/bin/adbd expire 3 lines
08-22 02:24:09.567  1476  1571 I PowerManagerService: Going to sleep due to timeout (uid 1000)...
08-22 02:24:09.580  1873  3091 D KeyguardViewMediator: onStartedGoingToSleep(3)
08-22 02:24:09.589 20907 20907 I GoogleInputMethodService: GoogleInputMethodService.onFinishInput():2054 
08-22 02:24:09.593 20907 20907 I Module  : DeviceLockedStatusModuleProvider$Module.updateDeviceLockedStatus():100 repeatCheckTimes = 0, locked = false
08-22 02:24:09.598  1873  3091 D KeyguardViewMediator: setting alarm to turn off keyguard, seq = 13
08-22 02:24:09.599  1873  3091 D KeyguardViewMediator: notifyStartedGoingToSleep
08-22 02:24:09.608  1873  1873 D KeyguardUpdateMonitor: fingerprintRunningState: 1
08-22 02:24:09.608  1476  1476 V FingerprintService: startAuthentication(com.android.systemui)
08-22 02:24:09.609  1476  1476 V FingerprintService: starting client AuthenticationClientImpl(com.android.systemui) targetUserId: 0 currentUserId: 0 cookie: 0/0
08-22 02:24:09.609  1873  1873 D KeyguardViewMediator: handleNotifyStartedGoingToSleep
08-22 02:24:09.610  1226  1377 I fpc_tac : fpc_irq_wait {{19,10,0},{16,1,1}}
08-22 02:24:09.611  1226  1377 E fpc_tac : fpc_irq_wait error FPC_ERROR_CANCELLED
08-22 02:24:09.626 20907 20907 I GoogleInputMethodService: GoogleInputMethodService.onStartInput():1315 onStartInput(EditorInfo{EditorInfo{packageName=com.google.android.apps.nexuslauncher, inputType=0, inputTypeString=NULL, enableLearning=false, autoCorrection=false, autoComplete=false, imeOptions=0, privateImeOptions=null, actionName=UNSPECIFIED, actionLabel=null, initialSelStart=-1, initialSelEnd=-1, initialCapsMode=0, label=null, fieldId=-1, fieldName=null, extras=null, hintText=null, hintLocales=[]}}, false)
08-22 02:24:09.630  1476  1476 W FingerprintService: client com.android.systemui is authenticating...
08-22 02:24:09.632 20907 20907 I Module  : DeviceLockedStatusModuleProvider$Module.updateDeviceLockedStatus():100 repeatCheckTimes = 1, locked = false
08-22 02:24:09.682  1476  1571 V DisplayPowerController: Brightness [0.059198357] reason changing to: 'automatic', previous reason: 'automatic [ dim ]'.
08-22 02:24:10.101  1476  1571 I DisplayPowerController: Blocking screen off
08-22 02:24:10.102  1476  1571 I DisplayPowerController: Unblocked screen off after 1 ms
08-22 02:24:10.131  1007  1007 I android.hardware.health@2.0-service.wahoo: SRAM data: 3623000
08-22 02:24:10.162  1476  1571 D ActivityTaskManager: Top Process State changed to PROCESS_STATE_TOP_SLEEPING
08-22 02:24:10.173  1476  1563 D KernelCpuUidUserSysTimeReader: Removing uids 10511-10511
08-22 02:24:10.174  1873  3091 D KeyguardViewMediator: notifyScreenTurnedOff
08-22 02:24:10.174  1873  1873 D KeyguardViewMediator: handleNotifyScreenTurnedOff
08-22 02:24:10.179  1476  1571 V DisplayPowerController: Brightness [-1.0] reason changing to: 'screen_off', previous reason: 'automatic'.
08-22 02:24:10.182   675   675 D SurfaceFlinger: Setting power mode 0 on display 0
08-22 02:24:10.182  2044  2044 I WallpaperService: engine paused
08-22 02:24:10.182   678   678 I SDM     : DisplayBase::SetDisplayState: Set state = 0, display 0
08-22 02:24:10.186  1476  1552 I DisplayManagerService: Display device changed state: "Built-in Screen", OFF
08-22 02:24:10.191  1476  1552 I chatty  : uid=1000(system) android.display expire 1 line
08-22 02:24:10.204  2570  7699 I NearbySharing: Screen is locked
08-22 02:24:10.204  2570  7699 I NearbySharing: Stopping scanning because the screen is locked.
08-22 02:24:10.205 20907 20907 I PkDeviceHelper: PkDeviceHelper.refreshDevices():93 refreshing devices
08-22 02:24:10.211  2570  7699 I NearbySharing: Stopping Fast Init advertisement because Bluetooth is off.
08-22 02:24:10.211  2570  7699 I NearbySharing: Stopping advertising because Bluetooth is disabled.
08-22 02:24:10.211  2570  7699 I NearbySharing: Stopping FastInitiation scanning because the screen is locked.
08-22 02:24:10.211  2570  7699 I NearbySharing: Fast Initiation Scanning has stopped
08-22 02:24:10.213  2570  7699 I NearbySharing: Dismissing HUN as there's no device nearby.
08-22 02:24:10.220  3961  3961 I chatty  : uid=10135 com.google.android.googlequicksearchbox:googleapp expire 2 lines
08-22 02:24:10.285 10235 10235 I chatty  : uid=2000(shell) /apex/com.android.adbd/bin/adbd expire 21 lines
08-22 02:24:10.327   675   675 D SurfaceFlinger: Finished setting power mode 0 on display 0
08-22 02:24:10.333  1476  1571 I DreamManagerService: Entering dreamland.
08-22 02:24:10.334  1476  1571 I PowerManagerService: Dozing...
08-22 02:24:10.335  1476  1549 I DreamController: Starting dream: name=ComponentInfo{com.android.systemui/com.android.systemui.doze.DozeService}, isTest=false, canDoze=true, userId=0
08-22 02:24:10.335 10235 10241 I chatty  : uid=2000(shell) usb ffs open expire 14 lines
08-22 02:24:10.337 31643 31673 I chatty  : uid=10135(com.google.android.googlequicksearchbox) Lite Thread #0 expire 1 line
08-22 02:24:10.339 10235 12193 I chatty  : uid=2000(shell) /apex/com.android.adbd/bin/adbd expire 3 lines
08-22 02:24:10.364  1873  1873 V ShadeControllerImpl: NotificationShadeWindow: com.android.systemui.statusbar.phone.NotificationShadeWindowView{6e21e0c I.E...... ......ID 0,0-1440,2880} canPanelBeCollapsed(): false
08-22 02:24:10.371  1873  1873 D StatusBar: updateQsExpansionEnabled - QS Expand enabled: false
08-22 02:24:10.373  1873  2313 D KeyguardViewMediator: updateActivityLockScreenState(false, true)
08-22 02:24:10.376  1873  1873 D StatusBar: updateQsExpansionEnabled - QS Expand enabled: false
08-22 02:24:10.381  1873  1873 D StatusBar: updateQsExpansionEnabled - QS Expand enabled: false
08-22 02:24:10.394  1873  1873 D StatusBar: disable<e i a s b h r c s > disable2<q i n >
08-22 02:24:10.396  1873  1873 D StatusBar: disable<e i a s b h r c s > disable2<q i n >
08-22 02:24:10.410  1873  3091 D KeyguardViewMediator: onFinishedGoingToSleep(3)
08-22 02:24:10.410  1873  3091 D KeyguardViewMediator: notifyFinishedGoingToSleep
08-22 02:24:10.412  1060  1090 I chatty  : uid=1000(system) /vendor/bin/sensors.qcom expire 17 lines
08-22 02:24:10.419  1873  1873 D StatusBar: disable<e i a s b h r c s > disable2<q i n >
08-22 02:24:10.420  1873  1873 W View    : requestLayout() improperly called by com.android.keyguard.CarrierText{b2d6f9b V.ED..... ......ID 56,0-1068,140 #7f0a0280 app:id/keyguard_carrier_text} during layout: running second layout pass
08-22 02:24:10.430  2164  2271 I QCNEJ/CndHalConnector: -> SND notifyScreenStateChanged(false)
08-22 02:24:10.431  2164  2271 I QCNEJ/CndHalConnector: -> SND notifyScreenStateChanged(true)
08-22 02:24:10.434  1873  1873 D KeyguardViewMediator: handleNotifyFinishedGoingToSleep
08-22 02:24:10.437  1873  1873 D StatusBar: disable<e i a s b h r c s > disable2<q i n >
08-22 02:24:10.437  1873  1873 I chatty  : uid=10180(com.android.systemui) identical 4 lines
08-22 02:24:10.437  1873  1873 D StatusBar: disable<e i a s b h r c s > disable2<q i n >
08-22 02:24:10.448  1476  1552 V WindowManager: Orientation start waiting for draw, mDrawState=DRAW_PENDING in Window{bc92bf2 u0 ScreenDecorOverlayBottom}, surfaceController Surface(name=ScreenDecorOverlayBottom)/@0x15eeecc
08-22 02:24:10.448  1476  1552 V WindowManager: Orientation start waiting for draw, mDrawState=DRAW_PENDING in Window{298f45f u0 NotificationShade}, surfaceController Surface(name=NotificationShade)/@0xc8b2e5d
08-22 02:24:10.460  2342  2342 D RecentsOrientedState: current RecentsOrientedState: [this=RecentsOrientedState@66ef8a1 mOrientationHandler=PortraitPagedViewHandler@a871ac6 mDisplayRotation=0 mTouchRotation=0 mRecentsActivityRotation=0 isRecentsActivityRotationAllowed=false mSystemRotation=true mFlags=299]
08-22 02:24:10.460  2342  2342 I chatty  : uid=10177(com.google.android.apps.nexuslauncher) identical 2 lines
08-22 02:24:10.460  2342  2342 D RecentsOrientedState: current RecentsOrientedState: [this=RecentsOrientedState@66ef8a1 mOrientationHandler=PortraitPagedViewHandler@a871ac6 mDisplayRotation=0 mTouchRotation=0 mRecentsActivityRotation=0 isRecentsActivityRotationAllowed=false mSystemRotation=true mFlags=299]
08-22 02:24:10.476 31643 31643 I chatty  : uid=10135 com.google.android.googlequicksearchbox:search expire 31 lines
08-22 02:24:10.478  3562  3562 D NfcService: MSG_APPLY_SCREEN_STATE 1
08-22 02:24:10.484  1873  1873 I Elmyra/ElmyraService: Gated by NavigationBarVisibility [mIsNavigationHidden -> true; mExceptions -> [DismissTimer [mReceiverRegistered -> true], SnoozeAlarm [mReceiverRegistered -> true], SilenceCall [mSilenceSettingEnabled -> true], SettingsAction]; mIsNavigationGestural -> false; isActiveAssistantNga() -> false]
08-22 02:24:10.495  3562  3562 E libnfc_nci: [ERROR:NativeNfcTag.cpp(866)] nativeNfcTag_doDisconnect: tag already deactivated
08-22 02:24:10.505  1873  1873 I Elmyra/ElmyraService: Gated by NavigationBarVisibility [mIsNavigationHidden -> true; mExceptions -> [DismissTimer [mReceiverRegistered -> true], SnoozeAlarm [mReceiverRegistered -> true], SilenceCall [mSilenceSettingEnabled -> true], SettingsAction]; mIsNavigationGestural -> false; isActiveAssistantNga() -> false]
08-22 02:24:10.532 20907 12195 I DeviceStatusMonitor: DeviceStatusMonitor.handleBroadcast():123 onReceive() : Action = android.intent.action.SCREEN_OFF
08-22 02:24:10.533 20907 12195 I DeviceStatusMonitor: DeviceStatusMonitor.updateCountryInfo():139 updateCountryInfo(), notifyAnyway = false
08-22 02:24:10.534 20907 20907 I Module  : DeviceLockedStatusModuleProvider$Module.updateDeviceLockedStatus():100 repeatCheckTimes = 0, locked = false
08-22 02:24:10.534 20907 20907 I InputBundle: InputBundle.consumeEvent():999 Skip consuming an event as imeStatus is 0
08-22 02:24:10.575  2697 19618 D SconeRadioEngine: GRIL send disabled, nothing sent
08-22 02:24:10.584  2219  6652 W TelephonyPermissions: reportAccessDeniedToReadIdentifiers:com.ztnstudio.notepad:getSubscriptionInfoList:-1
08-22 02:24:10.587  2219  6652 W TelephonyPermissions: reportAccessDeniedToReadIdentifiers:com.ztnstudio.notepad:getSubscriptionInfoList:-1
08-22 02:24:10.593  2219  6652 E DatabaseUtils: Writing exception to parcel
08-22 02:24:10.593  2219  6652 E DatabaseUtils: java.lang.SecurityException: No permission to access APN settings
08-22 02:24:10.593  2219  6652 E DatabaseUtils: 	at com.android.providers.telephony.TelephonyProvider.checkPermission(TelephonyProvider.java:3947)
08-22 02:24:10.593  2219  6652 E DatabaseUtils: 	at com.android.providers.telephony.TelephonyProvider.checkPermissionCompat(TelephonyProvider.java:3964)
08-22 02:24:10.593  2219  6652 E DatabaseUtils: 	at com.android.providers.telephony.TelephonyProvider.query(TelephonyProvider.java:2927)
08-22 02:24:10.593  2219  6652 E DatabaseUtils: 	at android.content.ContentProvider.query(ContentProvider.java:1379)
08-22 02:24:10.593  2219  6652 E DatabaseUtils: 	at android.content.ContentProvider.query(ContentProvider.java:1475)
08-22 02:24:10.593  2219  6652 E DatabaseUtils: 	at android.content.ContentProvider$Transport.query(ContentProvider.java:278)
08-22 02:24:10.593  2219  6652 E DatabaseUtils: 	at android.content.ContentProviderNative.onTransact(ContentProviderNative.java:106)
08-22 02:24:10.593  2219  6652 E DatabaseUtils: 	at android.os.Binder.execTransactInternal(Binder.java:1159)
08-22 02:24:10.593  2219  6652 E DatabaseUtils: 	at android.os.Binder.execTransact(Binder.java:1123)
08-22 02:24:10.626 11554 11796 D jg      : sendJsonRequest: java.net.UnknownHostException
08-22 02:24:10.635 11554 11796 I chatty  : uid=10225(com.ztnstudio.notepad) identical 3 lines
08-22 02:24:11.403 10235 12220 I chatty  : uid=2000(shell) /apex/com.android.adbd/bin/adbd expire 3 lines
08-22 02:24:12.435 10235 12221 I chatty  : uid=2000(shell) /apex/com.android.adbd/bin/adbd expire 3 lines
08-22 02:24:13.463 10235 12222 I chatty  : uid=2000(shell) /apex/com.android.adbd/bin/adbd expire 3 lines
08-22 02:24:14.098 11554 11554 I chatty  : uid=10225(com.ztnstudio.notepad) expire 2 lines
08-22 02:24:14.109 11554 11646 I chatty  : uid=10225(com.ztnstudio.notepad) expire 1 line
08-22 02:24:14.124 11554 11554 I chatty  : uid=10225(com.ztnstudio.notepad) expire 1 line
08-22 02:24:14.132 11554 11645 I chatty  : uid=10225(com.ztnstudio.notepad) expire 2 lines
08-22 02:24:14.136 11554 11554 I chatty  : uid=10225(com.ztnstudio.notepad) expire 3 lines
08-22 02:24:14.186 11554 11645 I chatty  : uid=10225(com.ztnstudio.notepad) expire 1 line
08-22 02:24:14.492 10235 12224 I chatty  : uid=2000(shell) /apex/com.android.adbd/bin/adbd expire 3 lines
08-22 02:24:14.607  1873  1873 D KeyguardViewMediator: received DELAYED_KEYGUARD_ACTION with seq = 13, mDelayedShowingSequence = 13
08-22 02:24:14.612  1873  1873 D KeyguardViewMediator: doKeyguard: showing the lock screen
08-22 02:24:14.612  1873  1873 D KeyguardViewMediator: showLocked
08-22 02:24:14.621  1873  1873 D KeyguardViewMediator: handleShow
08-22 02:24:14.637  1873  2313 D KeyguardViewMediator: updateActivityLockScreenState(true, true)
08-22 02:24:14.637  1873  1873 D StatusBar: disable<e i a s b h r c s > disable2<q i n >
08-22 02:24:14.638  1873  1873 D StatusBar: disable<e i a s b h r c s > disable2<q i n >
08-22 02:24:14.639  1873  1873 D KeyguardViewMediator: adjustStatusBarLocked: mShowing=true mOccluded=false isSecure=true force=false --> flags=0x1200000
08-22 02:24:14.643 31643 31679 I chatty  : uid=10135(com.google.android.googlequicksearchbox) Lite Thread #1 expire 1 line
08-22 02:24:14.704  1873  1873 D KeyguardUpdateMonitor: onKeyguardVisibilityChanged(true)
08-22 02:24:14.709  1873  1873 D KeyguardViewMediator: adjustStatusBarLocked: mShowing=true mOccluded=false isSecure=true force=false --> flags=0x1200000
08-22 02:24:14.726  1873  1873 D StatusBar: disable<e i a s b H!R!c s > disable2<q i n >
08-22 02:24:14.731  1873  1873 I Elmyra/ElmyraService: Unblocked; current action: LaunchOpa [mIsGestureEnabled -> true; mIsOpaEnabled -> true]
08-22 02:24:14.732 31643 31643 I chatty  : uid=10135 com.google.android.googlequicksearchbox:search expire 27 lines
08-22 02:24:14.735  1873  1873 I Elmyra/ElmyraService: Unblocked; current action: LaunchOpa [mIsGestureEnabled -> true; mIsOpaEnabled -> true]
08-22 02:24:15.163  1476  1552 W ActivityTaskManager: Sleep timeout!  Sleeping now.
08-22 02:24:15.703  1476  1549 W Looper  : Slow delivery took 250ms android.fg h=com.android.server.dreams.DreamManagerService$DreamHandler c=com.android.server.dreams.DreamController$1@9d68a m=0
08-22 02:24:15.742 10235 12231 I chatty  : uid=2000(shell) /apex/com.android.adbd/bin/adbd expire 3 lines
08-22 02:24:15.746  2697  2712 W roid.apps.scon: Suspending all threads took: 9.354ms
08-22 02:24:18.842 10235 12235 I chatty  : uid=2000(shell) /apex/com.android.adbd/bin/adbd expire 3 lines
08-22 02:24:21.333 10235 10235 I chatty  : uid=2000(shell) /apex/com.android.adbd/bin/adbd expire 51 lines
08-22 02:24:21.347 10235 10241 I chatty  : uid=2000(shell) usb ffs open expire 28 lines
08-22 02:24:21.355 10235 12236 I chatty  : uid=2000(shell) /apex/com.android.adbd/bin/adbd expire 3 lines
08-22 02:24:21.450  1060  1090 I chatty  : uid=1000(system) /vendor/bin/sensors.qcom expire 20 lines
08-22 02:24:23.905 10235 12237 I chatty  : uid=2000(shell) /apex/com.android.adbd/bin/adbd expire 3 lines
08-22 02:24:26.944 10235 12238 I chatty  : uid=2000(shell) /apex/com.android.adbd/bin/adbd expire 3 lines
08-22 02:24:29.824  2570  7699 I NearbyPresence: (REDACTED) %s verified [==] new request %s equals to the old request
08-22 02:24:29.835  1476  1629 I chatty  : uid=1000(system) Binder:1476_3 expire 30 lines
08-22 02:24:30.458 31643 31643 I chatty  : uid=10135 com.google.android.googlequicksearchbox:search expire 55 lines
08-22 02:24:30.484 10235 12239 I chatty  : uid=2000(shell) /apex/com.android.adbd/bin/adbd expire 3 lines
08-22 02:24:33.077 10235 12240 I chatty  : uid=2000(shell) /apex/com.android.adbd/bin/adbd expire 3 lines
08-22 02:24:37.240 10235 12241 I chatty  : uid=2000(shell) /apex/com.android.adbd/bin/adbd expire 3 lines
08-22 02:24:39.708 10235 12243 I chatty  : uid=2000(shell) /apex/com.android.adbd/bin/adbd expire 3 lines
08-22 02:24:42.236 10235 12244 I chatty  : uid=2000(shell) /apex/com.android.adbd/bin/adbd expire 3 lines
08-22 02:24:44.649 10235 12245 I chatty  : uid=2000(shell) /apex/com.android.adbd/bin/adbd expire 3 lines
08-22 02:24:47.699 10235 12246 I chatty  : uid=2000(shell) /apex/com.android.adbd/bin/adbd expire 3 lines
08-22 02:24:50.779 10235 12247 I chatty  : uid=2000(shell) /apex/com.android.adbd/bin/adbd expire 3 lines
08-22 02:24:53.305 10235 12248 I chatty  : uid=2000(shell) /apex/com.android.adbd/bin/adbd expire 3 lines
08-22 02:24:55.750  1476  1549 W Looper  : Drained
08-22 02:24:55.806 10235 12249 I chatty  : uid=2000(shell) /apex/com.android.adbd/bin/adbd expire 3 lines
08-22 02:24:58.276 10235 12250 I chatty  : uid=2000(shell) /apex/com.android.adbd/bin/adbd expire 3 lines
08-22 02:25:01.812 10235 10241 I chatty  : uid=2000(shell) usb ffs open expire 10 lines
08-22 02:25:01.818 10235 12251 I chatty  : uid=2000(shell) /apex/com.android.adbd/bin/adbd expire 3 lines
08-22 02:25:05.497 10235 12253 I chatty  : uid=2000(shell) /apex/com.android.adbd/bin/adbd expire 3 lines
08-22 02:25:07.311 31643 31643 I capk    : (REDACTED) animateTo: to: %s, duration: %s
08-22 02:25:09.169 31643 31643 I dqbe    : (REDACTED) latestAudioLevel=%d
08-22 02:25:09.177 31643 31643 I capk    : (REDACTED) animateTo: to: %s, duration: %s
08-22 02:25:09.203 10235 12254 I chatty  : uid=2000(shell) /apex/com.android.adbd/bin/adbd expire 3 lines
08-22 02:25:10.998 31643 31643 I dqbe    : (REDACTED) latestAudioLevel=%d
08-22 02:25:10.999 31643 31643 I capk    : (REDACTED) animateTo: to: %s, duration: %s
08-22 02:25:11.014  1476  1629 I chatty  : uid=1000(system) Binder:1476_3 expire 10 lines
08-22 02:25:11.638 31643 31643 I dqbe    : (REDACTED) latestAudioLevel=%d
08-22 02:25:11.640 31643 31643 I capk    : (REDACTED) animateTo: to: %s, duration: %s
08-22 02:25:11.693 10235 10235 I chatty  : uid=2000(shell) /apex/com.android.adbd/bin/adbd expire 15 lines
08-22 02:25:11.716 10235 12255 I chatty  : uid=2000(shell) /apex/com.android.adbd/bin/adbd expire 3 lines
08-22 02:25:11.806  2982  2982 W ThreadPoolForeg: type=1400 audit(0.0:3459): avc: denied { write } for name="traced_producer" dev="tmpfs" ino=26046 scontext=u:r:gmscore_app:s0:c512,c768 tcontext=u:object_r:traced_producer_socket:s0 tclass=sock_file permissive=0 app=com.google.android.gms
08-22 02:25:12.837 31643 31643 I dqbe    : (REDACTED) latestAudioLevel=%d
08-22 02:25:12.839 31643 31643 I capk    : (REDACTED) animateTo: to: %s, duration: %s
08-22 02:25:14.663 31643 31643 I dqbe    : (REDACTED) latestAudioLevel=%d
08-22 02:25:14.664 31643 31643 I capk    : (REDACTED) animateTo: to: %s, duration: %s
08-22 02:25:14.877 10235 12256 I chatty  : uid=2000(shell) /apex/com.android.adbd/bin/adbd expire 3 lines
08-22 02:25:15.922 31643 31643 I dqbe    : (REDACTED) latestAudioLevel=%d
08-22 02:25:15.929 31643 31643 I capk    : (REDACTED) animateTo: to: %s, duration: %s
08-22 02:25:17.768 31643 31643 I dqbe    : (REDACTED) latestAudioLevel=%d
08-22 02:25:17.770 31643 31643 I capk    : (REDACTED) animateTo: to: %s, duration: %s
08-22 02:25:17.946 10235 10241 I chatty  : uid=2000(shell) usb ffs open expire 10 lines
08-22 02:25:17.952 10235 12257 I chatty  : uid=2000(shell) /apex/com.android.adbd/bin/adbd expire 3 lines
08-22 02:25:18.302 31643 31643 I dqbe    : (REDACTED) latestAudioLevel=%d
08-22 02:25:18.304 31643 31643 I capk    : (REDACTED) animateTo: to: %s, duration: %s
08-22 02:25:18.576 31643 31643 I dqbe    : (REDACTED) latestAudioLevel=%d
08-22 02:25:18.578 31643 31643 I capk    : (REDACTED) animateTo: to: %s, duration: %s
08-22 02:25:19.599 31643 31643 I dqbe    : (REDACTED) latestAudioLevel=%d
08-22 02:25:19.601 31643 31643 I capk    : (REDACTED) animateTo: to: %s, duration: %s
08-22 02:25:19.653  2570  2570 W ThreadPoolForeg: type=1400 audit(0.0:3460): avc: denied { write } for name="traced_producer" dev="tmpfs" ino=26046 scontext=u:r:gmscore_app:s0:c512,c768 tcontext=u:object_r:traced_producer_socket:s0 tclass=sock_file permissive=0 app=com.google.android.gms
08-22 02:25:19.754 10235 12258 I chatty  : uid=2000(shell) /apex/com.android.adbd/bin/adbd expire 3 lines
08-22 02:25:20.801 31643 31643 I dqbe    : (REDACTED) latestAudioLevel=%d
08-22 02:25:20.802 31643 31643 I capk    : (REDACTED) animateTo: to: %s, duration: %s
08-22 02:25:21.071 31643 31643 I dqbe    : (REDACTED) latestAudioLevel=%d
08-22 02:25:21.072 31643 31643 I capk    : (REDACTED) animateTo: to: %s, duration: %s
08-22 02:25:23.930 31643 31643 I dqbe    : (REDACTED) latestAudioLevel=%d
08-22 02:25:23.932 31643 31643 I capk    : (REDACTED) animateTo: to: %s, duration: %s
08-22 02:25:23.944 10235 12259 I chatty  : uid=2000(shell) /apex/com.android.adbd/bin/adbd expire 3 lines
08-22 02:25:23.947  1476  1629 I chatty  : uid=1000(system) Binder:1476_3 expire 10 lines
