08-22 03:04:29.528  1476 14833 D AdbDebuggingManager: Received WIFI TLS connected key message: QAAAALltY5d3d3/KgcfQIiOuzE6gEqrMBLpAx3Wx8mTzcPV/RV0xeC2xr9kZ8RX3aIGiMIxuiwFUboRncKlOxDB9WOYazFMtvykGd5IetrnR4EquNcr54EArqQtSgQNvPtZzE2YsOZ+1jl62z0X5ulIRkYSbDBy4YIK/oFQ3s5Mji0CTCKwEuw2GRAxGQQhk1dZkbi9NqCE39OI7oP0j2httQBbcbMitSYDCLJNRQvpx1RwaMVReDYXkBKXcpPMooyM6lRQ1c89Hp7VUZl8+rL4qyshKgqRj+pYjDFZKi1L9ZVXl7JnhmY0036xhX4+eANphOt/x3Fj6pIit/LlUQCBLM78tnl7CrL5lWbqUa1fYFFgASI/P6XC4QJ/5kJ2NpFOp/rbBJTv17ZluNYz2E4nX4AzmB0AumXGLSiGIIfCNIl8rtyPtPBLxedh0p8hbku/Lw9GbPtuwEI4PwctDYXjvAqW+ebwtWWuENSON8VzQSi59Ii/JSRDVQP8yN/7Ghfjlt+kjDDhFAUHS6qSlOub3Z6aFu5485S1q2qXSWAedWHr2Dq6cr3RyfElKfgNOicaPK0tNk/Cg40TvsyRkPpMSWskcEPLdK9Kx9wFc+xeyMocyTpM2MYnY7n1xiDvaSbdgvuMMiFSHoUEOjUiFlvOPhS3OT7wysN2HYs2Bm5WAfXV2Wy+DYgEAAQA= mattb@New-Macbook
08-22 03:04:29.674 14834 14878 W adbd    : timed out while waiting for FUNCTIONFS_BIND, trying again
08-22 03:04:29.674 14834 14878 I adbd    : UsbFfs: connection terminated: monitor thread finished
08-22 03:04:29.674 14834 14834 I adbd    : UsbFfs: already offline
08-22 03:04:29.674 14834 14834 I adbd    : destroying transport UsbFfs
08-22 03:04:29.675 14834 14834 I adbd    : UsbFfsConnection being destroyed
08-22 03:04:29.675 31643 31643 I dqbe    : (REDACTED) latestAudioLevel=%d
08-22 03:04:29.676 31643 31643 I capk    : (REDACTED) animateTo: to: %s, duration: %s
08-22 03:04:29.695 14834 14838 I adbd    : opening control endpoint /dev/usb-ffs/adb/ep0
08-22 03:04:29.697 14834 14838 I adbd    : UsbFfsConnection constructed
08-22 03:04:29.698 14834 14897 I adbd    : UsbFfs-monitor thread spawned
08-22 03:04:29.739  1476  1476 W NotificationHistory: Attempted to add notif for locked/gone/disabled user 0
08-22 03:04:29.748  1476  3586 W UserManagerService: Cannot retrieve activities for disabled profile -1 from 0
08-22 03:04:29.749  1873  1873 D InterruptionStateProvider: No bubble up: not allowed to bubble: -1|android|62|null|1000
08-22 03:04:29.750  1873  1873 W NotifBindPipeline: Row is not set so pipeline will not run. notif = -1|android|62|null|1000
08-22 03:04:29.755  1157  2320 D NuPlayerDriver: NuPlayerDriver(0xecfc0010) created, clientPid(1873)
08-22 03:04:29.759  1157 14902 D GenericSource: FileSource remote
08-22 03:04:29.770  1476  3586 I MediaFocusControl: requestAudioFocus() from uid/pid 10180/1873 clientId=android.media.AudioManager@6ca24d callingPack=com.android.systemui req=3 flags=0x0 sdk=30
08-22 03:04:29.775  1873  1873 D StatusBar: disable<e i a s b h r c s > disable2<q i n >
08-22 03:04:29.775  1873  1873 W TouchableRegionManager: onHeadsUpPinnedModeChanged
08-22 03:04:29.803  1873  1873 I Elmyra/ElmyraService: Switching action from LaunchOpa [mIsGestureEnabled -> true; mIsOpaEnabled -> true] to UnpinNotifications
08-22 03:04:29.803  1873  1873 I Elmyra/ElmyraService: Unblocked; current action: UnpinNotifications
08-22 03:04:29.945 31643 31643 I dqbe    : (REDACTED) latestAudioLevel=%d
08-22 03:04:29.945 31643 31643 I capk    : (REDACTED) animateTo: to: %s, duration: %s
08-22 03:04:30.114   960  1696 D audio_hw_primary: disable_audio_route: usecase(1) reset and update mixer path: low-latency-playback speaker
08-22 03:04:30.115   960  1696 D audio_hw_primary: disable_snd_device: snd_device(2: speaker)
08-22 03:04:30.117  1476  2302 I system_server: oneway function results will be dropped but finished with status OK and parcel size 4
08-22 03:04:30.215 31643 31643 I dqbe    : (REDACTED) latestAudioLevel=%d
08-22 03:04:30.215 31643 31643 I capk    : (REDACTED) animateTo: to: %s, duration: %s
08-22 03:04:30.272  1157 14901 I GenericSource: start
08-22 03:04:30.274  1873  1873 V MediaRouter: Selecting route: RouteInfo{ name=Phone, description=null, status=null, category=RouteCategory{ name=System types=ROUTE_TYPE_LIVE_AUDIO ROUTE_TYPE_LIVE_VIDEO  groupable=false }, supportedTypes=ROUTE_TYPE_LIVE_AUDIO ROUTE_TYPE_LIVE_VIDEO , presentationDisplay=null }
08-22 03:04:30.276  1157 14906 D CCodec  : allocate(c2.android.vorbis.decoder)
08-22 03:04:30.277  1176 14664 V C2Store : in init
08-22 03:04:30.277  1176 14664 V C2Store : loading dll
08-22 03:04:30.283  1157 14906 I CCodec  : Created component [c2.android.vorbis.decoder]
08-22 03:04:30.284  1157 14906 D CCodecConfig: read media type: audio/vorbis
08-22 03:04:30.288  1157 14906 D ReflectedParamUpdater: extent() != 1 for single value type: algo.buffers.max-count.values
08-22 03:04:30.289  1157 14906 D ReflectedParamUpdater: extent() != 1 for single value type: output.subscribed-indices.values
08-22 03:04:30.289  1157 14906 D ReflectedParamUpdater: extent() != 1 for single value type: input.buffers.allocator-ids.values
08-22 03:04:30.289  1157 14906 D ReflectedParamUpdater: extent() != 1 for single value type: output.buffers.allocator-ids.values
08-22 03:04:30.289  1157 14906 D ReflectedParamUpdater: extent() != 1 for single value type: algo.buffers.allocator-ids.values
08-22 03:04:30.290  1157 14906 D ReflectedParamUpdater: extent() != 1 for single value type: output.buffers.pool-ids.values
08-22 03:04:30.290  1157 14906 D ReflectedParamUpdater: extent() != 1 for single value type: algo.buffers.pool-ids.values
08-22 03:04:30.293  1157 14906 I CCodecConfig: query failed after returning 7 values (BAD_INDEX)
08-22 03:04:30.293  1157 14906 D CCodecConfig: c2 config diff is Dict {
08-22 03:04:30.293  1157 14906 D CCodecConfig:   c2::u32 coded.bitrate.value = 64000
08-22 03:04:30.293  1157 14906 D CCodecConfig:   c2::u32 input.buffers.max-size.value = 32768
08-22 03:04:30.293  1157 14906 D CCodecConfig:   c2::u32 input.delay.value = 0
08-22 03:04:30.293  1157 14906 D CCodecConfig:   string input.media-type.value = "audio/vorbis"
08-22 03:04:30.293  1157 14906 D CCodecConfig:   string output.media-type.value = "audio/raw"
08-22 03:04:30.293  1157 14906 D CCodecConfig:   c2::u32 raw.channel-count.value = 1
08-22 03:04:30.293  1157 14906 D CCodecConfig:   c2::u32 raw.sample-rate.value = 48000
08-22 03:04:30.293  1157 14906 D CCodecConfig: }
08-22 03:04:30.295  1157 14906 D CCodec  : [c2.android.vorbis.decoder] buffers are bound to CCodec for this session
08-22 03:04:30.295  1157 14906 D CCodecConfig: no c2 equivalents for durationUs
08-22 03:04:30.295  1157 14906 D CCodecConfig: no c2 equivalents for csd-1
08-22 03:04:30.296  1157 14906 D CCodecConfig: no c2 equivalents for channel-mask
08-22 03:04:30.296  1157 14906 D CCodecConfig: no c2 equivalents for flags
08-22 03:04:30.297  1157 14906 W Codec2Client: query -- param skipped: index = 1107298332.
08-22 03:04:30.297  1157 14906 D CCodec  : setup formats input: AMessage(what = 0x00000000) = {
08-22 03:04:30.297  1157 14906 D CCodec  :   int32_t channel-count = 1
08-22 03:04:30.297  1157 14906 D CCodec  :   int32_t max-input-size = 32768
08-22 03:04:30.297  1157 14906 D CCodec  :   string mime = "audio/vorbis"
08-22 03:04:30.297  1157 14906 D CCodec  :   int32_t sample-rate = 48000
08-22 03:04:30.297  1157 14906 D CCodec  : } and output: AMessage(what = 0x00000000) = {
08-22 03:04:30.297  1157 14906 D CCodec  :   int32_t channel-count = 1
08-22 03:04:30.297  1157 14906 D CCodec  :   string mime = "audio/raw"
08-22 03:04:30.297  1157 14906 D CCodec  :   int32_t sample-rate = 48000
08-22 03:04:30.297  1157 14906 D CCodec  :   int32_t channel-mask = 1
08-22 03:04:30.297  1157 14906 D CCodec  : }
08-22 03:04:30.297  1157 14906 I MediaCodec: MediaCodec will operate in async mode
08-22 03:04:30.298  1157 14906 W Codec2Client: query -- param skipped: index = 1342179345.
08-22 03:04:30.298  1157 14906 W Codec2Client: query -- param skipped: index = 2415921170.
08-22 03:04:30.299  1157 14906 E FMQ     : grantorIdx must be less than 3
08-22 03:04:30.299  1157 14906 E FMQ     : grantorIdx must be less than 3
08-22 03:04:30.300  1157 14906 D CCodecBufferChannel: [c2.android.vorbis.decoder#471] Created input block pool with allocatorID 16 => poolID 24 - OK (0)
08-22 03:04:30.300  1176  1176 D BufferPoolAccessor2.0: bufferpool2 0x7b873ef7b8 : 0(0 size) total buffers - 0(0 size) used buffers - 67/73 (recycle/alloc) - 6/72 (fetch/transfer)
08-22 03:04:30.300  1176  1176 D BufferPoolAccessor2.0: Destruction - bufferpool2 0x7b873ef7b8 cached: 0/0M, 0/0% in use; allocs: 73, 92% recycled; transfers: 72, 92% unfetched
08-22 03:04:30.300  1176  1176 E FMQ     : grantorIdx must be less than 3
08-22 03:04:30.300  1176  1176 E FMQ     : grantorIdx must be less than 3
08-22 03:04:30.301  1157  1912 D BufferPoolAccessor2.0: bufferpool2 0xe8481468 : 0(0 size) total buffers - 0(0 size) used buffers - 67/78 (recycle/alloc) - 11/150 (fetch/transfer)
08-22 03:04:30.301  1157  1912 D BufferPoolAccessor2.0: Destruction - bufferpool2 0xe8481468 cached: 0/0M, 0/0% in use; allocs: 78, 86% recycled; transfers: 150, 93% unfetched
08-22 03:04:30.301  1157 14906 I CCodecBufferChannel: [c2.android.vorbis.decoder#471] Created output block pool with allocatorID 16 => poolID 36 - OK
08-22 03:04:30.301  1157 14906 D CCodecBufferChannel: [c2.android.vorbis.decoder#471] Configured output block pool ids 36 => OK
08-22 03:04:30.303  1176 14907 D SimpleC2Component: Using output block pool with poolID 36 => got 36 - 0
08-22 03:04:30.305  1157 14906 E FMQ     : grantorIdx must be less than 3
08-22 03:04:30.306  1176 14664 E FMQ     : grantorIdx must be less than 3
08-22 03:04:30.314  1176 14907 E FMQ     : grantorIdx must be less than 3
08-22 03:04:30.314  1157  1931 E FMQ     : grantorIdx must be less than 3
08-22 03:04:30.318  1072  1698 D AudioFlinger: Client defaulted notificationFrames to 12000 for frameCount 24000
08-22 03:04:30.319  1072  1698 D AF::TrackHandle: OpPlayAudio: track:76 usage:5 not muted
08-22 03:04:30.325   960  1696 I EffectsFactory: EffectCreate() create_effect
08-22 03:04:30.353   960 21450 D audio_hw_primary: out_set_parameters: enter: usecase(1: low-latency-playback) kvpairs: routing=4194304
08-22 03:04:30.354  1476  3586 I system_server: oneway function results will be dropped but finished with status OK and parcel size 4
08-22 03:04:30.355  1476  3586 I chatty  : uid=1000(system) Binder:1476_13 identical 1 line
08-22 03:04:30.356  1476  3586 I system_server: oneway function results will be dropped but finished with status OK and parcel size 4
08-22 03:04:30.357   960  1696 E volume_listener: check_and_set_gain_dep_cal: Failed to set gain dep cal level
08-22 03:04:30.357   960  3094 D audio_hw_primary: select_devices_with_force_switch: changing use case low-latency-playback output device from(2: speaker, acdb 15) to (4: speaker-safe, acdb 15)
08-22 03:04:30.357   960  3094 D audio_hw_primary: enable_snd_device: snd_device(4: speaker-safe)
08-22 03:04:30.357   671   671 D android.hardware.power@1.3-service.pixel-libperfmgr: AUDIO_STREAMING: 1
08-22 03:04:30.357   960  3094 D audio_route: Apply path: speaker-safe
08-22 03:04:30.359   960  3094 D ACDB-LOADER: ACDB -> send_audio_cal, acdb_id = 15, path = 0, app id = 0x11130, sample rate = 48000
08-22 03:04:30.359   960  3094 D ACDB-LOADER: ACDB -> ACDB_CMD_GET_AUDPROC_GAIN_DEP_STEP_TABLE, vol index 0
08-22 03:04:30.359   960  3094 D android.hardware.audio.service: Failed to fetch the lookup information of the device 0000000F 
08-22 03:04:30.359   960  3094 E ACDB-LOADER: Error: ACDB AudProc vol returned = -19
08-22 03:04:30.359   960  3094 D ACDB-LOADER: ACDB -> GET_AFE_TOPOLOGY_ID for adcd_id 15, Topology Id 1025e
08-22 03:04:30.359   960  3094 D audio_hw_primary: enable_audio_route: usecase(1) apply and update mixer path: low-latency-playback speaker
08-22 03:04:30.359   960  3094 D audio_route: Apply path: low-latency-playback speaker
08-22 03:04:30.484 31643 31643 I dqbe    : (REDACTED) latestAudioLevel=%d
08-22 03:04:30.485 31643 31643 I capk    : (REDACTED) animateTo: to: %s, duration: %s
08-22 03:04:30.568   960  3094 D audio_hw_primary: out_write: retry previous failed cal level set
08-22 03:04:30.568   671   671 D android.hardware.power@1.3-service.pixel-libperfmgr: AUDIO_STREAMING: 0
08-22 03:04:30.568   960  3094 D ACDB-LOADER: ACDB -> ACDB_CMD_GET_AUDPROC_GAIN_DEP_STEP_TABLE, vol index 5
08-22 03:04:30.568   960  3094 D android.hardware.audio.service: Failed to fetch the lookup information of the device 0000000F 
08-22 03:04:30.568   960  3094 E ACDB-LOADER: Error: ACDB AudProc vol returned = -19
08-22 03:04:30.700 14834 14897 W adbd    : timed out while waiting for FUNCTIONFS_BIND, trying again
08-22 03:04:30.701 14834 14897 I adbd    : UsbFfs: connection terminated: monitor thread finished
08-22 03:04:30.701 14834 14834 I adbd    : UsbFfs: already offline
08-22 03:04:30.701 14834 14834 I adbd    : destroying transport UsbFfs
08-22 03:04:30.701 14834 14834 I adbd    : UsbFfsConnection being destroyed
08-22 03:04:30.714 14834 14838 I adbd    : opening control endpoint /dev/usb-ffs/adb/ep0
08-22 03:04:30.716 14834 14838 I adbd    : UsbFfsConnection constructed
08-22 03:04:30.717 14834 14908 I adbd    : UsbFfs-monitor thread spawned
08-22 03:04:30.755 31643 31643 I dqbe    : (REDACTED) latestAudioLevel=%d
08-22 03:04:30.755 31643 31643 I capk    : (REDACTED) animateTo: to: %s, duration: %s
08-22 03:04:31.024 31643 31643 I dqbe    : (REDACTED) latestAudioLevel=%d
08-22 03:04:31.025 31643 31643 I capk    : (REDACTED) animateTo: to: %s, duration: %s
08-22 03:04:31.294 31643 31643 I dqbe    : (REDACTED) latestAudioLevel=%d
08-22 03:04:31.294 31643 31643 I capk    : (REDACTED) animateTo: to: %s, duration: %s
08-22 03:04:31.417  1157 14906 D CCodecBufferChannel: [c2.android.vorbis.decoder#471] buffers after EOS ignored (0 us)
08-22 03:04:31.417  1157 14906 D CCodecBufferChannel: [c2.android.vorbis.decoder#471] buffers after EOS ignored (0 us)
08-22 03:04:31.564 31643 31643 I dqbe    : (REDACTED) latestAudioLevel=%d
08-22 03:04:31.564 31643 31643 I capk    : (REDACTED) animateTo: to: %s, duration: %s
08-22 03:04:31.574  1476  1476 W Binder:1476_13: type=1400 audit(0.0:3546): avc: denied { getopt } for scontext=u:r:system_server:s0 tcontext=u:r:shell:s0 tclass=unix_stream_socket permissive=0
08-22 03:04:31.574  1476  1476 W Binder:1476_13: type=1400 audit(0.0:3547): avc: denied { getopt } for scontext=u:r:system_server:s0 tcontext=u:r:shell:s0 tclass=unix_stream_socket permissive=0
08-22 03:04:31.574  1476  1476 W Binder:1476_13: type=1400 audit(0.0:3548): avc: denied { getopt } for scontext=u:r:system_server:s0 tcontext=u:r:shell:s0 tclass=unix_stream_socket permissive=0
08-22 03:04:31.574 14909 14909 I abb     : StartCommandInProcess(73657474696e67730067657400676c6f settings.get.glo [truncated])
08-22 03:04:31.575 14834 14834 I adbd    : New TLS connection [fd=25]
08-22 03:04:31.576 14834 14834 I adbd    : New TLS connection [fd=27]
08-22 03:04:31.576 14834 14915 I adbd    : host-25: read thread spawning
08-22 03:04:31.576 14834 14915 I adbd    : host-25: read failed: Success
08-22 03:04:31.576 14834 14915 I adbd    : host-25: connection terminated: read failed
08-22 03:04:31.576 14834 14916 I adbd    : host-25: write thread spawning
08-22 03:04:31.576 14834 14834 I adbd    : New TLS connection [fd=28]
08-22 03:04:31.576 14834 14834 I adbd    : host-25: already offline
08-22 03:04:31.576 14834 14834 I adbd    : destroying transport host-25
08-22 03:04:31.576 14834 14834 I adbd    : BlockingConnectionAdapter(host-25): stopping
08-22 03:04:31.577 14834 14834 I adbd    : BlockingConnectionAdapter(host-25): stopped
08-22 03:04:31.577 14834 14918 I adbd    : host-27: write thread spawning
08-22 03:04:31.577 14834 14917 I adbd    : host-27: read thread spawning
08-22 03:04:31.577 14834 14917 I adbd    : host-27: read failed: Success
08-22 03:04:31.577 14834 14917 I adbd    : host-27: connection terminated: read failed
08-22 03:04:31.577 14834 14834 I adbd    : New TLS connection [fd=25]
08-22 03:04:31.577 14834 14834 I adbd    : BlockingConnectionAdapter(): destructing
08-22 03:04:31.577 14834 14834 I adbd    : BlockingConnectionAdapter(): not started
08-22 03:04:31.577 14834 14834 I adbd    : host-27: already offline
08-22 03:04:31.577 14834 14834 I adbd    : destroying transport host-27
08-22 03:04:31.577 14834 14834 I adbd    : BlockingConnectionAdapter(host-27): stopping
08-22 03:04:31.578 14909 14914 I abb     : oneway function results will be dropped but finished with status OK and parcel size 4
08-22 03:04:31.578 14834 14834 I adbd    : BlockingConnectionAdapter(host-27): stopped
08-22 03:04:31.578 14834 14920 I adbd    : host-28: write thread spawning
08-22 03:04:31.578 14834 14919 I adbd    : host-28: read thread spawning
08-22 03:04:31.578 14834 14919 I adbd    : host-28: read failed: Success
08-22 03:04:31.578 14834 14919 I adbd    : host-28: connection terminated: read failed
08-22 03:04:31.578 14834 14834 I adbd    : New TLS connection [fd=25]
08-22 03:04:31.578 14834 14834 I adbd    : BlockingConnectionAdapter(): destructing
08-22 03:04:31.578 14834 14834 I adbd    : BlockingConnectionAdapter(): not started
08-22 03:04:31.578 14834 14834 I adbd    : host-28: already offline
08-22 03:04:31.578 14834 14834 I adbd    : destroying transport host-28
08-22 03:04:31.578 14834 14834 I adbd    : BlockingConnectionAdapter(host-28): stopping
08-22 03:04:31.578 14834 14834 I adbd    : BlockingConnectionAdapter(host-28): stopped
08-22 03:04:31.579 14834 14834 I adbd    : BlockingConnectionAdapter(host-25): destructing
08-22 03:04:31.579 14834 14834 I adbd    : BlockingConnectionAdapter(host-25): already stopped
08-22 03:04:31.579 14834 14834 I adbd    : BlockingConnectionAdapter(host-27): destructing
08-22 03:04:31.579 14834 14834 I adbd    : BlockingConnectionAdapter(host-27): already stopped
08-22 03:04:31.579 14834 14834 I adbd    : BlockingConnectionAdapter(host-28): destructing
08-22 03:04:31.579 14834 14834 I adbd    : BlockingConnectionAdapter(host-28): already stopped
08-22 03:04:31.666  1157 14904 D AudioTrack: stop(57): called with 67199 frames delivered
08-22 03:04:31.700 14834 14834 I adbd    : New TLS connection [fd=24]
08-22 03:04:31.701 14834 14922 I adbd    : host-24: write thread spawning
08-22 03:04:31.701 14834 14921 I adbd    : host-24: read thread spawning
08-22 03:04:31.701 14834 14921 I adbd    : host-24: read failed: Success
08-22 03:04:31.701 14834 14921 I adbd    : host-24: connection terminated: read failed
08-22 03:04:31.702 14834 14834 I adbd    : host-24: already offline
08-22 03:04:31.702 14834 14834 I adbd    : destroying transport host-24
08-22 03:04:31.702 14834 14834 I adbd    : BlockingConnectionAdapter(host-24): stopping
08-22 03:04:31.702 14834 14834 I adbd    : BlockingConnectionAdapter(host-24): stopped
08-22 03:04:31.703 14834 14834 I adbd    : BlockingConnectionAdapter(host-24): destructing
08-22 03:04:31.703 14834 14834 I adbd    : BlockingConnectionAdapter(host-24): already stopped
08-22 03:04:31.706 14909 14909 I abb     : StartCommandInProcess(7061636b61676500696e7374616c6c2d package.install- [truncated])
08-22 03:04:31.710  1476  1476 W Binder:1476_13: type=1400 audit(0.0:3549): avc: denied { getopt } for scontext=u:r:system_server:s0 tcontext=u:r:shell:s0 tclass=unix_stream_socket permissive=0
08-22 03:04:31.714  1476  1476 I chatty  : uid=1000 system_server identical 1 line
08-22 03:04:31.714  1476  1476 W Binder:1476_13: type=1400 audit(0.0:3551): avc: denied { getopt } for scontext=u:r:system_server:s0 tcontext=u:r:shell:s0 tclass=unix_stream_socket permissive=0
08-22 03:04:31.716 14909 14914 I abb     : oneway function results will be dropped but finished with status OK and parcel size 4
08-22 03:04:31.719 14834 14908 W adbd    : timed out while waiting for FUNCTIONFS_BIND, trying again
08-22 03:04:31.719 14834 14908 I adbd    : UsbFfs: connection terminated: monitor thread finished
08-22 03:04:31.719 14834 14834 I adbd    : UsbFfs: already offline
08-22 03:04:31.719 14834 14834 I adbd    : destroying transport UsbFfs
08-22 03:04:31.719 14834 14834 I adbd    : UsbFfsConnection being destroyed
08-22 03:04:31.743 14834 14838 I adbd    : opening control endpoint /dev/usb-ffs/adb/ep0
08-22 03:04:31.745 14834 14838 I adbd    : UsbFfsConnection constructed
08-22 03:04:31.746 14909 14909 I abb     : StartCommandInProcess(7061636b61676500696e7374616c6c00 package.install. [truncated])
08-22 03:04:31.746 14834 14925 I adbd    : UsbFfs-monitor thread spawned
08-22 03:04:31.834 31643 31643 I dqbe    : (REDACTED) latestAudioLevel=%d
08-22 03:04:31.835 31643 31643 I capk    : (REDACTED) animateTo: to: %s, duration: %s
08-22 03:04:32.060  1476  5080 I MediaFocusControl: abandonAudioFocus() from uid/pid 10180/1873 clientId=android.media.AudioManager@6ca24d
08-22 03:04:32.060  1873 14899 V MediaPlayer: resetDrmState:  mDrmInfo=null mDrmProvisioningThread=null mPrepareDrmInProgress=false mActiveDrmScheme=false
08-22 03:04:32.060  1873 14899 V MediaPlayer: cleanDrmObj: mDrmObj=null mDrmSessionId=null
08-22 03:04:32.060  1157  2320 D NuPlayerDriver: reset(0xecfc0010) at state 6
08-22 03:04:32.062  1157 14906 I hw-BpHwBinder: onLastStrongRef automatically unlinking death recipients
08-22 03:04:32.062  1176 14664 I hw-BpHwBinder: onLastStrongRef automatically unlinking death recipients
08-22 03:04:32.063  1176 14664 V C2Store : in ~ComponentModule
08-22 03:04:32.063  1176 14664 V C2Store : unloading dll
08-22 03:04:32.065  1157 14901 D NuPlayerDriver: notifyResetComplete(0xecfc0010)
08-22 03:04:32.065  1157  2320 W AMessage: failed to post message as target looper for handler 0 is gone.
08-22 03:04:32.084   960 21450 D ACDB-LOADER: ACDB -> ACDB_CMD_GET_AUDPROC_GAIN_DEP_STEP_TABLE, vol index 0
08-22 03:04:32.084   960 21450 D android.hardware.audio.service: Failed to fetch the lookup information of the device 0000000F 
08-22 03:04:32.084   960 21450 E ACDB-LOADER: Error: ACDB AudProc vol returned = -19
08-22 03:04:32.084   960 21450 E volume_listener: check_and_set_gain_dep_cal: Failed to set gain dep cal level
08-22 03:04:32.084   960 21450 E volume_listener: check_and_set_gain_dep_cal: Failed to set gain dep cal level
08-22 03:04:32.085  1476  2302 I system_server: oneway function results will be dropped but finished with status OK and parcel size 4
08-22 03:04:32.096  1195  1195 I cnss-daemon: wlan_service_core_minfreq: SET
08-22 03:04:32.096  1195  1195 I cnss-daemon: wlan_service_core_minfreq: BIG CL
08-22 03:04:32.103 31643 31643 I dqbe    : (REDACTED) latestAudioLevel=%d
08-22 03:04:32.104 31643 31643 I capk    : (REDACTED) animateTo: to: %s, duration: %s
08-22 03:04:32.164  1476  1476 W Binder:1476_13: type=1400 audit(0.0:3552): avc: denied { getopt } for scontext=u:r:system_server:s0 tcontext=u:r:shell:s0 tclass=unix_stream_socket permissive=0
08-22 03:04:32.197  1195  1195 I cnss-daemon: wlan_service_core_minfreq: RESET
08-22 03:04:32.197  1195  1195 E cnss-daemon: wlan_service_core_minfreq: reset: handle not valid
08-22 03:04:32.250  8608  8608 I Finsky  : [2] VerifyApps: Install-time verification requested for package io.scoregenius.app, PackageManager id = 8, Verifier id = 45628cdf-28d8-417b-a146-655a73e4528c
08-22 03:04:32.254  8608  8634 I Finsky  : [2128] RECEIVER_PACKAGE_VERIFICATION#logWorkEndAndFinishGoAsync: SUCCESS
08-22 03:04:32.265  1476  1580 I PackageManager: Integrity check passed for file:///data/app/vmdl1545656708.tmp
08-22 03:04:32.306  8608 14011 I Finsky  : [2284] VerifyApps: Anti-malware verification task started for package=io.scoregenius.app
08-22 03:04:32.317  8608 14011 E AbstractLogEventBuilder: The provided ProductIdOrigin 3 is not one of the process-level expected values: 1 or 2
08-22 03:04:32.318  8608 14011 I Finsky  : [2284] Single user settings service is not running, bind it now
08-22 03:04:32.327  8608  8608 I Finsky  : [2] Single user settings service is connected
08-22 03:04:32.353  8608 14011 W Settings: Setting install_non_market_apps has moved from android.provider.Settings.Global to android.provider.Settings.Secure, returning read-only value.
08-22 03:04:32.373 31643 31643 I dqbe    : (REDACTED) latestAudioLevel=%d
08-22 03:04:32.374 31643 31643 I capk    : (REDACTED) animateTo: to: %s, duration: %s
08-22 03:04:32.404  8608  8654 E AbstractLogEventBuilder: The provided ProductIdOrigin 3 is not one of the process-level expected values: 1 or 2
08-22 03:04:32.478  8608 14011 I Finsky  : [2284] VerifyApps: Installer app: com.android.shell
08-22 03:04:32.485  8608 14011 I Finsky  : [2284] Task 7 requested foreground
08-22 03:04:32.486  8608 14011 I Finsky  : [2284] Not entering foreground
08-22 03:04:32.487  8608  8661 I Finsky  : [2153] VerifyApps: Starting APK Analysis scan for io.scoregenius.app.
08-22 03:04:32.488  8608  8661 I Finsky  : [2153] Scanning package io.scoregenius.app contents with client side protections. File: [4_5k9e0MRJLLLTRyvgRx7JNjvHS6hK7-DV1UeZX9yCQ]
08-22 03:04:32.644 31643 31643 I dqbe    : (REDACTED) latestAudioLevel=%d
08-22 03:04:32.644 31643 31643 I capk    : (REDACTED) animateTo: to: %s, duration: %s
08-22 03:04:32.684  8608 14009 I Finsky  : [2283] VerifyApps: Verification package=io.scoregenius.app, id=8, response=0, upload_requested=false, run_post_install=false
08-22 03:04:32.685  8608 14009 I Finsky  : [2283] VerifyApps: PAM result saving to datastore delayed for package: io.scoregenius.app
08-22 03:04:32.726  8608 10394 I PlayCore: UID: [10106]  PID: [8608] auqh : Initiate binding to the service.
08-22 03:04:32.729  1476  5080 D CompatibilityChangeReporter: Compat change id reported: 135634846; UID 10106; state: DISABLED
08-22 03:04:32.729  1476  1559 D CompatibilityChangeReporter: Compat change id reported: 143937733; UID 10106; state: ENABLED
08-22 03:04:32.746   942   942 D Zygote  : Forked child process 14929
08-22 03:04:32.748 14834 14925 W adbd    : timed out while waiting for FUNCTIONFS_BIND, trying again
08-22 03:04:32.748 14834 14925 I adbd    : UsbFfs: connection terminated: monitor thread finished
08-22 03:04:32.748 14834 14834 I adbd    : UsbFfs: already offline
08-22 03:04:32.748 14834 14834 I adbd    : destroying transport UsbFfs
08-22 03:04:32.748 14834 14834 I adbd    : UsbFfsConnection being destroyed
08-22 03:04:32.753  1476  1559 I ActivityManager: Start proc 14929:com.android.vending:com.google.android.finsky.verifier.apkanalysis.service.ApkContentsScanService/u0i24 for service {com.android.vending/com.google.android.finsky.verifier.apkanalysis.service.ApkContentsScanService}
08-22 03:04:32.770 14929 14929 E entsScanServic: Not starting debugger since process cannot load the jdwp agent.
08-22 03:04:32.790 14834 14838 I adbd    : opening control endpoint /dev/usb-ffs/adb/ep0
08-22 03:04:32.791 14834 14838 I adbd    : UsbFfsConnection constructed
08-22 03:04:32.792 14834 14949 I adbd    : UsbFfs-monitor thread spawned
08-22 03:04:32.798 14929 14929 I entsScanServic: The ClassLoaderContext is a special shared library.
08-22 03:04:32.913 31643 31643 I dqbe    : (REDACTED) latestAudioLevel=%d
08-22 03:04:32.914 31643 31643 I capk    : (REDACTED) animateTo: to: %s, duration: %s
08-22 03:04:33.000  1476  1675 W NetworkPolicy: shared quota unsupported; generating rule for each iface
08-22 03:04:33.183 31643 31643 I dqbe    : (REDACTED) latestAudioLevel=%d
08-22 03:04:33.183 31643 31643 I capk    : (REDACTED) animateTo: to: %s, duration: %s
08-22 03:04:33.441 14929 14929 D NetworkSecurityConfig: No Network Security Config specified, using platform default
08-22 03:04:33.441 14929 14929 D NetworkSecurityConfig: No Network Security Config specified, using platform default
08-22 03:04:33.453 31643 31643 I dqbe    : (REDACTED) latestAudioLevel=%d
08-22 03:04:33.453 31643 31643 I capk    : (REDACTED) animateTo: to: %s, duration: %s
08-22 03:04:33.611 14834 14834 I adbd    : New TLS connection [fd=25]
08-22 03:04:33.612 14834 14953 I adbd    : host-25: write thread spawning
08-22 03:04:33.612 14834 14951 I adbd    : host-25: read thread spawning
08-22 03:04:33.612 14834 14951 I adbd    : host-25: read failed: Success
08-22 03:04:33.612 14834 14951 I adbd    : host-25: connection terminated: read failed
08-22 03:04:33.612 14834 14834 I adbd    : host-25: already offline
08-22 03:04:33.613 14834 14834 I adbd    : destroying transport host-25
08-22 03:04:33.613 14834 14834 I adbd    : BlockingConnectionAdapter(host-25): stopping
08-22 03:04:33.614 14834 14834 I adbd    : BlockingConnectionAdapter(host-25): stopped
08-22 03:04:33.614 14834 14834 I adbd    : BlockingConnectionAdapter(host-25): destructing
08-22 03:04:33.614 14834 14834 I adbd    : BlockingConnectionAdapter(host-25): already stopped
08-22 03:04:33.619 14834 14834 I adbd    : New TLS connection [fd=25]
08-22 03:04:33.619 14834 14957 I adbd    : host-25: write thread spawning
08-22 03:04:33.620 14834 14956 I adbd    : host-25: read thread spawning
08-22 03:04:33.620 14834 14956 I adbd    : host-25: read failed: Success
08-22 03:04:33.620 14834 14956 I adbd    : host-25: connection terminated: read failed
08-22 03:04:33.620 14834 14834 I adbd    : host-25: already offline
08-22 03:04:33.620 14834 14834 I adbd    : destroying transport host-25
08-22 03:04:33.621 14834 14834 I adbd    : BlockingConnectionAdapter(host-25): stopping
08-22 03:04:33.622 14834 14834 I adbd    : BlockingConnectionAdapter(host-25): stopped
08-22 03:04:33.622 14834 14834 I adbd    : BlockingConnectionAdapter(host-25): destructing
08-22 03:04:33.622 14834 14834 I adbd    : BlockingConnectionAdapter(host-25): already stopped
08-22 03:04:33.627 14834 14834 I adbd    : New TLS connection [fd=25]
08-22 03:04:33.628 14834 14959 I adbd    : host-25: write thread spawning
08-22 03:04:33.628 14834 14958 I adbd    : host-25: read thread spawning
08-22 03:04:33.628 14834 14958 I adbd    : host-25: read failed: Success
08-22 03:04:33.628 14834 14958 I adbd    : host-25: connection terminated: read failed
08-22 03:04:33.629 14834 14834 I adbd    : host-25: already offline
08-22 03:04:33.629 14834 14834 I adbd    : destroying transport host-25
08-22 03:04:33.629 14834 14834 I adbd    : BlockingConnectionAdapter(host-25): stopping
08-22 03:04:33.629 14834 14834 I adbd    : BlockingConnectionAdapter(host-25): stopped
08-22 03:04:33.630 14834 14834 I adbd    : BlockingConnectionAdapter(host-25): destructing
08-22 03:04:33.630 14834 14834 I adbd    : BlockingConnectionAdapter(host-25): already stopped
08-22 03:04:33.634 14834 14834 I adbd    : New TLS connection [fd=25]
08-22 03:04:33.635 14834 14961 I adbd    : host-25: write thread spawning
08-22 03:04:33.635 14834 14960 I adbd    : host-25: read thread spawning
08-22 03:04:33.635 14834 14960 I adbd    : host-25: read failed: Success
08-22 03:04:33.635 14834 14960 I adbd    : host-25: connection terminated: read failed
08-22 03:04:33.636 14834 14834 I adbd    : host-25: already offline
08-22 03:04:33.636 14834 14834 I adbd    : destroying transport host-25
08-22 03:04:33.636 14834 14834 I adbd    : BlockingConnectionAdapter(host-25): stopping
08-22 03:04:33.637 14834 14834 I adbd    : BlockingConnectionAdapter(host-25): stopped
08-22 03:04:33.637 14834 14834 I adbd    : BlockingConnectionAdapter(host-25): destructing
08-22 03:04:33.637 14834 14834 I adbd    : BlockingConnectionAdapter(host-25): already stopped
08-22 03:04:33.643 14834 14834 I adbd    : New TLS connection [fd=25]
08-22 03:04:33.644 14834 14963 I adbd    : host-25: write thread spawning
08-22 03:04:33.644 14834 14962 I adbd    : host-25: read thread spawning
08-22 03:04:33.644 14834 14962 I adbd    : host-25: read failed: Success
08-22 03:04:33.644 14834 14962 I adbd    : host-25: connection terminated: read failed
08-22 03:04:33.645 14834 14834 I adbd    : host-25: already offline
08-22 03:04:33.645 14834 14834 I adbd    : destroying transport host-25
08-22 03:04:33.645 14834 14834 I adbd    : BlockingConnectionAdapter(host-25): stopping
08-22 03:04:33.646 14834 14834 I adbd    : BlockingConnectionAdapter(host-25): stopped
08-22 03:04:33.646 14834 14834 I adbd    : BlockingConnectionAdapter(host-25): destructing
08-22 03:04:33.646 14834 14834 I adbd    : BlockingConnectionAdapter(host-25): already stopped
08-22 03:04:33.651 14834 14834 I adbd    : New TLS connection [fd=25]
08-22 03:04:33.652 14834 14965 I adbd    : host-25: write thread spawning
08-22 03:04:33.652 14834 14964 I adbd    : host-25: read thread spawning
08-22 03:04:33.652 14834 14964 I adbd    : host-25: read failed: Success
08-22 03:04:33.652 14834 14964 I adbd    : host-25: connection terminated: read failed
08-22 03:04:33.653 14834 14834 I adbd    : host-25: already offline
08-22 03:04:33.653 14834 14834 I adbd    : destroying transport host-25
08-22 03:04:33.653 14834 14834 I adbd    : BlockingConnectionAdapter(host-25): stopping
08-22 03:04:33.654 14834 14834 I adbd    : BlockingConnectionAdapter(host-25): stopped
08-22 03:04:33.654 14834 14834 I adbd    : BlockingConnectionAdapter(host-25): destructing
08-22 03:04:33.654 14834 14834 I adbd    : BlockingConnectionAdapter(host-25): already stopped
08-22 03:04:33.673  8608  8608 I PlayCore: UID: [10106]  PID: [8608] auqh : ServiceConnectionImpl.onServiceConnected(ComponentInfo{com.android.vending/com.google.android.finsky.verifier.apkanalysis.service.ApkContentsScanService})
08-22 03:04:33.674  8608 10394 I PlayCore: UID: [10106]  PID: [8608] auqh : linkToDeath
08-22 03:04:33.723 31643 31643 I dqbe    : (REDACTED) latestAudioLevel=%d
08-22 03:04:33.723 31643 31643 I capk    : (REDACTED) animateTo: to: %s, duration: %s
08-22 03:04:33.785 14929 14966 I native  : I0000 00:00:1755846273.785409   14966 zip_archive.cpp:490] +++ Found EOCD at buf+65535
08-22 03:04:33.785 14929 14966 I native  : I0000 00:00:1755846273.785644   14966 zip_archive.cpp:534] +++ num_entries=955dir_size=64463 dir_offset=6201344
08-22 03:04:33.785 14929 14966 I native  : I0000 00:00:1755846273.785710   14966 file_map.cpp:112] MAP: base 0x71ae1fb000/64463 data 0x71ae1fb000/64463
08-22 03:04:33.786 14929 14966 I native  : I0000 00:00:1755846273.786048   14966 zip_archive.cpp:686] +++ zip good scan 955 entries
08-22 03:04:33.793 14834 14949 W adbd    : timed out while waiting for FUNCTIONFS_BIND, trying again
08-22 03:04:33.793 14834 14949 I adbd    : UsbFfs: connection terminated: monitor thread finished
08-22 03:04:33.794 14834 14834 I adbd    : UsbFfs: already offline
08-22 03:04:33.794 14834 14834 I adbd    : destroying transport UsbFfs
08-22 03:04:33.794 14834 14834 I adbd    : UsbFfsConnection being destroyed
08-22 03:04:33.814 14834 14838 I adbd    : opening control endpoint /dev/usb-ffs/adb/ep0
08-22 03:04:33.817 14834 14838 I adbd    : UsbFfsConnection constructed
08-22 03:04:33.818 14834 14967 I adbd    : UsbFfs-monitor thread spawned
08-22 03:04:33.992 31643 31643 I dqbe    : (REDACTED) latestAudioLevel=%d
08-22 03:04:33.993 31643 31643 I capk    : (REDACTED) animateTo: to: %s, duration: %s
08-22 03:04:34.262 31643 31643 I dqbe    : (REDACTED) latestAudioLevel=%d
08-22 03:04:34.263 31643 31643 I capk    : (REDACTED) animateTo: to: %s, duration: %s
08-22 03:04:34.274 14929 14966 I native  : I0000 00:00:1755846274.273913   14966 zip_archive.cpp:774] Closing archive 0x721749ddf0
08-22 03:04:34.318  8608 10394 I PlayCore: UID: [10106]  PID: [8608] auqh : Unbind from service.
08-22 03:04:34.327  1476  1502 I ActivityManager: Killing 14929:com.android.vending:com.google.android.finsky.verifier.apkanalysis.service.ApkContentsScanService/u0a106i24 (adj 0): isolated not needed
08-22 03:04:34.352  8608  8625 I PlayCore: UID: [10106]  PID: [8608] auqh : reportBinderDeath
08-22 03:04:34.352  8608  8625 I PlayCore: UID: [10106]  PID: [8608] auqh : ApkContentsScanService : Binder has died.
08-22 03:04:34.354   942   942 I Zygote  : Process 14929 exited due to signal 9 (Killed)
08-22 03:04:34.389  1476  1560 I libprocessgroup: Successfully killed process cgroup uid 99024 pid 14929 in 61ms
08-22 03:04:34.532 31643 31643 I dqbe    : (REDACTED) latestAudioLevel=%d
08-22 03:04:34.533 31643 31643 I capk    : (REDACTED) animateTo: to: %s, duration: %s
08-22 03:04:34.802 31643 31643 I dqbe    : (REDACTED) latestAudioLevel=%d
08-22 03:04:34.803 31643 31643 I capk    : (REDACTED) animateTo: to: %s, duration: %s
08-22 03:04:34.819 14834 14967 W adbd    : timed out while waiting for FUNCTIONFS_BIND, trying again
08-22 03:04:34.820 14834 14967 I adbd    : UsbFfs: connection terminated: monitor thread finished
08-22 03:04:34.820 14834 14834 I adbd    : UsbFfs: already offline
08-22 03:04:34.820 14834 14834 I adbd    : destroying transport UsbFfs
08-22 03:04:34.820 14834 14834 I adbd    : UsbFfsConnection being destroyed
08-22 03:04:34.841 14834 14838 I adbd    : opening control endpoint /dev/usb-ffs/adb/ep0
08-22 03:04:34.844 14834 14838 I adbd    : UsbFfsConnection constructed
08-22 03:04:34.845 14834 14969 I adbd    : UsbFfs-monitor thread spawned
08-22 03:04:34.935  8608  8622 W System  : A resource failed to call close. 
08-22 03:04:34.935  8608  8622 W System  : A resource failed to call close. 
08-22 03:04:35.072 31643 31643 I dqbe    : (REDACTED) latestAudioLevel=%d
08-22 03:04:35.073 31643 31643 I capk    : (REDACTED) animateTo: to: %s, duration: %s
08-22 03:04:35.116   960 21450 D audio_hw_primary: disable_audio_route: usecase(1) reset and update mixer path: low-latency-playback speaker
08-22 03:04:35.118   960 21450 D audio_hw_primary: disable_snd_device: snd_device(4: speaker-safe)
08-22 03:04:35.123  1476  5080 I system_server: oneway function results will be dropped but finished with status OK and parcel size 4
08-22 03:04:35.300  1176  2392 D BufferPoolAccessor2.0: evictor expired: 1, evicted: 0
08-22 03:04:35.301  1157  3072 D BufferPoolAccessor2.0: evictor expired: 1, evicted: 0
08-22 03:04:35.344 31643 31643 I dqbe    : (REDACTED) latestAudioLevel=%d
08-22 03:04:35.346 31643 31643 I capk    : (REDACTED) animateTo: to: %s, duration: %s
08-22 03:04:35.475  1873  1873 W TouchableRegionManager: onHeadsUpPinnedModeChanged
08-22 03:04:35.503  1873  1873 I Elmyra/ElmyraService: Switching action from UnpinNotifications to LaunchOpa [mIsGestureEnabled -> true; mIsOpaEnabled -> true]
08-22 03:04:35.504  1873  1873 I Elmyra/ElmyraService: Unblocked; current action: LaunchOpa [mIsGestureEnabled -> true; mIsOpaEnabled -> true]
08-22 03:04:35.623 31643 31643 I dqbe    : (REDACTED) latestAudioLevel=%d
08-22 03:04:35.624 31643 31643 I capk    : (REDACTED) animateTo: to: %s, duration: %s
08-22 03:04:35.846 14834 14969 W adbd    : timed out while waiting for FUNCTIONFS_BIND, trying again
08-22 03:04:35.846 14834 14969 I adbd    : UsbFfs: connection terminated: monitor thread finished
08-22 03:04:35.846 14834 14834 I adbd    : UsbFfs: already offline
08-22 03:04:35.846 14834 14834 I adbd    : destroying transport UsbFfs
08-22 03:04:35.846 14834 14834 I adbd    : UsbFfsConnection being destroyed
08-22 03:04:35.873 14834 14838 I adbd    : opening control endpoint /dev/usb-ffs/adb/ep0
08-22 03:04:35.874 14834 14838 I adbd    : UsbFfsConnection constructed
08-22 03:04:35.875 14834 14971 I adbd    : UsbFfs-monitor thread spawned
08-22 03:04:35.895 31643 31643 I dqbe    : (REDACTED) latestAudioLevel=%d
08-22 03:04:35.896 31643 31643 I capk    : (REDACTED) animateTo: to: %s, duration: %s
08-22 03:04:35.943  8608  8608 I Finsky  : [2] SCH: job service start with id 9052.
08-22 03:04:35.947  1873  1873 D StatusBar: disable<e i a s b h r c s > disable2<q i n >
08-22 03:04:35.953  8608 14804 I Finsky  : [2296] SCH: Satisfied jobs for 9052 are: 12-1
08-22 03:04:35.957  8608 14814 I Finsky  : [2300] SCH: Job 12-1 starting
08-22 03:04:35.957  8608  8608 I Finsky  : [2] WM::SCH: Logging work start for 12-1
08-22 03:04:35.958  8608  8608 I Finsky  : [2] [ContentSync] job started
08-22 03:04:36.138  2982  2982 D BoundBrokerSvc: onUnbind: Intent { act=com.google.android.gms.feedback.internal.IFeedbackService dat=chimera-action: cmp=com.google.android.gms/.chimera.GmsBoundBrokerService }
08-22 03:04:36.164 31643 31643 I dqbe    : (REDACTED) latestAudioLevel=%d
08-22 03:04:36.165 31643 31643 I capk    : (REDACTED) animateTo: to: %s, duration: %s
08-22 03:04:36.434 31643 31643 I dqbe    : (REDACTED) latestAudioLevel=%d
08-22 03:04:36.435 31643 31643 I capk    : (REDACTED) animateTo: to: %s, duration: %s
08-22 03:04:36.704 31643 31643 I dqbe    : (REDACTED) latestAudioLevel=%d
08-22 03:04:36.705 31643 31643 I capk    : (REDACTED) animateTo: to: %s, duration: %s
08-22 03:04:36.752 14834 14834 I adbd    : New TLS connection [fd=25]
08-22 03:04:36.752 14834 14976 I adbd    : host-25: write thread spawning
08-22 03:04:36.753 14834 14975 I adbd    : host-25: read thread spawning
08-22 03:04:36.753 14834 14975 I adbd    : host-25: read failed: Success
08-22 03:04:36.753 14834 14975 I adbd    : host-25: connection terminated: read failed
08-22 03:04:36.753 14834 14834 I adbd    : host-25: already offline
08-22 03:04:36.753 14834 14834 I adbd    : destroying transport host-25
08-22 03:04:36.753 14834 14834 I adbd    : BlockingConnectionAdapter(host-25): stopping
08-22 03:04:36.754 14834 14834 I adbd    : BlockingConnectionAdapter(host-25): stopped
08-22 03:04:36.755 14834 14834 I adbd    : BlockingConnectionAdapter(host-25): destructing
08-22 03:04:36.755 14834 14834 I adbd    : BlockingConnectionAdapter(host-25): already stopped
08-22 03:04:36.759 14834 14834 I adbd    : New TLS connection [fd=25]
08-22 03:04:36.759 14834 14978 I adbd    : host-25: write thread spawning
08-22 03:04:36.760 14834 14977 I adbd    : host-25: read thread spawning
08-22 03:04:36.760 14834 14977 I adbd    : host-25: read failed: Success
08-22 03:04:36.760 14834 14977 I adbd    : host-25: connection terminated: read failed
08-22 03:04:36.760 14834 14834 I adbd    : host-25: already offline
08-22 03:04:36.760 14834 14834 I adbd    : destroying transport host-25
08-22 03:04:36.760 14834 14834 I adbd    : BlockingConnectionAdapter(host-25): stopping
08-22 03:04:36.762 14834 14834 I adbd    : BlockingConnectionAdapter(host-25): stopped
08-22 03:04:36.762 14834 14834 I adbd    : BlockingConnectionAdapter(host-25): destructing
08-22 03:04:36.762 14834 14834 I adbd    : BlockingConnectionAdapter(host-25): already stopped
08-22 03:04:36.767 14834 14834 I adbd    : New TLS connection [fd=25]
08-22 03:04:36.768 14834 14980 I adbd    : host-25: write thread spawning
08-22 03:04:36.768 14834 14979 I adbd    : host-25: read thread spawning
08-22 03:04:36.768 14834 14979 I adbd    : host-25: read failed: Success
08-22 03:04:36.768 14834 14979 I adbd    : host-25: connection terminated: read failed
08-22 03:04:36.768 14834 14834 I adbd    : host-25: already offline
08-22 03:04:36.769 14834 14834 I adbd    : destroying transport host-25
08-22 03:04:36.769 14834 14834 I adbd    : BlockingConnectionAdapter(host-25): stopping
08-22 03:04:36.770 14834 14834 I adbd    : BlockingConnectionAdapter(host-25): stopped
08-22 03:04:36.770 14834 14834 I adbd    : BlockingConnectionAdapter(host-25): destructing
08-22 03:04:36.770 14834 14834 I adbd    : BlockingConnectionAdapter(host-25): already stopped
08-22 03:04:36.775 14834 14834 I adbd    : New TLS connection [fd=25]
08-22 03:04:36.775 14834 14982 I adbd    : host-25: write thread spawning
08-22 03:04:36.775 14834 14981 I adbd    : host-25: read thread spawning
08-22 03:04:36.775 14834 14981 I adbd    : host-25: read failed: Success
08-22 03:04:36.775 14834 14981 I adbd    : host-25: connection terminated: read failed
08-22 03:04:36.776 14834 14834 I adbd    : host-25: already offline
08-22 03:04:36.776 14834 14834 I adbd    : destroying transport host-25
08-22 03:04:36.776 14834 14834 I adbd    : BlockingConnectionAdapter(host-25): stopping
08-22 03:04:36.777 14834 14834 I adbd    : BlockingConnectionAdapter(host-25): stopped
08-22 03:04:36.777 14834 14834 I adbd    : BlockingConnectionAdapter(host-25): destructing
08-22 03:04:36.777 14834 14834 I adbd    : BlockingConnectionAdapter(host-25): already stopped
08-22 03:04:36.783 14834 14834 I adbd    : New TLS connection [fd=25]
08-22 03:04:36.783 14834 14984 I adbd    : host-25: write thread spawning
08-22 03:04:36.783 14834 14983 I adbd    : host-25: read thread spawning
08-22 03:04:36.783 14834 14983 I adbd    : host-25: read failed: Success
08-22 03:04:36.783 14834 14983 I adbd    : host-25: connection terminated: read failed
08-22 03:04:36.784 14834 14834 I adbd    : host-25: already offline
08-22 03:04:36.784 14834 14834 I adbd    : destroying transport host-25
08-22 03:04:36.784 14834 14834 I adbd    : BlockingConnectionAdapter(host-25): stopping
08-22 03:04:36.784 14834 14834 I adbd    : BlockingConnectionAdapter(host-25): stopped
08-22 03:04:36.784 14834 14834 I adbd    : BlockingConnectionAdapter(host-25): destructing
08-22 03:04:36.784 14834 14834 I adbd    : BlockingConnectionAdapter(host-25): already stopped
08-22 03:04:36.796 14834 14834 I adbd    : New TLS connection [fd=25]
08-22 03:04:36.796 14834 14986 I adbd    : host-25: write thread spawning
08-22 03:04:36.796 14834 14985 I adbd    : host-25: read thread spawning
08-22 03:04:36.796 14834 14985 I adbd    : host-25: read failed: Success
08-22 03:04:36.796 14834 14985 I adbd    : host-25: connection terminated: read failed
08-22 03:04:36.796 14834 14834 I adbd    : host-25: already offline
08-22 03:04:36.796 14834 14834 I adbd    : destroying transport host-25
08-22 03:04:36.796 14834 14834 I adbd    : BlockingConnectionAdapter(host-25): stopping
08-22 03:04:36.797 14834 14834 I adbd    : BlockingConnectionAdapter(host-25): stopped
08-22 03:04:36.797 14834 14834 I adbd    : BlockingConnectionAdapter(host-25): destructing
08-22 03:04:36.797 14834 14834 I adbd    : BlockingConnectionAdapter(host-25): already stopped
08-22 03:04:36.876 14834 14971 W adbd    : timed out while waiting for FUNCTIONFS_BIND, trying again
08-22 03:04:36.876 14834 14971 I adbd    : UsbFfs: connection terminated: monitor thread finished
08-22 03:04:36.877 14834 14834 I adbd    : UsbFfs: already offline
08-22 03:04:36.877 14834 14834 I adbd    : destroying transport UsbFfs
08-22 03:04:36.877 14834 14834 I adbd    : UsbFfsConnection being destroyed
08-22 03:04:36.901 14834 14838 I adbd    : opening control endpoint /dev/usb-ffs/adb/ep0
08-22 03:04:36.904 14834 14838 I adbd    : UsbFfsConnection constructed
08-22 03:04:36.904 14834 14987 I adbd    : UsbFfs-monitor thread spawned
08-22 03:04:36.913  8608  8608 W Finsky  : [2] STU: Failed to get storage stats for package 'com.google.android.tzdata2' (1601: Error getting stats: android.content.pm.PackageManager.NameNotFoundException)
08-22 03:04:36.943  8608  8608 W Finsky  : [2] STU: Failed to get storage stats for package 'com.google.android.permission' (1601: Error getting stats: android.content.pm.PackageManager.NameNotFoundException)
08-22 03:04:36.974 31643 31643 I dqbe    : (REDACTED) latestAudioLevel=%d
08-22 03:04:36.974 31643 31643 I capk    : (REDACTED) animateTo: to: %s, duration: %s
08-22 03:04:37.150  8608  8608 W Finsky  : [2] STU: Failed to get storage stats for package 'com.google.android.wifi' (1601: Error getting stats: android.content.pm.PackageManager.NameNotFoundException)
08-22 03:04:37.244 31643 31643 I dqbe    : (REDACTED) latestAudioLevel=%d
08-22 03:04:37.244 31643 31643 I capk    : (REDACTED) animateTo: to: %s, duration: %s
08-22 03:04:37.301  1176  2392 D BufferPoolAccessor2.0: bufferpool2 0x7b873ef7b8 : 0(0 size) total buffers - 0(0 size) used buffers - 66/73 (recycle/alloc) - 7/72 (fetch/transfer)
08-22 03:04:37.301  1176  2392 D BufferPoolAccessor2.0: evictor expired: 1, evicted: 1
08-22 03:04:37.301  1157  3072 D BufferPoolAccessor2.0: bufferpool2 0xe8483868 : 0(0 size) total buffers - 0(0 size) used buffers - 68/79 (recycle/alloc) - 11/150 (fetch/transfer)
08-22 03:04:37.301  1157  3072 D BufferPoolAccessor2.0: evictor expired: 1, evicted: 1
08-22 03:04:37.514 31643 31643 I dqbe    : (REDACTED) latestAudioLevel=%d
08-22 03:04:37.514 31643 31643 I capk    : (REDACTED) animateTo: to: %s, duration: %s
08-22 03:04:37.643  8608  8608 W Finsky  : [2] STU: Failed to get storage stats for package 'com.google.android.media.swcodec' (1601: Error getting stats: android.content.pm.PackageManager.NameNotFoundException)
08-22 03:04:37.783 31643 31643 I dqbe    : (REDACTED) latestAudioLevel=%d
08-22 03:04:37.784 31643 31643 I capk    : (REDACTED) animateTo: to: %s, duration: %s
08-22 03:04:37.810  8608  8608 W Finsky  : [2] STU: Failed to get storage stats for package 'com.google.android.mediaprovider' (1601: Error getting stats: android.content.pm.PackageManager.NameNotFoundException)
08-22 03:04:37.906 14834 14987 W adbd    : timed out while waiting for FUNCTIONFS_BIND, trying again
08-22 03:04:37.906 14834 14987 I adbd    : UsbFfs: connection terminated: monitor thread finished
08-22 03:04:37.906 14834 14834 I adbd    : UsbFfs: already offline
08-22 03:04:37.906 14834 14834 I adbd    : destroying transport UsbFfs
08-22 03:04:37.906 14834 14834 I adbd    : UsbFfsConnection being destroyed
08-22 03:04:37.927 14834 14838 I adbd    : opening control endpoint /dev/usb-ffs/adb/ep0
08-22 03:04:37.929 14834 14838 I adbd    : UsbFfsConnection constructed
08-22 03:04:37.930 14834 14988 I adbd    : UsbFfs-monitor thread spawned
08-22 03:04:37.967  8608  8608 W Finsky  : [2] STU: Failed to get storage stats for package 'com.google.android.adbd' (1601: Error getting stats: android.content.pm.PackageManager.NameNotFoundException)
08-22 03:04:37.980  8608  8608 W Finsky  : [2] STU: Failed to get storage stats for package 'com.google.android.resolv' (1601: Error getting stats: android.content.pm.PackageManager.NameNotFoundException)
08-22 03:04:38.053 31643 31643 I dqbe    : (REDACTED) latestAudioLevel=%d
08-22 03:04:38.054 31643 31643 I capk    : (REDACTED) animateTo: to: %s, duration: %s
08-22 03:04:38.117  8608  8608 W Finsky  : [2] STU: Failed to get storage stats for package 'com.google.android.conscrypt' (1601: Error getting stats: android.content.pm.PackageManager.NameNotFoundException)
08-22 03:04:38.120  8608  8608 W Finsky  : [2] STU: Failed to get storage stats for package 'com.google.android.media' (1601: Error getting stats: android.content.pm.PackageManager.NameNotFoundException)
