08-22 02:27:40.007  1873  1873 D KeyguardViewMediator: handleHide
08-22 02:27:40.007  1873  1873 D KeyguardViewMediator: keyguardGoingAway
08-22 02:27:40.008  1476  2161 V FingerprintService: cancelAuthentication(com.android.systemui)
08-22 02:27:40.009  1476  1476 V FingerprintService: Stopping client com.android.systemui, fromClient: true
08-22 02:27:40.009  1873  1873 D KeyguardUpdateMonitor: fingerprintRunningState: 2
08-22 02:27:40.009  1226  1376 I fpc_tac : fpc_irq_wait {{19,10,0},{12,1,1}}
08-22 02:27:40.009  1226  1376 E fpc_tac : fpc_irq_wait error FPC_ERROR_CANCELLED
08-22 02:27:40.010  1476  3542 D ActivityTaskManager: Top Process State changed to PROCESS_STATE_TOP
08-22 02:27:40.023  1226  1376 E fpc_fingerprint_hal: do_authenticate failed FPC_ERROR_CANCELLED
08-22 02:27:40.049  1226  1226 D fpc_hidl: onError(error=5, vendor=0)
08-22 02:27:40.049  3961  3961 I bmkx    : onStart
08-22 02:27:40.049  1476  1476 W FingerprintService: client com.android.systemui is no longer authenticating
08-22 02:27:40.050  1476  1476 V FingerprintService: handleError(client=com.android.systemui, error = 5)
08-22 02:27:40.050  1476  1476 V BiometricStats: Error latency: -1
08-22 02:27:40.050  1476  1476 W BiometricStats: found a negative latency : -1
08-22 02:27:40.050  1476  1476 V FingerprintService: Done with client: com.android.systemui
08-22 02:27:40.050  1873  1873 D KeyguardUpdateMonitor: fingerprintRunningState: 0
08-22 02:27:40.057  3961  3961 I bkbj    : (REDACTED) [%s] onStart()
08-22 02:27:40.057  3961  3961 I bkdn    : Reloading theme data
08-22 02:27:40.060  3961  3961 I bmkx    : onResume
08-22 02:27:40.066  1873  1873 D KeyguardViewMediator: handleStartKeyguardExitAnimation startTime=12636902 fadeoutDuration=300
08-22 02:27:40.068  1873  1873 D StatusBar: disable<e i a s b H R c s > disable2<q i n >
08-22 02:27:40.068  1873  1873 D KeyguardViewMediator: adjustStatusBarLocked: mShowing=false mOccluded=false isSecure=true force=false --> flags=0x0
08-22 02:27:40.069  1873  1873 D StatusBar: updateQsExpansionEnabled - QS Expand enabled: true
08-22 02:27:40.070  1060  1090 I VSC     : @ 26079.993: [VSC SLPI] handling enable request for 131077 sensor
08-22 02:27:40.070  1060  1090 I VSC     : @ 26079.993: [BINNED_BRIGHTNESS] Created instance at 0xb2034e80
08-22 02:27:40.070  1060  1090 I VSC     : @ 26079.994: [VSC] Request sensor 65541, sample_duration fa ms, report_duration 0 ms
08-22 02:27:40.071  1060  1090 I VSC     : @ 26079.994: [VSC] Request sensor 65544, sample_duration c8 ms, report_duration 0 ms
08-22 02:27:40.073  1060  1090 I VSC     : @ 26079.997: [BINNED_BRIGHTNESS] Changing state to 1 at 26079996 ms
08-22 02:27:40.074 31643 31643 I dqbe    : (REDACTED) latestAudioLevel=%d
08-22 02:27:40.075 31643 31643 I capk    : (REDACTED) animateTo: to: %s, duration: %s
08-22 02:27:40.075  1060  1090 I VSC     : @ 26079.998: [VSC] Stopping sensor events for sensor 65544
08-22 02:27:40.075  1060  1090 I VSC     : @ 26079.998: [VSC] Stopping sensor events for sensor 65541
08-22 02:27:40.075  1060  1090 I VSC     : @ 26079.998: [BINNED_BRIGHTNESS] Deleted instance at 0xb2034e80
08-22 02:27:40.077  1873  1873 D StatusBar: disable<e i a s b h!r!c s > disable2<q i n >
08-22 02:27:40.080  1873  1873 D StatusBar: disable<e i a s b h r c s > disable2<q i n >
08-22 02:27:40.080  1873  1873 D KeyguardUpdateMonitor: onKeyguardVisibilityChanged(false)
08-22 02:27:40.082  1873  1873 D KeyguardViewMediator: keyguardGone
08-22 02:27:40.082  1873  1873 D KeyguardViewMediator: adjustStatusBarLocked: mShowing=false mOccluded=false isSecure=true force=false --> flags=0x0
08-22 02:27:40.083  1873  2313 D KeyguardViewMediator: updateActivityLockScreenState(false, false)
08-22 02:27:40.084  1476  2303 I system_server: oneway function results will be dropped but finished with status OK and parcel size 4
08-22 02:27:40.084  1060  1090 I ASH     : @ 26080.007: ams_deviceSetConfig: Disabling proximity
08-22 02:27:40.085  1476  1552 W AlarmManager: Unrecognized alarm listener com.android.server.-$$Lambda$DeviceIdleController$pUAsoxLVwpJ9Ac-b6Wbul1k9bIw@d5fcd16
08-22 02:27:40.087  2164  2271 I QCNEJ/CndHalConnector: -> SND notifyScreenStateChanged(true)
08-22 02:27:40.087  1476  1558 W BroadcastQueue: Background execution not allowed: receiving Intent { act=android.intent.action.USER_PRESENT flg=0x24200010 } to com.google.android.gms/.auth.setup.devicesignals.LockScreenReceiver
08-22 02:27:40.087  1476  1558 W BroadcastQueue: Background execution not allowed: receiving Intent { act=android.intent.action.USER_PRESENT flg=0x24200010 } to com.google.android.gms/.chimera.GmsIntentOperationService$PersistentTrustedReceiver
08-22 02:27:40.088  3562  3562 D NfcService: MSG_APPLY_SCREEN_STATE 8
08-22 02:27:40.089  3562  3562 D NfcService: Discovery configuration equal, not updating.
08-22 02:27:40.090  2570 24676 I NearbySharing: Screen is unlocked
08-22 02:27:40.090  2570 24676 I NearbySharing: Uwb feature is off.
08-22 02:27:40.091  2570 24676 I NearbySharing: Uwb feature is off.
08-22 02:27:40.091  2570 24676 I NearbySharing: Stopping scanning because Bluetooth is disabled.
08-22 02:27:40.103  2570 24676 I NearbySharing: Stopping Fast Init advertisement because Bluetooth is off.
08-22 02:27:40.103  2570 24676 I NearbySharing: Stopping advertising because Bluetooth is disabled.
08-22 02:27:40.103  2342  2368 W System  : A resource failed to call release. 
08-22 02:27:40.103  2342  2368 W System  : A resource failed to call release. 
08-22 02:27:40.105  2570 24676 I NearbySharing: Fast Initiation Scanning has stopped
08-22 02:27:40.105  2570 24676 I NearbySharing: Stopping FastInitiation scanning because Bluetooth is disabled.
08-22 02:27:40.108  2570 24676 I NearbySharing: Dismissing HUN as there's no device nearby.
08-22 02:27:40.111  1873  1873 I Elmyra/ElmyraService: Unblocked; current action: LaunchOpa [mIsGestureEnabled -> true; mIsOpaEnabled -> true]
08-22 02:27:40.113  1873  1873 D StatusBar: disable<e i a s b h r c s > disable2<q i n >
08-22 02:27:40.113 20907 20907 I GoogleInputMethodService: GoogleInputMethodService.onFinishInput():2054 
08-22 02:27:40.115  1873  1873 I Elmyra/ElmyraService: Unblocked; current action: LaunchOpa [mIsGestureEnabled -> true; mIsOpaEnabled -> true]
08-22 02:27:40.115 20907 20907 I Module  : DeviceLockedStatusModuleProvider$Module.updateDeviceLockedStatus():100 repeatCheckTimes = 0, locked = false
08-22 02:27:40.115 20907 20907 I GoogleInputMethodService: GoogleInputMethodService.onStartInput():1315 onStartInput(EditorInfo{EditorInfo{packageName=com.google.android.apps.nexuslauncher, inputType=0, inputTypeString=NULL, enableLearning=false, autoCorrection=false, autoComplete=false, imeOptions=0, privateImeOptions=null, actionName=UNSPECIFIED, actionLabel=null, initialSelStart=-1, initialSelEnd=-1, initialCapsMode=0, label=null, fieldId=-1, fieldName=null, extras=null, hintText=null, hintLocales=[]}}, false)
08-22 02:27:40.117 20907 20907 I Module  : DeviceLockedStatusModuleProvider$Module.updateDeviceLockedStatus():100 repeatCheckTimes = 1, locked = false
08-22 02:27:40.126  2570 12386 I NearbyMediums: ModuleInitializer handles incoming intent android.intent.action.USER_PRESENT
08-22 02:27:40.131  2570 24676 I Nearby  : (REDACTED) Beginning attempt #%d out of %d for %s...
08-22 02:27:40.133  2570 24676 I NearbyMediums: BluetoothAdapter's name was not set by Nearby Connections, ignoring call to restore default scan mode.
08-22 02:27:40.134  2570 24676 I NearbyMediums: BluetoothAdapter's name was not set by Nearby Connections, ignoring call to restore device name
08-22 02:27:40.140  2570  2570 I RCNIntentOperation: RCN is disabled on this network.
08-22 02:27:40.141  1476  3542 D BiometricService: canAuthenticate: User=0, Caller=0, Authenticators=255
08-22 02:27:40.141  1476  3542 D BiometricService: Package: com.google.android.gms Authenticator ID: 0 Modality: 2 Reported Modality: 2 Status: 1
08-22 02:27:40.141  1476  3542 D AuthService: canAuthenticate, userId: 0, callingUserId: 0, authenticators: 255, result: 0
08-22 02:27:40.142  2697 19618 D SconeRadioEngine: GRIL send disabled, nothing sent
08-22 02:27:40.151  2982  2982 D BoundBrokerSvc: onBind: Intent { act=com.google.android.gms.auth.cryptauth.cryptauthservice.START dat=chimera-action: cmp=com.google.android.gms/.chimera.GmsBoundBrokerService }
08-22 02:27:40.151  2982  2982 D BoundBrokerSvc: Loading bound service for intent: Intent { act=com.google.android.gms.auth.cryptauth.cryptauthservice.START dat=chimera-action: cmp=com.google.android.gms/.chimera.GmsBoundBrokerService }
08-22 02:27:40.153  2570  2570 D BoundBrokerSvc: onRebind: Intent { act=com.google.android.gms.auth.aang.events.services.START dat=chimera-action: cmp=com.google.android.gms/.chimera.PersistentApiService }
08-22 02:27:40.155  2982 12394 I Fido    : [FidoV2EnrollmentController] Execute registerFor API [CONTEXT service_id=287 ]
08-22 02:27:40.158  2982 12387 I PersonalSafety: ConnectivityProtectionLockingIntentOperation: cancelled task [CONTEXT service_id=310 ]
08-22 02:27:40.167  2982  6185 I CryptauthV2: [HaveKeyWithKeyNameOperation] Have key with key name operation is called.
08-22 02:27:40.248  1476  8234 I system_server: oneway function results will be dropped but finished with status OK and parcel size 4
08-22 02:27:40.344 31643 31643 I dqbe    : (REDACTED) latestAudioLevel=%d
08-22 02:27:40.345 31643 31643 I capk    : (REDACTED) animateTo: to: %s, duration: %s
08-22 02:27:40.371 10235 12375 W adbd    : timed out while waiting for FUNCTIONFS_BIND, trying again
08-22 02:27:40.371 10235 12375 I adbd    : UsbFfs: connection terminated: monitor thread finished
08-22 02:27:40.371 10235 10235 I adbd    : UsbFfs: already offline
08-22 02:27:40.371 10235 10235 I adbd    : destroying transport UsbFfs
08-22 02:27:40.371 10235 10235 I adbd    : UsbFfsConnection being destroyed
08-22 02:27:40.374  2982  2982 W ThreadPoolForeg: type=1400 audit(0.0:3463): avc: denied { write } for name="traced_producer" dev="tmpfs" ino=26046 scontext=u:r:gmscore_app:s0:c512,c768 tcontext=u:object_r:traced_producer_socket:s0 tclass=sock_file permissive=0 app=com.google.android.gms
08-22 02:27:40.398 10235 10241 I adbd    : opening control endpoint /dev/usb-ffs/adb/ep0
08-22 02:27:40.399 10235 10241 I adbd    : UsbFfsConnection constructed
08-22 02:27:40.400 10235 12396 I adbd    : UsbFfs-monitor thread spawned
08-22 02:27:40.542  1476  1660 I InputDispatcher: Dropping event because there is no touched foreground window in display 0 or gesture monitor to receive it.
08-22 02:27:40.570  1476  1660 I chatty  : uid=1000(system) InputDispatcher identical 4 lines
08-22 02:27:40.578  1476  1660 I InputDispatcher: Dropping event because there is no touched foreground window in display 0 or gesture monitor to receive it.
08-22 02:27:40.580  1873  1873 D StatusBar: disable<e i a s b h r c s > disable2<q i n >
08-22 02:27:40.586  1476  1660 I InputDispatcher: Dropping event because there is no touched foreground window in display 0 or gesture monitor to receive it.
08-22 02:27:40.602  1476  1660 I chatty  : uid=1000(system) InputDispatcher identical 2 lines
08-22 02:27:40.611  1476  1660 I InputDispatcher: Dropping event because there is no touched foreground window in display 0 or gesture monitor to receive it.
08-22 02:27:40.615 31643 31643 I dqbe    : (REDACTED) latestAudioLevel=%d
08-22 02:27:40.615 31643 31643 I capk    : (REDACTED) animateTo: to: %s, duration: %s
08-22 02:27:40.619  1476  1660 I InputDispatcher: Dropping event because there is no touched foreground window in display 0 or gesture monitor to receive it.
08-22 02:27:40.885 31643 31643 I dqbe    : (REDACTED) latestAudioLevel=%d
08-22 02:27:40.887 31643 31643 I capk    : (REDACTED) animateTo: to: %s, duration: %s
08-22 02:27:41.155 31643 31643 I dqbe    : (REDACTED) latestAudioLevel=%d
08-22 02:27:41.156 31643 31643 I capk    : (REDACTED) animateTo: to: %s, duration: %s
08-22 02:27:41.401 10235 12396 W adbd    : timed out while waiting for FUNCTIONFS_BIND, trying again
08-22 02:27:41.401 10235 12396 I adbd    : UsbFfs: connection terminated: monitor thread finished
08-22 02:27:41.401 10235 10235 I adbd    : UsbFfs: already offline
08-22 02:27:41.401 10235 10235 I adbd    : destroying transport UsbFfs
08-22 02:27:41.401 10235 10235 I adbd    : UsbFfsConnection being destroyed
08-22 02:27:41.425 31643 31643 I dqbe    : (REDACTED) latestAudioLevel=%d
08-22 02:27:41.426 31643 31643 I capk    : (REDACTED) animateTo: to: %s, duration: %s
08-22 02:27:41.428 10235 10241 I adbd    : opening control endpoint /dev/usb-ffs/adb/ep0
08-22 02:27:41.430 10235 10241 I adbd    : UsbFfsConnection constructed
08-22 02:27:41.431 10235 12397 I adbd    : UsbFfs-monitor thread spawned
08-22 02:27:41.695 31643 31643 I dqbe    : (REDACTED) latestAudioLevel=%d
08-22 02:27:41.696 31643 31643 I capk    : (REDACTED) animateTo: to: %s, duration: %s
08-22 02:27:41.745  1476  3490 D KeySyncTask: Key sync not needed.
08-22 02:27:41.952  1476  1671 I system_server: Explicit concurrent copying GC freed 132104(6080KB) AllocSpace objects, 22(600KB) LOS objects, 47% free, 26MB/50MB, paused 215us total 177.319ms
08-22 02:27:41.956  1476  1487 W System  : A resource failed to call release. 
08-22 02:27:41.957  1476  1487 I chatty  : uid=1000(system) FinalizerDaemon identical 6 lines
08-22 02:27:41.957  1476  1487 W System  : A resource failed to call release. 
08-22 02:27:41.965 31643 31643 I dqbe    : (REDACTED) latestAudioLevel=%d
08-22 02:27:41.965 31643 31643 I capk    : (REDACTED) animateTo: to: %s, duration: %s
08-22 02:27:42.124  1476  1671 I system_server: Explicit concurrent copying GC freed 2332(126KB) AllocSpace objects, 0(0B) LOS objects, 47% free, 26MB/50MB, paused 95us total 166.405ms
08-22 02:27:42.235 31643 31643 I dqbe    : (REDACTED) latestAudioLevel=%d
08-22 02:27:42.236 31643 31643 I capk    : (REDACTED) animateTo: to: %s, duration: %s
08-22 02:27:42.432 10235 12397 W adbd    : timed out while waiting for FUNCTIONFS_BIND, trying again
08-22 02:27:42.432 10235 12397 I adbd    : UsbFfs: connection terminated: monitor thread finished
08-22 02:27:42.433 10235 10235 I adbd    : UsbFfs: already offline
08-22 02:27:42.433 10235 10235 I adbd    : destroying transport UsbFfs
08-22 02:27:42.433 10235 10235 I adbd    : UsbFfsConnection being destroyed
08-22 02:27:42.445 10235 10241 I adbd    : opening control endpoint /dev/usb-ffs/adb/ep0
08-22 02:27:42.447 10235 10241 I adbd    : UsbFfsConnection constructed
08-22 02:27:42.449 10235 12398 I adbd    : UsbFfs-monitor thread spawned
08-22 02:27:42.504 31643 31643 I dqbe    : (REDACTED) latestAudioLevel=%d
08-22 02:27:42.505 31643 31643 I capk    : (REDACTED) animateTo: to: %s, duration: %s
08-22 02:27:42.774 31643 31643 I dqbe    : (REDACTED) latestAudioLevel=%d
08-22 02:27:42.774 31643 31643 I capk    : (REDACTED) animateTo: to: %s, duration: %s
08-22 02:27:42.994  1060  1090 I CHRE    : @ 26082.917: [ImuCal] [NanoSensorCal:GYRO_RPS] Offset | Temperature [C]: 0.002321, 0.001930, -0.001981 | 19.23
08-22 02:27:42.994  1060  1090 I CHRE    : @ 26082.917: [ImuCal] [NanoSensorCal:GYRO_RPS] Temp Sensitivity: -0.000352, -0.000019, -0.000105
08-22 02:27:42.994  1060  1090 I CHRE    : @ 26082.917: [ImuCal] [NanoSensorCal:GYRO_RPS] Temp Intercept: 0.009062, 0.002342, 0.000115
08-22 02:27:43.043 31643 31643 I dqbe    : (REDACTED) latestAudioLevel=%d
08-22 02:27:43.044 31643 31643 I capk    : (REDACTED) animateTo: to: %s, duration: %s
08-22 02:27:43.276   960 21450 D audio_hw_primary: disable_audio_route: usecase(1) reset and update mixer path: low-latency-playback speaker
08-22 02:27:43.277   960 21450 D audio_hw_primary: disable_snd_device: snd_device(2: speaker)
08-22 02:27:43.278  1476  8443 I system_server: oneway function results will be dropped but finished with status OK and parcel size 4
08-22 02:27:43.313 31643 31643 I dqbe    : (REDACTED) latestAudioLevel=%d
08-22 02:27:43.314 31643 31643 I capk    : (REDACTED) animateTo: to: %s, duration: %s
08-22 02:27:43.318  2570  2570 W ThreadPoolForeg: type=1400 audit(0.0:3464): avc: denied { write } for name="traced_producer" dev="tmpfs" ino=26046 scontext=u:r:gmscore_app:s0:c512,c768 tcontext=u:object_r:traced_producer_socket:s0 tclass=sock_file permissive=0 app=com.google.android.gms
08-22 02:27:43.450 10235 12398 W adbd    : timed out while waiting for FUNCTIONFS_BIND, trying again
08-22 02:27:43.450 10235 12398 I adbd    : UsbFfs: connection terminated: monitor thread finished
08-22 02:27:43.451 10235 10235 I adbd    : UsbFfs: already offline
08-22 02:27:43.451 10235 10235 I adbd    : destroying transport UsbFfs
08-22 02:27:43.451 10235 10235 I adbd    : UsbFfsConnection being destroyed
08-22 02:27:43.462 10235 10241 I adbd    : opening control endpoint /dev/usb-ffs/adb/ep0
08-22 02:27:43.464 10235 10241 I adbd    : UsbFfsConnection constructed
08-22 02:27:43.464 10235 12399 I adbd    : UsbFfs-monitor thread spawned
08-22 02:27:43.583 31643 31643 I dqbe    : (REDACTED) latestAudioLevel=%d
08-22 02:27:43.584 31643 31643 I capk    : (REDACTED) animateTo: to: %s, duration: %s
08-22 02:27:43.853 31643 31643 I dqbe    : (REDACTED) latestAudioLevel=%d
08-22 02:27:43.854 31643 31643 I capk    : (REDACTED) animateTo: to: %s, duration: %s
08-22 02:27:44.123 31643 31643 I dqbe    : (REDACTED) latestAudioLevel=%d
08-22 02:27:44.123 31643 31643 I capk    : (REDACTED) animateTo: to: %s, duration: %s
08-22 02:27:44.392 31643 31643 I dqbe    : (REDACTED) latestAudioLevel=%d
08-22 02:27:44.393 31643 31643 I capk    : (REDACTED) animateTo: to: %s, duration: %s
08-22 02:27:44.466 10235 12399 W adbd    : timed out while waiting for FUNCTIONFS_BIND, trying again
08-22 02:27:44.466 10235 12399 I adbd    : UsbFfs: connection terminated: monitor thread finished
08-22 02:27:44.466 10235 10235 I adbd    : UsbFfs: already offline
08-22 02:27:44.466 10235 10235 I adbd    : destroying transport UsbFfs
08-22 02:27:44.466 10235 10235 I adbd    : UsbFfsConnection being destroyed
08-22 02:27:44.485 10235 10241 I adbd    : opening control endpoint /dev/usb-ffs/adb/ep0
08-22 02:27:44.485 10235 10241 I adbd    : UsbFfsConnection constructed
08-22 02:27:44.486 10235 12400 I adbd    : UsbFfs-monitor thread spawned
08-22 02:27:44.663 31643 31643 I dqbe    : (REDACTED) latestAudioLevel=%d
08-22 02:27:44.664 31643 31643 I capk    : (REDACTED) animateTo: to: %s, duration: %s
08-22 02:27:44.792  1873  5278 I ndroid.systemu: Explicit concurrent copying GC freed 96892(3408KB) AllocSpace objects, 6(120KB) LOS objects, 49% free, 8834KB/17MB, paused 335us total 120.679ms
08-22 02:27:44.933 31643 31643 I dqbe    : (REDACTED) latestAudioLevel=%d
08-22 02:27:44.934 31643 31643 I capk    : (REDACTED) animateTo: to: %s, duration: %s
08-22 02:27:45.202 31643 31643 I dqbe    : (REDACTED) latestAudioLevel=%d
08-22 02:27:45.203 31643 31643 I capk    : (REDACTED) animateTo: to: %s, duration: %s
08-22 02:27:45.473 31643 31643 I dqbe    : (REDACTED) latestAudioLevel=%d
08-22 02:27:45.475 31643 31643 I capk    : (REDACTED) animateTo: to: %s, duration: %s
08-22 02:27:45.487 10235 12400 W adbd    : timed out while waiting for FUNCTIONFS_BIND, trying again
08-22 02:27:45.487 10235 12400 I adbd    : UsbFfs: connection terminated: monitor thread finished
08-22 02:27:45.488 10235 10235 I adbd    : UsbFfs: already offline
08-22 02:27:45.488 10235 10235 I adbd    : destroying transport UsbFfs
08-22 02:27:45.488 10235 10235 I adbd    : UsbFfsConnection being destroyed
08-22 02:27:45.508 10235 10241 I adbd    : opening control endpoint /dev/usb-ffs/adb/ep0
08-22 02:27:45.510 10235 10241 I adbd    : UsbFfsConnection constructed
08-22 02:27:45.511 10235 12401 I adbd    : UsbFfs-monitor thread spawned
08-22 02:27:45.743 31643 31643 I dqbe    : (REDACTED) latestAudioLevel=%d
08-22 02:27:45.745 31643 31643 I capk    : (REDACTED) animateTo: to: %s, duration: %s
08-22 02:27:46.012 31643 31643 I dqbe    : (REDACTED) latestAudioLevel=%d
08-22 02:27:46.014 31643 31643 I capk    : (REDACTED) animateTo: to: %s, duration: %s
08-22 02:27:46.283 31643 31643 I dqbe    : (REDACTED) latestAudioLevel=%d
08-22 02:27:46.284 31643 31643 I capk    : (REDACTED) animateTo: to: %s, duration: %s
08-22 02:27:46.513 10235 12401 W adbd    : timed out while waiting for FUNCTIONFS_BIND, trying again
08-22 02:27:46.513 10235 12401 I adbd    : UsbFfs: connection terminated: monitor thread finished
08-22 02:27:46.513 10235 10235 I adbd    : UsbFfs: already offline
08-22 02:27:46.513 10235 10235 I adbd    : destroying transport UsbFfs
08-22 02:27:46.514 10235 10235 I adbd    : UsbFfsConnection being destroyed
08-22 02:27:46.538 10235 10241 I adbd    : opening control endpoint /dev/usb-ffs/adb/ep0
08-22 02:27:46.540 10235 10241 I adbd    : UsbFfsConnection constructed
08-22 02:27:46.541 10235 12402 I adbd    : UsbFfs-monitor thread spawned
08-22 02:27:46.552 31643 31643 I dqbe    : (REDACTED) latestAudioLevel=%d
08-22 02:27:46.553 31643 31643 I capk    : (REDACTED) animateTo: to: %s, duration: %s
08-22 02:27:46.555  2570 24676 I NearbyPresence: (REDACTED) %s verified [==] new request %s equals to the old request
08-22 02:27:46.821 31643 31643 I dqbe    : (REDACTED) latestAudioLevel=%d
08-22 02:27:46.822 31643 31643 I capk    : (REDACTED) animateTo: to: %s, duration: %s
08-22 02:27:47.091 31643 31643 I dqbe    : (REDACTED) latestAudioLevel=%d
08-22 02:27:47.093 31643 31643 I capk    : (REDACTED) animateTo: to: %s, duration: %s
08-22 02:27:47.361 31643 31643 I dqbe    : (REDACTED) latestAudioLevel=%d
08-22 02:27:47.364 31643 31643 I capk    : (REDACTED) animateTo: to: %s, duration: %s
08-22 02:27:47.543 10235 12402 W adbd    : timed out while waiting for FUNCTIONFS_BIND, trying again
08-22 02:27:47.543 10235 12402 I adbd    : UsbFfs: connection terminated: monitor thread finished
08-22 02:27:47.543 10235 10235 I adbd    : UsbFfs: already offline
08-22 02:27:47.543 10235 10235 I adbd    : destroying transport UsbFfs
08-22 02:27:47.544 10235 10235 I adbd    : UsbFfsConnection being destroyed
08-22 02:27:47.562 10235 10241 I adbd    : opening control endpoint /dev/usb-ffs/adb/ep0
08-22 02:27:47.565 10235 10241 I adbd    : UsbFfsConnection constructed
08-22 02:27:47.566 10235 12403 I adbd    : UsbFfs-monitor thread spawned
08-22 02:27:47.631 31643 31643 I dqbe    : (REDACTED) latestAudioLevel=%d
08-22 02:27:47.634 31643 31643 I capk    : (REDACTED) animateTo: to: %s, duration: %s
08-22 02:27:47.900 31643 31643 I dqbe    : (REDACTED) latestAudioLevel=%d
08-22 02:27:47.901 31643 31643 I capk    : (REDACTED) animateTo: to: %s, duration: %s
08-22 02:27:48.170 31643 31643 I dqbe    : (REDACTED) latestAudioLevel=%d
08-22 02:27:48.171 31643 31643 I capk    : (REDACTED) animateTo: to: %s, duration: %s
08-22 02:27:48.440 31643 31643 I dqbe    : (REDACTED) latestAudioLevel=%d
08-22 02:27:48.442 31643 31643 I capk    : (REDACTED) animateTo: to: %s, duration: %s
08-22 02:27:48.567 10235 12403 W adbd    : timed out while waiting for FUNCTIONFS_BIND, trying again
08-22 02:27:48.567 10235 12403 I adbd    : UsbFfs: connection terminated: monitor thread finished
08-22 02:27:48.567 10235 10235 I adbd    : UsbFfs: already offline
08-22 02:27:48.567 10235 10235 I adbd    : destroying transport UsbFfs
08-22 02:27:48.568 10235 10235 I adbd    : UsbFfsConnection being destroyed
08-22 02:27:48.582 10235 10241 I adbd    : opening control endpoint /dev/usb-ffs/adb/ep0
08-22 02:27:48.584 10235 10241 I adbd    : UsbFfsConnection constructed
08-22 02:27:48.585 10235 12404 I adbd    : UsbFfs-monitor thread spawned
08-22 02:27:48.710 31643 31643 I dqbe    : (REDACTED) latestAudioLevel=%d
08-22 02:27:48.712 31643 31643 I capk    : (REDACTED) animateTo: to: %s, duration: %s
08-22 02:27:48.979 31643 31643 I dqbe    : (REDACTED) latestAudioLevel=%d
08-22 02:27:48.981 31643 31643 I capk    : (REDACTED) animateTo: to: %s, duration: %s
08-22 02:27:49.249 31643 31643 I dqbe    : (REDACTED) latestAudioLevel=%d
08-22 02:27:49.251 31643 31643 I capk    : (REDACTED) animateTo: to: %s, duration: %s
08-22 02:27:49.519 31643 31643 I dqbe    : (REDACTED) latestAudioLevel=%d
08-22 02:27:49.522 31643 31643 I capk    : (REDACTED) animateTo: to: %s, duration: %s
08-22 02:27:49.586 10235 12404 W adbd    : timed out while waiting for FUNCTIONFS_BIND, trying again
08-22 02:27:49.586 10235 12404 I adbd    : UsbFfs: connection terminated: monitor thread finished
08-22 02:27:49.587 10235 10235 I adbd    : UsbFfs: already offline
08-22 02:27:49.587 10235 10235 I adbd    : destroying transport UsbFfs
08-22 02:27:49.587 10235 10235 I adbd    : UsbFfsConnection being destroyed
08-22 02:27:49.608 10235 10241 I adbd    : opening control endpoint /dev/usb-ffs/adb/ep0
08-22 02:27:49.610 10235 10241 I adbd    : UsbFfsConnection constructed
08-22 02:27:49.612 10235 12406 I adbd    : UsbFfs-monitor thread spawned
08-22 02:27:49.789 31643 31643 I dqbe    : (REDACTED) latestAudioLevel=%d
08-22 02:27:49.791 31643 31643 I capk    : (REDACTED) animateTo: to: %s, duration: %s
08-22 02:27:50.059 31643 31643 I dqbe    : (REDACTED) latestAudioLevel=%d
08-22 02:27:50.060 31643 31643 I capk    : (REDACTED) animateTo: to: %s, duration: %s
08-22 02:27:50.329 31643 31643 I dqbe    : (REDACTED) latestAudioLevel=%d
08-22 02:27:50.330 31643 31643 I capk    : (REDACTED) animateTo: to: %s, duration: %s
08-22 02:27:50.598 31643 31643 I dqbe    : (REDACTED) latestAudioLevel=%d
08-22 02:27:50.600 31643 31643 I capk    : (REDACTED) animateTo: to: %s, duration: %s
08-22 02:27:50.614 10235 12406 W adbd    : timed out while waiting for FUNCTIONFS_BIND, trying again
08-22 02:27:50.614 10235 12406 I adbd    : UsbFfs: connection terminated: monitor thread finished
08-22 02:27:50.615 10235 10235 I adbd    : UsbFfs: already offline
08-22 02:27:50.615 10235 10235 I adbd    : destroying transport UsbFfs
08-22 02:27:50.615 10235 10235 I adbd    : UsbFfsConnection being destroyed
08-22 02:27:50.629 10235 10241 I adbd    : opening control endpoint /dev/usb-ffs/adb/ep0
08-22 02:27:50.631 10235 10241 I adbd    : UsbFfsConnection constructed
08-22 02:27:50.639 10235 12407 I adbd    : UsbFfs-monitor thread spawned
08-22 02:27:50.868 31643 31643 I dqbe    : (REDACTED) latestAudioLevel=%d
08-22 02:27:50.870 31643 31643 I capk    : (REDACTED) animateTo: to: %s, duration: %s
08-22 02:27:51.138 31643 31643 I dqbe    : (REDACTED) latestAudioLevel=%d
08-22 02:27:51.139 31643 31643 I capk    : (REDACTED) animateTo: to: %s, duration: %s
08-22 02:27:51.408 31643 31643 I dqbe    : (REDACTED) latestAudioLevel=%d
08-22 02:27:51.410 31643 31643 I capk    : (REDACTED) animateTo: to: %s, duration: %s
08-22 02:27:51.640 10235 12407 W adbd    : timed out while waiting for FUNCTIONFS_BIND, trying again
08-22 02:27:51.641 10235 12407 I adbd    : UsbFfs: connection terminated: monitor thread finished
08-22 02:27:51.642 10235 10235 I adbd    : UsbFfs: already offline
08-22 02:27:51.642 10235 10235 I adbd    : destroying transport UsbFfs
08-22 02:27:51.642 10235 10235 I adbd    : UsbFfsConnection being destroyed
08-22 02:27:51.671 10235 10241 I adbd    : opening control endpoint /dev/usb-ffs/adb/ep0
08-22 02:27:51.673 10235 10241 I adbd    : UsbFfsConnection constructed
08-22 02:27:51.674 10235 12408 I adbd    : UsbFfs-monitor thread spawned
08-22 02:27:51.677 31643 31643 I dqbe    : (REDACTED) latestAudioLevel=%d
08-22 02:27:51.678 31643 31643 I capk    : (REDACTED) animateTo: to: %s, duration: %s
08-22 02:27:51.948 31643 31643 I dqbe    : (REDACTED) latestAudioLevel=%d
08-22 02:27:51.949 31643 31643 I capk    : (REDACTED) animateTo: to: %s, duration: %s
08-22 02:27:52.218 31643 31643 I dqbe    : (REDACTED) latestAudioLevel=%d
08-22 02:27:52.219 31643 31643 I capk    : (REDACTED) animateTo: to: %s, duration: %s
08-22 02:27:52.487 31643 31643 I dqbe    : (REDACTED) latestAudioLevel=%d
08-22 02:27:52.489 31643 31643 I capk    : (REDACTED) animateTo: to: %s, duration: %s
08-22 02:27:52.676 10235 12408 W adbd    : timed out while waiting for FUNCTIONFS_BIND, trying again
08-22 02:27:52.676 10235 12408 I adbd    : UsbFfs: connection terminated: monitor thread finished
08-22 02:27:52.676 10235 10235 I adbd    : UsbFfs: already offline
08-22 02:27:52.677 10235 10235 I adbd    : destroying transport UsbFfs
08-22 02:27:52.680 10235 10235 I adbd    : UsbFfsConnection being destroyed
08-22 02:27:52.699 10235 10241 I adbd    : opening control endpoint /dev/usb-ffs/adb/ep0
08-22 02:27:52.701 10235 10241 I adbd    : UsbFfsConnection constructed
08-22 02:27:52.709 10235 12409 I adbd    : UsbFfs-monitor thread spawned
08-22 02:27:52.757 31643 31643 I dqbe    : (REDACTED) latestAudioLevel=%d
08-22 02:27:52.759 31643 31643 I capk    : (REDACTED) animateTo: to: %s, duration: %s
08-22 02:27:53.027 31643 31643 I dqbe    : (REDACTED) latestAudioLevel=%d
08-22 02:27:53.029 31643 31643 I capk    : (REDACTED) animateTo: to: %s, duration: %s
08-22 02:27:53.297 31643 31643 I dqbe    : (REDACTED) latestAudioLevel=%d
08-22 02:27:53.299 31643 31643 I capk    : (REDACTED) animateTo: to: %s, duration: %s
08-22 02:27:53.567 31643 31643 I dqbe    : (REDACTED) latestAudioLevel=%d
08-22 02:27:53.569 31643 31643 I capk    : (REDACTED) animateTo: to: %s, duration: %s
08-22 02:27:53.710 10235 12409 W adbd    : timed out while waiting for FUNCTIONFS_BIND, trying again
08-22 02:27:53.710 10235 12409 I adbd    : UsbFfs: connection terminated: monitor thread finished
08-22 02:27:53.710 10235 10235 I adbd    : UsbFfs: already offline
08-22 02:27:53.710 10235 10235 I adbd    : destroying transport UsbFfs
08-22 02:27:53.710 10235 10235 I adbd    : UsbFfsConnection being destroyed
08-22 02:27:53.728 10235 10241 I adbd    : opening control endpoint /dev/usb-ffs/adb/ep0
08-22 02:27:53.729 10235 10241 I adbd    : UsbFfsConnection constructed
08-22 02:27:53.730 10235 12414 I adbd    : UsbFfs-monitor thread spawned
08-22 02:27:53.830  3961 26649 V ClearcutMetricXmitter: Transmission is done.
08-22 02:27:53.836 31643 31643 I dqbe    : (REDACTED) latestAudioLevel=%d
08-22 02:27:53.836 31643 31643 I capk    : (REDACTED) animateTo: to: %s, duration: %s
08-22 02:27:54.106 31643 31643 I dqbe    : (REDACTED) latestAudioLevel=%d
08-22 02:27:54.108 31643 31643 I capk    : (REDACTED) animateTo: to: %s, duration: %s
08-22 02:27:54.376 31643 31643 I dqbe    : (REDACTED) latestAudioLevel=%d
08-22 02:27:54.381 31643 31643 I capk    : (REDACTED) animateTo: to: %s, duration: %s
08-22 02:27:54.647 31643 31643 I dqbe    : (REDACTED) latestAudioLevel=%d
08-22 02:27:54.649 31643 31643 I capk    : (REDACTED) animateTo: to: %s, duration: %s
08-22 02:27:54.731 10235 12414 W adbd    : timed out while waiting for FUNCTIONFS_BIND, trying again
08-22 02:27:54.731 10235 12414 I adbd    : UsbFfs: connection terminated: monitor thread finished
08-22 02:27:54.732 10235 10235 I adbd    : UsbFfs: already offline
08-22 02:27:54.732 10235 10235 I adbd    : destroying transport UsbFfs
08-22 02:27:54.732 10235 10235 I adbd    : UsbFfsConnection being destroyed
08-22 02:27:54.758 10235 10241 I adbd    : opening control endpoint /dev/usb-ffs/adb/ep0
08-22 02:27:54.761 10235 10241 I adbd    : UsbFfsConnection constructed
08-22 02:27:54.761 10235 12415 I adbd    : UsbFfs-monitor thread spawned
08-22 02:27:54.916 31643 31643 I dqbe    : (REDACTED) latestAudioLevel=%d
08-22 02:27:54.918 31643 31643 I capk    : (REDACTED) animateTo: to: %s, duration: %s
08-22 02:27:55.186 31643 31643 I dqbe    : (REDACTED) latestAudioLevel=%d
08-22 02:27:55.189 31643 31643 I capk    : (REDACTED) animateTo: to: %s, duration: %s
08-22 02:27:55.214  2570  2570 D BoundBrokerSvc: onUnbind: Intent { act=com.google.android.gms.auth.aang.events.services.START dat=chimera-action: cmp=com.google.android.gms/.chimera.PersistentApiService }
08-22 02:27:55.235  2982  2982 D BoundBrokerSvc: onUnbind: Intent { act=com.google.android.gms.auth.cryptauth.cryptauthservice.START dat=chimera-action: cmp=com.google.android.gms/.chimera.GmsBoundBrokerService }
08-22 02:27:55.456 31643 31643 I dqbe    : (REDACTED) latestAudioLevel=%d
08-22 02:27:55.458 31643 31643 I capk    : (REDACTED) animateTo: to: %s, duration: %s
08-22 02:27:55.726 31643 31643 I dqbe    : (REDACTED) latestAudioLevel=%d
08-22 02:27:55.728 31643 31643 I capk    : (REDACTED) animateTo: to: %s, duration: %s
08-22 02:27:55.763 10235 12415 W adbd    : timed out while waiting for FUNCTIONFS_BIND, trying again
08-22 02:27:55.763 10235 12415 I adbd    : UsbFfs: connection terminated: monitor thread finished
08-22 02:27:55.763 10235 10235 I adbd    : UsbFfs: already offline
08-22 02:27:55.763 10235 10235 I adbd    : destroying transport UsbFfs
08-22 02:27:55.763 10235 10235 I adbd    : UsbFfsConnection being destroyed
08-22 02:27:55.789 10235 10241 I adbd    : opening control endpoint /dev/usb-ffs/adb/ep0
08-22 02:27:55.791 10235 10241 I adbd    : UsbFfsConnection constructed
08-22 02:27:55.792 10235 12416 I adbd    : UsbFfs-monitor thread spawned
08-22 02:27:55.996 31643 31643 I dqbe    : (REDACTED) latestAudioLevel=%d
08-22 02:27:55.997 31643 31643 I capk    : (REDACTED) animateTo: to: %s, duration: %s
08-22 02:27:56.265 31643 31643 I dqbe    : (REDACTED) latestAudioLevel=%d
08-22 02:27:56.268 31643 31643 I capk    : (REDACTED) animateTo: to: %s, duration: %s
08-22 02:27:56.513  2982 12417 I Authzen : [DeviceStateSyncManager] The server is in sync with current state. Nothing to do
08-22 02:27:56.535 31643 31643 I dqbe    : (REDACTED) latestAudioLevel=%d
08-22 02:27:56.535 31643 31643 I capk    : (REDACTED) animateTo: to: %s, duration: %s
08-22 02:27:56.793 10235 12416 W adbd    : timed out while waiting for FUNCTIONFS_BIND, trying again
08-22 02:27:56.794 10235 12416 I adbd    : UsbFfs: connection terminated: monitor thread finished
08-22 02:27:56.794 10235 10235 I adbd    : UsbFfs: already offline
08-22 02:27:56.794 10235 10235 I adbd    : destroying transport UsbFfs
08-22 02:27:56.794 10235 10235 I adbd    : UsbFfsConnection being destroyed
08-22 02:27:56.805 31643 31643 I dqbe    : (REDACTED) latestAudioLevel=%d
08-22 02:27:56.807 31643 31643 I capk    : (REDACTED) animateTo: to: %s, duration: %s
08-22 02:27:56.808 10235 10241 I adbd    : opening control endpoint /dev/usb-ffs/adb/ep0
08-22 02:27:56.810 10235 10241 I adbd    : UsbFfsConnection constructed
08-22 02:27:56.811 10235 12419 I adbd    : UsbFfs-monitor thread spawned
08-22 02:27:57.075 31643 31643 I dqbe    : (REDACTED) latestAudioLevel=%d
08-22 02:27:57.076 31643 31643 I capk    : (REDACTED) animateTo: to: %s, duration: %s
08-22 02:27:57.345 31643 31643 I dqbe    : (REDACTED) latestAudioLevel=%d
08-22 02:27:57.346 31643 31643 I capk    : (REDACTED) animateTo: to: %s, duration: %s
08-22 02:27:57.615 31643 31643 I dqbe    : (REDACTED) latestAudioLevel=%d
08-22 02:27:57.616 31643 31643 I capk    : (REDACTED) animateTo: to: %s, duration: %s
08-22 02:27:57.813 10235 12419 W adbd    : timed out while waiting for FUNCTIONFS_BIND, trying again
08-22 02:27:57.813 10235 12419 I adbd    : UsbFfs: connection terminated: monitor thread finished
08-22 02:27:57.813 10235 10235 I adbd    : UsbFfs: already offline
08-22 02:27:57.813 10235 10235 I adbd    : destroying transport UsbFfs
08-22 02:27:57.813 10235 10235 I adbd    : UsbFfsConnection being destroyed
08-22 02:27:57.829 10235 10241 I adbd    : opening control endpoint /dev/usb-ffs/adb/ep0
08-22 02:27:57.831 10235 10241 I adbd    : UsbFfsConnection constructed
08-22 02:27:57.832 10235 12420 I adbd    : UsbFfs-monitor thread spawned
08-22 02:27:57.884 31643 31643 I dqbe    : (REDACTED) latestAudioLevel=%d
08-22 02:27:57.886 31643 31643 I capk    : (REDACTED) animateTo: to: %s, duration: %s
08-22 02:27:58.154 31643 31643 I dqbe    : (REDACTED) latestAudioLevel=%d
08-22 02:27:58.156 31643 31643 I capk    : (REDACTED) animateTo: to: %s, duration: %s
08-22 02:27:58.424 31643 31643 I dqbe    : (REDACTED) latestAudioLevel=%d
08-22 02:27:58.426 31643 31643 I capk    : (REDACTED) animateTo: to: %s, duration: %s
08-22 02:27:58.694 31643 31643 I dqbe    : (REDACTED) latestAudioLevel=%d
08-22 02:27:58.696 31643 31643 I capk    : (REDACTED) animateTo: to: %s, duration: %s
08-22 02:27:58.833 10235 12420 W adbd    : timed out while waiting for FUNCTIONFS_BIND, trying again
08-22 02:27:58.833 10235 12420 I adbd    : UsbFfs: connection terminated: monitor thread finished
08-22 02:27:58.834 10235 10235 I adbd    : UsbFfs: already offline
08-22 02:27:58.834 10235 10235 I adbd    : destroying transport UsbFfs
08-22 02:27:58.834 10235 10235 I adbd    : UsbFfsConnection being destroyed
08-22 02:27:58.852 10235 10241 I adbd    : opening control endpoint /dev/usb-ffs/adb/ep0
08-22 02:27:58.854 10235 10241 I adbd    : UsbFfsConnection constructed
08-22 02:27:58.855 10235 12422 I adbd    : UsbFfs-monitor thread spawned
08-22 02:27:58.965 31643 31643 I dqbe    : (REDACTED) latestAudioLevel=%d
08-22 02:27:58.966 31643 31643 I capk    : (REDACTED) animateTo: to: %s, duration: %s
08-22 02:27:59.234 31643 31643 I dqbe    : (REDACTED) latestAudioLevel=%d
08-22 02:27:59.236 31643 31643 I capk    : (REDACTED) animateTo: to: %s, duration: %s
08-22 02:27:59.503 31643 31643 I dqbe    : (REDACTED) latestAudioLevel=%d
08-22 02:27:59.504 31643 31643 I capk    : (REDACTED) animateTo: to: %s, duration: %s
08-22 02:27:59.773 31643 31643 I dqbe    : (REDACTED) latestAudioLevel=%d
08-22 02:27:59.775 31643 31643 I capk    : (REDACTED) animateTo: to: %s, duration: %s
08-22 02:27:59.856 10235 12422 W adbd    : timed out while waiting for FUNCTIONFS_BIND, trying again
08-22 02:27:59.857 10235 12422 I adbd    : UsbFfs: connection terminated: monitor thread finished
08-22 02:27:59.857 10235 10235 I adbd    : UsbFfs: already offline
08-22 02:27:59.857 10235 10235 I adbd    : destroying transport UsbFfs
08-22 02:27:59.857 10235 10235 I adbd    : UsbFfsConnection being destroyed
08-22 02:27:59.875 10235 10241 I adbd    : opening control endpoint /dev/usb-ffs/adb/ep0
08-22 02:27:59.878 10235 10241 I adbd    : UsbFfsConnection constructed
08-22 02:27:59.880 10235 12423 I adbd    : UsbFfs-monitor thread spawned
08-22 02:28:00.043 31643 31643 I dqbe    : (REDACTED) latestAudioLevel=%d
08-22 02:28:00.044 31643 31643 I capk    : (REDACTED) animateTo: to: %s, duration: %s
08-22 02:28:00.314 31643 31643 I dqbe    : (REDACTED) latestAudioLevel=%d
08-22 02:28:00.315 31643 31643 I capk    : (REDACTED) animateTo: to: %s, duration: %s
08-22 02:28:00.583 31643 31643 I dqbe    : (REDACTED) latestAudioLevel=%d
08-22 02:28:00.585 31643 31643 I capk    : (REDACTED) animateTo: to: %s, duration: %s
08-22 02:28:00.853 31643 31643 I dqbe    : (REDACTED) latestAudioLevel=%d
08-22 02:28:00.854 31643 31643 I capk    : (REDACTED) animateTo: to: %s, duration: %s
08-22 02:28:00.882 10235 12423 W adbd    : timed out while waiting for FUNCTIONFS_BIND, trying again
08-22 02:28:00.883 10235 12423 I adbd    : UsbFfs: connection terminated: monitor thread finished
08-22 02:28:00.884 10235 10235 I adbd    : UsbFfs: already offline
08-22 02:28:00.884 10235 10235 I adbd    : destroying transport UsbFfs
08-22 02:28:00.884 10235 10235 I adbd    : UsbFfsConnection being destroyed
08-22 02:28:00.905 10235 10241 I adbd    : opening control endpoint /dev/usb-ffs/adb/ep0
08-22 02:28:00.909 10235 10241 I adbd    : UsbFfsConnection constructed
08-22 02:28:00.910 10235 12424 I adbd    : UsbFfs-monitor thread spawned
08-22 02:28:01.122 31643 31643 I dqbe    : (REDACTED) latestAudioLevel=%d
08-22 02:28:01.123 31643 31643 I capk    : (REDACTED) animateTo: to: %s, duration: %s
08-22 02:28:01.392 31643 31643 I dqbe    : (REDACTED) latestAudioLevel=%d
08-22 02:28:01.393 31643 31643 I capk    : (REDACTED) animateTo: to: %s, duration: %s
08-22 02:28:01.402  1060  1090 I VSC     : @ 26101.324: [VSC] Request sensor 131074, sample_duration 0 ms, report_duration 0 ms
08-22 02:28:01.402  1060  1090 I VSC     : @ 26101.325: [VSC] Stopping sensor events for sensor 65537
08-22 02:28:01.403  1060  1090 W ASH     : @ 26101.325: [SMGR] send_buf_ind - dropping id=0/0xb2034fb8 #samples=82 last_sent[0]=855286686
08-22 02:28:01.662 31643 31643 I dqbe    : (REDACTED) latestAudioLevel=%d
08-22 02:28:01.663 31643 31643 I capk    : (REDACTED) animateTo: to: %s, duration: %s
08-22 02:28:01.911 10235 12424 W adbd    : timed out while waiting for FUNCTIONFS_BIND, trying again
08-22 02:28:01.912 10235 12424 I adbd    : UsbFfs: connection terminated: monitor thread finished
08-22 02:28:01.912 10235 10235 I adbd    : UsbFfs: already offline
08-22 02:28:01.912 10235 10235 I adbd    : destroying transport UsbFfs
08-22 02:28:01.913 10235 10235 I adbd    : UsbFfsConnection being destroyed
08-22 02:28:01.931 31643 31643 I dqbe    : (REDACTED) latestAudioLevel=%d
08-22 02:28:01.932 10235 10241 I adbd    : opening control endpoint /dev/usb-ffs/adb/ep0
08-22 02:28:01.934 31643 31643 I capk    : (REDACTED) animateTo: to: %s, duration: %s
08-22 02:28:01.935 10235 10241 I adbd    : UsbFfsConnection constructed
08-22 02:28:01.936 10235 12425 I adbd    : UsbFfs-monitor thread spawned
08-22 02:28:02.201 31643 31643 I dqbe    : (REDACTED) latestAudioLevel=%d
08-22 02:28:02.203 31643 31643 I capk    : (REDACTED) animateTo: to: %s, duration: %s
08-22 02:28:02.471 31643 31643 I dqbe    : (REDACTED) latestAudioLevel=%d
08-22 02:28:02.473 31643 31643 I capk    : (REDACTED) animateTo: to: %s, duration: %s
08-22 02:28:02.740 31643 31643 I dqbe    : (REDACTED) latestAudioLevel=%d
08-22 02:28:02.742 31643 31643 I capk    : (REDACTED) animateTo: to: %s, duration: %s
08-22 02:28:02.937 10235 12425 W adbd    : timed out while waiting for FUNCTIONFS_BIND, trying again
08-22 02:28:02.938 10235 12425 I adbd    : UsbFfs: connection terminated: monitor thread finished
08-22 02:28:02.939 10235 10235 I adbd    : UsbFfs: already offline
08-22 02:28:02.939 10235 10235 I adbd    : destroying transport UsbFfs
08-22 02:28:02.939 10235 10235 I adbd    : UsbFfsConnection being destroyed
08-22 02:28:02.959 10235 10241 I adbd    : opening control endpoint /dev/usb-ffs/adb/ep0
08-22 02:28:02.961 10235 10241 I adbd    : UsbFfsConnection constructed
08-22 02:28:02.963 10235 12426 I adbd    : UsbFfs-monitor thread spawned
08-22 02:28:03.011 31643 31643 I dqbe    : (REDACTED) latestAudioLevel=%d
08-22 02:28:03.013 31643 31643 I capk    : (REDACTED) animateTo: to: %s, duration: %s
08-22 02:28:03.281 31643 31643 I dqbe    : (REDACTED) latestAudioLevel=%d
08-22 02:28:03.282 31643 31643 I capk    : (REDACTED) animateTo: to: %s, duration: %s
08-22 02:28:03.550 31643 31643 I dqbe    : (REDACTED) latestAudioLevel=%d
08-22 02:28:03.551 31643 31643 I capk    : (REDACTED) animateTo: to: %s, duration: %s
08-22 02:28:03.820 31643 31643 I dqbe    : (REDACTED) latestAudioLevel=%d
08-22 02:28:03.822 31643 31643 I capk    : (REDACTED) animateTo: to: %s, duration: %s
08-22 02:28:03.964 10235 12426 W adbd    : timed out while waiting for FUNCTIONFS_BIND, trying again
08-22 02:28:03.964 10235 12426 I adbd    : UsbFfs: connection terminated: monitor thread finished
08-22 02:28:03.965 10235 10235 I adbd    : UsbFfs: already offline
08-22 02:28:03.965 10235 10235 I adbd    : destroying transport UsbFfs
08-22 02:28:03.965 10235 10235 I adbd    : UsbFfsConnection being destroyed
08-22 02:28:03.986 10235 10241 I adbd    : opening control endpoint /dev/usb-ffs/adb/ep0
08-22 02:28:03.988 10235 10241 I adbd    : UsbFfsConnection constructed
08-22 02:28:03.990 10235 12427 I adbd    : UsbFfs-monitor thread spawned
08-22 02:28:04.090 31643 31643 I dqbe    : (REDACTED) latestAudioLevel=%d
08-22 02:28:04.092 31643 31643 I capk    : (REDACTED) animateTo: to: %s, duration: %s
08-22 02:28:04.359 31643 31643 I dqbe    : (REDACTED) latestAudioLevel=%d
08-22 02:28:04.361 31643 31643 I capk    : (REDACTED) animateTo: to: %s, duration: %s
08-22 02:28:04.629 31643 31643 I dqbe    : (REDACTED) latestAudioLevel=%d
08-22 02:28:04.631 31643 31643 I capk    : (REDACTED) animateTo: to: %s, duration: %s
08-22 02:28:04.898 31643 31643 I dqbe    : (REDACTED) latestAudioLevel=%d
08-22 02:28:04.900 31643 31643 I capk    : (REDACTED) animateTo: to: %s, duration: %s
08-22 02:28:04.991 10235 12427 W adbd    : timed out while waiting for FUNCTIONFS_BIND, trying again
08-22 02:28:04.991 10235 12427 I adbd    : UsbFfs: connection terminated: monitor thread finished
08-22 02:28:04.992 10235 10235 I adbd    : UsbFfs: already offline
08-22 02:28:04.992 10235 10235 I adbd    : destroying transport UsbFfs
08-22 02:28:04.992 10235 10235 I adbd    : UsbFfsConnection being destroyed
08-22 02:28:05.006 10235 10241 I adbd    : opening control endpoint /dev/usb-ffs/adb/ep0
08-22 02:28:05.008 10235 10241 I adbd    : UsbFfsConnection constructed
08-22 02:28:05.009 10235 12428 I adbd    : UsbFfs-monitor thread spawned
08-22 02:28:05.169 31643 31643 I dqbe    : (REDACTED) latestAudioLevel=%d
08-22 02:28:05.170 31643 31643 I capk    : (REDACTED) animateTo: to: %s, duration: %s
08-22 02:28:05.438 31643 31643 I dqbe    : (REDACTED) latestAudioLevel=%d
08-22 02:28:05.439 31643 31643 I capk    : (REDACTED) animateTo: to: %s, duration: %s
08-22 02:28:05.708 31643 31643 I dqbe    : (REDACTED) latestAudioLevel=%d
08-22 02:28:05.710 31643 31643 I capk    : (REDACTED) animateTo: to: %s, duration: %s
08-22 02:28:05.978 31643 31643 I dqbe    : (REDACTED) latestAudioLevel=%d
08-22 02:28:05.980 31643 31643 I capk    : (REDACTED) animateTo: to: %s, duration: %s
08-22 02:28:06.011 10235 12428 W adbd    : timed out while waiting for FUNCTIONFS_BIND, trying again
08-22 02:28:06.011 10235 12428 I adbd    : UsbFfs: connection terminated: monitor thread finished
08-22 02:28:06.012 10235 10235 I adbd    : UsbFfs: already offline
08-22 02:28:06.012 10235 10235 I adbd    : destroying transport UsbFfs
08-22 02:28:06.012 10235 10235 I adbd    : UsbFfsConnection being destroyed
08-22 02:28:06.032 10235 10241 I adbd    : opening control endpoint /dev/usb-ffs/adb/ep0
08-22 02:28:06.034 10235 10241 I adbd    : UsbFfsConnection constructed
08-22 02:28:06.039 10235 12429 I adbd    : UsbFfs-monitor thread spawned
08-22 02:28:06.248 31643 31643 I dqbe    : (REDACTED) latestAudioLevel=%d
08-22 02:28:06.250 31643 31643 I capk    : (REDACTED) animateTo: to: %s, duration: %s
08-22 02:28:06.517 31643 31643 I dqbe    : (REDACTED) latestAudioLevel=%d
08-22 02:28:06.519 31643 31643 I capk    : (REDACTED) animateTo: to: %s, duration: %s
08-22 02:28:06.787 31643 31643 I dqbe    : (REDACTED) latestAudioLevel=%d
08-22 02:28:06.788 31643 31643 I capk    : (REDACTED) animateTo: to: %s, duration: %s
08-22 02:28:07.041 10235 12429 W adbd    : timed out while waiting for FUNCTIONFS_BIND, trying again
08-22 02:28:07.041 10235 12429 I adbd    : UsbFfs: connection terminated: monitor thread finished
08-22 02:28:07.043 10235 10235 I adbd    : UsbFfs: already offline
08-22 02:28:07.043 10235 10235 I adbd    : destroying transport UsbFfs
08-22 02:28:07.043 10235 10235 I adbd    : UsbFfsConnection being destroyed
08-22 02:28:07.056 31643 31643 I dqbe    : (REDACTED) latestAudioLevel=%d
08-22 02:28:07.058 31643 31643 I capk    : (REDACTED) animateTo: to: %s, duration: %s
08-22 02:28:07.062 10235 10241 I adbd    : opening control endpoint /dev/usb-ffs/adb/ep0
08-22 02:28:07.064 10235 10241 I adbd    : UsbFfsConnection constructed
08-22 02:28:07.066 10235 12430 I adbd    : UsbFfs-monitor thread spawned
08-22 02:28:07.326 31643 31643 I dqbe    : (REDACTED) latestAudioLevel=%d
08-22 02:28:07.327 31643 31643 I capk    : (REDACTED) animateTo: to: %s, duration: %s
08-22 02:28:07.596 31643 31643 I dqbe    : (REDACTED) latestAudioLevel=%d
08-22 02:28:07.597 31643 31643 I capk    : (REDACTED) animateTo: to: %s, duration: %s
08-22 02:28:07.866 31643 31643 I dqbe    : (REDACTED) latestAudioLevel=%d
08-22 02:28:07.867 31643 31643 I capk    : (REDACTED) animateTo: to: %s, duration: %s
08-22 02:28:08.067 10235 12430 W adbd    : timed out while waiting for FUNCTIONFS_BIND, trying again
08-22 02:28:08.067 10235 12430 I adbd    : UsbFfs: connection terminated: monitor thread finished
08-22 02:28:08.068 10235 10235 I adbd    : UsbFfs: already offline
08-22 02:28:08.068 10235 10235 I adbd    : destroying transport UsbFfs
08-22 02:28:08.069 10235 10235 I adbd    : UsbFfsConnection being destroyed
08-22 02:28:08.092 10235 10241 I adbd    : opening control endpoint /dev/usb-ffs/adb/ep0
08-22 02:28:08.095 10235 10241 I adbd    : UsbFfsConnection constructed
08-22 02:28:08.104 10235 12432 I adbd    : UsbFfs-monitor thread spawned
08-22 02:28:08.135 31643 31643 I dqbe    : (REDACTED) latestAudioLevel=%d
08-22 02:28:08.136 31643 31643 I capk    : (REDACTED) animateTo: to: %s, duration: %s
08-22 02:28:08.405 31643 31643 I dqbe    : (REDACTED) latestAudioLevel=%d
08-22 02:28:08.408 31643 31643 I capk    : (REDACTED) animateTo: to: %s, duration: %s
08-22 02:28:08.676 31643 31643 I dqbe    : (REDACTED) latestAudioLevel=%d
08-22 02:28:08.678 31643 31643 I capk    : (REDACTED) animateTo: to: %s, duration: %s
08-22 02:28:08.945 31643 31643 I dqbe    : (REDACTED) latestAudioLevel=%d
08-22 02:28:08.947 31643 31643 I capk    : (REDACTED) animateTo: to: %s, duration: %s
08-22 02:28:09.106 10235 12432 W adbd    : timed out while waiting for FUNCTIONFS_BIND, trying again
08-22 02:28:09.106 10235 12432 I adbd    : UsbFfs: connection terminated: monitor thread finished
08-22 02:28:09.106 10235 10235 I adbd    : UsbFfs: already offline
08-22 02:28:09.106 10235 10235 I adbd    : destroying transport UsbFfs
08-22 02:28:09.107 10235 10235 I adbd    : UsbFfsConnection being destroyed
08-22 02:28:09.119 10235 10241 I adbd    : opening control endpoint /dev/usb-ffs/adb/ep0
08-22 02:28:09.122 10235 10241 I adbd    : UsbFfsConnection constructed
08-22 02:28:09.126 10235 12434 I adbd    : UsbFfs-monitor thread spawned
08-22 02:28:09.215 31643 31643 I dqbe    : (REDACTED) latestAudioLevel=%d
08-22 02:28:09.216 31643 31643 I capk    : (REDACTED) animateTo: to: %s, duration: %s
08-22 02:28:09.484 31643 31643 I dqbe    : (REDACTED) latestAudioLevel=%d
08-22 02:28:09.486 31643 31643 I capk    : (REDACTED) animateTo: to: %s, duration: %s
