08-22 03:03:57.575  1476  3539 I system_server: oneway function results will be dropped but finished with status OK and parcel size 4
08-22 03:03:57.575  1476  3539 I system_server: oneway function results will be dropped but finished with status OK and parcel size 4
08-22 03:03:57.582   960  1696 D audio_hw_primary: out_set_parameters: enter: usecase(1: low-latency-playback) kvpairs: routing=4194304
08-22 03:03:57.591   960 21450 E volume_listener: check_and_set_gain_dep_cal: Failed to set gain dep cal level
08-22 03:03:57.591   960  3094 D audio_hw_primary: select_devices_with_force_switch: changing use case low-latency-playback output device from(2: speaker, acdb 15) to (4: speaker-safe, acdb 15)
08-22 03:03:57.591   960  3094 D audio_hw_primary: enable_snd_device: snd_device(4: speaker-safe)
08-22 03:03:57.592   960  3094 D audio_route: Apply path: speaker-safe
08-22 03:03:57.592  1476  3539 I system_server: oneway function results will be dropped but finished with status OK and parcel size 4
08-22 03:03:57.595   960  3094 D ACDB-LOADER: ACDB -> send_audio_cal, acdb_id = 15, path = 0, app id = 0x11130, sample rate = 48000
08-22 03:03:57.595   960  3094 D ACDB-LOADER: ACDB -> ACDB_CMD_GET_AUDPROC_GAIN_DEP_STEP_TABLE, vol index 0
08-22 03:03:57.595   960  3094 D android.hardware.audio.service: Failed to fetch the lookup information of the device 0000000F 
08-22 03:03:57.595   960  3094 E ACDB-LOADER: Error: ACDB AudProc vol returned = -19
08-22 03:03:57.596   960  3094 D ACDB-LOADER: ACDB -> GET_AFE_TOPOLOGY_ID for adcd_id 15, Topology Id 1025e
08-22 03:03:57.596   960  3094 D audio_hw_primary: enable_audio_route: usecase(1) apply and update mixer path: low-latency-playback speaker
08-22 03:03:57.596   960  3094 D audio_route: Apply path: low-latency-playback speaker
08-22 03:03:57.596   671   671 D android.hardware.power@1.3-service.pixel-libperfmgr: AUDIO_STREAMING: 1
08-22 03:03:57.828 31643 31643 I dqbe    : (REDACTED) latestAudioLevel=%d
08-22 03:03:57.830 31643 31643 I capk    : (REDACTED) animateTo: to: %s, duration: %s
08-22 03:03:57.832   960  3094 D audio_hw_primary: out_write: retry previous failed cal level set
08-22 03:03:57.832   671   671 D android.hardware.power@1.3-service.pixel-libperfmgr: AUDIO_STREAMING: 0
08-22 03:03:57.833   960  3094 D ACDB-LOADER: ACDB -> ACDB_CMD_GET_AUDPROC_GAIN_DEP_STEP_TABLE, vol index 5
08-22 03:03:57.833   960  3094 D android.hardware.audio.service: Failed to fetch the lookup information of the device 0000000F 
08-22 03:03:57.833   960  3094 E ACDB-LOADER: Error: ACDB AudProc vol returned = -19
08-22 03:03:57.868  1157 14660 D AudioTrack: getTimestamp_l(56): device stall time corrected using current time 13191097429335
08-22 03:03:58.095 31643 31643 I dqbe    : (REDACTED) latestAudioLevel=%d
08-22 03:03:58.096 31643 31643 I capk    : (REDACTED) animateTo: to: %s, duration: %s
08-22 03:03:58.366 31643 31643 I dqbe    : (REDACTED) latestAudioLevel=%d
08-22 03:03:58.367 31643 31643 I capk    : (REDACTED) animateTo: to: %s, duration: %s
08-22 03:03:58.517 14554 14666 I chatty  : uid=2000(shell) expire 3 lines
08-22 03:03:58.638 31643 31643 I dqbe    : (REDACTED) latestAudioLevel=%d
08-22 03:03:58.640 31643 31643 I capk    : (REDACTED) animateTo: to: %s, duration: %s
08-22 03:03:58.685  1157 14662 D CCodecBufferChannel: [c2.android.vorbis.decoder#111] buffers after EOS ignored (0 us)
08-22 03:03:58.907 31643 31643 I dqbe    : (REDACTED) latestAudioLevel=%d
08-22 03:03:58.909 31643 31643 I capk    : (REDACTED) animateTo: to: %s, duration: %s
08-22 03:03:58.938  1157 14660 D AudioTrack: stop(56): called with 67199 frames delivered
08-22 03:03:59.178 31643 31643 I dqbe    : (REDACTED) latestAudioLevel=%d
08-22 03:03:59.180 31643 31643 I capk    : (REDACTED) animateTo: to: %s, duration: %s
08-22 03:03:59.333  1476  2302 I MediaFocusControl: abandonAudioFocus() from uid/pid 10180/1873 clientId=android.media.AudioManager@2a765a5
08-22 03:03:59.335  1873 14611 V MediaPlayer: resetDrmState:  mDrmInfo=null mDrmProvisioningThread=null mPrepareDrmInProgress=false mActiveDrmScheme=false
08-22 03:03:59.335  1873 14611 V MediaPlayer: cleanDrmObj: mDrmObj=null mDrmSessionId=null
08-22 03:03:59.335  1157  2320 D NuPlayerDriver: reset(0xecfc0010) at state 6
08-22 03:03:59.336   960  1696 D ACDB-LOADER: ACDB -> ACDB_CMD_GET_AUDPROC_GAIN_DEP_STEP_TABLE, vol index 0
08-22 03:03:59.337  1476  3539 I system_server: oneway function results will be dropped but finished with status OK and parcel size 4
08-22 03:03:59.337   960  1696 D android.hardware.audio.service: Failed to fetch the lookup information of the device 0000000F 
08-22 03:03:59.337   960  1696 E ACDB-LOADER: Error: ACDB AudProc vol returned = -19
08-22 03:03:59.337   960  1696 E volume_listener: check_and_set_gain_dep_cal: Failed to set gain dep cal level
08-22 03:03:59.337   960 21450 E volume_listener: check_and_set_gain_dep_cal: Failed to set gain dep cal level
08-22 03:03:59.341  1157 14662 I hw-BpHwBinder: onLastStrongRef automatically unlinking death recipients
08-22 03:03:59.341  1176  1176 I hw-BpHwBinder: onLastStrongRef automatically unlinking death recipients
08-22 03:03:59.342  1176  1176 V C2Store : in ~ComponentModule
08-22 03:03:59.342  1176  1176 V C2Store : unloading dll
08-22 03:03:59.346  1476 14668 I system_server: [server]: Initializing adbwifi TlsConnection
08-22 03:03:59.347  1157 14613 D NuPlayerDriver: notifyResetComplete(0xecfc0010)
08-22 03:03:59.348  1157  2320 W AMessage: failed to post message as target looper for handler 0 is gone.
08-22 03:03:59.353  1476 14668 I system_server: [server]: Starting adbwifi tls handshake
08-22 03:03:59.387  1476 14668 I system_server: [server]: Handshake succeeded.
08-22 03:03:59.401  1476  1686 D NsdService: unregister service
08-22 03:03:59.401  1476  1686 D NsdService: mdnssd [stop-register, 4]
08-22 03:03:59.404   913   936 W netd    : dnssd_clientstub DNSServiceProcessResult called with NULL DNSServiceRef
08-22 03:03:59.419 14554 14670 I chatty  : uid=2000(shell) expire 1 line
08-22 03:03:59.419 14554 14669 I chatty  : uid=2000(shell) expire 3 lines
08-22 03:03:59.429 10942 10942 I WirelessDebuggingFrag: onDismiss
08-22 03:03:59.451 20907 20907 I GoogleInputMethodService: GoogleInputMethodService.onFinishInput():2054 
08-22 03:03:59.452 20907 20907 I Module  : DeviceLockedStatusModuleProvider$Module.updateDeviceLockedStatus():100 repeatCheckTimes = 0, locked = false
08-22 03:03:59.453 20907 20907 I GoogleInputMethodService: GoogleInputMethodService.onStartInput():1315 onStartInput(EditorInfo{EditorInfo{packageName=com.android.settings, inputType=0, inputTypeString=NULL, enableLearning=false, autoCorrection=false, autoComplete=false, imeOptions=0, privateImeOptions=null, actionName=UNSPECIFIED, actionLabel=null, initialSelStart=-1, initialSelEnd=-1, initialCapsMode=0, label=null, fieldId=-1, fieldName=null, extras=null, hintText=null, hintLocales=[]}}, false)
08-22 03:03:59.454 20907 20907 I Module  : DeviceLockedStatusModuleProvider$Module.updateDeviceLockedStatus():100 repeatCheckTimes = 1, locked = false
08-22 03:03:59.458 31643 31643 I dqbe    : (REDACTED) latestAudioLevel=%d
08-22 03:03:59.459 31643 31643 I capk    : (REDACTED) animateTo: to: %s, duration: %s
08-22 03:03:59.515 20907 20907 I VoiceInputManagerWrapper: VoiceInputManagerWrapper.shutdownVoiceInternal():148 shutdownVoiceInternal()
08-22 03:03:59.516 20907 20907 W NotificationCenter: NotificationCenter.unregisterListener():480 Listener htz@b37d073 was not registered for notification class ndc
08-22 03:03:59.539 14554 14671 I chatty  : uid=2000(shell) expire 3 lines
08-22 03:03:59.732 31643 31643 I dqbe    : (REDACTED) latestAudioLevel=%d
08-22 03:03:59.733 31643 31643 I capk    : (REDACTED) animateTo: to: %s, duration: %s
08-22 03:04:00.005 31643 31643 I dqbe    : (REDACTED) latestAudioLevel=%d
08-22 03:04:00.007 31643 31643 I capk    : (REDACTED) animateTo: to: %s, duration: %s
08-22 03:04:00.254 14554 14673 I chatty  : uid=2000(shell) expire 1 line
08-22 03:04:00.254 14554 14672 I chatty  : uid=2000(shell) expire 3 lines
08-22 03:04:00.262 14554 14675 I chatty  : uid=2000(shell) expire 1 line
08-22 03:04:00.262 14554 14674 I chatty  : uid=2000(shell) expire 3 lines
08-22 03:04:00.270 14554 14677 I chatty  : uid=2000(shell) expire 1 line
08-22 03:04:00.270 14554 14676 I chatty  : uid=2000(shell) expire 3 lines
08-22 03:04:00.279 14554 14679 I chatty  : uid=2000(shell) expire 1 line
08-22 03:04:00.279 14554 14678 I chatty  : uid=2000(shell) expire 3 lines
08-22 03:04:00.287 31643 31643 I dqbe    : (REDACTED) latestAudioLevel=%d
08-22 03:04:00.289 31643 31643 I capk    : (REDACTED) animateTo: to: %s, duration: %s
08-22 03:04:00.289 14554 14681 I chatty  : uid=2000(shell) expire 1 line
08-22 03:04:00.290 14554 14680 I chatty  : uid=2000(shell) expire 3 lines
08-22 03:04:00.297 14554 14683 I chatty  : uid=2000(shell) expire 1 line
08-22 03:04:00.297 14554 14682 I chatty  : uid=2000(shell) expire 3 lines
08-22 03:04:00.554 31643 31643 I dqbe    : (REDACTED) latestAudioLevel=%d
08-22 03:04:00.570 31643 31643 I capk    : (REDACTED) animateTo: to: %s, duration: %s
08-22 03:04:00.572 14554 14684 I chatty  : uid=2000(shell) expire 3 lines
08-22 03:04:00.821 31643 31643 I dqbe    : (REDACTED) latestAudioLevel=%d
08-22 03:04:00.825 31643 31643 I capk    : (REDACTED) animateTo: to: %s, duration: %s
08-22 03:04:01.088 31643 31643 I dqbe    : (REDACTED) latestAudioLevel=%d
08-22 03:04:01.092 31643 31643 I capk    : (REDACTED) animateTo: to: %s, duration: %s
08-22 03:04:01.354 31643 31643 I dqbe    : (REDACTED) latestAudioLevel=%d
08-22 03:04:01.358 31643 31643 I capk    : (REDACTED) animateTo: to: %s, duration: %s
08-22 03:04:01.600 14554 14685 I chatty  : uid=2000(shell) expire 3 lines
08-22 03:04:01.622 31643 31643 I dqbe    : (REDACTED) latestAudioLevel=%d
08-22 03:04:01.624 31643 31643 I capk    : (REDACTED) animateTo: to: %s, duration: %s
08-22 03:04:01.885 31643 31643 I dqbe    : (REDACTED) latestAudioLevel=%d
08-22 03:04:01.886 31643 31643 I capk    : (REDACTED) animateTo: to: %s, duration: %s
08-22 03:04:02.117  1476  3539 I ActivityManager: Killing 13609:com.google.android.webview:webview_service/u0a155 (adj 999): empty #33
08-22 03:04:02.120  1476  3539 I ActivityManager: Killing 13304:com.whatsapp/u0a229 (adj 999): empty #34
08-22 03:04:02.128  1476  3539 I ActivityManager: Killing 10119:com.google.android.projection.gearhead:shared/u0a124 (adj 999): empty #35
08-22 03:04:02.153 31643 31643 I dqbe    : (REDACTED) latestAudioLevel=%d
08-22 03:04:02.154 31643 31643 I capk    : (REDACTED) animateTo: to: %s, duration: %s
08-22 03:04:02.158   635   635 E lowmemorykiller: Error writing /proc/13609/oom_score_adj; errno=22
08-22 03:04:02.158   635   635 E lowmemorykiller: Error writing /proc/13304/oom_score_adj; errno=22
08-22 03:04:02.159   635   635 E lowmemorykiller: Error writing /proc/10119/oom_score_adj; errno=22
08-22 03:04:02.169  1476  1560 I libprocessgroup: Successfully killed process cgroup uid 10155 pid 13609 in 48ms
08-22 03:04:02.170  1476  3539 W ActivityManager: Scheduling restart of crashed service com.google.android.webview/org.chromium.android_webview.services.MetricsBridgeService in 1000ms for connection
08-22 03:04:02.170   942   942 I Zygote  : Process 13609 exited due to signal 9 (Killed)
08-22 03:04:02.178   942   942 I Zygote  : Process 10119 exited due to signal 9 (Killed)
08-22 03:04:02.201  1476  8149 D ConnectivityService: ConnectivityService NetworkRequestInfo binderDied(NetworkRequest [ TRACK_DEFAULT id=1242, [ Capabilities: INTERNET&NOT_RESTRICTED&TRUSTED Uid: 10229 AdministratorUids: [] RequestorUid: 10229 RequestorPackageName: com.whatsapp] ], android.os.BinderProxy@65a757b)
08-22 03:04:02.202  1476  1683 D ConnectivityService: releasing NetworkRequest [ TRACK_DEFAULT id=1242, [ Capabilities: INTERNET&NOT_RESTRICTED&TRUSTED Uid: 10229 AdministratorUids: [] RequestorUid: 10229 RequestorPackageName: com.whatsapp] ] (release request)
08-22 03:04:02.205   942   942 I Zygote  : Process 13304 exited due to signal 9 (Killed)
08-22 03:04:02.214  1873  1873 V KeyguardUpdateMonitor: onSubscriptionInfoChanged()
08-22 03:04:02.214  2219  2219 D Telephony: isEmergencyPreferredAccount: subId=2, activeData=2
08-22 03:04:02.214  2219  2219 D Telephony: isEmergencyPreferredAccount: Device does not require preference.
08-22 03:04:02.216  1873  1873 V KeyguardUpdateMonitor: SubInfo:{id=2 iccId=890124018[****] simSlotIndex=0 carrierId=1 displayName=Tello carrierName=Tello nameSource=4 iconTint=-16746133 number=[****] dataRoaming=1 iconBitmap=android.graphics.Bitmap@40fde34 mcc=310 mnc=240 countryIso=us isEmbedded=false nativeAccessRules=null cardString=890124018[****] cardId=-1 isOpportunistic=false groupUUID=null isGroupDisabled=false profileClass=-1 ehplmns=[310260, 310240] hplmns=[310260, 310260, 310260, 310260] subscriptionType=0 groupOwner=null carrierConfigAccessRules=[cert: 3D1A4BEF6EE7AF7D34D120E7B1AAC0DD245585DE6237CF100F68333AFACFF562 pkg: null access: 0, cert: 6892793FC413019D2DF609DFED7AF622D0F2D8FCF96EFA7E3FB87EEA34E10B93 pkg: null access: 0, cert: 7B68FD9D4E7610C9CB35FC0C6CC06EA04C6906E3DFA9F48F9A05460AF36BFFFC pkg: null access: 0, cert: 92B5F8117FBD9BD5738FF168A4FA12CBE284BE834EDE1A7BB44DD8455BA15920 pkg: null access: 0] areUiccApplicationsEnabled=true}
08-22 03:04:02.224  1476  1683 D ConnectivityService: NetReassign [no changes]
08-22 03:04:02.224  1476  1560 I libprocessgroup: Successfully killed process cgroup uid 10229 pid 13304 in 54ms
08-22 03:04:02.225  1476  1560 I libprocessgroup: Successfully killed process cgroup uid 10124 pid 10119 in 0ms
08-22 03:04:02.302   960  1696 D audio_hw_primary: disable_audio_route: usecase(1) reset and update mixer path: low-latency-playback speaker
08-22 03:04:02.303   960  1696 D audio_hw_primary: disable_snd_device: snd_device(4: speaker-safe)
08-22 03:04:02.306  1476  1785 I system_server: oneway function results will be dropped but finished with status OK and parcel size 4
08-22 03:04:02.339  1873  1873 W TouchableRegionManager: onHeadsUpPinnedModeChanged
08-22 03:04:02.372  1873  1873 I Elmyra/ElmyraService: Switching action from UnpinNotifications to LaunchOpa [mIsGestureEnabled -> true; mIsOpaEnabled -> true]
08-22 03:04:02.372  1873  1873 I Elmyra/ElmyraService: Unblocked; current action: LaunchOpa [mIsGestureEnabled -> true; mIsOpaEnabled -> true]
08-22 03:04:02.428 31643 31643 I dqbe    : (REDACTED) latestAudioLevel=%d
08-22 03:04:02.428 31643 31643 I capk    : (REDACTED) animateTo: to: %s, duration: %s
08-22 03:04:02.463  1176  2392 D BufferPoolAccessor2.0: evictor expired: 1, evicted: 0
08-22 03:04:02.686 14554 14686 I chatty  : uid=2000(shell) expire 3 lines
08-22 03:04:02.698 31643 31643 I dqbe    : (REDACTED) latestAudioLevel=%d
08-22 03:04:02.699 31643 31643 I capk    : (REDACTED) animateTo: to: %s, duration: %s
08-22 03:04:02.826  1873  1873 D StatusBar: disable<e i a s b h r c s > disable2<q i n >
08-22 03:04:02.968 31643 31643 I dqbe    : (REDACTED) latestAudioLevel=%d
08-22 03:04:02.970 31643 31643 I capk    : (REDACTED) animateTo: to: %s, duration: %s
08-22 03:04:02.986 14687 14687 I chatty  : uid=2000(shell) expire 3 lines
08-22 03:04:02.994  1476  1476 W Binder:1476_D: type=1400 audit(0.0:3533): avc: denied { getopt } for scontext=u:r:system_server:s0 tcontext=u:r:shell:s0 tclass=unix_stream_socket permissive=0
08-22 03:04:02.994  1476  1476 W Binder:1476_D: type=1400 audit(0.0:3534): avc: denied { getopt } for scontext=u:r:system_server:s0 tcontext=u:r:shell:s0 tclass=unix_stream_socket permissive=0
08-22 03:04:02.994  1476  1476 W Binder:1476_D: type=1400 audit(0.0:3535): avc: denied { getopt } for scontext=u:r:system_server:s0 tcontext=u:r:shell:s0 tclass=unix_stream_socket permissive=0
08-22 03:04:02.997 14687 14692 I chatty  : uid=2000(shell) expire 2 lines
08-22 03:04:03.034  1476  1476 W Binder:1476_D: type=1400 audit(0.0:3536): avc: denied { getopt } for scontext=u:r:system_server:s0 tcontext=u:r:shell:s0 tclass=unix_stream_socket permissive=0
08-22 03:04:03.034  1476  1476 I chatty  : uid=1000 system_server identical 2 lines
08-22 03:04:03.037  1476  1476 W Binder:1476_D: type=1400 audit(0.0:3538): avc: denied { getopt } for scontext=u:r:system_server:s0 tcontext=u:r:shell:s0 tclass=unix_stream_socket permissive=0
08-22 03:04:03.173  1476  1558 D CompatibilityChangeReporter: Compat change id reported: 135634846; UID 10155; state: DISABLED
08-22 03:04:03.174  1476  1559 D CompatibilityChangeReporter: Compat change id reported: 143937733; UID 10155; state: ENABLED
08-22 03:04:03.185   942   942 D Zygote  : Forked child process 14698
08-22 03:04:03.188  1476  1559 I ActivityManager: Start proc 14698:com.google.android.webview:webview_service/u0a155 for service {com.google.android.webview/org.chromium.android_webview.services.MetricsBridgeService}
08-22 03:04:03.217 14698 14698 E webview_servic: Not starting debugger since process cannot load the jdwp agent.
08-22 03:04:03.237 31643 31643 I dqbe    : (REDACTED) latestAudioLevel=%d
08-22 03:04:03.238 31643 31643 I capk    : (REDACTED) animateTo: to: %s, duration: %s
08-22 03:04:03.278 14698 14698 I LoadedApk: No resource references to update in package com.google.android.trichromelibrary
08-22 03:04:03.278 14698 14698 D NetworkSecurityConfig: No Network Security Config specified, using platform default
08-22 03:04:03.278 14698 14698 D NetworkSecurityConfig: No Network Security Config specified, using platform default
08-22 03:04:03.280 14698 14698 I cr_WebViewApkApp: version=139.0.7258.94 (725809433) minSdkVersion=29 processName=com.google.android.webview:webview_service splits=<none>
08-22 03:04:03.463  1157  3072 D BufferPoolAccessor2.0: evictor expired: 1, evicted: 0
08-22 03:04:03.508 31643 31643 I dqbe    : (REDACTED) latestAudioLevel=%d
08-22 03:04:03.509 31643 31643 I capk    : (REDACTED) animateTo: to: %s, duration: %s
08-22 03:04:03.728 14554 14719 I chatty  : uid=2000(shell) expire 1 line
08-22 03:04:03.734  1476  1476 W Binder:1476_D: type=1400 audit(0.0:3539): avc: denied { getopt } for scontext=u:r:system_server:s0 tcontext=u:r:shell:s0 tclass=unix_stream_socket permissive=0
08-22 03:04:03.778 31643 31643 I dqbe    : (REDACTED) latestAudioLevel=%d
08-22 03:04:03.779 31643 31643 I capk    : (REDACTED) animateTo: to: %s, duration: %s
08-22 03:04:03.814  1476  1580 I ActivityManager: Killing 13666:com.google.android.gm/u0a163 (adj 985): empty #33
08-22 03:04:03.854  1476  1580 I PackageManager: Integrity check passed for file:///data/app/vmdl827953640.tmp
08-22 03:04:03.856  8608  8608 I Finsky  : [2] VerifyApps: Install-time verification requested for package io.scoregenius.app, PackageManager id = 7, Verifier id = bd0bd0bc-f5c6-4c26-8f8d-78619f732353
08-22 03:04:03.859  1476  2161 D ConnectivityService: ConnectivityService NetworkRequestInfo binderDied(NetworkRequest [ TRACK_DEFAULT id=1257, [ Capabilities: INTERNET&NOT_RESTRICTED&TRUSTED Uid: 10163 AdministratorUids: [] RequestorUid: 10163 RequestorPackageName: com.google.android.gm] ], android.os.BinderProxy@ad42d0e)
08-22 03:04:03.859  1476  2161 D ConnectivityService: ConnectivityService NetworkRequestInfo binderDied(NetworkRequest [ LISTEN id=1258, [ Capabilities: INTERNET&NOT_RESTRICTED&TRUSTED Uid: 10163 AdministratorUids: [] RequestorUid: 10163 RequestorPackageName: com.google.android.gm] ], android.os.BinderProxy@8e5a32f)
08-22 03:04:03.860  1476  1683 D ConnectivityService: releasing NetworkRequest [ TRACK_DEFAULT id=1257, [ Capabilities: INTERNET&NOT_RESTRICTED&TRUSTED Uid: 10163 AdministratorUids: [] RequestorUid: 10163 RequestorPackageName: com.google.android.gm] ] (release request)
08-22 03:04:03.860   942   942 I Zygote  : Process 13666 exited due to signal 9 (Killed)
08-22 03:04:03.860  1476  2161 D ConnectivityService: ConnectivityService NetworkRequestInfo binderDied(NetworkRequest [ TRACK_DEFAULT id=1253, [ Capabilities: INTERNET&NOT_RESTRICTED&TRUSTED Uid: 10163 AdministratorUids: [] RequestorUid: 10163 RequestorPackageName: com.google.android.gm] ], android.os.BinderProxy@6d8fd3c)
08-22 03:04:03.860  1476  1683 D ConnectivityService: releasing NetworkRequest [ TRACK_DEFAULT id=1253, [ Capabilities: INTERNET&NOT_RESTRICTED&TRUSTED Uid: 10163 AdministratorUids: [] RequestorUid: 10163 RequestorPackageName: com.google.android.gm] ] (release request)
08-22 03:04:03.861  1476  2161 D ConnectivityService: ConnectivityService NetworkRequestInfo binderDied(NetworkRequest [ TRACK_DEFAULT id=1255, [ Capabilities: INTERNET&NOT_RESTRICTED&TRUSTED Uid: 10163 AdministratorUids: [] RequestorUid: 10163 RequestorPackageName: com.google.android.gm] ], android.os.BinderProxy@ff44ac5)
08-22 03:04:03.861  1476  1683 D ConnectivityService: releasing NetworkRequest [ TRACK_DEFAULT id=1255, [ Capabilities: INTERNET&NOT_RESTRICTED&TRUSTED Uid: 10163 AdministratorUids: [] RequestorUid: 10163 RequestorPackageName: com.google.android.gm] ] (release request)
08-22 03:04:03.865  1476  1560 I libprocessgroup: Successfully killed process cgroup uid 10163 pid 13666 in 49ms
08-22 03:04:03.866  1873  1873 V KeyguardUpdateMonitor: onSubscriptionInfoChanged()
08-22 03:04:03.866  8608  8632 I Finsky  : [2126] RECEIVER_PACKAGE_VERIFICATION#logWorkEndAndFinishGoAsync: SUCCESS
08-22 03:04:03.868  1873  1873 V KeyguardUpdateMonitor: SubInfo:{id=2 iccId=890124018[****] simSlotIndex=0 carrierId=1 displayName=Tello carrierName=Tello nameSource=4 iconTint=-16746133 number=[****] dataRoaming=1 iconBitmap=android.graphics.Bitmap@41aa91 mcc=310 mnc=240 countryIso=us isEmbedded=false nativeAccessRules=null cardString=890124018[****] cardId=-1 isOpportunistic=false groupUUID=null isGroupDisabled=false profileClass=-1 ehplmns=[310260, 310240] hplmns=[310260, 310260, 310260, 310260] subscriptionType=0 groupOwner=null carrierConfigAccessRules=[cert: 3D1A4BEF6EE7AF7D34D120E7B1AAC0DD245585DE6237CF100F68333AFACFF562 pkg: null access: 0, cert: 6892793FC413019D2DF609DFED7AF622D0F2D8FCF96EFA7E3FB87EEA34E10B93 pkg: null access: 0, cert: 7B68FD9D4E7610C9CB35FC0C6CC06EA04C6906E3DFA9F48F9A05460AF36BFFFC pkg: null access: 0, cert: 92B5F8117FBD9BD5738FF168A4FA12CBE284BE834EDE1A7BB44DD8455BA15920 pkg: null access: 0] areUiccApplicationsEnabled=true}
08-22 03:04:03.868  2219  2219 D Telephony: isEmergencyPreferredAccount: subId=2, activeData=2
08-22 03:04:03.868  2219  2219 D Telephony: isEmergencyPreferredAccount: Device does not require preference.
08-22 03:04:03.873  1873  1873 V KeyguardUpdateMonitor: onSubscriptionInfoChanged()
08-22 03:04:03.874  1476  1683 D ConnectivityService: NetReassign [no changes]
08-22 03:04:03.874  1873  1873 V KeyguardUpdateMonitor: SubInfo:{id=2 iccId=890124018[****] simSlotIndex=0 carrierId=1 displayName=Tello carrierName=Tello nameSource=4 iconTint=-16746133 number=[****] dataRoaming=1 iconBitmap=android.graphics.Bitmap@b13fdf6 mcc=310 mnc=240 countryIso=us isEmbedded=false nativeAccessRules=null cardString=890124018[****] cardId=-1 isOpportunistic=false groupUUID=null isGroupDisabled=false profileClass=-1 ehplmns=[310260, 310240] hplmns=[310260, 310260, 310260, 310260] subscriptionType=0 groupOwner=null carrierConfigAccessRules=[cert: 3D1A4BEF6EE7AF7D34D120E7B1AAC0DD245585DE6237CF100F68333AFACFF562 pkg: null access: 0, cert: 6892793FC413019D2DF609DFED7AF622D0F2D8FCF96EFA7E3FB87EEA34E10B93 pkg: null access: 0, cert: 7B68FD9D4E7610C9CB35FC0C6CC06EA04C6906E3DFA9F48F9A05460AF36BFFFC pkg: null access: 0, cert: 92B5F8117FBD9BD5738FF168A4FA12CBE284BE834EDE1A7BB44DD8455BA15920 pkg: null access: 0] areUiccApplicationsEnabled=true}
08-22 03:04:03.876  1873  1873 V KeyguardUpdateMonitor: onSubscriptionInfoChanged()
08-22 03:04:03.877  2219  2219 D Telephony: isEmergencyPreferredAccount: subId=2, activeData=2
08-22 03:04:03.877  2219  2219 D Telephony: isEmergencyPreferredAccount: Device does not require preference.
08-22 03:04:03.877  2219  2219 D Telephony: isEmergencyPreferredAccount: subId=2, activeData=2
08-22 03:04:03.877  2219  2219 D Telephony: isEmergencyPreferredAccount: Device does not require preference.
08-22 03:04:03.877  1873  1873 V KeyguardUpdateMonitor: SubInfo:{id=2 iccId=890124018[****] simSlotIndex=0 carrierId=1 displayName=Tello carrierName=Tello nameSource=4 iconTint=-16746133 number=[****] dataRoaming=1 iconBitmap=android.graphics.Bitmap@12845f7 mcc=310 mnc=240 countryIso=us isEmbedded=false nativeAccessRules=null cardString=890124018[****] cardId=-1 isOpportunistic=false groupUUID=null isGroupDisabled=false profileClass=-1 ehplmns=[310260, 310240] hplmns=[310260, 310260, 310260, 310260] subscriptionType=0 groupOwner=null carrierConfigAccessRules=[cert: 3D1A4BEF6EE7AF7D34D120E7B1AAC0DD245585DE6237CF100F68333AFACFF562 pkg: null access: 0, cert: 6892793FC413019D2DF609DFED7AF622D0F2D8FCF96EFA7E3FB87EEA34E10B93 pkg: null access: 0, cert: 7B68FD9D4E7610C9CB35FC0C6CC06EA04C6906E3DFA9F48F9A05460AF36BFFFC pkg: null access: 0, cert: 92B5F8117FBD9BD5738FF168A4FA12CBE284BE834EDE1A7BB44DD8455BA15920 pkg: null access: 0] areUiccApplicationsEnabled=true}
08-22 03:04:03.882  1476  1683 I chatty  : uid=1000(system) ConnectivitySer identical 1 line
08-22 03:04:03.888  1476  1683 D ConnectivityService: NetReassign [no changes]
08-22 03:04:03.952  8608 14009 I Finsky  : [2283] VerifyApps: Anti-malware verification task started for package=io.scoregenius.app
08-22 03:04:03.965  8608 14009 E AbstractLogEventBuilder: The provided ProductIdOrigin 3 is not one of the process-level expected values: 1 or 2
08-22 03:04:03.969  8608 14009 I Finsky  : [2283] Single user settings service is not running, bind it now
08-22 03:04:03.978  8608  8608 I Finsky  : [2] Single user settings service is connected
08-22 03:04:03.990  8608 14009 W Settings: Setting install_non_market_apps has moved from android.provider.Settings.Global to android.provider.Settings.Secure, returning read-only value.
08-22 03:04:03.992  8608  8647 E AbstractLogEventBuilder: The provided ProductIdOrigin 3 is not one of the process-level expected values: 1 or 2
08-22 03:04:04.049 31643 31643 I dqbe    : (REDACTED) latestAudioLevel=%d
08-22 03:04:04.050 31643 31643 I capk    : (REDACTED) animateTo: to: %s, duration: %s
08-22 03:04:04.126  8608 14009 I Finsky  : [2283] VerifyApps: Installer app: com.android.shell
08-22 03:04:04.133  1054  2409 I WifiHAL : event received NL80211_CMD_VENDOR, vendor_id = 0x1374, subcmd = 0x33
08-22 03:04:04.133  1054  2409 I WifiHAL : event received NL80211_CMD_VENDOR, vendor_id = 0x1374, subcmd = 0xa5
08-22 03:04:04.136  8608 14009 I Finsky  : [2283] Task 7 requested foreground
08-22 03:04:04.136  1054  2409 I WifiHAL : event received NL80211_CMD_VENDOR, vendor_id = 0x1374, subcmd = 0xa5
08-22 03:04:04.139  8608 14009 I Finsky  : [2283] Not entering foreground
08-22 03:04:04.140  1476  1549 I EthernetTracker: interfaceLinkStateChanged, iface: wlan0, up: true
08-22 03:04:04.144  1476  1549 I EthernetTracker: interfaceLinkStateChanged, iface: wlan0, up: true
08-22 03:04:04.145  8608  8661 I Finsky  : [2153] VerifyApps: Starting APK Analysis scan for io.scoregenius.app.
08-22 03:04:04.145  2433  2433 I wpa_supplicant: wlan0: Associated with 04:a2:22:f1:1c:71
08-22 03:04:04.147  1616  1616 W lowi-server: type=1400 audit(0.0:3540): avc: granted { net_admin } for capability=12 scontext=u:r:location:s0 tcontext=u:r:location:s0 tclass=capability
08-22 03:04:04.147  2433  2433 I wpa_supplicant: wlan0: CTRL-EVENT-CONNECTED - Connection to 04:a2:22:f1:1c:71 completed [id=0 id_str=%7B%22configKey%22%3A%22%5C%22Fios-C6kRF%5C%22WPA_PSK%22%2C%22creatorUid%22%3A%2210134%22%7D]
08-22 03:04:04.148  8608  8661 I Finsky  : [2153] Scanning package io.scoregenius.app contents with client side protections. File: [fyDIYT3LuR3SEktNKSfhhVWMk7pR5nmKxy2pNeFghQ8]
08-22 03:04:04.150  1476  1549 I EthernetTracker: interfaceLinkStateChanged, iface: wlan0, up: true
08-22 03:04:04.152  2433  2433 I wpa_supplicant: wlan0: CTRL-EVENT-SUBNET-STATUS-UPDATE status=0
08-22 03:04:04.170  1476  1476 I AdbDebuggingManager: Detected wifi network change. Disabling adbwifi.
08-22 03:04:04.171  2943  4451 I CarrierServices: [162] fau.handleMessage:39 RcsEngineImpl[DUAL_REG]:[4f687c99-d656]>Handler: handleMessage processing message:[NOTIFY_UPTIME_IGNORE_STATE_CHANGED] with [non-null]:RcsEngineImpl reference
08-22 03:04:04.171  2943  4456 I CarrierServices: [163] eqy.c:51 Connected state: [1], networkType: [WIFI]
08-22 03:04:04.172  2164  2271 I QCNEJ/CndHalConnector: -> SND notifyWifiStatusChanged(RatInfo{type=1, subType=101, state=CONNECTED, v4=IfaceAddrPair{iface=wlan0, addr=192.168.1.173}, v6=IfaceAddrPair{iface=wlan0, addr=2600:4040:2723:2a00:99a7:1793:680f:4317}, timestamp=2025-08-22 03:04:04.172, isAndroidValidated=true, netHandle=432902426637, slotIdx=0} WifiInfo{freq=FIVE_GHz, state=3, ssid=Fios-C6kRF, bssid=04:a2:22:f1:1c:71, dns=[2600:4040:2723:2a00::1, 192.168.1.1, 0.0.0.0, 0.0.0.0, ]})
08-22 03:04:04.173  2164  2271 I QCNEJ/CndHalConnector: -> SND notifyRatConnectionStatusChanged(rat = 1, CONNECTED, v4 = 192.168.1.173, v6 = 2600:4040:2723:2a00:99a7:1793:680f:4317)
08-22 03:04:04.173 10942 10942 I WirelessDebuggingEnabler: ADB_WIFI_ENABLED=false
08-22 03:04:04.175  1476 14553 D AdbDebuggingManager: Received WIFI TLS disconnect key message: QAAAALltY5d3d3/KgcfQIiOuzE6gEqrMBLpAx3Wx8mTzcPV/RV0xeC2xr9kZ8RX3aIGiMIxuiwFUboRncKlOxDB9WOYazFMtvykGd5IetrnR4EquNcr54EArqQtSgQNvPtZzE2YsOZ+1jl62z0X5ulIRkYSbDBy4YIK/oFQ3s5Mji0CTCKwEuw2GRAxGQQhk1dZkbi9NqCE39OI7oP0j2httQBbcbMitSYDCLJNRQvpx1RwaMVReDYXkBKXcpPMooyM6lRQ1c89Hp7VUZl8+rL4qyshKgqRj+pYjDFZKi1L9ZVXl7JnhmY0036xhX4+eANphOt/x3Fj6pIit/LlUQCBLM78tnl7CrL5lWbqUa1fYFFgASI/P6XC4QJ/5kJ2NpFOp/rbBJTv17ZluNYz2E4nX4AzmB0AumXGLSiGIIfCNIl8rtyPtPBLxedh0p8hbku/Lw9GbPtuwEI4PwctDYXjvAqW+ebwtWWuENSON8VzQSi59Ii/JSRDVQP8yN/7Ghfjlt+kjDDhFAUHS6qSlOub3Z6aFu5485S1q2qXSWAedWHr2Dq6cr3RyfElKfgNOicaPK0tNk/Cg40TvsyRkPpMSWskcEPLdK9Kx9wFc+xeyMocyTpM2MYnY7n1xiDvaSbdgvuMMiFSHoUEOjUiFlvOPhS3OT7wysN2HYs2Bm5WAfXV2Wy+DYgEAAQA= mattb@New-Macbook
08-22 03:04:04.185 31643 32282 D WM-NetworkStateTracker: Network capabilities changed: [ Transports: WIFI Capabilities: NOT_METERED&INTERNET&NOT_RESTRICTED&TRUSTED&NOT_VPN&VALIDATED&NOT_ROAMING&FOREGROUND&NOT_CONGESTED&NOT_SUSPENDED LinkUpBandwidth>=422955Kbps LinkDnBandwidth>=422955Kbps SignalStrength: -65 AdministratorUids: [] RequestorUid: -1 RequestorPackageName: null]
08-22 03:04:04.185 15124 25624 D WM-NetworkStateTracker: Network capabilities changed: [ Transports: WIFI Capabilities: NOT_METERED&INTERNET&NOT_RESTRICTED&TRUSTED&NOT_VPN&VALIDATED&NOT_ROAMING&FOREGROUND&NOT_CONGESTED&NOT_SUSPENDED LinkUpBandwidth>=422955Kbps LinkDnBandwidth>=422955Kbps SignalStrength: -65 AdministratorUids: [] RequestorUid: -1 RequestorPackageName: null]
08-22 03:04:04.187  2570 14278 I NearbyDiscovery: (REDACTED) FastPairHandler: Received action %s
08-22 03:04:04.191  2943  4451 I CarrierServices: [162] ezm.f:78 ProvisioningEngineDataRetriever: Rcs is enabled from user settings: true
08-22 03:04:04.195  3504  4377 I aekw    : running Visit clean up
08-22 03:04:04.196  3504  4377 I aekw    : (REDACTED) Visit: %s expired!! Cleaning up.
08-22 03:04:04.201  2570 14720 W DatabaseProcessor: processLocalDevices: failed to get the network info with non-null networkId.
08-22 03:04:04.201 10942 10942 I WirelessDebuggingEnabler: ADB_WIFI_ENABLED=false
08-22 03:04:04.205  2570  8469 I NullBinder: NullBinder for android.net.action.RECOMMEND_NETWORKS triggering remote TransactionTooLargeException due to Service without Chimera impl, calling uid: 1000, calling pid: 0
08-22 03:04:04.205  2570  8469 I .gms.persisten: oneway function results will be dropped but finished with status OK and parcel size 1056768
08-22 03:04:04.241  1476 14553 W AdbDebuggingManager: Read failed with count -1
08-22 03:04:04.241  1476 14553 E AdbDebuggingManager: Caught an exception opening the socket: java.io.IOException: Connection refused
08-22 03:04:04.247  1873 14730 W RingtonePlayer: STOP command without a player
08-22 03:04:04.249  1476  2303 W UserManagerService: Cannot retrieve activities for disabled profile -1 from 0
08-22 03:04:04.296  1195  1195 I cnss-daemon: wlan_service_core_minfreq: RESET
08-22 03:04:04.297  1195  1195 E cnss-daemon: wlan_service_core_minfreq: reset: handle not valid
08-22 03:04:04.316 31643 31643 I dqbe    : (REDACTED) latestAudioLevel=%d
08-22 03:04:04.316 31643 31643 I capk    : (REDACTED) animateTo: to: %s, duration: %s
08-22 03:04:04.335  1476  1675 W NetworkPolicy: shared quota unsupported; generating rule for each iface
08-22 03:04:04.343  8608 10394 I PlayCore: UID: [10106]  PID: [8608] auqh : Initiate binding to the service.
08-22 03:04:04.345  1476  1502 D CompatibilityChangeReporter: Compat change id reported: 135634846; UID 10106; state: DISABLED
08-22 03:04:04.345  1476  1559 D CompatibilityChangeReporter: Compat change id reported: 143937733; UID 10106; state: ENABLED
08-22 03:04:04.362   942   942 D Zygote  : Forked child process 14731
08-22 03:04:04.364  1476  1559 I ActivityManager: Start proc 14731:com.android.vending:com.google.android.finsky.verifier.apkanalysis.service.ApkContentsScanService/u0i23 for service {com.android.vending/com.google.android.finsky.verifier.apkanalysis.service.ApkContentsScanService}
08-22 03:04:04.382 14731 14731 E entsScanServic: Not starting debugger since process cannot load the jdwp agent.
08-22 03:04:04.416 14731 14731 I entsScanServic: The ClassLoaderContext is a special shared library.
08-22 03:04:04.463  1157  3072 D BufferPoolAccessor2.0: bufferpool2 0xe8481468 : 0(0 size) total buffers - 0(0 size) used buffers - 67/78 (recycle/alloc) - 11/150 (fetch/transfer)
08-22 03:04:04.463  1157  3072 D BufferPoolAccessor2.0: evictor expired: 1, evicted: 1
08-22 03:04:04.464  1176  2392 D BufferPoolAccessor2.0: bufferpool2 0x7b873ef7b8 : 0(0 size) total buffers - 0(0 size) used buffers - 67/73 (recycle/alloc) - 6/72 (fetch/transfer)
08-22 03:04:04.464  1176  2392 D BufferPoolAccessor2.0: evictor expired: 1, evicted: 1
08-22 03:04:04.501  8608 14011 I Finsky  : [2284] VerifyApps: Verification package=io.scoregenius.app, id=7, response=0, upload_requested=false, run_post_install=false
08-22 03:04:04.503  8608 14011 I Finsky  : [2284] VerifyApps: PAM result saving to datastore delayed for package: io.scoregenius.app
08-22 03:04:04.586 31643 31643 I dqbe    : (REDACTED) latestAudioLevel=%d
08-22 03:04:04.586 31643 31643 I capk    : (REDACTED) animateTo: to: %s, duration: %s
08-22 03:04:04.676  2570  8865 I NearbySharing: Network state changed: NetworkState(isRestricted=false, isOnline=true, isCongested=false, isMetered=false, isWifiConnected=true)
08-22 03:04:04.856 31643 31643 I dqbe    : (REDACTED) latestAudioLevel=%d
08-22 03:04:04.857 31643 31643 I capk    : (REDACTED) animateTo: to: %s, duration: %s
08-22 03:04:05.105 14731 14731 D NetworkSecurityConfig: No Network Security Config specified, using platform default
08-22 03:04:05.105 14731 14731 D NetworkSecurityConfig: No Network Security Config specified, using platform default
08-22 03:04:05.126 31643 31643 I dqbe    : (REDACTED) latestAudioLevel=%d
08-22 03:04:05.126 31643 31643 I capk    : (REDACTED) animateTo: to: %s, duration: %s
08-22 03:04:05.210 14029 14189 I o9      : gatewayOverUPnP: java.io.IOException
08-22 03:04:05.243  1476  1549 W Looper  : Slow dispatch took 995ms android.fg h=com.android.server.adb.AdbDebuggingManager$AdbDebuggingHandler c=null m=12
08-22 03:04:05.243  1476  1549 W Looper  : Slow delivery took 999ms android.fg h=com.android.server.AppStateTracker$MyHandler c=null m=1
08-22 03:04:05.244  1476  1549 W Looper  : Drained
08-22 03:04:05.375  8608  8608 I PlayCore: UID: [10106]  PID: [8608] auqh : ServiceConnectionImpl.onServiceConnected(ComponentInfo{com.android.vending/com.google.android.finsky.verifier.apkanalysis.service.ApkContentsScanService})
08-22 03:04:05.376  8608 10394 I PlayCore: UID: [10106]  PID: [8608] auqh : linkToDeath
08-22 03:04:05.395 31643 31643 I dqbe    : (REDACTED) latestAudioLevel=%d
08-22 03:04:05.396 31643 31643 I capk    : (REDACTED) animateTo: to: %s, duration: %s
08-22 03:04:05.498 14731 14751 I native  : I0000 00:00:1755846245.495094   14751 zip_archive.cpp:490] +++ Found EOCD at buf+65535
08-22 03:04:05.498 14731 14751 I native  : I0000 00:00:1755846245.498794   14751 zip_archive.cpp:534] +++ num_entries=955dir_size=64463 dir_offset=6201344
08-22 03:04:05.498 14731 14751 I native  : I0000 00:00:1755846245.498872   14751 file_map.cpp:112] MAP: base 0x71b2432000/64463 data 0x71b2432000/64463
08-22 03:04:05.499 14731 14751 I native  : I0000 00:00:1755846245.499242   14751 zip_archive.cpp:686] +++ zip good scan 955 entries
08-22 03:04:05.666 31643 31643 I dqbe    : (REDACTED) latestAudioLevel=%d
08-22 03:04:05.667 31643 31643 I capk    : (REDACTED) animateTo: to: %s, duration: %s
08-22 03:04:05.934 31643 31643 I dqbe    : (REDACTED) latestAudioLevel=%d
08-22 03:04:05.935 31643 31643 I capk    : (REDACTED) animateTo: to: %s, duration: %s
08-22 03:04:05.981 14731 14751 I native  : I0000 00:00:1755846245.981143   14751 zip_archive.cpp:774] Closing archive 0x721749e3f0
08-22 03:04:06.033  8608 10394 I PlayCore: UID: [10106]  PID: [8608] auqh : Unbind from service.
08-22 03:04:06.037  1476  2303 I ActivityManager: Killing 14731:com.android.vending:com.google.android.finsky.verifier.apkanalysis.service.ApkContentsScanService/u0a106i23 (adj 0): isolated not needed
08-22 03:04:06.059  8608 11057 I PlayCore: UID: [10106]  PID: [8608] auqh : reportBinderDeath
08-22 03:04:06.059  8608 11057 I PlayCore: UID: [10106]  PID: [8608] auqh : ApkContentsScanService : Binder has died.
08-22 03:04:06.060   942   942 I Zygote  : Process 14731 exited due to signal 9 (Killed)
08-22 03:04:06.080  1476  1560 I libprocessgroup: Successfully killed process cgroup uid 99023 pid 14731 in 41ms
08-22 03:04:06.205 31643 31643 I dqbe    : (REDACTED) latestAudioLevel=%d
08-22 03:04:06.206 31643 31643 I capk    : (REDACTED) animateTo: to: %s, duration: %s
08-22 03:04:06.429  8608  8622 W System  : A resource failed to call close. 
08-22 03:04:06.429  8608  8622 W System  : A resource failed to call close. 
08-22 03:04:06.474 31643 31643 I dqbe    : (REDACTED) latestAudioLevel=%d
08-22 03:04:06.475 31643 31643 I capk    : (REDACTED) animateTo: to: %s, duration: %s
08-22 03:04:06.743 31643 31643 I dqbe    : (REDACTED) latestAudioLevel=%d
08-22 03:04:06.744 31643 31643 I capk    : (REDACTED) animateTo: to: %s, duration: %s
08-22 03:04:07.013 31643 31643 I dqbe    : (REDACTED) latestAudioLevel=%d
08-22 03:04:07.014 31643 31643 I capk    : (REDACTED) animateTo: to: %s, duration: %s
08-22 03:04:07.284 31643 31643 I dqbe    : (REDACTED) latestAudioLevel=%d
08-22 03:04:07.285 31643 31643 I capk    : (REDACTED) animateTo: to: %s, duration: %s
08-22 03:04:07.423 31552 31552 I EuiccGoogle: [2] EuiccServiceImpl.onDestroy: onDestroy: EuiccService on destroy.
08-22 03:04:07.424 31552 31552 I EuiccGoogle: [2] EuiccServiceImpl.disposeEuiccCard: disposeEuiccCard.
08-22 03:04:07.553 31643 31643 I dqbe    : (REDACTED) latestAudioLevel=%d
08-22 03:04:07.555 31643 31643 I capk    : (REDACTED) animateTo: to: %s, duration: %s
08-22 03:04:07.822 31643 31643 I dqbe    : (REDACTED) latestAudioLevel=%d
08-22 03:04:07.822 31643 31643 I capk    : (REDACTED) animateTo: to: %s, duration: %s
08-22 03:04:08.094 31643 31643 I dqbe    : (REDACTED) latestAudioLevel=%d
08-22 03:04:08.095 31643 31643 I capk    : (REDACTED) animateTo: to: %s, duration: %s
08-22 03:04:08.362 31643 31643 I dqbe    : (REDACTED) latestAudioLevel=%d
08-22 03:04:08.363 31643 31643 I capk    : (REDACTED) animateTo: to: %s, duration: %s
08-22 03:04:08.634 31643 31643 I dqbe    : (REDACTED) latestAudioLevel=%d
08-22 03:04:08.636 31643 31643 I capk    : (REDACTED) animateTo: to: %s, duration: %s
08-22 03:04:08.905 31643 31643 I dqbe    : (REDACTED) latestAudioLevel=%d
08-22 03:04:08.907 31643 31643 I capk    : (REDACTED) animateTo: to: %s, duration: %s
08-22 03:04:09.133  1060  1090 I ASH     : @ 28269.055: _490x_handleAdaptiveAtime: Adaptive ATIME Short to Long
08-22 03:04:09.174 31643 31643 I dqbe    : (REDACTED) latestAudioLevel=%d
08-22 03:04:09.175 31643 31643 I capk    : (REDACTED) animateTo: to: %s, duration: %s
08-22 03:04:09.445 31643 31643 I dqbe    : (REDACTED) latestAudioLevel=%d
08-22 03:04:09.446 31643 31643 I capk    : (REDACTED) animateTo: to: %s, duration: %s
08-22 03:04:09.715 31643 31643 I dqbe    : (REDACTED) latestAudioLevel=%d
08-22 03:04:09.716 31643 31643 I capk    : (REDACTED) animateTo: to: %s, duration: %s
08-22 03:04:09.982 31643 31643 I dqbe    : (REDACTED) latestAudioLevel=%d
08-22 03:04:09.984 31643 31643 I capk    : (REDACTED) animateTo: to: %s, duration: %s
08-22 03:04:10.250 31643 31643 I dqbe    : (REDACTED) latestAudioLevel=%d
08-22 03:04:10.250 31643 31643 I capk    : (REDACTED) animateTo: to: %s, duration: %s
08-22 03:04:10.521 31643 31643 I dqbe    : (REDACTED) latestAudioLevel=%d
08-22 03:04:10.523 31643 31643 I capk    : (REDACTED) animateTo: to: %s, duration: %s
08-22 03:04:10.791 31643 31643 I dqbe    : (REDACTED) latestAudioLevel=%d
08-22 03:04:10.792 31643 31643 I capk    : (REDACTED) animateTo: to: %s, duration: %s
08-22 03:04:11.061 31643 31643 I dqbe    : (REDACTED) latestAudioLevel=%d
08-22 03:04:11.063 31643 31643 I capk    : (REDACTED) animateTo: to: %s, duration: %s
08-22 03:04:11.330 31643 31643 I dqbe    : (REDACTED) latestAudioLevel=%d
08-22 03:04:11.331 31643 31643 I capk    : (REDACTED) animateTo: to: %s, duration: %s
08-22 03:04:11.601 31643 31643 I dqbe    : (REDACTED) latestAudioLevel=%d
08-22 03:04:11.603 31643 31643 I capk    : (REDACTED) animateTo: to: %s, duration: %s
08-22 03:04:11.870 31643 31643 I dqbe    : (REDACTED) latestAudioLevel=%d
08-22 03:04:11.871 31643 31643 I capk    : (REDACTED) animateTo: to: %s, duration: %s
08-22 03:04:12.124 14029 14029 D WM-DelayedWorkTracker: Scheduling work 9d91abd3-87cf-4b7a-a1f5-392f2bdb3222
08-22 03:04:12.124 14029 14029 D WM-GreedyScheduler: Starting work for 9d91abd3-87cf-4b7a-a1f5-392f2bdb3222
08-22 03:04:12.129 14029 14130 D WM-Processor: Processor: processing WorkGenerationalId(workSpecId=9d91abd3-87cf-4b7a-a1f5-392f2bdb3222, generation=0)
08-22 03:04:12.139 31643 31643 I dqbe    : (REDACTED) latestAudioLevel=%d
08-22 03:04:12.139 14029 14029 D WM-WorkerWrapper: Starting work for com.umlaut.crowd.service.InsightWorker
08-22 03:04:12.140 31643 31643 I capk    : (REDACTED) animateTo: to: %s, duration: %s
08-22 03:04:12.146 14029 14124 I WM-WorkerWrapper: Worker result SUCCESS for Work [ id=9d91abd3-87cf-4b7a-a1f5-392f2bdb3222, tags={ com.umlaut.crowd.service.InsightWorker,InsightWorker } ]
08-22 03:04:12.148 14029 14029 D WM-Processor: Processor 9d91abd3-87cf-4b7a-a1f5-392f2bdb3222 executed; reschedule = false
08-22 03:04:12.150 14029 14189 D kb      : request time failed: java.net.UnknownHostException
08-22 03:04:12.150 14029 14189 V ge      : Syncing TimeServer failed
08-22 03:04:12.161 14029 14130 D WM-SystemJobScheduler: Scheduling work ID b5d0efb7-0a89-4db6-abec-e461bde0ce92Job ID 599526
08-22 03:04:12.169 14029 14127 D WM-GreedyScheduler: Cancelling work ID 9d91abd3-87cf-4b7a-a1f5-392f2bdb3222
08-22 03:04:12.410 31643 31643 I dqbe    : (REDACTED) latestAudioLevel=%d
08-22 03:04:12.411 31643 31643 I capk    : (REDACTED) animateTo: to: %s, duration: %s
08-22 03:04:12.679 31643 31643 I dqbe    : (REDACTED) latestAudioLevel=%d
08-22 03:04:12.680 31643 31643 I capk    : (REDACTED) animateTo: to: %s, duration: %s
08-22 03:04:12.949 31643 31643 I dqbe    : (REDACTED) latestAudioLevel=%d
08-22 03:04:12.950 31643 31643 I capk    : (REDACTED) animateTo: to: %s, duration: %s
08-22 03:04:13.216 31643 31643 I dqbe    : (REDACTED) latestAudioLevel=%d
08-22 03:04:13.217 31643 31643 I capk    : (REDACTED) animateTo: to: %s, duration: %s
08-22 03:04:13.487 31643 31643 I dqbe    : (REDACTED) latestAudioLevel=%d
08-22 03:04:13.488 31643 31643 I capk    : (REDACTED) animateTo: to: %s, duration: %s
08-22 03:04:13.759 31643 31643 I dqbe    : (REDACTED) latestAudioLevel=%d
08-22 03:04:13.760 31643 31643 I capk    : (REDACTED) animateTo: to: %s, duration: %s
08-22 03:04:14.026 31643 31643 I dqbe    : (REDACTED) latestAudioLevel=%d
08-22 03:04:14.028 31643 31643 I capk    : (REDACTED) animateTo: to: %s, duration: %s
08-22 03:04:14.296 31643 31643 I dqbe    : (REDACTED) latestAudioLevel=%d
08-22 03:04:14.297 31643 31643 I capk    : (REDACTED) animateTo: to: %s, duration: %s
08-22 03:04:14.314  2982  2982 W ThreadPoolForeg: type=1400 audit(0.0:3541): avc: denied { write } for name="traced_producer" dev="tmpfs" ino=26046 scontext=u:r:gmscore_app:s0:c512,c768 tcontext=u:object_r:traced_producer_socket:s0 tclass=sock_file permissive=0 app=com.google.android.gms
08-22 03:04:14.567 31643 31643 I dqbe    : (REDACTED) latestAudioLevel=%d
08-22 03:04:14.568 31643 31643 I capk    : (REDACTED) animateTo: to: %s, duration: %s
08-22 03:04:14.837 31643 31643 I dqbe    : (REDACTED) latestAudioLevel=%d
08-22 03:04:14.838 31643 31643 I capk    : (REDACTED) animateTo: to: %s, duration: %s
08-22 03:04:15.106 31643 31643 I dqbe    : (REDACTED) latestAudioLevel=%d
08-22 03:04:15.107 31643 31643 I capk    : (REDACTED) animateTo: to: %s, duration: %s
08-22 03:04:15.375 31643 31643 I dqbe    : (REDACTED) latestAudioLevel=%d
08-22 03:04:15.376 31643 31643 I capk    : (REDACTED) animateTo: to: %s, duration: %s
08-22 03:04:15.644 31643 31643 I dqbe    : (REDACTED) latestAudioLevel=%d
08-22 03:04:15.645 31643 31643 I capk    : (REDACTED) animateTo: to: %s, duration: %s
08-22 03:04:15.913 31643 31643 I dqbe    : (REDACTED) latestAudioLevel=%d
08-22 03:04:15.914 31643 31643 I capk    : (REDACTED) animateTo: to: %s, duration: %s
08-22 03:04:16.184 31643 31643 I dqbe    : (REDACTED) latestAudioLevel=%d
08-22 03:04:16.185 31643 31643 I capk    : (REDACTED) animateTo: to: %s, duration: %s
08-22 03:04:16.454 31643 31643 I dqbe    : (REDACTED) latestAudioLevel=%d
08-22 03:04:16.455 31643 31643 I capk    : (REDACTED) animateTo: to: %s, duration: %s
08-22 03:04:16.723 31643 31643 I dqbe    : (REDACTED) latestAudioLevel=%d
08-22 03:04:16.724 31643 31643 I capk    : (REDACTED) animateTo: to: %s, duration: %s
08-22 03:04:16.993 31643 31643 I dqbe    : (REDACTED) latestAudioLevel=%d
08-22 03:04:16.994 31643 31643 I capk    : (REDACTED) animateTo: to: %s, duration: %s
08-22 03:04:17.224  2570  2570 W ThreadPoolForeg: type=1400 audit(0.0:3542): avc: denied { write } for name="traced_producer" dev="tmpfs" ino=26046 scontext=u:r:gmscore_app:s0:c512,c768 tcontext=u:object_r:traced_producer_socket:s0 tclass=sock_file permissive=0 app=com.google.android.gms
08-22 03:04:17.262 31643 31643 I dqbe    : (REDACTED) latestAudioLevel=%d
08-22 03:04:17.263 31643 31643 I capk    : (REDACTED) animateTo: to: %s, duration: %s
08-22 03:04:17.532 31643 31643 I dqbe    : (REDACTED) latestAudioLevel=%d
08-22 03:04:17.533 31643 31643 I capk    : (REDACTED) animateTo: to: %s, duration: %s
08-22 03:04:17.801 31643 31643 I dqbe    : (REDACTED) latestAudioLevel=%d
08-22 03:04:17.802 31643 31643 I capk    : (REDACTED) animateTo: to: %s, duration: %s
08-22 03:04:18.072 31643 31643 I dqbe    : (REDACTED) latestAudioLevel=%d
08-22 03:04:18.073 31643 31643 I capk    : (REDACTED) animateTo: to: %s, duration: %s
08-22 03:04:18.310  1476  1557 I UsageStatsService: User[0] Flushing usage stats to disk
08-22 03:04:18.340 31643 31643 I dqbe    : (REDACTED) latestAudioLevel=%d
08-22 03:04:18.341 31643 31643 I capk    : (REDACTED) animateTo: to: %s, duration: %s
08-22 03:04:18.611 31643 31643 I dqbe    : (REDACTED) latestAudioLevel=%d
08-22 03:04:18.612 31643 31643 I capk    : (REDACTED) animateTo: to: %s, duration: %s
08-22 03:04:18.881 31643 31643 I dqbe    : (REDACTED) latestAudioLevel=%d
08-22 03:04:18.882 31643 31643 I capk    : (REDACTED) animateTo: to: %s, duration: %s
08-22 03:04:19.149  8608 14009 E AbstractLogEventBuilder: The provided ProductIdOrigin 3 is not one of the process-level expected values: 1 or 2
08-22 03:04:19.150 31643 31643 I dqbe    : (REDACTED) latestAudioLevel=%d
08-22 03:04:19.151  8608 14009 I Finsky  : [2283] VerifyApps: Starting required split types check for io.scoregenius.app.
08-22 03:04:19.151 31643 31643 I capk    : (REDACTED) animateTo: to: %s, duration: %s
08-22 03:04:19.169  8608 14009 I Finsky  : [2283] VerifyApps: Required split types check successful for io.scoregenius.app.
08-22 03:04:19.170  8608 14009 I Finsky  : [2283] VerifyApps AdvancedProtection: Verify AP install started
08-22 03:04:19.170  8608 14009 I Finsky  : [2283] VerifyApps AdvancedProtection: Allowing install because there are no Advanced Protection users
08-22 03:04:19.170  8608  8608 I Finsky  : [2] VerifyApps AdvancedProtection: Reported Advanced Protection verification result: ALLOW
08-22 03:04:19.172  8608 14009 E Finsky  : [2283] Package name null is not an installed package
08-22 03:04:19.174  8608 14009 I Finsky  : [2283] Skipping logging for attempted installation. The source is a system package.
08-22 03:04:19.177  8608 14009 I Finsky  : [2283] VerifyApps: Returning package verification result id=7, result=ALLOW
08-22 03:04:19.182  8608  8608 I Finsky  : [2] VerifyApps: Install-time verification complete: id=7, package_name=io.scoregenius.app
08-22 03:04:19.188  1476  1502 I ActivityManager: Killing 13648:com.google.android.webview:webview_apk/u0a155 (adj 985): empty #33
08-22 03:04:19.205   942   942 I Zygote  : Process 13648 exited due to signal 9 (Killed)
08-22 03:04:19.226  1476  1580 D CompatibilityChangeReporter: Compat change id reported: 135549675; UID 10513; state: ENABLED
08-22 03:04:19.228  1476  1580 I PackageManager: Permission ownership changed. Updating all permissions.
08-22 03:04:19.230  1476  1560 I libprocessgroup: Successfully killed process cgroup uid 10155 pid 13648 in 39ms
