08-22 02:26:47.469 31643 31643 I dqbe    : (REDACTED) latestAudioLevel=%d
08-22 02:26:47.470 31643 31643 I capk    : (REDACTED) animateTo: to: %s, duration: %s
08-22 02:26:47.501  1476  1629 I BatteryStatsService: In wakeup_callback: resumed from suspend
08-22 02:26:48.688 31643 31643 I dqbe    : (REDACTED) latestAudioLevel=%d
08-22 02:26:48.692 31643 31643 I capk    : (REDACTED) animateTo: to: %s, duration: %s
08-22 02:26:48.722  1476  1629 I BatteryStatsService: In wakeup_callback: resumed from suspend
08-22 02:26:48.736 10235 12322 W adbd    : timed out while waiting for FUNCTIONFS_BIND, trying again
08-22 02:26:48.737 10235 12322 I adbd    : UsbFfs: connection terminated: monitor thread finished
08-22 02:26:48.737 10235 10235 I adbd    : UsbFfs: already offline
08-22 02:26:48.737 10235 10235 I adbd    : destroying transport UsbFfs
08-22 02:26:48.738 10235 10235 I adbd    : UsbFfsConnection being destroyed
08-22 02:26:48.756 10235 10241 I adbd    : opening control endpoint /dev/usb-ffs/adb/ep0
08-22 02:26:48.760 10235 10241 I adbd    : UsbFfsConnection constructed
08-22 02:26:48.761 10235 12323 I adbd    : UsbFfs-monitor thread spawned
08-22 02:26:50.530 31643 31643 I dqbe    : (REDACTED) latestAudioLevel=%d
08-22 02:26:50.532 31643 31643 I capk    : (REDACTED) animateTo: to: %s, duration: %s
08-22 02:26:50.564  1476  1629 I BatteryStatsService: In wakeup_callback: resumed from suspend
08-22 02:26:50.738  1060  1090 I VSC     : @ 26028.482: [VSC] Stopping sensor events for sensor 65537
08-22 02:26:50.738  1060  1090 I VSC     : @ 26028.484: [VSC] Request sensor 131074, sample_duration 0 ms, report_duration 0 ms
08-22 02:26:50.740  1060  1090 D ASH     : @ 26030.662: Sending to ASH storage: 0 8 0
08-22 02:26:50.988 31643 31643 I dqbe    : (REDACTED) latestAudioLevel=%d
08-22 02:26:50.989 31643 31643 I capk    : (REDACTED) animateTo: to: %s, duration: %s
08-22 02:26:51.020  1476  1629 I BatteryStatsService: In wakeup_callback: resumed from suspend
08-22 02:26:51.151 10235 12323 W adbd    : timed out while waiting for FUNCTIONFS_BIND, trying again
08-22 02:26:51.151 10235 12323 I adbd    : UsbFfs: connection terminated: monitor thread finished
08-22 02:26:51.152 10235 10235 I adbd    : UsbFfs: already offline
08-22 02:26:51.152 10235 10235 I adbd    : destroying transport UsbFfs
08-22 02:26:51.152 10235 10235 I adbd    : UsbFfsConnection being destroyed
08-22 02:26:51.173 10235 10241 I adbd    : opening control endpoint /dev/usb-ffs/adb/ep0
08-22 02:26:51.177 10235 10241 I adbd    : UsbFfsConnection constructed
08-22 02:26:51.180 10235 12324 I adbd    : UsbFfs-monitor thread spawned
08-22 02:26:52.396 31643 31643 I dqbe    : (REDACTED) latestAudioLevel=%d
08-22 02:26:52.397 31643 31643 I capk    : (REDACTED) animateTo: to: %s, duration: %s
08-22 02:26:52.412  1476  1629 I BatteryStatsService: In wakeup_callback: resumed from suspend
08-22 02:26:53.612 31643 31643 I dqbe    : (REDACTED) latestAudioLevel=%d
08-22 02:26:53.614 31643 31643 I capk    : (REDACTED) animateTo: to: %s, duration: %s
08-22 02:26:53.651  1476  1629 I BatteryStatsService: In wakeup_callback: resumed from suspend
08-22 02:26:54.823 31643 31643 I dqbe    : (REDACTED) latestAudioLevel=%d
08-22 02:26:54.827 10235 12324 W adbd    : timed out while waiting for FUNCTIONFS_BIND, trying again
08-22 02:26:54.827 10235 12324 I adbd    : UsbFfs: connection terminated: monitor thread finished
08-22 02:26:54.827 10235 10235 I adbd    : UsbFfs: already offline
08-22 02:26:54.827 10235 10235 I adbd    : destroying transport UsbFfs
08-22 02:26:54.828 10235 10235 I adbd    : UsbFfsConnection being destroyed
08-22 02:26:54.829 31643 31643 I capk    : (REDACTED) animateTo: to: %s, duration: %s
08-22 02:26:54.856  1476  1629 I BatteryStatsService: In wakeup_callback: resumed from suspend
08-22 02:26:54.866 10235 10241 I adbd    : opening control endpoint /dev/usb-ffs/adb/ep0
08-22 02:26:54.868 10235 10241 I adbd    : UsbFfsConnection constructed
08-22 02:26:54.872 10235 12328 I adbd    : UsbFfs-monitor thread spawned
08-22 02:26:56.027 31643 31643 I dqbe    : (REDACTED) latestAudioLevel=%d
08-22 02:26:56.027 31643 31643 I capk    : (REDACTED) animateTo: to: %s, duration: %s
08-22 02:26:56.057  1476  1629 I BatteryStatsService: In wakeup_callback: resumed from suspend
08-22 02:26:56.234  1060  1090 D ASH     : @ 26036.155: Sending to ASH storage: 0 10 0
08-22 02:26:57.251 31643 31643 I dqbe    : (REDACTED) latestAudioLevel=%d
08-22 02:26:57.252 31643 31643 I capk    : (REDACTED) animateTo: to: %s, duration: %s
08-22 02:26:57.286  1476  1629 I BatteryStatsService: In wakeup_callback: resumed from suspend
08-22 02:26:58.529 10235 12328 W adbd    : timed out while waiting for FUNCTIONFS_BIND, trying again
08-22 02:26:58.530 10235 12328 I adbd    : UsbFfs: connection terminated: monitor thread finished
08-22 02:26:58.530 10235 10235 I adbd    : UsbFfs: already offline
08-22 02:26:58.531 10235 10235 I adbd    : destroying transport UsbFfs
08-22 02:26:58.531 10235 10235 I adbd    : UsbFfsConnection being destroyed
08-22 02:26:58.532 31643 31643 I dqbe    : (REDACTED) latestAudioLevel=%d
08-22 02:26:58.534 31643 31643 I capk    : (REDACTED) animateTo: to: %s, duration: %s
08-22 02:26:58.544 10235 10241 I adbd    : opening control endpoint /dev/usb-ffs/adb/ep0
08-22 02:26:58.548 10235 10241 I adbd    : UsbFfsConnection constructed
08-22 02:26:58.550 10235 12329 I adbd    : UsbFfs-monitor thread spawned
08-22 02:26:58.560  1476  1629 I BatteryStatsService: In wakeup_callback: resumed from suspend
08-22 02:27:00.341 31643 31643 I dqbe    : (REDACTED) latestAudioLevel=%d
08-22 02:27:00.342 31643 31643 I capk    : (REDACTED) animateTo: to: %s, duration: %s
08-22 02:27:00.379  1476  1629 I BatteryStatsService: In wakeup_callback: resumed from suspend
08-22 02:27:00.419  1476  1558 I ActivityManager: Killing 11554:com.ztnstudio.notepad/u0a225 (adj 915): excessive cpu 9180 during 300153 dur=12618412 limit=2
08-22 02:27:00.476   942   942 I Zygote  : Process 11554 exited due to signal 9 (Killed)
08-22 02:27:00.476  1476  8806 D ConnectivityService: ConnectivityService NetworkRequestInfo binderDied(NetworkRequest [ LISTEN id=1227, [ Transports: VPN Capabilities: INTERNET&NOT_RESTRICTED&TRUSTED&FOREGROUND Uid: 10225 AdministratorUids: [] RequestorUid: 10225 RequestorPackageName: com.ztnstudio.notepad] ], android.os.BinderProxy@d7d3aa8)
08-22 02:27:00.476  1476  3561 D ConnectivityService: ConnectivityService NetworkRequestInfo binderDied(NetworkRequest [ LISTEN id=1228, [ Transports: WIFI Capabilities: INTERNET&NOT_RESTRICTED&TRUSTED&NOT_VPN&FOREGROUND Uid: 10225 AdministratorUids: [] RequestorUid: 10225 RequestorPackageName: com.ztnstudio.notepad] ], android.os.BinderProxy@c2159c1)
08-22 02:27:00.477  1476  3561 D ConnectivityService: ConnectivityService NetworkRequestInfo binderDied(NetworkRequest [ LISTEN id=1224, [ Transports: VPN Capabilities: INTERNET&NOT_RESTRICTED&TRUSTED&FOREGROUND Uid: 10225 AdministratorUids: [] RequestorUid: 10225 RequestorPackageName: com.ztnstudio.notepad] ], android.os.BinderProxy@fd23566)
08-22 02:27:00.477  1476  3584 D ConnectivityService: ConnectivityService NetworkRequestInfo binderDied(NetworkRequest [ LISTEN id=1229, [ Transports: CELLULAR Capabilities: INTERNET&NOT_RESTRICTED&TRUSTED&NOT_VPN&FOREGROUND Uid: 10225 AdministratorUids: [] RequestorUid: 10225 RequestorPackageName: com.ztnstudio.notepad] ], android.os.BinderProxy@bbf5954)
08-22 02:27:00.477  1476  1629 D ConnectivityService: ConnectivityService NetworkRequestInfo binderDied(NetworkRequest [ LISTEN id=1225, [ Transports: WIFI Capabilities: INTERNET&NOT_RESTRICTED&TRUSTED&NOT_VPN&FOREGROUND Uid: 10225 AdministratorUids: [] RequestorUid: 10225 RequestorPackageName: com.ztnstudio.notepad] ], android.os.BinderProxy@8a8d0fd)
08-22 02:27:00.477  1476  8806 D ConnectivityService: ConnectivityService NetworkRequestInfo binderDied(NetworkRequest [ LISTEN id=1226, [ Transports: CELLULAR Capabilities: INTERNET&NOT_RESTRICTED&TRUSTED&NOT_VPN&FOREGROUND Uid: 10225 AdministratorUids: [] RequestorUid: 10225 RequestorPackageName: com.ztnstudio.notepad] ], android.os.BinderProxy@baa00a7)
08-22 02:27:00.515  1476  1560 I libprocessgroup: Successfully killed process cgroup uid 10225 pid 11554 in 92ms
08-22 02:27:00.949 31643 31643 I dqbe    : (REDACTED) latestAudioLevel=%d
08-22 02:27:00.951 31643 31643 I capk    : (REDACTED) animateTo: to: %s, duration: %s
08-22 02:27:00.981  1476  3561 I BatteryStatsService: In wakeup_callback: resumed from suspend
08-22 02:27:01.086  1476  1485 I system_server: Background young concurrent copying GC freed 569795(21MB) AllocSpace objects, 47(1436KB) LOS objects, 44% free, 28MB/52MB, paused 359us total 371.100ms
08-22 02:27:01.102  1476  1487 W System  : A resource failed to call release. 
08-22 02:27:01.103  1476  1487 I chatty  : uid=1000(system) FinalizerDaemon identical 3 lines
08-22 02:27:01.103  1476  1487 W System  : A resource failed to call release. 
08-22 02:27:02.161 31643 31643 I dqbe    : (REDACTED) latestAudioLevel=%d
08-22 02:27:02.162 31643 31643 I capk    : (REDACTED) animateTo: to: %s, duration: %s
08-22 02:27:02.163 10235 12329 W adbd    : timed out while waiting for FUNCTIONFS_BIND, trying again
08-22 02:27:02.163 10235 12329 I adbd    : UsbFfs: connection terminated: monitor thread finished
08-22 02:27:02.168 10235 10235 I adbd    : UsbFfs: already offline
08-22 02:27:02.168 10235 10235 I adbd    : destroying transport UsbFfs
08-22 02:27:02.168 10235 10235 I adbd    : UsbFfsConnection being destroyed
08-22 02:27:02.183 10235 10241 I adbd    : opening control endpoint /dev/usb-ffs/adb/ep0
08-22 02:27:02.185 10235 10241 I adbd    : UsbFfsConnection constructed
08-22 02:27:02.186 10235 12337 I adbd    : UsbFfs-monitor thread spawned
08-22 02:27:02.193  1476  8443 I BatteryStatsService: In wakeup_callback: resumed from suspend
08-22 02:27:02.368  1060  1090 D CHRE    : @ 26040.438: -: id 10, otherClientPresent 0, mode 3
08-22 02:27:02.368  1060  1090 D CHRE    : @ 26040.438: [ImuCal] Dynamic sensor configuration: stand-by.
08-22 02:27:02.368  1060  1090 D CHRE    : @ 26040.438: sensorType 10 allowed 1: mergedMode 1, otherClientPresent 0
08-22 02:27:02.368  1060  1090 D CHRE    : @ 26040.438: sensorType 13 allowed 1: mergedMode 1, otherClientPresent 0
08-22 02:27:02.368  1060  1090 D CHRE    : @ 26040.444: sensorType 15 allowed 0: mergedMode 3, otherClientPresent 0
08-22 02:27:02.369  1060  1090 D ASH     : @ 26042.291: Sending to ASH storage: 0 8 0
08-22 02:27:03.424 31643 31643 I dqbe    : (REDACTED) latestAudioLevel=%d
08-22 02:27:03.425 31643 31643 I capk    : (REDACTED) animateTo: to: %s, duration: %s
08-22 02:27:03.457  1476  8443 I BatteryStatsService: In wakeup_callback: resumed from suspend
08-22 02:27:04.675 31643 31643 I dqbe    : (REDACTED) latestAudioLevel=%d
08-22 02:27:04.678 10235 12337 W adbd    : timed out while waiting for FUNCTIONFS_BIND, trying again
08-22 02:27:04.678 10235 12337 I adbd    : UsbFfs: connection terminated: monitor thread finished
08-22 02:27:04.679 31643 31643 I capk    : (REDACTED) animateTo: to: %s, duration: %s
08-22 02:27:04.679 10235 10235 I adbd    : UsbFfs: already offline
08-22 02:27:04.679 10235 10235 I adbd    : destroying transport UsbFfs
08-22 02:27:04.679 10235 10235 I adbd    : UsbFfsConnection being destroyed
08-22 02:27:04.694 10235 10241 I adbd    : opening control endpoint /dev/usb-ffs/adb/ep0
08-22 02:27:04.699 10235 10241 I adbd    : UsbFfsConnection constructed
08-22 02:27:04.701 10235 12338 I adbd    : UsbFfs-monitor thread spawned
08-22 02:27:04.720  1476  8443 I BatteryStatsService: In wakeup_callback: resumed from suspend
08-22 02:27:06.479 31643 31643 I dqbe    : (REDACTED) latestAudioLevel=%d
08-22 02:27:06.480 31643 31643 I capk    : (REDACTED) animateTo: to: %s, duration: %s
08-22 02:27:06.515  1476  8443 I BatteryStatsService: In wakeup_callback: resumed from suspend
08-22 02:27:07.099 31643 31643 I dqbe    : (REDACTED) latestAudioLevel=%d
08-22 02:27:07.100 31643 31643 I capk    : (REDACTED) animateTo: to: %s, duration: %s
08-22 02:27:07.131  1476  8443 I BatteryStatsService: In wakeup_callback: resumed from suspend
08-22 02:27:07.247 10235 12338 W adbd    : timed out while waiting for FUNCTIONFS_BIND, trying again
08-22 02:27:07.247 10235 12338 I adbd    : UsbFfs: connection terminated: monitor thread finished
08-22 02:27:07.249 10235 10235 I adbd    : UsbFfs: already offline
08-22 02:27:07.249 10235 10235 I adbd    : destroying transport UsbFfs
08-22 02:27:07.249 10235 10235 I adbd    : UsbFfsConnection being destroyed
08-22 02:27:07.280 10235 10241 I adbd    : opening control endpoint /dev/usb-ffs/adb/ep0
08-22 02:27:07.283 10235 10241 I adbd    : UsbFfsConnection constructed
08-22 02:27:07.285 10235 12339 I adbd    : UsbFfs-monitor thread spawned
08-22 02:27:08.362 31643 31643 I dqbe    : (REDACTED) latestAudioLevel=%d
08-22 02:27:08.363 31643 31643 I capk    : (REDACTED) animateTo: to: %s, duration: %s
08-22 02:27:08.394  1476  8443 I BatteryStatsService: In wakeup_callback: resumed from suspend
08-22 02:27:09.548 31643 31643 I dqbe    : (REDACTED) latestAudioLevel=%d
08-22 02:27:09.548 31643 31643 I capk    : (REDACTED) animateTo: to: %s, duration: %s
08-22 02:27:09.582  1476  8443 I BatteryStatsService: In wakeup_callback: resumed from suspend
08-22 02:27:10.781 31643 31643 I dqbe    : (REDACTED) latestAudioLevel=%d
08-22 02:27:10.782 31643 31643 I capk    : (REDACTED) animateTo: to: %s, duration: %s
08-22 02:27:10.784 10235 12339 W adbd    : timed out while waiting for FUNCTIONFS_BIND, trying again
08-22 02:27:10.784 10235 12339 I adbd    : UsbFfs: connection terminated: monitor thread finished
08-22 02:27:10.784 10235 10235 I adbd    : UsbFfs: already offline
08-22 02:27:10.784 10235 10235 I adbd    : destroying transport UsbFfs
08-22 02:27:10.784 10235 10235 I adbd    : UsbFfsConnection being destroyed
08-22 02:27:10.803 10235 10241 I adbd    : opening control endpoint /dev/usb-ffs/adb/ep0
08-22 02:27:10.805 10235 10241 I adbd    : UsbFfsConnection constructed
08-22 02:27:10.806 10235 12340 I adbd    : UsbFfs-monitor thread spawned
08-22 02:27:10.814  1476  8443 I BatteryStatsService: In wakeup_callback: resumed from suspend
08-22 02:27:12.043 31643 31643 I dqbe    : (REDACTED) latestAudioLevel=%d
08-22 02:27:12.045 31643 31643 I capk    : (REDACTED) animateTo: to: %s, duration: %s
08-22 02:27:12.077  1476  8443 I BatteryStatsService: In wakeup_callback: resumed from suspend
08-22 02:27:13.279 31643 31643 I dqbe    : (REDACTED) latestAudioLevel=%d
08-22 02:27:13.281 31643 31643 I capk    : (REDACTED) animateTo: to: %s, duration: %s
08-22 02:27:13.285 10235 12340 W adbd    : timed out while waiting for FUNCTIONFS_BIND, trying again
08-22 02:27:13.286 10235 12340 I adbd    : UsbFfs: connection terminated: monitor thread finished
08-22 02:27:13.294 10235 10235 I adbd    : UsbFfs: already offline
08-22 02:27:13.295 10235 10235 I adbd    : destroying transport UsbFfs
08-22 02:27:13.295 10235 10235 I adbd    : UsbFfsConnection being destroyed
08-22 02:27:13.311 10235 10241 I adbd    : opening control endpoint /dev/usb-ffs/adb/ep0
08-22 02:27:13.314  1476  8443 I BatteryStatsService: In wakeup_callback: resumed from suspend
08-22 02:27:13.315 10235 10241 I adbd    : UsbFfsConnection constructed
08-22 02:27:13.317 10235 12341 I adbd    : UsbFfs-monitor thread spawned
08-22 02:27:14.499 31643 31643 I dqbe    : (REDACTED) latestAudioLevel=%d
08-22 02:27:14.501 31643 31643 I capk    : (REDACTED) animateTo: to: %s, duration: %s
08-22 02:27:14.533  1476  8443 I BatteryStatsService: In wakeup_callback: resumed from suspend
08-22 02:27:14.709  1060  1090 I VSC     : @ 26054.477: [VSC] Stopping sensor events for sensor 131074
08-22 02:27:14.709  1060  1090 I VSC     : @ 26054.478: [VSC] Request sensor 65537, sample_duration 14 ms, report_duration c80 ms
08-22 02:27:14.709  1060  1090 I VSC     : @ 26054.478: [VSC] Request sensor 65537, sample_duration 14 ms, report_duration 64 ms
08-22 02:27:14.709  1060  1090 I VSC     : @ 26054.478: [VSC] Stopping sensor events for sensor 131074
08-22 02:27:16.348 31643 31643 I dqbe    : (REDACTED) latestAudioLevel=%d
08-22 02:27:16.352 10235 12341 W adbd    : timed out while waiting for FUNCTIONFS_BIND, trying again
08-22 02:27:16.352 10235 12341 I adbd    : UsbFfs: connection terminated: monitor thread finished
08-22 02:27:16.352 10235 10235 I adbd    : UsbFfs: already offline
08-22 02:27:16.352 10235 10235 I adbd    : destroying transport UsbFfs
08-22 02:27:16.353 10235 10235 I adbd    : UsbFfsConnection being destroyed
08-22 02:27:16.355 31643 31643 I capk    : (REDACTED) animateTo: to: %s, duration: %s
08-22 02:27:16.376 10235 10241 I adbd    : opening control endpoint /dev/usb-ffs/adb/ep0
08-22 02:27:16.380 10235 10241 I adbd    : UsbFfsConnection constructed
08-22 02:27:16.381  1476  8443 I BatteryStatsService: In wakeup_callback: resumed from suspend
08-22 02:27:16.382 10235 12342 I adbd    : UsbFfs-monitor thread spawned
08-22 02:27:16.631 31643 31643 I dqbe    : (REDACTED) latestAudioLevel=%d
08-22 02:27:16.633 31643 31643 I capk    : (REDACTED) animateTo: to: %s, duration: %s
08-22 02:27:16.670  1476  8443 I BatteryStatsService: In wakeup_callback: suspend aborted
08-22 02:27:16.923 31643 31643 I dqbe    : (REDACTED) latestAudioLevel=%d
08-22 02:27:16.925 31643 31643 I capk    : (REDACTED) animateTo: to: %s, duration: %s
08-22 02:27:17.208 31643 31643 I dqbe    : (REDACTED) latestAudioLevel=%d
08-22 02:27:17.210 31643 31643 I capk    : (REDACTED) animateTo: to: %s, duration: %s
08-22 02:27:17.383 10235 12342 W adbd    : timed out while waiting for FUNCTIONFS_BIND, trying again
08-22 02:27:17.384 10235 12342 I adbd    : UsbFfs: connection terminated: monitor thread finished
08-22 02:27:17.387 10235 10235 I adbd    : UsbFfs: already offline
08-22 02:27:17.387 10235 10235 I adbd    : destroying transport UsbFfs
08-22 02:27:17.387 10235 10235 I adbd    : UsbFfsConnection being destroyed
08-22 02:27:17.401 10235 10241 I adbd    : opening control endpoint /dev/usb-ffs/adb/ep0
08-22 02:27:17.407 10235 10241 I adbd    : UsbFfsConnection constructed
08-22 02:27:17.408 10235 12343 I adbd    : UsbFfs-monitor thread spawned
08-22 02:27:17.486 31643 31643 I dqbe    : (REDACTED) latestAudioLevel=%d
08-22 02:27:17.489 31643 31643 I capk    : (REDACTED) animateTo: to: %s, duration: %s
08-22 02:27:17.762 31643 31643 I dqbe    : (REDACTED) latestAudioLevel=%d
08-22 02:27:17.762 31643 31643 I capk    : (REDACTED) animateTo: to: %s, duration: %s
08-22 02:27:18.037 31643 31643 I dqbe    : (REDACTED) latestAudioLevel=%d
08-22 02:27:18.040 31643 31643 I capk    : (REDACTED) animateTo: to: %s, duration: %s
08-22 02:27:18.321 31643 31643 I dqbe    : (REDACTED) latestAudioLevel=%d
08-22 02:27:18.324 31643 31643 I capk    : (REDACTED) animateTo: to: %s, duration: %s
08-22 02:27:18.410 10235 12343 W adbd    : timed out while waiting for FUNCTIONFS_BIND, trying again
08-22 02:27:18.410 10235 12343 I adbd    : UsbFfs: connection terminated: monitor thread finished
08-22 02:27:18.412 10235 10235 I adbd    : UsbFfs: already offline
08-22 02:27:18.412 10235 10235 I adbd    : destroying transport UsbFfs
08-22 02:27:18.412 10235 10235 I adbd    : UsbFfsConnection being destroyed
08-22 02:27:18.428 10235 10241 I adbd    : opening control endpoint /dev/usb-ffs/adb/ep0
08-22 02:27:18.435 10235 10241 I adbd    : UsbFfsConnection constructed
08-22 02:27:18.437 10235 12348 I adbd    : UsbFfs-monitor thread spawned
08-22 02:27:18.619 31643 31643 I dqbe    : (REDACTED) latestAudioLevel=%d
08-22 02:27:18.621 31643 31643 I capk    : (REDACTED) animateTo: to: %s, duration: %s
08-22 02:27:18.715  1476  8443 I BatteryStatsService: In wakeup_callback: suspend aborted
08-22 02:27:18.891 31643 31643 I dqbe    : (REDACTED) latestAudioLevel=%d
08-22 02:27:18.892 31643 31643 I capk    : (REDACTED) animateTo: to: %s, duration: %s
08-22 02:27:19.172 31643 31643 I dqbe    : (REDACTED) latestAudioLevel=%d
08-22 02:27:19.174 31643 31643 I capk    : (REDACTED) animateTo: to: %s, duration: %s
08-22 02:27:20.294 10235 12348 W adbd    : timed out while waiting for FUNCTIONFS_BIND, trying again
08-22 02:27:20.294 10235 12348 I adbd    : UsbFfs: connection terminated: monitor thread finished
08-22 02:27:20.294 10235 10235 I adbd    : UsbFfs: already offline
08-22 02:27:20.294 10235 10235 I adbd    : destroying transport UsbFfs
08-22 02:27:20.294 10235 10235 I adbd    : UsbFfsConnection being destroyed
08-22 02:27:20.310 31643 31643 I dqbe    : (REDACTED) latestAudioLevel=%d
08-22 02:27:20.311 31643 31643 I capk    : (REDACTED) animateTo: to: %s, duration: %s
08-22 02:27:20.316 10235 10241 I adbd    : opening control endpoint /dev/usb-ffs/adb/ep0
08-22 02:27:20.320  1476  8443 I BatteryStatsService: In wakeup_callback: resumed from suspend
08-22 02:27:20.321 10235 10241 I adbd    : UsbFfsConnection constructed
08-22 02:27:20.322 10235 12349 I adbd    : UsbFfs-monitor thread spawned
08-22 02:27:21.551 31643 31643 I dqbe    : (REDACTED) latestAudioLevel=%d
08-22 02:27:21.553 31643 31643 I capk    : (REDACTED) animateTo: to: %s, duration: %s
08-22 02:27:21.585  1476  8443 I BatteryStatsService: In wakeup_callback: resumed from suspend
08-22 02:27:22.760 31643 31643 I dqbe    : (REDACTED) latestAudioLevel=%d
08-22 02:27:22.760 31643 31643 I capk    : (REDACTED) animateTo: to: %s, duration: %s
08-22 02:27:22.788  1476  8443 I BatteryStatsService: In wakeup_callback: resumed from suspend
08-22 02:27:22.879 10235 12349 W adbd    : timed out while waiting for FUNCTIONFS_BIND, trying again
08-22 02:27:22.879 10235 12349 I adbd    : UsbFfs: connection terminated: monitor thread finished
08-22 02:27:22.880 10235 10235 I adbd    : UsbFfs: already offline
08-22 02:27:22.880 10235 10235 I adbd    : destroying transport UsbFfs
08-22 02:27:22.881 10235 10235 I adbd    : UsbFfsConnection being destroyed
08-22 02:27:22.896 10235 10241 I adbd    : opening control endpoint /dev/usb-ffs/adb/ep0
08-22 02:27:22.901 10235 10241 I adbd    : UsbFfsConnection constructed
08-22 02:27:22.902 10235 12350 I adbd    : UsbFfs-monitor thread spawned
08-22 02:27:24.024 31643 31643 I dqbe    : (REDACTED) latestAudioLevel=%d
08-22 02:27:24.026 31643 31643 I capk    : (REDACTED) animateTo: to: %s, duration: %s
08-22 02:27:24.068  1476  8443 I BatteryStatsService: In wakeup_callback: resumed from suspend
08-22 02:27:25.222 31643 31643 I dqbe    : (REDACTED) latestAudioLevel=%d
08-22 02:27:25.223 31643 31643 I capk    : (REDACTED) animateTo: to: %s, duration: %s
08-22 02:27:25.250  1476  8443 I BatteryStatsService: In wakeup_callback: resumed from suspend
08-22 02:27:26.453 31643 31643 I dqbe    : (REDACTED) latestAudioLevel=%d
08-22 02:27:26.454 31643 31643 I capk    : (REDACTED) animateTo: to: %s, duration: %s
08-22 02:27:26.458 10235 12350 W adbd    : timed out while waiting for FUNCTIONFS_BIND, trying again
08-22 02:27:26.458 10235 12350 I adbd    : UsbFfs: connection terminated: monitor thread finished
08-22 02:27:26.458 10235 10235 I adbd    : UsbFfs: already offline
08-22 02:27:26.458 10235 10235 I adbd    : destroying transport UsbFfs
08-22 02:27:26.458 10235 10235 I adbd    : UsbFfsConnection being destroyed
08-22 02:27:26.472 10235 10241 I adbd    : opening control endpoint /dev/usb-ffs/adb/ep0
08-22 02:27:26.473 10235 10241 I adbd    : UsbFfsConnection constructed
08-22 02:27:26.474 10235 12351 I adbd    : UsbFfs-monitor thread spawned
08-22 02:27:26.487  1476  8443 I BatteryStatsService: In wakeup_callback: resumed from suspend
08-22 02:27:28.300 31643 31643 I dqbe    : (REDACTED) latestAudioLevel=%d
08-22 02:27:28.301 31643 31643 I capk    : (REDACTED) animateTo: to: %s, duration: %s
08-22 02:27:28.331  1476  8443 I BatteryStatsService: In wakeup_callback: resumed from suspend
08-22 02:27:28.930 31643 31643 I dqbe    : (REDACTED) latestAudioLevel=%d
08-22 02:27:28.931 31643 31643 I capk    : (REDACTED) animateTo: to: %s, duration: %s
08-22 02:27:28.964  1476  8443 I BatteryStatsService: In wakeup_callback: resumed from suspend
08-22 02:27:29.062 10235 12351 W adbd    : timed out while waiting for FUNCTIONFS_BIND, trying again
08-22 02:27:29.062 10235 12351 I adbd    : UsbFfs: connection terminated: monitor thread finished
08-22 02:27:29.062 10235 10235 I adbd    : UsbFfs: already offline
08-22 02:27:29.063 10235 10235 I adbd    : destroying transport UsbFfs
08-22 02:27:29.063 10235 10235 I adbd    : UsbFfsConnection being destroyed
08-22 02:27:29.089 10235 10241 I adbd    : opening control endpoint /dev/usb-ffs/adb/ep0
08-22 02:27:29.093 10235 10241 I adbd    : UsbFfsConnection constructed
08-22 02:27:29.099 10235 12352 I adbd    : UsbFfs-monitor thread spawned
08-22 02:27:30.132 31643 31643 I dqbe    : (REDACTED) latestAudioLevel=%d
08-22 02:27:30.132 31643 31643 I capk    : (REDACTED) animateTo: to: %s, duration: %s
08-22 02:27:30.168  1476  8443 I BatteryStatsService: In wakeup_callback: resumed from suspend
08-22 02:27:32.018 31643 31643 I dqbe    : (REDACTED) latestAudioLevel=%d
08-22 02:27:32.019 31643 31643 I capk    : (REDACTED) animateTo: to: %s, duration: %s
08-22 02:27:32.051  1476  8443 I BatteryStatsService: In wakeup_callback: resumed from suspend
08-22 02:27:32.226  1060  1090 I VSC     : @ 26066.120: [VSC] Stopping sensor events for sensor 65537
08-22 02:27:32.226  1060  1090 I VSC     : @ 26066.126: [VSC] Request sensor 131074, sample_duration 0 ms, report_duration 0 ms
08-22 02:27:33.246 31643 31643 I dqbe    : (REDACTED) latestAudioLevel=%d
08-22 02:27:33.247 31643 31643 I capk    : (REDACTED) animateTo: to: %s, duration: %s
08-22 02:27:33.248 10235 12352 W adbd    : timed out while waiting for FUNCTIONFS_BIND, trying again
08-22 02:27:33.248 10235 12352 I adbd    : UsbFfs: connection terminated: monitor thread finished
08-22 02:27:33.248 10235 10235 I adbd    : UsbFfs: already offline
08-22 02:27:33.249 10235 10235 I adbd    : destroying transport UsbFfs
08-22 02:27:33.249 10235 10235 I adbd    : UsbFfsConnection being destroyed
08-22 02:27:33.272 10235 10241 I adbd    : opening control endpoint /dev/usb-ffs/adb/ep0
08-22 02:27:33.277 10235 10241 I adbd    : UsbFfsConnection constructed
08-22 02:27:33.279 10235 12353 I adbd    : UsbFfs-monitor thread spawned
08-22 02:27:33.293  1476  8443 I BatteryStatsService: In wakeup_callback: resumed from suspend
08-22 02:27:33.469  1060  1090 I VSC     : @ 26072.482: [VSC] Request sensor 131074, sample_duration 0 ms, report_duration 0 ms
08-22 02:27:33.469  1060  1090 I VSC     : @ 26072.493: [VSC] Stopping sensor events for sensor 65537
08-22 02:27:35.086 31643 31643 I dqbe    : (REDACTED) latestAudioLevel=%d
08-22 02:27:35.087 31643 31643 I capk    : (REDACTED) animateTo: to: %s, duration: %s
08-22 02:27:35.114  1476  8443 I BatteryStatsService: In wakeup_callback: resumed from suspend
08-22 02:27:36.278 10235 12353 W adbd    : timed out while waiting for FUNCTIONFS_BIND, trying again
08-22 02:27:36.278 10235 12353 I adbd    : UsbFfs: connection terminated: monitor thread finished
08-22 02:27:36.278 10235 10235 I adbd    : UsbFfs: already offline
08-22 02:27:36.279 10235 10235 I adbd    : destroying transport UsbFfs
08-22 02:27:36.279 10235 10235 I adbd    : UsbFfsConnection being destroyed
08-22 02:27:36.280  1060  1090 I VSC     : @ 26075.884: [VSC] Request sensor 65537, sample_duration 14 ms, report_duration 64 ms
08-22 02:27:36.280  1060  1090 I VSC     : @ 26075.886: [VSC] Stopping sensor events for sensor 131074
08-22 02:27:36.280  1060  1090 I VSC     : @ 26075.886: [VSC] Stopping sensor events for sensor 131074
08-22 02:27:36.280  1060  1090 I VSC     : @ 26075.886: [VSC] Request sensor 65537, sample_duration 14 ms, report_duration c80 ms
08-22 02:27:36.280  1060  1090 I ASH     : @ 26076.123: ftm4_indicate_sensor_sample: [double-tap] event detected
08-22 02:27:36.280 31643 31643 I dqbe    : (REDACTED) latestAudioLevel=%d
08-22 02:27:36.281 31643 31643 I capk    : (REDACTED) animateTo: to: %s, duration: %s
08-22 02:27:36.302 10235 10241 I adbd    : opening control endpoint /dev/usb-ffs/adb/ep0
08-22 02:27:36.305 10235 10241 I adbd    : UsbFfsConnection constructed
08-22 02:27:36.305 10235 12354 I adbd    : UsbFfs-monitor thread spawned
08-22 02:27:36.316  1476  8443 I BatteryStatsService: In wakeup_callback: resumed from suspend
08-22 02:27:36.318  1060  1090 I VSC     : @ 26076.241: [VSC] Stopping sensor events for sensor 131078
08-22 02:27:36.318  1060  1090 I VSC     : @ 26076.241: [VSC] Stopping sensor events for sensor 65544
08-22 02:27:36.318  1060  1090 I VSC     : @ 26076.241: [double-tap-prox-gated] sensor disabled
08-22 02:27:36.319  1060  1090 I ASH     : @ 26076.242: ftm4_disable_sensor: disabling sensor [double-tap]
08-22 02:27:36.382  1476  3561 I PowerManagerService: Waking up from Dozing (uid=10180, reason=WAKE_REASON_GESTURE, details=com.android.systemui:NODOZE)...
08-22 02:27:36.408  1476  1571 I DisplayPowerController: Blocking screen on until initial contents have been drawn.
08-22 02:27:36.409  1873  3091 D KeyguardViewMediator: notifyScreenOn
08-22 02:27:36.412  1873  1873 D KeyguardViewMediator: handleNotifyScreenTurningOn
08-22 02:27:36.416  1007  1007 I android.hardware.health@2.0-service.wahoo: SRAM data: 3623000
08-22 02:27:36.434  1873  3091 D KeyguardViewMediator: onStartedWakingUp, seq = 14
08-22 02:27:36.434  1873  3091 D KeyguardViewMediator: notifyStartedWakingUp
08-22 02:27:36.434  1873  1873 D KeyguardViewMediator: handleNotifyWakingUp
08-22 02:27:36.438  1060  1090 I ASH     : @ 26076.361: ams_deviceSetConfig: Enabling ALS
08-22 02:27:36.440  1476  1571 V DisplayPowerController: Brightness [0.059198357] reason changing to: 'manual', previous reason: 'screen_off'.
08-22 02:27:36.441  1476  1552 I DisplayManagerService: Display device changed state: "Built-in Screen", ON
08-22 02:27:36.441   675   675 D SurfaceFlinger: Setting power mode 2 on display 0
08-22 02:27:36.442   678   678 I SDM     : DisplayBase::SetDisplayState: Set state = 1, display 0
08-22 02:27:36.442  1873  1873 D StatusBar: disable<e i a s b H R c s > disable2<q i n >
08-22 02:27:36.442  1873  1873 D StatusBar: disable<e i a s b H R c s > disable2<q i n >
08-22 02:27:36.443  1873  1873 D StatusBar: updateQsExpansionEnabled - QS Expand enabled: true
08-22 02:27:36.447  1060  1090 I VSC     : @ 26076.370: [VSC SLPI] handling enable request for 131079 sensor
08-22 02:27:36.447  1060  1090 I VSC     : @ 26076.370: [double-tap-prox-gated] configuring sensor with interval: 0, latency: 0
08-22 02:27:36.447  1060  1090 I VSC     : @ 26076.370: [VSC] Request sensor 65544, sample_duration 3e8 ms, report_duration 0 ms
08-22 02:27:36.447  1060  1090 I VSC     : @ 26076.371: [VSC] Request sensor 131078, sample_duration 0 ms, report_duration 0 ms
08-22 02:27:36.448  1476  1552 I InputManager-JNI: Viewport [0] to add: local:0, isActive: true
08-22 02:27:36.449  1873  1873 D StatusBar: updateQsExpansionEnabled - QS Expand enabled: true
08-22 02:27:36.449  1060  1090 D CHRE    : @ 26076.372: Parsed nanoapp message from host: app ID 0x476f6f676c00100e, endpoint 0x1, msgType 202, payload size 5
08-22 02:27:36.450  1476  1661 I InputReader: Reconfiguring input devices, changes=DISPLAY_INFO | 
08-22 02:27:36.450  1476  1661 I InputReader: Device reconfigured: id=4, name='touchscreen', size 1440x2880, orientation 0, mode 1, display id 0
08-22 02:27:36.451  1060  1090 I ASH     : @ 26076.373: ftm4_enable_sensor: enabling sensor [double-tap]
08-22 02:27:36.451  1060  1090 I VSC     : @ 26076.375: [VSC SLPI] handling enable request for 131077 sensor
08-22 02:27:36.452  1060  1090 I VSC     : @ 26076.375: [BINNED_BRIGHTNESS] Created instance at 0xb2035e90
08-22 02:27:36.454  1060  1090 I VSC     : @ 26076.375: [VSC] Request sensor 65541, sample_duration fa ms, report_duration 0 ms
08-22 02:27:36.454  1060  1090 I VSC     : @ 26076.375: [VSC] Request sensor 65544, sample_duration c8 ms, report_duration 0 ms
08-22 02:27:36.456  1873  2313 D KeyguardViewMediator: updateActivityLockScreenState(true, false)
08-22 02:27:36.464 20907 20907 I PkDeviceHelper: PkDeviceHelper.refreshDevices():93 refreshing devices
08-22 02:27:36.466  1476  1678 D WifiSarManager: handleScreenStateChanged: screenOn = true
08-22 02:27:36.470  2164  2271 I QCNEJ/CndHalConnector: -> SND notifyScreenStateChanged(true)
08-22 02:27:36.471  2164  2271 I QCNEJ/CndHalConnector: -> SND notifyScreenStateChanged(false)
08-22 02:27:36.472  2943  4456 I CarrierServices: [163] eqy.c:51 Connected state: [1], networkType: [WIFI]
08-22 02:27:36.472  2943  4451 I CarrierServices: [162] fau.handleMessage:39 RcsEngineImpl[DUAL_REG]:[4f687c99-d656]>Handler: handleMessage processing message:[NOTIFY_UPTIME_IGNORE_STATE_CHANGED] with [non-null]:RcsEngineImpl reference
08-22 02:27:36.473  2164  2271 I QCNEJ/CndHalConnector: -> SND notifyWifiStatusChanged(RatInfo{type=1, subType=101, state=CONNECTED, v4=IfaceAddrPair{iface=wlan0, addr=192.168.1.173}, v6=IfaceAddrPair{iface=wlan0, addr=2600:4040:2723:2a00:99a7:1793:680f:4317}, timestamp=2025-08-22 02:27:36.472, isAndroidValidated=true, netHandle=432902426637, slotIdx=0} WifiInfo{freq=FIVE_GHz, state=3, ssid=Fios-C6kRF, bssid=7a:bd:c5:5f:fe:ec, dns=[2600:4040:2723:2a00::1, 192.168.1.1, 0.0.0.0, 0.0.0.0, ]})
08-22 02:27:36.476 31643 32282 D WM-NetworkStateTracker: Network capabilities changed: [ Transports: WIFI Capabilities: NOT_METERED&INTERNET&NOT_RESTRICTED&TRUSTED&NOT_VPN&VALIDATED&NOT_ROAMING&FOREGROUND&NOT_CONGESTED&NOT_SUSPENDED LinkUpBandwidth>=581318Kbps LinkDnBandwidth>=581318Kbps SignalStrength: -61 AdministratorUids: [] RequestorUid: -1 RequestorPackageName: null]
08-22 02:27:36.480 15124 25624 D WM-NetworkStateTracker: Network capabilities changed: [ Transports: WIFI Capabilities: NOT_METERED&INTERNET&NOT_RESTRICTED&TRUSTED&NOT_VPN&VALIDATED&NOT_ROAMING&FOREGROUND&NOT_CONGESTED&NOT_SUSPENDED LinkUpBandwidth>=581318Kbps LinkDnBandwidth>=581318Kbps SignalStrength: -61 AdministratorUids: [] RequestorUid: -1 RequestorPackageName: null]
08-22 02:27:36.497  2943  4451 I CarrierServices: [162] ezm.f:78 ProvisioningEngineDataRetriever: Rcs is enabled from user settings: true
08-22 02:27:36.502  1476  1683 D Nat464Xlat: clatd running, updating NAI for v4-rmnet_data0
08-22 02:27:36.525  1060  1090 I ASH     : @ 26076.448: _490x_handleAdaptiveAtime: Adaptive ATIME Init to Short
08-22 02:27:36.525  1060  1090 I VSC     : @ 26076.449: [VSC SLPI] handling enable request for 65563 sensor
08-22 02:27:36.525  1060  1090 I VSC     : @ 26076.449: [VSC] Request sensor 65537, sample_duration 42 ms, report_duration 28 ms
08-22 02:27:36.526  1476  1571 I DisplayPowerController: Unblocked screen on after 119 ms
08-22 02:27:36.528  1060  1090 I VSC     : @ 26076.452: [BINNED_BRIGHTNESS] Changing state to 1 at 26076451 ms
08-22 02:27:36.531  1476  1571 V DisplayPowerController: Brightness [0.019425413] reason changing to: 'automatic', previous reason: 'manual'.
08-22 02:27:36.531  2219  2219 D TelephonyProvider: Using old permission behavior for telephony provider compat
08-22 02:27:36.532  2219  2219 D TelephonyProvider: subIdString = 2 subId = 2
08-22 02:27:36.537  3562  3562 D NfcService: MSG_APPLY_SCREEN_STATE 4
08-22 02:27:36.547  2219  2219 D TelephonyProvider: Using old permission behavior for telephony provider compat
08-22 02:27:36.547  2219  2219 D TelephonyProvider: subIdString = 2 subId = 2
08-22 02:27:36.559 20907 12369 I DeviceStatusMonitor: DeviceStatusMonitor.handleBroadcast():123 onReceive() : Action = android.intent.action.SCREEN_ON
08-22 02:27:36.559 20907 12369 I DeviceStatusMonitor: DeviceStatusMonitor.updateCountryInfo():139 updateCountryInfo(), notifyAnyway = false
08-22 02:27:36.563 31643 31643 I dqbe    : (REDACTED) latestAudioLevel=%d
08-22 02:27:36.564 31643 31643 I capk    : (REDACTED) animateTo: to: %s, duration: %s
08-22 02:27:36.568  1476  1683 D Nat464Xlat: clatd running, updating NAI for v4-rmnet_data0
08-22 02:27:36.570  2219  2219 D TelephonyProvider: Using old permission behavior for telephony provider compat
08-22 02:27:36.570  2219  2219 D TelephonyProvider: subIdString = 2 subId = 2
08-22 02:27:36.576  2219  2219 D TelephonyProvider: Using old permission behavior for telephony provider compat
08-22 02:27:36.576  2219  2219 D TelephonyProvider: subIdString = 2 subId = 2
08-22 02:27:36.776   675   675 D SurfaceFlinger: Finished setting power mode 2 on display 0
08-22 02:27:36.777  1476  1760 D SurfaceControl: Excessive delay in setPowerMode()
08-22 02:27:36.779  1476  1571 W PowerManagerService: Screen on took 398 ms
08-22 02:27:36.779  1476  1571 I DreamManagerService: Gently waking up from dream.
08-22 02:27:36.780  1476  1549 I DreamManagerService: Performing gentle wake from dream.
08-22 02:27:36.780  1873  5566 D KeyguardViewMediator: notifyScreenTurnedOn
08-22 02:27:36.837 31643 31643 I dqbe    : (REDACTED) latestAudioLevel=%d
08-22 02:27:36.837  1873  1873 I Elmyra/ElmyraService: Unblocked; current action: LaunchOpa [mIsGestureEnabled -> true; mIsOpaEnabled -> true]
08-22 02:27:36.839 31643 31643 I capk    : (REDACTED) animateTo: to: %s, duration: %s
08-22 02:27:36.844  1873  1873 D KeyguardViewMediator: handleNotifyScreenTurnedOn
08-22 02:27:36.845  1476  2303 I DreamManagerService: Leaving dreamland.
08-22 02:27:36.846  1476  1549 I DreamManagerService: Performing gentle wake from dream.
08-22 02:27:36.847  1476  1549 I DreamController: Stopping dream: name=ComponentInfo{com.android.systemui/com.android.systemui.doze.DozeService}, isTest=false, canDoze=true, userId=0, reason='finished self'(from 'requested stopDream')
08-22 02:27:36.864  1060  1090 I VSC     : @ 26076.787: [VSC] Stopping sensor events for sensor 65537
08-22 02:27:36.867  1060  1090 I VSC     : @ 26076.790: [VSC] Stopping sensor events for sensor 131078
08-22 02:27:36.867  1060  1090 I VSC     : @ 26076.790: [VSC] Stopping sensor events for sensor 65544
08-22 02:27:36.867  1060  1090 I VSC     : @ 26076.790: [double-tap-prox-gated] sensor disabled
08-22 02:27:36.870  1060  1090 I ASH     : @ 26076.793: ftm4_disable_sensor: disabling sensor [double-tap]
08-22 02:27:36.913  2044  2044 I WallpaperService: engine resumed
08-22 02:27:36.939  1060  1090 D CHRE    : @ 26076.862: +: id 10, otherClientPresent 1, mode 3
08-22 02:27:36.939  1060  1090 D CHRE    : @ 26076.862: [ImuCal] Dynamic sensor configuration: high-performance.
08-22 02:27:36.939  1060  1090 D CHRE    : @ 26076.862: sensorType 10 allowed 1: mergedMode 1, otherClientPresent 1
08-22 02:27:36.940  1060  1090 D CHRE    : @ 26076.863: sensorType 13 allowed 1: mergedMode 1, otherClientPresent 1
08-22 02:27:36.941  1060  1090 D CHRE    : @ 26076.864: sensorType 15 allowed 0: mergedMode 3, otherClientPresent 0
08-22 02:27:36.979  2570 19826 I NearbySharing: Network state changed: NetworkState(isRestricted=false, isOnline=true, isCongested=false, isMetered=false, isWifiConnected=true)
08-22 02:27:37.106 31643 31643 I dqbe    : (REDACTED) latestAudioLevel=%d
08-22 02:27:37.107 31643 31643 I capk    : (REDACTED) animateTo: to: %s, duration: %s
08-22 02:27:37.306 10235 12354 W adbd    : timed out while waiting for FUNCTIONFS_BIND, trying again
08-22 02:27:37.306 10235 12354 I adbd    : UsbFfs: connection terminated: monitor thread finished
08-22 02:27:37.306 10235 10235 I adbd    : UsbFfs: already offline
08-22 02:27:37.306 10235 10235 I adbd    : destroying transport UsbFfs
08-22 02:27:37.307 10235 10235 I adbd    : UsbFfsConnection being destroyed
08-22 02:27:37.322 10235 10241 I adbd    : opening control endpoint /dev/usb-ffs/adb/ep0
08-22 02:27:37.325 10235 10241 I adbd    : UsbFfsConnection constructed
08-22 02:27:37.326 10235 12371 I adbd    : UsbFfs-monitor thread spawned
08-22 02:27:37.377 31643 31643 I dqbe    : (REDACTED) latestAudioLevel=%d
08-22 02:27:37.377 31643 31643 I capk    : (REDACTED) animateTo: to: %s, duration: %s
08-22 02:27:37.646 31643 31643 I dqbe    : (REDACTED) latestAudioLevel=%d
08-22 02:27:37.647 31643 31643 I capk    : (REDACTED) animateTo: to: %s, duration: %s
08-22 02:27:37.783  1873  1873 D KeyguardViewMediator: adjustStatusBarLocked: mShowing=true mOccluded=false isSecure=true force=true --> flags=0x1200000
08-22 02:27:37.804  1873  1873 D KeyguardViewMediator: handleKeyguardDoneDrawing
08-22 02:27:37.916 31643 31643 I dqbe    : (REDACTED) latestAudioLevel=%d
08-22 02:27:37.917 31643 31643 I capk    : (REDACTED) animateTo: to: %s, duration: %s
08-22 02:27:37.943  1873  1873 I FalsingManager: dX: 136.0 dY: -1821.0 xV: 6.921966 yV: -17.759628
08-22 02:27:37.943  1873  1873 I FalsingManager: Percent of gesture in proximity: 0.0
08-22 02:27:38.020  1873  1873 D StatusBar: disable<e i a s b H R c s > disable2<q i n >
08-22 02:27:38.020  1873  1873 D StatusBar: disable<e i a s b H R c s > disable2<q i n >
08-22 02:27:38.021  1060  1090 I VSC     : @ 26077.943: [VSC] Stopping sensor events for sensor 65544
08-22 02:27:38.021  1060  1090 I VSC     : @ 26077.943: [VSC] Stopping sensor events for sensor 65541
08-22 02:27:38.021  1060  1090 I VSC     : @ 26077.943: [BINNED_BRIGHTNESS] Deleted instance at 0xb2035e90
08-22 02:27:38.031  1873  1873 D StatusBar: disable<e i a s b H R c s > disable2<q i n >
08-22 02:27:38.186 31643 31643 I dqbe    : (REDACTED) latestAudioLevel=%d
08-22 02:27:38.187 31643 31643 I capk    : (REDACTED) animateTo: to: %s, duration: %s
08-22 02:27:38.327 10235 12371 W adbd    : timed out while waiting for FUNCTIONFS_BIND, trying again
08-22 02:27:38.327 10235 12371 I adbd    : UsbFfs: connection terminated: monitor thread finished
08-22 02:27:38.327 10235 10235 I adbd    : UsbFfs: already offline
08-22 02:27:38.327 10235 10235 I adbd    : destroying transport UsbFfs
08-22 02:27:38.327 10235 10235 I adbd    : UsbFfsConnection being destroyed
08-22 02:27:38.338 10235 10241 I adbd    : opening control endpoint /dev/usb-ffs/adb/ep0
08-22 02:27:38.339 10235 10241 I adbd    : UsbFfsConnection constructed
08-22 02:27:38.340 10235 12372 I adbd    : UsbFfs-monitor thread spawned
08-22 02:27:38.374  1873  1873 I Elmyra/ElmyraService: Unblocked; current action: LaunchOpa [mIsGestureEnabled -> true; mIsOpaEnabled -> true]
08-22 02:27:38.455 31643 31643 I dqbe    : (REDACTED) latestAudioLevel=%d
08-22 02:27:38.456 31643 31643 I capk    : (REDACTED) animateTo: to: %s, duration: %s
08-22 02:27:38.597   960  3094 D audio_hw_primary: enable_snd_device: snd_device(2: speaker)
08-22 02:27:38.597   960  3094 D audio_route: Apply path: speaker
08-22 02:27:38.597   671   671 D android.hardware.power@1.3-service.pixel-libperfmgr: AUDIO_STREAMING: 1
08-22 02:27:38.598   960  3094 D ACDB-LOADER: ACDB -> send_audio_cal, acdb_id = 15, path = 0, app id = 0x11130, sample rate = 48000
08-22 02:27:38.598   960  3094 D ACDB-LOADER: ACDB -> ACDB_CMD_GET_AUDPROC_GAIN_DEP_STEP_TABLE, vol index 0
08-22 02:27:38.598   960  3094 D android.hardware.audio.service: Failed to fetch the lookup information of the device 0000000F 
08-22 02:27:38.598   960  3094 E ACDB-LOADER: Error: ACDB AudProc vol returned = -19
08-22 02:27:38.598   960  3094 D ACDB-LOADER: ACDB -> GET_AFE_TOPOLOGY_ID for adcd_id 15, Topology Id 1025e
08-22 02:27:38.598   960  3094 D audio_hw_primary: enable_audio_route: usecase(1) apply and update mixer path: low-latency-playback speaker
08-22 02:27:38.598  1476  2303 I system_server: oneway function results will be dropped but finished with status OK and parcel size 4
08-22 02:27:38.598   960  3094 D audio_route: Apply path: low-latency-playback speaker
08-22 02:27:38.599  1476  2161 I system_server: oneway function results will be dropped but finished with status OK and parcel size 4
08-22 02:27:38.631   960  3094 D audio_hw_primary: out_write: retry previous failed cal level set
08-22 02:27:38.631   671   671 D android.hardware.power@1.3-service.pixel-libperfmgr: AUDIO_STREAMING: 0
08-22 02:27:38.726 31643 31643 I dqbe    : (REDACTED) latestAudioLevel=%d
08-22 02:27:38.727 31643 31643 I capk    : (REDACTED) animateTo: to: %s, duration: %s
08-22 02:27:38.789  1476  3542 I system_server: oneway function results will be dropped but finished with status OK and parcel size 4
08-22 02:27:38.885  1476  2303 I system_server: oneway function results will be dropped but finished with status OK and parcel size 4
08-22 02:27:38.990  1060  1090 I CHRE    : @ 26078.913: [AR_CHRE] send to host, reason=4, sampleSize=112, transitionSize=0, lastAccelTime = 26075561, lastAudioTime = 0 
08-22 02:27:38.992  1060  1090 I CHRE    : @ 26078.915: [NanoMinion] sent MSG Type 0x72, Version 0, 1703 bytes, MessageId 62
08-22 02:27:38.995 31643 31643 I dqbe    : (REDACTED) latestAudioLevel=%d
08-22 02:27:38.996 31643 31643 I capk    : (REDACTED) animateTo: to: %s, duration: %s
08-22 02:27:39.008  1476  2303 I system_server: oneway function results will be dropped but finished with status OK and parcel size 4
08-22 02:27:39.066  1476  3542 I system_server: oneway function results will be dropped but finished with status OK and parcel size 4
08-22 02:27:39.188  1476  3542 I system_server: oneway function results will be dropped but finished with status OK and parcel size 4
08-22 02:27:39.265 31643 31643 I dqbe    : (REDACTED) latestAudioLevel=%d
08-22 02:27:39.266 31643 31643 I capk    : (REDACTED) animateTo: to: %s, duration: %s
08-22 02:27:39.324  1476  2161 I system_server: oneway function results will be dropped but finished with status OK and parcel size 4
08-22 02:27:39.341 10235 12372 W adbd    : timed out while waiting for FUNCTIONFS_BIND, trying again
08-22 02:27:39.341 10235 12372 I adbd    : UsbFfs: connection terminated: monitor thread finished
08-22 02:27:39.342 10235 10235 I adbd    : UsbFfs: already offline
08-22 02:27:39.342 10235 10235 I adbd    : destroying transport UsbFfs
08-22 02:27:39.342 10235 10235 I adbd    : UsbFfsConnection being destroyed
08-22 02:27:39.368 10235 10241 I adbd    : opening control endpoint /dev/usb-ffs/adb/ep0
08-22 02:27:39.369 10235 10241 I adbd    : UsbFfsConnection constructed
08-22 02:27:39.369 10235 12375 I adbd    : UsbFfs-monitor thread spawned
08-22 02:27:39.448  1476  3542 I system_server: oneway function results will be dropped but finished with status OK and parcel size 4
08-22 02:27:39.535 31643 31643 I dqbe    : (REDACTED) latestAudioLevel=%d
08-22 02:27:39.535 31643 31643 I capk    : (REDACTED) animateTo: to: %s, duration: %s
08-22 02:27:39.588  1476  3542 D LockSettingsService: spBasedDoVerifyCredential: user=0 challengeType=0 hasEnrolledBiometrics=true
08-22 02:27:39.589  1476  2161 I system_server: oneway function results will be dropped but finished with status OK and parcel size 4
08-22 02:27:39.634  1055  1055 I libese  : Interface            ---                 Card
08-22 02:27:39.634  1055  1055 I libese  : I(0, 0)              -->                      [  5]
08-22 02:27:39.646  1055  1055 I libese  :                      <--              I(0, 0) [  3]
08-22 02:27:39.646  1055  1055 I libese  : Interface            ---                 Card
08-22 02:27:39.646  1055  1055 I libese  : I(1, 0)              -->                      [ 18]
08-22 02:27:39.659  1055  1055 I libese  :                      <--              I(1, 0) [  2]
08-22 02:27:39.659  1055  1055 I libese  : Interface            ---                 Card
08-22 02:27:39.659  1055  1055 I libese  : I(0, 0)              -->                      [ 26]
08-22 02:27:39.664  1055  1055 I libese  :                      <--              I(0, 0) [ 19]
08-22 02:27:39.664  1055  1055 I libese  : Interface            ---                 Card
08-22 02:27:39.664  1055  1055 I libese  : I(1, 0)              -->                      [  5]
08-22 02:27:39.668  1055  1055 I libese  :                      <--              I(1, 0) [  2]
08-22 02:27:39.670  1055  1055 I libese  : Requested power-down delay times (sec):
08-22 02:27:39.670  1055  1055 I libese  : - Timer 0xF1: 0
08-22 02:27:39.670  1055  1055 I libese  : - Timer 0xF2: 0
08-22 02:27:39.670  1055  1055 I libese  : - Timer 0xF3: 0
08-22 02:27:39.671  1873  1873 D KeyguardViewMediator: keyguardDone
08-22 02:27:39.671  1873  1873 D KeyguardViewMediator: tryKeyguardDone: pending - false, animRan - false animRunning - false
08-22 02:27:39.671  1873  1873 D KeyguardViewMediator: tryKeyguardDone: starting pre-hide animation
08-22 02:27:39.714  1139  1139 D keystore: AddAuthenticationToken: timestamp = 26079636, time_received = 12636
08-22 02:27:39.727  1476  3586 I system_server: oneway function results will be dropped but finished with status OK and parcel size 4
08-22 02:27:39.728  1139  1139 D keystore: AddAuthenticationToken: timestamp = 26079650, time_received = 12636
08-22 02:27:39.729  1139  1139 I keystore: calling unlock when already unlocked, ignoring.
08-22 02:27:39.730  1476  3542 I LockSettingsService: Unlocking user 0 with secret only, length 32
08-22 02:27:39.730  1476  3542 D LockSettingsService: unlockUser finished
08-22 02:27:39.730  1476  3542 W ActivityManager: UserLifecycleEvent 5 received without an active userJourneySession.
08-22 02:27:39.730  1476  3542 D LockSettingsService: unlockUser finished
08-22 02:27:39.730  1476  3542 I LockSettingsService: Disabling escrow token on user 0
08-22 02:27:39.730  1476  1476 D FingerprintService: setActiveUser(0)
08-22 02:27:39.733  1873  1873 I Elmyra/ElmyraService: Unblocked; current action: LaunchOpa [mIsGestureEnabled -> true; mIsOpaEnabled -> true]
08-22 02:27:39.733  1873  1873 I Elmyra/ElmyraService: Unblocked; current action: LaunchOpa [mIsGestureEnabled -> true; mIsOpaEnabled -> true]
08-22 02:27:39.805 31643 31643 I dqbe    : (REDACTED) latestAudioLevel=%d
08-22 02:27:39.806 31643 31643 I capk    : (REDACTED) animateTo: to: %s, duration: %s
08-22 02:27:40.007  1873  1873 E KeyguardViewMediator: mHideAnimationFinishedRunnable#run
08-22 02:27:40.007  1873  1873 D KeyguardViewMediator: tryKeyguardDone: pending - false, animRan - true animRunning - false
08-22 02:27:40.007  1873  1873 D KeyguardViewMediator: handleKeyguardDone
