08-22 02:19:09.283  2982 11525 W Blockstore: 	at eyyo.a(:com.google.android.gms@253133022@25.31.33 (150400-795226510):13)
08-22 02:19:09.283  2982 11525 W Blockstore: 	at fgvn.d(:com.google.android.gms@253133022@25.31.33 (150400-795226510):3)
08-22 02:19:09.283  2982 11525 W Blockstore: 	at fgvp.run(:com.google.android.gms@253133022@25.31.33 (150400-795226510):38)
08-22 02:19:09.283  2982 11525 W Blockstore: 	at fgxb.execute(:com.google.android.gms@253133022@25.31.33 (150400-795226510):1)
08-22 02:19:09.283  2982 11525 W Blockstore: 	at fgvc.f(:com.google.android.gms@253133022@25.31.33 (150400-795226510):1)
08-22 02:19:09.283  2982 11525 W Blockstore: 	at fgvc.hG(:com.google.android.gms@253133022@25.31.33 (150400-795226510):41)
08-22 02:19:09.283  2982 11525 W Blockstore: 	at fgvp.g(:com.google.android.gms@253133022@25.31.33 (150400-795226510):10)
08-22 02:19:09.283  2982 11525 W Blockstore: 	at eopb.a(:com.google.android.gms@253133022@25.31.33 (150400-795226510):20)
08-22 02:19:09.283  2982 11525 W Blockstore: 	at eyyn.a(:com.google.android.gms@253133022@25.31.33 (150400-795226510):13)
08-22 02:19:09.283  2982 11525 W Blockstore: 	at fgxi.a(:com.google.android.gms@253133022@25.31.33 (150400-795226510):20)
08-22 02:19:09.283  2982 11525 W Blockstore: 	at fgzm.a(:com.google.android.gms@253133022@25.31.33 (150400-795226510):3)
08-22 02:19:09.283  2982 11525 W Blockstore: 	at fgyn.run(:com.google.android.gms@253133022@25.31.33 (150400-795226510):19)
08-22 02:19:09.283  2982 11525 W Blockstore: 	at fgzo.run(:com.google.android.gms@253133022@25.31.33 (150400-795226510):5)
08-22 02:19:09.283  2982 11525 W Blockstore: 	at fgxk.run(:com.google.android.gms@253133022@25.31.33 (150400-795226510):53)
08-22 02:19:09.283  2982 11525 W Blockstore: 	at fgxb.execute(:com.google.android.gms@253133022@25.31.33 (150400-795226510):1)
08-22 02:19:09.283  2982 11525 W Blockstore: 	at fgxk.execute(:com.google.android.gms@253133022@25.31.33 (150400-795226510):76)
08-22 02:19:09.283  2982 11525 W Blockstore: 	at fgvc.f(:com.google.android.gms@253133022@25.31.33 (150400-795226510):1)
08-22 02:19:09.283  2982 11525 W Blockstore: 	at fgvc.hG(:com.google.android.gms@253133022@25.31.33 (150400-795226510):41)
08-22 02:19:09.283  2982 11525 W Blockstore: 	at fgxm.b(:com.google.android.gms@253133022@25.31.33 (150400-795226510):33)
08-22 02:19:09.283  2982 11525 W Blockstore: 	at eopf.i(:com.google.android.gms@253133022@25.31.33 (150400-795226510):18)
08-22 02:19:09.283  2982 11525 W Blockstore: 	at eopn.a(:com.google.android.gms@253133022@25.31.33 (150400-795226510):10)
08-22 02:19:09.283  2982 11525 W Blockstore: 	at eyyo.a(:com.google.android.gms@253133022@25.31.33 (150400-795226510):13)
08-22 02:19:09.283  2982 11525 W Blockstore: 	at fgvn.d(:com.google.android.gms@253133022@25.31.33 (150400-795226510):3)
08-22 02:19:09.283  2982 11525 W Blockstore: 	at fgvp.run(:com.google.android.gms@253133022@25.31.33 (150400-795226510):38)
08-22 02:19:09.283  2982 11525 W Blockstore: 	at fgxb.execute(:com.google.android.gms@253133022@25.31.33 (150400-795226510):1)
08-22 02:19:09.283  2982 11525 W Blockstore: 	at fgvc.f(:com.google.android.gms@253133022@25.31.33 (150400-795226510):1)
08-22 02:19:09.283  2982 11525 W Blockstore: 	at fgvc.hG(:com.google.android.gms@253133022@25.31.33 (150400-795226510):41)
08-22 02:19:09.283  2982 11525 W Blockstore: 	at fgvp.g(:com.google.android.gms@253133022@25.31.33 (150400-795226510):10)
08-22 02:19:09.283  2982 11525 W Blockstore: 	at eopl.a(:com.google.android.gms@253133022@25.31.33 (150400-795226510):20)
08-22 02:19:09.283  2982 11525 W Blockstore: 	at eyyn.a(:com.google.android.gms@253133022@25.31.33 (150400-795226510):13)
08-22 02:19:09.283  2982 11525 W Blockstore: 	at fgxi.a(:com.google.android.gms@253133022@25.31.33 (150400-795226510):20)
08-22 02:19:09.283  2982 11525 W Blockstore: 	at fgzm.a(:com.google.android.gms@253133022@25.31.33 (150400-795226510):3)
08-22 02:19:09.283  2982 11525 W Blockstore: 	at fgyn.run(:com.google.android.gms@253133022@25.31.33 (150400-795226510):19)
08-22 02:19:09.283  2982 11525 W Blockstore: 	at fgzo.run(:com.google.android.gms@253133022@25.31.33 (150400-795226510):5)
08-22 02:19:09.283  2982 11525 W Blockstore: 	at fgxk.run(:com.google.android.gms@253133022@25.31.33 (150400-795226510):53)
08-22 02:19:09.283  2982 11525 W Blockstore: 	at fgxb.execute(:com.google.android.gms@253133022@25.31.33 (150400-795226510):1)
08-22 02:19:09.283  2982 11525 W Blockstore: 	at fgxk.execute(:com.google.android.gms@253133022@25.31.33 (150400-795226510):76)
08-22 02:19:09.283  2982 11525 W Blockstore: 	at fgvc.f(:com.google.android.gms@253133022@25.31.33 (150400-795226510):1)
08-22 02:19:09.283  2982 11525 W Blockstore: 	at fgvc.hG(:com.google.android.gms@253133022@25.31.33 (150400-795226510):41)
08-22 02:19:09.283  2982 11525 W Blockstore: 	at fgxm.b(:com.google.android.gms@253133022@25.31.33 (150400-795226510):33)
08-22 02:19:09.283  2982 11525 W Blockstore: 	at eopt.c(:com.google.android.gms@253133022@25.31.33 (150400-795226510):52)
08-22 02:19:09.283  2982 11525 W Blockstore: 	at eopt.b(:com.google.android.gms@253133022@25.31.33 (150400-795226510):10)
08-22 02:19:09.283  2982 11525 W Blockstore: 	at com.google.android.gms.auth.blockstore.service.PackageIntentOperation.onHandleIntent(:com.google.android.gms@253133022@25.31.33 (150400-795226510):397)
08-22 02:19:09.283  2982 11525 W Blockstore: 	at com.google.android.chimera.IntentOperation.onHandleIntent(:com.google.android.gms@253133022@25.31.33 (150400-795226510):2)
08-22 02:19:09.283  2982 11525 W Blockstore: 	at atmd.onHandleIntent(:com.google.android.gms@253133022@25.31.33 (150400-795226510):8)
08-22 02:19:09.283  2982 11525 W Blockstore: 	at vfd.run(:com.google.android.gms@253133022@25.31.33 (150400-795226510):64)
08-22 02:19:09.283  2982 11525 W Blockstore: 	at vfc.run(:com.google.android.gms@253133022@25.31.33 (150400-795226510):132)
08-22 02:19:09.283  2982 11525 W Blockstore: 	at eyys.run(:com.google.android.gms@253133022@25.31.33 (150400-795226510):21)
08-22 02:19:09.283  2982 11525 W Blockstore: 	at java.util.concurrent.ThreadPoolExecutor.runWorker(ThreadPoolExecutor.java:1167)
08-22 02:19:09.283  2982 11525 W Blockstore: 	at java.util.concurrent.ThreadPoolExecutor$Worker.run(ThreadPoolExecutor.java:641)
08-22 02:19:09.283  2982 11525 W Blockstore: 	at java.lang.Thread.run(Thread.java:923)
08-22 02:19:09.283  2982 11525 I Blockstore: (REDACTED) [PackageIntentOperation] Deleted restore credential for package %s is successful: %s
08-22 02:19:09.284  8608  8661 I Finsky  : [2153] AIM: ItemModel fetch - unauth(0), auth([dY68xZFN03GXenyw2iKooqNW5vioGcn18oQN9p9CpnM]->1)
08-22 02:19:09.293  2982 11525 I Blockstore: (REDACTED) [DataStoreImpl] Clearing all the Blockstore Data for package %s
08-22 02:19:09.293  2982 11525 I Blockstore: (REDACTED) [DataStoreImpl] Clearing all the Blockstore Data for %s packages
08-22 02:19:09.293  2982 11525 I Blockstore: (REDACTED) [DataStoreImpl] Allow listed package: %s
08-22 02:19:09.293  2982 11525 I chatty  : uid=10114(com.google.android.gms) identical 3 lines
08-22 02:19:09.293  2982 11525 I Blockstore: (REDACTED) [DataStoreImpl] Allow listed package: %s
08-22 02:19:09.293  2982 11525 I Blockstore: (REDACTED) [DataStoreImpl] Removing Blockstore data for packages %s
08-22 02:19:09.299  1476  1678 I chatty  : uid=1000(system) WifiHandlerThre expire 11 lines
08-22 02:19:09.315 31552 11548 I EuiccGoogle: [1857] EuiccServiceImpl.onGetEuiccProfileInfoList: onGetEuiccProfileInfoList: slotId = -1
08-22 02:19:09.315  2982  9517 I Icing   : doRemovePackageData io.scoregenius.app
08-22 02:19:09.319  8608  8661 E Finsky  : [2153] [Counters] attempted to use a non-positive increment for: 4751
08-22 02:19:09.322  8608  8661 I Finsky  : [2153] AIM: AppInfoManager-Perf > getApps > data collection finished
08-22 02:19:09.322  8608  8661 I Finsky  : [2153] AIM: AppInfoManager-Perf > maybeDestroyAppInfoManager is called. actives = 0
08-22 02:19:09.337  2006  2006 D QcrilMsgTunnelIfaceManager: handleMessage what = 1
08-22 02:19:09.343  2006  2006 I QcrilOemhookMsgTunnel: [0]invokeOemRilRequestRaw: serial=1047 length=16
08-22 02:19:09.346  2006  2033 I QcrilOemhookMsgTunnel: [0]processOemHookResponse serial no: 1047 error: 0length=88
08-22 02:19:09.346  2006  2006 D QcrilMsgTunnelIfaceManager: handleMessage what = 2
08-22 02:19:09.347 31552 11548 I EuiccGoogle: [1857] UiccLogicalChannel.open: Locked on aid: A0000005591010FFFFFFFF8900000100
08-22 02:19:09.358  2982  6182 I Icing   : IndexChimeraService.getServiceInterface callingPackage=com.google.android.gms componentName=AppsCorpus serviceId=36
08-22 02:19:09.375  2982  2982 D BoundBrokerSvc: onBind: Intent { act=com.google.android.gms.feedback.internal.IFeedbackService dat=chimera-action: cmp=com.google.android.gms/.chimera.GmsBoundBrokerService }
08-22 02:19:09.375  2982  2982 D BoundBrokerSvc: Loading bound service for intent: Intent { act=com.google.android.gms.feedback.internal.IFeedbackService dat=chimera-action: cmp=com.google.android.gms/.chimera.GmsBoundBrokerService }
08-22 02:19:09.376  2219  2219 E PhoneInterfaceManager: [PhoneIntfMgr] iccOpenLogicalChannel: Exception: com.android.internal.telephony.CommandException: NO_SUCH_ELEMENT
08-22 02:19:09.377 31552 11548 E EuiccGoogle: [1857] UiccLogicalChannel.open: selectResponse is null. Unlocked for aid: A0000005591010FFFFFFFF8900000100
08-22 02:19:09.378 31552 11548 W EuiccGoogle: [1857] EuiccServiceImpl.onGetEuiccProfileInfoList: slotId=-1. No eUICC is active. Return null.
08-22 02:19:09.392  1476  1476 W Looper  : Slow delivery took 277ms main h=android.app.ActivityThread$H c=android.app.-$$Lambda$LoadedApk$ReceiverDispatcher$Args$_BumDX2UKsnxLVrE6UJsJZkotuA@ae3bde4 m=0
08-22 02:19:09.397  1476  1675 W NetworkPolicy: shared quota unsupported; generating rule for each iface
08-22 02:19:09.400  2982 11525 W SQLiteLog: (28) double-quoted string literal: "io.scoregenius.app"
08-22 02:19:09.407  1476  1549 W Looper  : Slow delivery took 205ms android.fg h=android.os.Handler c=<recycled PooledLambda@1b3ae05> m=0
08-22 02:19:09.415  2342  2342 D Launcher.Model: package removed received io.scoregenius.app
08-22 02:19:09.415  2342  2400 D PackageUpdatedTask: Removing app iconio.scoregenius.app
08-22 02:19:09.417  1476  1476 I ConditionProviders: Disallowing condition provider io.scoregenius.app
08-22 02:19:09.420  1476  1476 W Looper  : Drained
08-22 02:19:09.421  8608  8608 I Finsky  : [2] aeta - Received: android.intent.action.PACKAGE_FULLY_REMOVED, [r1rUDrpjJlHoMYlbJkWI2xGOnV4ejFL2WGpRnsjns-I]
08-22 02:19:09.426  8608  8608 I Finsky  : [2] aeta - Deduping intent android.intent.action.PACKAGE_FULLY_REMOVED
08-22 02:19:09.426  1072  4032 D AF::TrackHandle: OpPlayAudio: track:71 usage:13 not muted
08-22 02:19:09.427  1072  4032 D AF::TrackHandle: OpPlayAudio: track:71 usage:13 not muted
08-22 02:19:09.427  2342  2400 D ModelWriter: removing items from db 
08-22 02:19:09.427  2342  2400 D ModelWriter: java.lang.Exception
08-22 02:19:09.427  2342  2400 D ModelWriter: 	at com.android.launcher3.model.ModelWriter.deleteItemsFromDatabase(SourceFile:4)
08-22 02:19:09.427  2342  2400 D ModelWriter: 	at com.android.launcher3.model.BaseModelUpdateTask.deleteAndBindComponentsRemoved(SourceFile:2)
08-22 02:19:09.427  2342  2400 D ModelWriter: 	at com.android.launcher3.model.PackageUpdatedTask.execute(SourceFile:158)
08-22 02:19:09.427  2342  2400 D ModelWriter: 	at com.android.launcher3.model.BaseModelUpdateTask.run(SourceFile:2)
08-22 02:19:09.427  2342  2400 D ModelWriter: 	at android.os.Handler.handleCallback(Handler.java:938)
08-22 02:19:09.427  2342  2400 D ModelWriter: 	at android.os.Handler.dispatchMessage(Handler.java:99)
08-22 02:19:09.427  2342  2400 D ModelWriter: 	at android.os.Looper.loop(Looper.java:223)
08-22 02:19:09.427  2342  2400 D ModelWriter: 	at android.os.HandlerThread.run(HandlerThread.java:67)
08-22 02:19:09.427  1072  4032 D AF::TrackHandle: OpPlayAudio: track:71 usage:13 not muted
08-22 02:19:09.428  1072  4032 I chatty  : uid=1041(audioserver) Binder:1072_6 identical 4 lines
08-22 02:19:09.428  1072  4032 D AF::TrackHandle: OpPlayAudio: track:71 usage:13 not muted
08-22 02:19:09.428  8608  8634 I Finsky  : [2128] RECEIVER_PACKAGE_MONITOR#logWorkEndAndFinishGoAsync: SUCCESS
08-22 02:19:09.428  1072  4032 D AF::TrackHandle: OpPlayAudio: track:71 usage:13 not muted
08-22 02:19:09.429  1072  4032 D AF::TrackHandle: OpPlayAudio: track:71 usage:13 not muted
08-22 02:19:09.429  1072  1240 D AF::TrackHandle: OpPlayAudio: track:59 usage:13 not muted
08-22 02:19:09.429  1072  3611 D AF::TrackHandle: OpPlayAudio: track:57 usage:13 not muted
08-22 02:19:09.429  1072  4032 D AF::TrackHandle: OpPlayAudio: track:71 usage:13 not muted
08-22 02:19:09.430  1072  4032 D AF::TrackHandle: OpPlayAudio: track:71 usage:13 not muted
08-22 02:19:09.431  1072  1698 D AF::TrackHandle: OpPlayAudio: track:56 usage:13 not muted
08-22 02:19:09.431  1072  8166 D AF::TrackHandle: OpPlayAudio: track:71 usage:13 not muted
08-22 02:19:09.433  1072  8166 D AF::TrackHandle: OpPlayAudio: track:71 usage:13 not muted
08-22 02:19:09.433  1072  3611 D AF::TrackHandle: OpPlayAudio: track:57 usage:13 not muted
08-22 02:19:09.433  1072  8166 D AF::TrackHandle: OpPlayAudio: track:71 usage:13 not muted
08-22 02:19:09.434  1072  1240 D AF::TrackHandle: OpPlayAudio: track:59 usage:13 not muted
08-22 02:19:09.434  6932  6932 I Finsky:background: [2] aesq - Received: android.intent.action.PACKAGE_FULLY_REMOVED, [r1rUDrpjJlHoMYlbJkWI2xGOnV4ejFL2WGpRnsjns-I]
08-22 02:19:09.435  1072  8166 D AF::TrackHandle: OpPlayAudio: track:71 usage:13 not muted
08-22 02:19:09.435  1072  9281 D AF::TrackHandle: OpPlayAudio: track:58 usage:13 not muted
08-22 02:19:09.436  1072  1698 D AF::TrackHandle: OpPlayAudio: track:56 usage:13 not muted
08-22 02:19:09.437  1072  3611 D AF::TrackHandle: OpPlayAudio: track:57 usage:13 not muted
08-22 02:19:09.439  1072  1240 D AF::TrackHandle: OpPlayAudio: track:59 usage:13 not muted
08-22 02:19:09.442  1072  1698 D AF::TrackHandle: OpPlayAudio: track:56 usage:13 not muted
08-22 02:19:09.442  6932  6932 I Finsky:background: [2] Package no longer installed: io.scoregenius.app
08-22 02:19:09.443  6932 11485 I Finsky:background: [2157] Frosting DB delete succeeded: false
08-22 02:19:09.444  6932  6932 I Finsky:background: [2] aesq - Deduping intent android.intent.action.PACKAGE_FULLY_REMOVED
08-22 02:19:09.446  6932  7027 I Finsky:background: [2120] RECEIVER_PACKAGE_MONITOR_BACKGROUND#logWorkEndAndFinishGoAsync: SUCCESS
08-22 02:19:09.446  1072  3611 D AF::TrackHandle: OpPlayAudio: track:57 usage:13 not muted
08-22 02:19:09.447  1072  9281 D AF::TrackHandle: OpPlayAudio: track:58 usage:13 not muted
08-22 02:19:09.449  1072  1698 D AF::TrackHandle: OpPlayAudio: track:56 usage:13 not muted
08-22 02:19:09.450  1072  1240 D AF::TrackHandle: OpPlayAudio: track:59 usage:13 not muted
08-22 02:19:09.451  2982  6182 I Icing   : IndexChimeraService.getServiceInterface callingPackage=com.google.android.gms componentName=null serviceId=30
08-22 02:19:09.457  1072  9281 D AF::TrackHandle: OpPlayAudio: track:58 usage:13 not muted
08-22 02:19:09.458  1072  3611 D AF::TrackHandle: OpPlayAudio: track:57 usage:13 not muted
08-22 02:19:09.461  1072  1240 D AF::TrackHandle: OpPlayAudio: track:59 usage:13 not muted
08-22 02:19:09.461  1072  9281 D AF::TrackHandle: OpPlayAudio: track:58 usage:13 not muted
08-22 02:19:09.462  1072  1698 D AF::TrackHandle: OpPlayAudio: track:56 usage:13 not muted
08-22 02:19:09.463  6932  7008 I Finsky:background: [2111] RECEIVER_ENGAGE_PACKAGE_CHANGED#logWorkEndAndFinishGoAsync: SUCCESS
08-22 02:19:09.466  1072  3611 D AF::TrackHandle: OpPlayAudio: track:57 usage:13 not muted
08-22 02:19:09.468  1072  1240 D AF::TrackHandle: OpPlayAudio: track:59 usage:13 not muted
08-22 02:19:09.468  1072  9281 D AF::TrackHandle: OpPlayAudio: track:58 usage:13 not muted
08-22 02:19:09.471  1072  1240 D AF::TrackHandle: OpPlayAudio: track:59 usage:13 not muted
08-22 02:19:09.471  1072  3611 D AF::TrackHandle: OpPlayAudio: track:57 usage:13 not muted
08-22 02:19:09.472  2982  9517 I Icing   : Usage reports ok 1, Failed Usage reports 0, indexed 0, rejected 0
08-22 02:19:09.473  1072  1698 D AF::TrackHandle: OpPlayAudio: track:56 usage:13 not muted
08-22 02:19:09.473  1072  9281 D AF::TrackHandle: OpPlayAudio: track:58 usage:13 not muted
08-22 02:19:09.474  1072  1240 D AF::TrackHandle: OpPlayAudio: track:59 usage:13 not muted
08-22 02:19:09.475  1072  1698 D AF::TrackHandle: OpPlayAudio: track:56 usage:13 not muted
08-22 02:19:09.476  1072  3611 D AF::TrackHandle: OpPlayAudio: track:57 usage:13 not muted
08-22 02:19:09.478  1072  1240 D AF::TrackHandle: OpPlayAudio: track:59 usage:13 not muted
08-22 02:19:09.478  1072  3611 D AF::TrackHandle: OpPlayAudio: track:57 usage:13 not muted
08-22 02:19:09.479  1072  9281 D AF::TrackHandle: OpPlayAudio: track:58 usage:13 not muted
08-22 02:19:09.479  1072  1698 D AF::TrackHandle: OpPlayAudio: track:56 usage:13 not muted
08-22 02:19:09.486  1072  1240 D AF::TrackHandle: OpPlayAudio: track:59 usage:13 not muted
08-22 02:19:09.486  1072  3611 D AF::TrackHandle: OpPlayAudio: track:57 usage:13 not muted
08-22 02:19:09.486  1072  1698 D AF::TrackHandle: OpPlayAudio: track:56 usage:13 not muted
08-22 02:19:09.487  1072  9281 D AF::TrackHandle: OpPlayAudio: track:58 usage:13 not muted
08-22 02:19:09.489  1072  1240 D AF::TrackHandle: OpPlayAudio: track:59 usage:13 not muted
08-22 02:19:09.492  1072  1240 D AF::TrackHandle: OpPlayAudio: track:59 usage:13 not muted
08-22 02:19:09.493  1072  3611 D AF::TrackHandle: OpPlayAudio: track:57 usage:13 not muted
08-22 02:19:09.494  1072  3611 D AF::TrackHandle: OpPlayAudio: track:57 usage:13 not muted
08-22 02:19:09.495  1072  1698 D AF::TrackHandle: OpPlayAudio: track:56 usage:13 not muted
08-22 02:19:09.495  1072  9281 D AF::TrackHandle: OpPlayAudio: track:58 usage:13 not muted
08-22 02:19:09.496  1476  1485 I chatty  : uid=1000(system) HeapTaskDaemon expire 2 lines
08-22 02:19:09.496  1072  1240 D AF::TrackHandle: OpPlayAudio: track:59 usage:13 not muted
08-22 02:19:09.497  1072  9281 D AF::TrackHandle: OpPlayAudio: track:58 usage:13 not muted
08-22 02:19:09.498  1072  1240 D AF::TrackHandle: OpPlayAudio: track:59 usage:13 not muted
08-22 02:19:09.499  1072  9281 D AF::TrackHandle: OpPlayAudio: track:58 usage:13 not muted
08-22 02:19:09.499  1072  3611 D AF::TrackHandle: OpPlayAudio: track:57 usage:13 not muted
08-22 02:19:09.501  1072  1698 D AF::TrackHandle: OpPlayAudio: track:56 usage:13 not muted
08-22 02:19:09.502  1072  1240 D AF::TrackHandle: OpPlayAudio: track:59 usage:13 not muted
08-22 02:19:09.503  1072  1698 D AF::TrackHandle: OpPlayAudio: track:56 usage:13 not muted
08-22 02:19:09.503  1072  3611 D AF::TrackHandle: OpPlayAudio: track:57 usage:13 not muted
08-22 02:19:09.505  1072  9281 D AF::TrackHandle: OpPlayAudio: track:58 usage:13 not muted
08-22 02:19:09.506  1072  1698 D AF::TrackHandle: OpPlayAudio: track:56 usage:13 not muted
08-22 02:19:09.508  1072  3611 D AF::TrackHandle: OpPlayAudio: track:57 usage:13 not muted
08-22 02:19:09.508  1072  1698 D AF::TrackHandle: OpPlayAudio: track:56 usage:13 not muted
08-22 02:19:09.508  1072  1240 D AF::TrackHandle: OpPlayAudio: track:59 usage:13 not muted
08-22 02:19:09.510  1072  3611 D AF::TrackHandle: OpPlayAudio: track:57 usage:13 not muted
08-22 02:19:09.512  1072  9281 D AF::TrackHandle: OpPlayAudio: track:58 usage:13 not muted
08-22 02:19:09.512  1072  1698 D AF::TrackHandle: OpPlayAudio: track:56 usage:13 not muted
08-22 02:19:09.514  1072  9281 D AF::TrackHandle: OpPlayAudio: track:58 usage:13 not muted
08-22 02:19:09.515  1072  1698 D AF::TrackHandle: OpPlayAudio: track:56 usage:13 not muted
08-22 02:19:09.515  1072  9281 D AF::TrackHandle: OpPlayAudio: track:58 usage:13 not muted
08-22 02:19:09.516  1072  9281 D AF::TrackHandle: OpPlayAudio: track:58 usage:13 not muted
08-22 02:19:09.537  2982  9517 I Icing   : Usage reports ok 0, Failed Usage reports 0, indexed 0, rejected 0
08-22 02:19:09.541  2982  9517 I Icing   : Indexing com.google.android.gms-apps from com.google.android.gms
08-22 02:19:09.550  2982  9517 I Icing   : Indexing done com.google.android.gms-apps
08-22 02:19:09.567  1476  1501 W NotificationService: Toast already killed. pkg=io.scoregenius.app token=android.os.BinderProxy@bf9d047
08-22 02:19:09.568  1873  1873 W ToastPresenter: Error calling back io.scoregenius.app to notify onToastHide()
08-22 02:19:09.568  1873  1873 W ToastPresenter: android.os.DeadObjectException
08-22 02:19:09.568  1873  1873 W ToastPresenter: 	at android.os.BinderProxy.transactNative(Native Method)
08-22 02:19:09.568  1873  1873 W ToastPresenter: 	at android.os.BinderProxy.transact(BinderProxy.java:540)
08-22 02:19:09.568  1873  1873 W ToastPresenter: 	at android.app.ITransientNotificationCallback$Stub$Proxy.onToastHidden(ITransientNotificationCallback.java:141)
08-22 02:19:09.568  1873  1873 W ToastPresenter: 	at android.widget.ToastPresenter.hide(ToastPresenter.java:248)
08-22 02:19:09.568  1873  1873 W ToastPresenter: 	at com.android.systemui.toast.ToastUI.hideCurrentToast(ToastUI.java:112)
08-22 02:19:09.568  1873  1873 W ToastPresenter: 	at com.android.systemui.toast.ToastUI.hideToast(ToastUI.java:107)
08-22 02:19:09.568  1873  1873 W ToastPresenter: 	at com.android.systemui.statusbar.CommandQueue$H.handleMessage(CommandQueue.java:1295)
08-22 02:19:09.568  1873  1873 W ToastPresenter: 	at android.os.Handler.dispatchMessage(Handler.java:106)
08-22 02:19:09.568  1873  1873 W ToastPresenter: 	at android.os.Looper.loop(Looper.java:223)
08-22 02:19:09.568  1873  1873 W ToastPresenter: 	at android.app.ActivityThread.main(ActivityThread.java:7656)
08-22 02:19:09.568  1873  1873 W ToastPresenter: 	at java.lang.reflect.Method.invoke(Native Method)
08-22 02:19:09.568  1873  1873 W ToastPresenter: 	at com.android.internal.os.RuntimeInit$MethodAndArgsCaller.run(RuntimeInit.java:592)
08-22 02:19:09.568  1873  1873 W ToastPresenter: 	at com.android.internal.os.ZygoteInit.main(ZygoteInit.java:947)
08-22 02:19:09.603  1476  1549 W Looper  : Drained
08-22 02:19:09.910 10235 11551 I chatty  : uid=2000(shell) /apex/com.android.adbd/bin/adbd expire 3 lines
08-22 02:19:10.116  2982  2982 D BoundBrokerSvc: onBind: Intent { act=com.google.android.gms.common.BIND_SHARED_PREFS pkg=com.google.android.gms }
08-22 02:19:10.116  2982  2982 D BoundBrokerSvc: Loading bound service for intent: Intent { act=com.google.android.gms.common.BIND_SHARED_PREFS pkg=com.google.android.gms }
08-22 02:19:10.145  1476  1629 D CompatibilityChangeReporter: Compat change id reported: 135634846; UID 10225; state: DISABLED
08-22 02:19:10.145  1476  1559 D CompatibilityChangeReporter: Compat change id reported: 143937733; UID 10225; state: ENABLED
08-22 02:19:10.150  3483 11102 I MediaProvider: Begin Intent { act=android.intent.action.PACKAGE_FULLY_REMOVED dat=package:io.scoregenius.app flg=0x5000010 cmp=com.google.android.providers.media.module/com.android.providers.media.MediaService (has extras) }
08-22 02:19:10.153   942   942 D Zygote  : Forked child process 11554
08-22 02:19:10.154  3483 11102 D MediaProvider: Deleted 0 Android/media items belonging to io.scoregenius.app on /data/user/0/com.google.android.providers.media.module/databases/external.db
08-22 02:19:10.154  1476  1559 I ActivityManager: Start proc 11554:com.ztnstudio.notepad/u0a225 for broadcast {com.ztnstudio.notepad/com.calldorado.receivers.ActionReceiver}
08-22 02:19:10.158  3483 11102 I MediaProvider: End Intent { act=android.intent.action.PACKAGE_FULLY_REMOVED dat=package:io.scoregenius.app flg=0x5000010 cmp=com.google.android.providers.media.module/com.android.providers.media.MediaService (has extras) }
08-22 02:19:10.164 11554 11554 I chatty  : uid=10225(com.ztnstudio.notepad) expire 17 lines
08-22 02:19:10.399 11554 11576 I chatty  : uid=10225(com.ztnstudio.notepad) expire 1 line
08-22 02:19:10.460 11554 11582 I chatty  : uid=10225(com.ztnstudio.notepad) expire 7 lines
08-22 02:19:10.512 11554 11582 W nstudio.notepa: NOTE: This wastes RAM and hurts startup performance.
08-22 02:19:10.512 11554 11582 W nstudio.notepa: Found duplicated class when checking oat files: 'Landroid/app/AppComponentFactory;' in /data/app/~~PBQ1BZdfTuSkjc22DdHzaw==/com.google.android.gms-Um79Fyf09Uj2ZyrW9ZJWkQ==/split_MeasurementDynamite_installtime.apk and /data/app/~~yE0LMASXHNXTkx99ByLzVQ==/com.ztnstudio.notepad-YYn8EOhedMwwZGk5F9mI1g==/base.apk
08-22 02:19:10.553 11554 11589 D LifecycleServiceBinder: Binding service to application.
08-22 02:19:10.564 11554 11554 I FirebaseInitProvider: FirebaseApp initialization successful
08-22 02:19:10.597 11554 11590 I FirebaseCrashlytics: Saved version control info
08-22 02:19:10.632 11554 11554 D WM-WrkMgrInitializer: Initializing WorkManager with default configuration.
08-22 02:19:10.636 11554 11554 I TetheringManager: registerTetheringEventCallback:com.ztnstudio.notepad
08-22 02:19:10.639 11554 11554 D WM-PackageManagerHelper: Skipping component enablement for androidx.work.impl.background.systemjob.SystemJobService
08-22 02:19:10.639 11554 11554 D WM-Schedulers: Created SystemJobScheduler and enabled SystemJobService
08-22 02:19:10.643 11554 11607 D WM-ForceStopRunnable: The default process name was not specified.
08-22 02:19:10.644 11554 11607 D WM-ForceStopRunnable: Performing cleanup operations.
08-22 02:19:10.689 11554 11554 W com.facebook.UserSettingsManager: You haven't set a value for AdvertiserIDCollectionEnabled. Set the flag to TRUE if you want to collect Advertiser ID for better advertising and analytics results. To request user consent before collecting data, set the flag value to FALSE, then change to TRUE once user consent is received. Learn more: https://developers.facebook.com/docs/app-events/getting-started-app-events-android#disable-auto-events.
08-22 02:19:10.692 11554 11607 D WM-SystemJobScheduler: Reconciling jobs
08-22 02:19:10.713 11554 11607 D WM-ForceStopRunnable: Found unfinished work, scheduling it.
08-22 02:19:10.730 11554 11607 D WM-SystemJobScheduler: Scheduling work ID 29609ee5-35c5-4bd4-8635-c542e4665a48Job ID 599478
08-22 02:19:10.744 11554 11607 D WM-SystemJobScheduler: Scheduling work ID 106b54fe-2460-4874-86ea-200aa4aea53dJob ID 599479
08-22 02:19:10.757 11554 11607 D WM-SystemJobScheduler: Scheduling work ID 38e1ed2b-66a3-4ced-8f61-bfca7a99a171Job ID 599477
08-22 02:19:10.766 11554 11620 W com.facebook.internal.NativeProtocol: Apps that target Android API 30+ (Android 11+) cannot call Facebook native apps unless the package visibility needs are declared. Please follow https://developers.facebook.com/docs/android/troubleshooting/#faq_267321845055988 to make the declaration.
08-22 02:19:10.767 11554 11607 D WM-SystemJobScheduler: Scheduling work ID d1a8ad7f-53a3-4bc7-b5e0-cffb15af06b6Job ID 599366
08-22 02:19:10.776 11554 11607 D WM-SystemJobScheduler: Scheduling work ID e437accb-4895-455b-a034-6e5295d6aae0Job ID 599480
08-22 02:19:10.784 11554 11607 D WM-SystemJobScheduler: Scheduling work ID 3c40d4e1-ed18-4570-9427-66fffcd167acJob ID 599484
08-22 02:19:10.786 11554 11554 I System.out: CuebiqSDK -> Starting CuebiqSDK...
08-22 02:19:10.792 11554 11607 D WM-SystemJobScheduler: Scheduling work ID 04388fd2-ea5f-4e03-9981-e953ec92462dJob ID 599492
08-22 02:19:10.804 11554 11607 D WM-SystemJobScheduler: Scheduling work ID 2a098f36-5da3-4ea4-b8ad-2e9c1e3a4284Job ID 599493
08-22 02:19:10.815 11554 11607 D WM-SystemJobScheduler: Scheduling work ID 3f02b9a6-051f-4ca6-9de2-fc7efa84fb37Job ID 599498
08-22 02:19:10.816 11554 11607 D WM-GreedyScheduler: Starting work for 3f02b9a6-051f-4ca6-9de2-fc7efa84fb37
08-22 02:19:10.819 11554 11608 D FBAudienceNetwork: SDK dex loading time: 171
08-22 02:19:10.859 11554 11649 D WM-Processor: Processor: processing WorkGenerationalId(workSpecId=3f02b9a6-051f-4ca6-9de2-fc7efa84fb37, generation=0)
08-22 02:19:10.899 11554 11645 D WM-PackageManagerHelper: Skipping component enablement for androidx.work.impl.background.systemalarm.RescheduleReceiver
08-22 02:19:10.954 10235 11662 I chatty  : uid=2000(shell) /apex/com.android.adbd/bin/adbd expire 3 lines
08-22 02:19:11.110 11554 11554 D CuebiqInitClass: initCuebiq: consent flow = 0
08-22 02:19:11.110 11554 11554 D CuebiqInitClass: initCuebiq: consent accepted = false
08-22 02:19:11.110 11554 11554 D CuebiqInitClass: initCuebiq: consent text  = Enable location-based reminders for your notes by allowing the app access to your data and location data in the background. The data is shared with our ###partners### to support more relevant ads, app improvements, attribution, analytics, and research. You can withdraw your consent at any time in settings.
08-22 02:19:11.110 11554 11554 D CellRebelSDK: Initialization context: true, clientKey: true
08-22 02:19:11.112 11554 11554 D CellRebelSDK: Initialization context: true, clientKey: true
08-22 02:19:11.338 11554 11669 D CellRebelSDK: Initialized, mobileClientId: a22e396f-7915-4395-8eeb-467b62420da9
08-22 02:19:11.342 11554 11668 D CellRebelSDK: Initialized, mobileClientId: a22e396f-7915-4395-8eeb-467b62420da9
08-22 02:19:11.393 11554 11649 D WM-SystemJobScheduler: Scheduling work ID 337df66c-ce4b-4e44-a230-5c652cb6baa0Job ID 599499
08-22 02:19:11.395 11554 11649 D WM-GreedyScheduler: Starting work for 337df66c-ce4b-4e44-a230-5c652cb6baa0
08-22 02:19:11.493   960 21450 D audio_hw_primary: disable_audio_route: usecase(1) reset and update mixer path: low-latency-playback speaker
08-22 02:19:11.495   960 21450 D audio_hw_primary: disable_snd_device: snd_device(2: speaker)
08-22 02:19:11.495 11554 11649 D WM-Processor: Processor: processing WorkGenerationalId(workSpecId=337df66c-ce4b-4e44-a230-5c652cb6baa0, generation=0)
08-22 02:19:11.769 11554 11607 D WM-GreedyScheduler: Cancelling work ID 38e1ed2b-66a3-4ced-8f61-bfca7a99a171
08-22 02:19:11.783 11554 11607 D WM-SystemJobScheduler: Scheduling work ID 38e1ed2b-66a3-4ced-8f61-bfca7a99a171Job ID 599500
08-22 02:19:11.802 11554 11645 D WM-GreedyScheduler: Cancelling work ID 29609ee5-35c5-4bd4-8635-c542e4665a48
08-22 02:19:11.808 11554 11645 D WM-SystemJobScheduler: Scheduling work ID 29609ee5-35c5-4bd4-8635-c542e4665a48Job ID 599501
08-22 02:19:11.851 11554 11642 I System.out: CuebiqSDK -> CuebiqSDK v7.0.14 initialized successfully!
08-22 02:19:11.980 10235 11692 I chatty  : uid=2000(shell) /apex/com.android.adbd/bin/adbd expire 3 lines
08-22 02:19:12.015 11554 11646 D WM-GreedyScheduler: Cancelling work ID 106b54fe-2460-4874-86ea-200aa4aea53d
08-22 02:19:12.019 11554 11646 D WM-SystemJobScheduler: Scheduling work ID 106b54fe-2460-4874-86ea-200aa4aea53dJob ID 599502
08-22 02:19:12.056 11554 11554 D WorkerScheduler: Delay until notification worker is run 761
08-22 02:19:12.059 11554 11649 D WM-Processor: Processor cancelling e437accb-4895-455b-a034-6e5295d6aae0
08-22 02:19:12.059 11554 11649 D WM-Processor: WorkerWrapper could not be found for e437accb-4895-455b-a034-6e5295d6aae0
08-22 02:19:12.076 11554 11649 D WM-GreedyScheduler: Cancelling work ID e437accb-4895-455b-a034-6e5295d6aae0
08-22 02:19:12.081 11554 11554 W System.err: com.google.gson.JsonSyntaxException: java.lang.IllegalStateException: Expected BEGIN_OBJECT but was STRING at line 1 column 1 path $
08-22 02:19:12.081 11554 11554 W System.err: See https://github.com/google/gson/blob/main/Troubleshooting.md#unexpected-json-structure
08-22 02:19:12.082 11554 11554 W System.err: 	at com.google.gson.internal.bind.ReflectiveTypeAdapterFactory$Adapter.read(SourceFile:70)
08-22 02:19:12.082 11554 11554 W System.err: 	at com.google.gson.Gson.fromJson(SourceFile:20)
08-22 02:19:12.082 11554 11554 W System.err: 	at com.google.gson.Gson.fromJson(SourceFile:10)
08-22 02:19:12.082 11554 11554 W System.err: 	at com.google.gson.Gson.fromJson(SourceFile:5)
08-22 02:19:12.082 11554 11554 W System.err: 	at com.google.gson.Gson.fromJson(SourceFile:1)
08-22 02:19:12.082 11554 11554 W System.err: 	at com.ztnstudio.notepad.buy_ad_free.billing.BillingClientWrapper.r(SourceFile:31)
08-22 02:19:12.082 11554 11554 W System.err: 	at com.ztnstudio.notepad.buy_ad_free.billing.BillingClientWrapper.<init>(SourceFile:13)
08-22 02:19:12.082 11554 11554 W System.err: 	at com.ztnstudio.notepad.ZtnApplication.onCreate(SourceFile:149)
08-22 02:19:12.082 11554 11554 W System.err: 	at android.app.Instrumentation.callApplicationOnCreate(Instrumentation.java:1192)
08-22 02:19:12.082 11554 11554 W System.err: 	at android.app.ActivityThread.handleBindApplication(ActivityThread.java:6712)
08-22 02:19:12.082 11554 11554 W System.err: 	at android.app.ActivityThread.access$1300(ActivityThread.java:237)
08-22 02:19:12.082 11554 11554 W System.err: 	at android.app.ActivityThread$H.handleMessage(ActivityThread.java:1913)
08-22 02:19:12.082 11554 11554 W System.err: 	at android.os.Handler.dispatchMessage(Handler.java:106)
08-22 02:19:12.082 11554 11554 W System.err: 	at android.os.Looper.loop(Looper.java:223)
08-22 02:19:12.083 11554 11554 W System.err: 	at android.app.ActivityThread.main(ActivityThread.java:7656)
08-22 02:19:12.083 11554 11554 W System.err: 	at java.lang.reflect.Method.invoke(Native Method)
08-22 02:19:12.083 11554 11554 W System.err: 	at com.android.internal.os.RuntimeInit$MethodAndArgsCaller.run(RuntimeInit.java:592)
08-22 02:19:12.083 11554 11554 W System.err: 	at com.android.internal.os.ZygoteInit.main(ZygoteInit.java:947)
08-22 02:19:12.083 11554 11554 W System.err: Caused by: java.lang.IllegalStateException: Expected BEGIN_OBJECT but was STRING at line 1 column 1 path $
08-22 02:19:12.083 11554 11554 W System.err: See https://github.com/google/gson/blob/main/Troubleshooting.md#unexpected-json-structure
08-22 02:19:12.083 11554 11554 W System.err: 	at com.google.gson.stream.JsonReader.unexpectedTokenError(SourceFile:64)
08-22 02:19:12.083 11554 11554 W System.err: 	at com.google.gson.stream.JsonReader.beginObject(SourceFile:22)
08-22 02:19:12.083 11554 11554 W System.err: 	at com.google.gson.internal.bind.ReflectiveTypeAdapterFactory$Adapter.read(SourceFile:22)
08-22 02:19:12.083 11554 11554 W System.err: 	... 17 more
08-22 02:19:12.084 11554 11554 W System.err: com.google.gson.JsonSyntaxException: java.lang.IllegalStateException: Expected BEGIN_OBJECT but was STRING at line 1 column 1 path $
08-22 02:19:12.084 11554 11554 W System.err: See https://github.com/google/gson/blob/main/Troubleshooting.md#unexpected-json-structure
08-22 02:19:12.084 11554 11554 W System.err: 	at com.google.gson.internal.bind.ReflectiveTypeAdapterFactory$Adapter.read(SourceFile:70)
08-22 02:19:12.084 11554 11554 W System.err: 	at com.google.gson.Gson.fromJson(SourceFile:20)
08-22 02:19:12.084 11554 11554 W System.err: 	at com.google.gson.Gson.fromJson(SourceFile:10)
08-22 02:19:12.084 11554 11554 W System.err: 	at com.google.gson.Gson.fromJson(SourceFile:5)
08-22 02:19:12.084 11554 11554 W System.err: 	at com.google.gson.Gson.fromJson(SourceFile:1)
08-22 02:19:12.084 11554 11554 W System.err: 	at com.ztnstudio.notepad.buy_ad_free.billing.BillingClientWrapper.r(SourceFile:31)
08-22 02:19:12.084 11554 11554 W System.err: 	at com.ztnstudio.notepad.buy_ad_free.billing.BillingClientWrapper.z(SourceFile:1)
08-22 02:19:12.084 11554 11554 W System.err: 	at com.ztnstudio.notepad.buy_ad_free.billing.BillingClientWrapper.<init>(SourceFile:23)
08-22 02:19:12.084 11554 11554 W System.err: 	at com.ztnstudio.notepad.ZtnApplication.onCreate(SourceFile:149)
08-22 02:19:12.084 11554 11554 W System.err: 	at android.app.Instrumentation.callApplicationOnCreate(Instrumentation.java:1192)
08-22 02:19:12.084 11554 11554 W System.err: 	at android.app.ActivityThread.handleBindApplication(ActivityThread.java:6712)
08-22 02:19:12.084 11554 11554 W System.err: 	at android.app.ActivityThread.access$1300(ActivityThread.java:237)
08-22 02:19:12.084 11554 11554 W System.err: 	at android.app.ActivityThread$H.handleMessage(ActivityThread.java:1913)
08-22 02:19:12.084 11554 11554 W System.err: 	at android.os.Handler.dispatchMessage(Handler.java:106)
08-22 02:19:12.084 11554 11554 W System.err: 	at android.os.Looper.loop(Looper.java:223)
08-22 02:19:12.084 11554 11554 W System.err: 	at android.app.ActivityThread.main(ActivityThread.java:7656)
08-22 02:19:12.084 11554 11554 W System.err: 	at java.lang.reflect.Method.invoke(Native Method)
08-22 02:19:12.084 11554 11554 W System.err: 	at com.android.internal.os.RuntimeInit$MethodAndArgsCaller.run(RuntimeInit.java:592)
08-22 02:19:12.084 11554 11554 W System.err: 	at com.android.internal.os.ZygoteInit.main(ZygoteInit.java:947)
08-22 02:19:12.085 11554 11554 W System.err: Caused by: java.lang.IllegalStateException: Expected BEGIN_OBJECT but was STRING at line 1 column 1 path $
08-22 02:19:12.085 11554 11554 W System.err: See https://github.com/google/gson/blob/main/Troubleshooting.md#unexpected-json-structure
08-22 02:19:12.085 11554 11554 W System.err: 	at com.google.gson.stream.JsonReader.unexpectedTokenError(SourceFile:64)
08-22 02:19:12.085 11554 11554 W System.err: 	at com.google.gson.stream.JsonReader.beginObject(SourceFile:22)
08-22 02:19:12.085 11554 11554 W System.err: 	at com.google.gson.internal.bind.ReflectiveTypeAdapterFactory$Adapter.read(SourceFile:22)
08-22 02:19:12.085 11554 11554 W System.err: 	... 18 more
08-22 02:19:12.099 11554 11649 D WM-SystemJobScheduler: Scheduling work ID 6e1aab47-f974-4ce8-a06f-77647459f04cJob ID 599503
08-22 02:19:12.153  2982  2982 D BoundBrokerSvc: onBind: Intent { act=com.google.android.gms.appset.service.START dat=chimera-action: cmp=com.google.android.gms/.chimera.GmsApiService }
08-22 02:19:12.153  2982  2982 D BoundBrokerSvc: Loading bound service for intent: Intent { act=com.google.android.gms.appset.service.START dat=chimera-action: cmp=com.google.android.gms/.chimera.GmsApiService }
08-22 02:19:12.175 11554 11554 D SessionLifecycleService: Service bound to new client on process 11554
08-22 02:19:12.177 11554 11695 D SessionLifecycleService: App has not yet foregrounded. Using previously stored session: null
08-22 02:19:12.177 11554 11695 D SessionLifecycleService: Client android.os.Messenger@70145d8 bound at 12253146. Clients: 1
08-22 02:19:12.177 11554 11554 I Choreographer: Skipped 91 frames!  The application may be doing too much work on its main thread.
08-22 02:19:12.189 11554 11554 D WM-WorkerWrapper: Starting work for com.umlaut.crowd.service.InsightWorker
08-22 02:19:12.203 11554 11554 I insight Core SDK: Initializing...
08-22 02:19:12.233  1476 10664 W BroadcastQueue: Background execution not allowed: receiving Intent { act=android.intent.action.DROPBOX_ENTRY_ADDED flg=0x10 (has extras) } to com.google.android.gms/.stats.service.DropBoxEntryAddedReceiver
08-22 02:19:12.930 11554 11617 W nstudio.notepa: Verification of void m7.axb.B(int, java.util.List, m7.ava, boolean) took 715.485ms (219.43 bytecodes/s) (3784B approximate peak alloc)
08-22 02:19:12.970  2570  7699 I PhenotypeResourceReader: unable to find any Phenotype resource metadata for com.ztnstudio.notepad
08-22 02:19:12.999 11554 11702 D kb      : request time failed: java.net.UnknownHostException
08-22 02:19:13.000 11554 11702 V ge      : Syncing TimeServer failed
08-22 02:19:13.022 10235 11716 I chatty  : uid=2000(shell) /apex/com.android.adbd/bin/adbd expire 3 lines
08-22 02:19:13.091 11554 11719 D CompatibilityChangeReporter: Compat change id reported: 148963590; UID 10225; state: ENABLED
08-22 02:19:13.096 11554 11554 I insight Core SDK: Internals initialized
08-22 02:19:13.105  2219  7783 W TelephonyPermissions: reportAccessDeniedToReadIdentifiers:com.ztnstudio.notepad:getSubscriptionInfoList:-1
08-22 02:19:13.113 11554 11554 I insight Core SDK: Internals started
08-22 02:19:13.117  1476  1683 D ConnectivityService: NetReassign [no changes]
08-22 02:19:13.117  2219  7783 W TelephonyPermissions: reportAccessDeniedToReadIdentifiers:com.ztnstudio.notepad:getSubscriptionInfoList:-1
08-22 02:19:13.119  1476  1683 I chatty  : uid=1000(system) ConnectivitySer identical 1 line
08-22 02:19:13.120  1476  1683 D ConnectivityService: NetReassign [no changes]
08-22 02:19:13.125  1476 10664 D CompatibilityChangeReporter: Compat change id reported: 124107808; UID 10225; state: ENABLED
08-22 02:19:13.131  2219  7783 E DatabaseUtils: Writing exception to parcel
08-22 02:19:13.131  2219  7783 E DatabaseUtils: java.lang.SecurityException: No permission to access APN settings
08-22 02:19:13.131  2219  7783 E DatabaseUtils: 	at com.android.providers.telephony.TelephonyProvider.checkPermission(TelephonyProvider.java:3947)
08-22 02:19:13.131  2219  7783 E DatabaseUtils: 	at com.android.providers.telephony.TelephonyProvider.checkPermissionCompat(TelephonyProvider.java:3964)
08-22 02:19:13.131  2219  7783 E DatabaseUtils: 	at com.android.providers.telephony.TelephonyProvider.query(TelephonyProvider.java:2927)
08-22 02:19:13.131  2219  7783 E DatabaseUtils: 	at android.content.ContentProvider.query(ContentProvider.java:1379)
08-22 02:19:13.131  2219  7783 E DatabaseUtils: 	at android.content.ContentProvider.query(ContentProvider.java:1475)
08-22 02:19:13.131  2219  7783 E DatabaseUtils: 	at android.content.ContentProvider$Transport.query(ContentProvider.java:278)
08-22 02:19:13.131  2219  7783 E DatabaseUtils: 	at android.content.ContentProviderNative.onTransact(ContentProviderNative.java:106)
08-22 02:19:13.131  2219  7783 E DatabaseUtils: 	at android.os.Binder.execTransactInternal(Binder.java:1159)
08-22 02:19:13.131  2219  7783 E DatabaseUtils: 	at android.os.Binder.execTransact(Binder.java:1123)
08-22 02:19:13.132 11554 11554 I insight Core SDK: Initialized
08-22 02:19:13.188 11554 11554 I insight Core SDK: Initializing...
08-22 02:19:13.188 11554 11554 I insight Core SDK: Already initialized
08-22 02:19:13.200 11554 11554 D WM-WorkerWrapper: Starting work for com.calldorado.stats.AsyncStatsCommunicationWorker
08-22 02:19:13.226 11554 11554 D SessionLifecycleClient: Connected to SessionLifecycleService. Queue size 0
08-22 02:19:13.229 11554 11617 W nstudio.notepa: Verification of int m7.awt.b(java.lang.Object) took 132.055ms (5497.69 bytecodes/s) (12424B approximate peak alloc)
08-22 02:19:13.283 11554 11607 I WM-WorkerWrapper: Worker result FAILURE for Work [ id=3f02b9a6-051f-4ca6-9de2-fc7efa84fb37, tags={ com.umlaut.crowd.service.InsightWorker,InsightWorker } ]
08-22 02:19:13.315 11554 11715 D CompatibilityChangeReporter: Compat change id reported: 147600208; UID 10225; state: ENABLED
08-22 02:19:13.348 11554 11554 D WM-Processor: Processor 3f02b9a6-051f-4ca6-9de2-fc7efa84fb37 executed; reschedule = false
08-22 02:19:13.349  2219  2536 W TelephonyPermissions: reportAccessDeniedToReadIdentifiers:com.ztnstudio.notepad:getSubscriptionInfoList:-1
08-22 02:19:13.356 11554 11572 D TelephonyRegistryManager: onSubscriptionsChangedListener callback received.
08-22 02:19:13.360 11554 11617 W nstudio.notepa: Verification of int m7.awt.c(java.lang.Object, byte[], int, int, int, m7.auh) took 130.294ms (29318.15 bytecodes/s) (84928B approximate peak alloc)
08-22 02:19:13.388 11554 11607 D WM-GreedyScheduler: Cancelling work ID 3f02b9a6-051f-4ca6-9de2-fc7efa84fb37
08-22 02:19:13.419 11554 11607 I WM-WorkerWrapper: Worker result SUCCESS for Work [ id=337df66c-ce4b-4e44-a230-5c652cb6baa0, tags={ com.calldorado.stats.AsyncStatsCommunicationWorker } ]
08-22 02:19:13.443 11554 11607 I WM-WorkerWrapper: Setting status to enqueued for 1d07ca58-4cf3-4cd4-9cac-9d2ffd14be1e
08-22 02:19:13.457 11554 11554 D WM-Processor: Processor 337df66c-ce4b-4e44-a230-5c652cb6baa0 executed; reschedule = false
08-22 02:19:13.473 11554 11607 D WM-GreedyScheduler: Cancelling work ID 337df66c-ce4b-4e44-a230-5c652cb6baa0
08-22 02:19:13.503 11554 11607 D WM-SystemJobScheduler: Scheduling work ID 1d07ca58-4cf3-4cd4-9cac-9d2ffd14be1eJob ID 599504
08-22 02:19:13.506 11554 11607 D WM-GreedyScheduler: Starting work for 1d07ca58-4cf3-4cd4-9cac-9d2ffd14be1e
08-22 02:19:13.521 11554 11607 D WM-Processor: Processor: processing WorkGenerationalId(workSpecId=1d07ca58-4cf3-4cd4-9cac-9d2ffd14be1e, generation=0)
08-22 02:19:13.534 11554 11554 D WM-WorkerWrapper: Starting work for com.calldorado.stats.AsyncStatsCommunicationWorker
08-22 02:19:13.546 11554 11645 I WM-WorkerWrapper: Worker result SUCCESS for Work [ id=1d07ca58-4cf3-4cd4-9cac-9d2ffd14be1e, tags={ com.calldorado.stats.AsyncStatsCommunicationWorker } ]
08-22 02:19:13.553 11554 11554 D WM-Processor: Processor 1d07ca58-4cf3-4cd4-9cac-9d2ffd14be1e executed; reschedule = false
08-22 02:19:13.557 11554 11646 D WM-GreedyScheduler: Cancelling work ID 1d07ca58-4cf3-4cd4-9cac-9d2ffd14be1e
08-22 02:19:13.585  2219  7783 W TelephonyPermissions: reportAccessDeniedToReadIdentifiers:com.ztnstudio.notepad:getSubscriptionInfoList:-1
08-22 02:19:13.595  2219  7783 W TelephonyPermissions: reportAccessDeniedToReadIdentifiers:com.ztnstudio.notepad:getSubscriptionInfoList:-1
08-22 02:19:13.610  2219  7783 E DatabaseUtils: Writing exception to parcel
08-22 02:19:13.610  2219  7783 E DatabaseUtils: java.lang.SecurityException: No permission to access APN settings
08-22 02:19:13.610  2219  7783 E DatabaseUtils: 	at com.android.providers.telephony.TelephonyProvider.checkPermission(TelephonyProvider.java:3947)
08-22 02:19:13.610  2219  7783 E DatabaseUtils: 	at com.android.providers.telephony.TelephonyProvider.checkPermissionCompat(TelephonyProvider.java:3964)
08-22 02:19:13.610  2219  7783 E DatabaseUtils: 	at com.android.providers.telephony.TelephonyProvider.query(TelephonyProvider.java:2927)
08-22 02:19:13.610  2219  7783 E DatabaseUtils: 	at android.content.ContentProvider.query(ContentProvider.java:1379)
08-22 02:19:13.610  2219  7783 E DatabaseUtils: 	at android.content.ContentProvider.query(ContentProvider.java:1475)
08-22 02:19:13.610  2219  7783 E DatabaseUtils: 	at android.content.ContentProvider$Transport.query(ContentProvider.java:278)
08-22 02:19:13.610  2219  7783 E DatabaseUtils: 	at android.content.ContentProviderNative.onTransact(ContentProviderNative.java:106)
08-22 02:19:13.610  2219  7783 E DatabaseUtils: 	at android.os.Binder.execTransactInternal(Binder.java:1159)
08-22 02:19:13.610  2219  7783 E DatabaseUtils: 	at android.os.Binder.execTransact(Binder.java:1123)
08-22 02:19:13.612  1476  1683 D ConnectivityService: NetReassign [no changes]
08-22 02:19:13.876 11554 11607 D WM-SystemJobScheduler: Scheduling work ID a60c4182-2aaa-41a2-95b0-30420ad6d56dJob ID 599505
08-22 02:19:13.881 11554 11607 D WM-GreedyScheduler: Starting work for a60c4182-2aaa-41a2-95b0-30420ad6d56d
08-22 02:19:13.884 11554 11607 D WM-Processor: Processor: processing WorkGenerationalId(workSpecId=a60c4182-2aaa-41a2-95b0-30420ad6d56d, generation=0)
08-22 02:19:13.888 11554 11554 D WM-WorkerWrapper: Starting work for com.umlaut.crowd.service.InsightWorker
08-22 02:19:13.899  2219  7783 W TelephonyPermissions: reportAccessDeniedToReadIdentifiers:com.ztnstudio.notepad:getSubscriptionInfoList:-1
08-22 02:19:13.910 11554 11646 D WM-Processor: Processor cancelling a60c4182-2aaa-41a2-95b0-30420ad6d56d
08-22 02:19:13.910 11554 11646 D WM-Processor: WorkerWrapper interrupted for a60c4182-2aaa-41a2-95b0-30420ad6d56d
08-22 02:19:13.913 11554 11554 W pool-31-thread-: type=1400 audit(0.0:3438): avc: denied { read } for name="wireless" dev="proc" ino=4026532046 scontext=u:r:untrusted_app:s0:c225,c256,c512,c768 tcontext=u:object_r:proc_net:s0 tclass=file permissive=0 app=com.ztnstudio.notepad
08-22 02:19:13.923 11554 11646 D WM-GreedyScheduler: Cancelling work ID a60c4182-2aaa-41a2-95b0-30420ad6d56d
08-22 02:19:13.930 11554 11646 D WM-SystemJobScheduler: Scheduling work ID 4fa3dd50-d59e-4bf2-b367-de86cdc8f3f0Job ID 599506
08-22 02:19:13.933 11554 11645 I WM-WorkerWrapper: Work [ id=a60c4182-2aaa-41a2-95b0-30420ad6d56d, tags={ com.umlaut.crowd.service.InsightWorker,InsightWorker } ] was cancelled
08-22 02:19:13.933 11554 11645 I WM-WorkerWrapper: androidx.work.impl.WorkerStoppedException
08-22 02:19:13.933 11554 11645 I WM-WorkerWrapper: 	at androidx.work.impl.WorkerWrapper.interrupt(SourceFile:5)
08-22 02:19:13.933 11554 11645 I WM-WorkerWrapper: 	at androidx.work.impl.Processor.interrupt(SourceFile:3)
08-22 02:19:13.933 11554 11645 I WM-WorkerWrapper: 	at androidx.work.impl.Processor.stopAndCancelWork(SourceFile:40)
08-22 02:19:13.933 11554 11645 I WM-WorkerWrapper: 	at androidx.work.impl.utils.CancelWorkRunnable.cancel(SourceFile:13)
08-22 02:19:13.933 11554 11645 I WM-WorkerWrapper: 	at androidx.work.impl.utils.CancelWorkRunnable.forNameInline$lambda$0(SourceFile:25)
08-22 02:19:13.933 11554 11645 I WM-WorkerWrapper: 	at androidx.work.impl.utils.CancelWorkRunnable.a(SourceFile:1)
08-22 02:19:13.933 11554 11645 I WM-WorkerWrapper: 	at androidx.work.impl.utils.a.run(SourceFile:1)
08-22 02:19:13.933 11554 11645 I WM-WorkerWrapper: 	at androidx.room.RoomDatabase.runInTransaction(SourceFile:2)
08-22 02:19:13.933 11554 11645 I WM-WorkerWrapper: 	at androidx.work.impl.utils.CancelWorkRunnable.forNameInline(SourceFile:10)
08-22 02:19:13.933 11554 11645 I WM-WorkerWrapper: 	at androidx.work.impl.utils.EnqueueRunnable.enqueueWorkWithPrerequisites(SourceFile:178)
08-22 02:19:13.933 11554 11645 I WM-WorkerWrapper: 	at androidx.work.impl.utils.EnqueueRunnable.enqueueContinuation(SourceFile:30)
08-22 02:19:13.933 11554 11645 I WM-WorkerWrapper: 	at androidx.work.impl.utils.EnqueueRunnable.processContinuation(SourceFile:78)
08-22 02:19:13.933 11554 11645 I WM-WorkerWrapper: 	at androidx.work.impl.utils.EnqueueRunnable.addToDatabase(SourceFile:19)
08-22 02:19:13.933 11554 11645 I WM-WorkerWrapper: 	at androidx.work.impl.utils.EnqueueRunnable.enqueue(SourceFile:7)
08-22 02:19:13.933 11554 11645 I WM-WorkerWrapper: 	at androidx.work.impl.WorkContinuationImpl.a(SourceFile:4)
08-22 02:19:13.933 11554 11645 I WM-WorkerWrapper: 	at androidx.work.impl.f.invoke(SourceFile:1)
08-22 02:19:13.933 11554 11645 I WM-WorkerWrapper: 	at androidx.work.OperationKt.launchOperation$lambda$2$lambda$1(SourceFile:13)
