08-22 02:24:10.179  1476  1571 V DisplayPowerController: Brightness [-1.0] reason changing to: 'screen_off', previous reason: 'automatic'.
08-22 02:24:10.186  1476  1552 I DisplayManagerService: Display device changed state: "Built-in Screen", OFF
08-22 02:24:10.333  1476  1571 I DreamManagerService: Entering dreamland.
08-22 02:24:10.334  1476  1571 I PowerManagerService: Dozing...
08-22 02:24:10.335  1476  1549 I DreamController: Starting dream: name=ComponentInfo{com.android.systemui/com.android.systemui.doze.DozeService}, isTest=false, canDoze=true, userId=0
08-22 02:24:10.448  1476  1552 V WindowManager: Orientation start waiting for draw, mDrawState=DRAW_PENDING in Window{bc92bf2 u0 ScreenDecorOverlayBottom}, surfaceController Surface(name=ScreenDecorOverlayBottom)/@0x15eeecc
08-22 02:24:10.448  1476  1552 V WindowManager: Orientation start waiting for draw, mDrawState=DRAW_PENDING in Window{298f45f u0 NotificationShade}, surfaceController Surface(name=NotificationShade)/@0xc8b2e5d
08-22 02:24:15.163  1476  1552 W ActivityTaskManager: Sleep timeout!  Sleeping now.
08-22 02:24:15.703  1476  1549 W Looper  : Slow delivery took 250ms android.fg h=com.android.server.dreams.DreamManagerService$DreamHandler c=com.android.server.dreams.DreamController$1@9d68a m=0
08-22 02:24:55.750  1476  1549 W Looper  : Drained
08-22 02:25:44.200  1476  1629 D ConnectivityService: Returning UNBLOCKED NetworkInfo to uid=10400
08-22 02:25:44.204  1476  1629 D ConnectivityService: requestNetwork for uid/pid:10400/5257 NetworkRequest [ TRACK_DEFAULT id=1230, [ Capabilities: INTERNET&NOT_RESTRICTED&TRUSTED Uid: 10400 AdministratorUids: [] RequestorUid: 10400 RequestorPackageName: com.reddit.frontpage] ]
08-22 02:25:44.204  1476  1683 D ConnectivityService: NetReassign [1230 : null  100]
08-22 02:25:44.244  1476  1683 D ConnectivityService: NetReassign [no changes]
08-22 02:25:44.340  1476  1683 D ConnectivityService: releasing NetworkRequest [ TRACK_DEFAULT id=1230, [ Capabilities: INTERNET&NOT_RESTRICTED&TRUSTED Uid: 10400 AdministratorUids: [] RequestorUid: 10400 RequestorPackageName: com.reddit.frontpage] ] (release request)
08-22 02:25:44.349  1476  8603 D ConnectivityService: requestNetwork for uid/pid:10400/5257 NetworkRequest [ TRACK_DEFAULT id=1232, [ Capabilities: INTERNET&NOT_RESTRICTED&TRUSTED Uid: 10400 AdministratorUids: [] RequestorUid: 10400 RequestorPackageName: com.reddit.frontpage] ]
08-22 02:25:44.350  1476  1683 D ConnectivityService: NetReassign [1232 : null  100]
08-22 02:25:45.381  1476  1683 D ConnectivityService: NetReassign [no changes]
08-22 02:25:45.391  1476  1683 D ConnectivityService: NetReassign [no changes]
08-22 02:25:53.997  1476  1683 D ConnectivityService: releasing NetworkRequest [ TRACK_DEFAULT id=1232, [ Capabilities: INTERNET&NOT_RESTRICTED&TRUSTED Uid: 10400 AdministratorUids: [] RequestorUid: 10400 RequestorPackageName: com.reddit.frontpage] ] (release request)
08-22 02:25:54.027  1476  1683 D ConnectivityService: NetReassign [no changes]
08-22 02:26:08.864  1476  8603 D CompatibilityChangeReporter: Compat change id reported: 149924527; UID 10225; state: ENABLED
08-22 02:26:08.865  1476  8603 D CompatibilityChangeReporter: Compat change id reported: 132649864; UID 10225; state: DISABLED
08-22 02:26:11.258  1476  8603 D ConnectivityService: requestNetwork for uid/pid:10225/11554 NetworkRequest [ TRACK_DEFAULT id=1236, [ Capabilities: INTERNET&NOT_RESTRICTED&TRUSTED Uid: 10225 AdministratorUids: [] RequestorUid: 10225 RequestorPackageName: com.ztnstudio.notepad] ]
08-22 02:26:11.258  1476  1683 D ConnectivityService: NetReassign [1236 : null  100]
08-22 02:26:11.287  1476  1683 D ConnectivityService: NetReassign [no changes]
08-22 02:26:39.000  1476  1683 D ConnectivityService: releasing NetworkRequest [ TRACK_DEFAULT id=1236, [ Capabilities: INTERNET&NOT_RESTRICTED&TRUSTED Uid: 10225 AdministratorUids: [] RequestorUid: 10225 RequestorPackageName: com.ztnstudio.notepad] ] (release request)
08-22 02:26:39.024  1476  1683 D ConnectivityService: NetReassign [no changes]
08-22 02:27:00.419  1476  1558 I ActivityManager: Killing 11554:com.ztnstudio.notepad/u0a225 (adj 915): excessive cpu 9180 during 300153 dur=12618412 limit=2
08-22 02:27:00.476  1476  8806 D ConnectivityService: ConnectivityService NetworkRequestInfo binderDied(NetworkRequest [ LISTEN id=1227, [ Transports: VPN Capabilities: INTERNET&NOT_RESTRICTED&TRUSTED&FOREGROUND Uid: 10225 AdministratorUids: [] RequestorUid: 10225 RequestorPackageName: com.ztnstudio.notepad] ], android.os.BinderProxy@d7d3aa8)
08-22 02:27:00.476  1476  3561 D ConnectivityService: ConnectivityService NetworkRequestInfo binderDied(NetworkRequest [ LISTEN id=1228, [ Transports: WIFI Capabilities: INTERNET&NOT_RESTRICTED&TRUSTED&NOT_VPN&FOREGROUND Uid: 10225 AdministratorUids: [] RequestorUid: 10225 RequestorPackageName: com.ztnstudio.notepad] ], android.os.BinderProxy@c2159c1)
08-22 02:27:00.477  1476  3561 D ConnectivityService: ConnectivityService NetworkRequestInfo binderDied(NetworkRequest [ LISTEN id=1224, [ Transports: VPN Capabilities: INTERNET&NOT_RESTRICTED&TRUSTED&FOREGROUND Uid: 10225 AdministratorUids: [] RequestorUid: 10225 RequestorPackageName: com.ztnstudio.notepad] ], android.os.BinderProxy@fd23566)
08-22 02:27:00.477  1476  3584 D ConnectivityService: ConnectivityService NetworkRequestInfo binderDied(NetworkRequest [ LISTEN id=1229, [ Transports: CELLULAR Capabilities: INTERNET&NOT_RESTRICTED&TRUSTED&NOT_VPN&FOREGROUND Uid: 10225 AdministratorUids: [] RequestorUid: 10225 RequestorPackageName: com.ztnstudio.notepad] ], android.os.BinderProxy@bbf5954)
08-22 02:27:00.477  1476  1629 D ConnectivityService: ConnectivityService NetworkRequestInfo binderDied(NetworkRequest [ LISTEN id=1225, [ Transports: WIFI Capabilities: INTERNET&NOT_RESTRICTED&TRUSTED&NOT_VPN&FOREGROUND Uid: 10225 AdministratorUids: [] RequestorUid: 10225 RequestorPackageName: com.ztnstudio.notepad] ], android.os.BinderProxy@8a8d0fd)
08-22 02:27:00.477  1476  8806 D ConnectivityService: ConnectivityService NetworkRequestInfo binderDied(NetworkRequest [ LISTEN id=1226, [ Transports: CELLULAR Capabilities: INTERNET&NOT_RESTRICTED&TRUSTED&NOT_VPN&FOREGROUND Uid: 10225 AdministratorUids: [] RequestorUid: 10225 RequestorPackageName: com.ztnstudio.notepad] ], android.os.BinderProxy@baa00a7)
08-22 02:27:36.382  1476  3561 I PowerManagerService: Waking up from Dozing (uid=10180, reason=WAKE_REASON_GESTURE, details=com.android.systemui:NODOZE)...
08-22 02:27:36.408  1476  1571 I DisplayPowerController: Blocking screen on until initial contents have been drawn.
08-22 02:27:36.440  1476  1571 V DisplayPowerController: Brightness [0.059198357] reason changing to: 'manual', previous reason: 'screen_off'.
08-22 02:27:36.441  1476  1552 I DisplayManagerService: Display device changed state: "Built-in Screen", ON
08-22 02:27:36.502  1476  1683 D Nat464Xlat: clatd running, updating NAI for v4-rmnet_data0
08-22 02:27:36.526  1476  1571 I DisplayPowerController: Unblocked screen on after 119 ms
08-22 02:27:36.531  1476  1571 V DisplayPowerController: Brightness [0.019425413] reason changing to: 'automatic', previous reason: 'manual'.
08-22 02:27:36.568  1476  1683 D Nat464Xlat: clatd running, updating NAI for v4-rmnet_data0
08-22 02:27:36.779  1476  1571 W PowerManagerService: Screen on took 398 ms
08-22 02:27:36.779  1476  1571 I DreamManagerService: Gently waking up from dream.
08-22 02:27:36.780  1476  1549 I DreamManagerService: Performing gentle wake from dream.
08-22 02:27:36.845  1476  2303 I DreamManagerService: Leaving dreamland.
08-22 02:27:36.846  1476  1549 I DreamManagerService: Performing gentle wake from dream.
08-22 02:27:36.847  1476  1549 I DreamController: Stopping dream: name=ComponentInfo{com.android.systemui/com.android.systemui.doze.DozeService}, isTest=false, canDoze=true, userId=0, reason='finished self'(from 'requested stopDream')
08-22 02:27:39.588  1476  3542 D LockSettingsService: spBasedDoVerifyCredential: user=0 challengeType=0 hasEnrolledBiometrics=true
08-22 02:27:39.730  1476  3542 I LockSettingsService: Unlocking user 0 with secret only, length 32
08-22 02:27:39.730  1476  3542 D LockSettingsService: unlockUser finished
08-22 02:27:39.730  1476  3542 W ActivityManager: UserLifecycleEvent 5 received without an active userJourneySession.
08-22 02:27:39.730  1476  3542 D LockSettingsService: unlockUser finished
08-22 02:27:39.730  1476  3542 I LockSettingsService: Disabling escrow token on user 0
08-22 02:27:39.730  1476  1476 D FingerprintService: setActiveUser(0)
08-22 02:27:40.008  1476  2161 V FingerprintService: cancelAuthentication(com.android.systemui)
08-22 02:27:40.009  1476  1476 V FingerprintService: Stopping client com.android.systemui, fromClient: true
08-22 02:27:40.010  1476  3542 D ActivityTaskManager: Top Process State changed to PROCESS_STATE_TOP
08-22 02:27:40.049  1476  1476 W FingerprintService: client com.android.systemui is no longer authenticating
08-22 02:27:40.050  1476  1476 V FingerprintService: handleError(client=com.android.systemui, error = 5)
08-22 02:27:40.050  1476  1476 V BiometricStats: Error latency: -1
08-22 02:27:40.050  1476  1476 W BiometricStats: found a negative latency : -1
08-22 02:27:40.050  1476  1476 V FingerprintService: Done with client: com.android.systemui
08-22 02:27:40.087  1476  1558 W BroadcastQueue: Background execution not allowed: receiving Intent { act=android.intent.action.USER_PRESENT flg=0x24200010 } to com.google.android.gms/.auth.setup.devicesignals.LockScreenReceiver
08-22 02:27:40.087  1476  1558 W BroadcastQueue: Background execution not allowed: receiving Intent { act=android.intent.action.USER_PRESENT flg=0x24200010 } to com.google.android.gms/.chimera.GmsIntentOperationService$PersistentTrustedReceiver
08-22 02:27:40.141  1476  3542 D BiometricService: canAuthenticate: User=0, Caller=0, Authenticators=255
08-22 02:27:40.141  1476  3542 D BiometricService: Package: com.google.android.gms Authenticator ID: 0 Modality: 2 Reported Modality: 2 Status: 1
08-22 02:27:40.141  1476  3542 D AuthService: canAuthenticate, userId: 0, callingUserId: 0, authenticators: 255, result: 0
08-22 02:28:19.857  1476  8443 D ConnectivityService: requestNetwork for uid/pid:10400/5257 NetworkRequest [ TRACK_DEFAULT id=1239, [ Capabilities: INTERNET&NOT_RESTRICTED&TRUSTED Uid: 10400 AdministratorUids: [] RequestorUid: 10400 RequestorPackageName: com.reddit.frontpage] ]
08-22 02:28:19.858  1476  1683 D ConnectivityService: NetReassign [1239 : null  100]
08-22 02:28:19.893  1476  1683 D ConnectivityService: NetReassign [no changes]
08-22 02:28:25.635  1476  1580 I PackageManager: Integrity check passed for file:///data/app/vmdl1275997937.tmp
08-22 02:28:25.689  1476  1675 W NetworkPolicy: shared quota unsupported; generating rule for each iface
08-22 02:28:26.043  1476  3542 D CompatibilityChangeReporter: Compat change id reported: 135634846; UID 10106; state: DISABLED
08-22 02:28:26.044  1476  1559 D CompatibilityChangeReporter: Compat change id reported: 143937733; UID 10106; state: ENABLED
08-22 02:28:26.069  1476  1559 I ActivityManager: Start proc 12465:com.android.vending:com.google.android.finsky.verifier.apkanalysis.service.ApkContentsScanService/u0i21 for service {com.android.vending/com.google.android.finsky.verifier.apkanalysis.service.ApkContentsScanService}
08-22 02:28:28.040  1476  3542 I ActivityManager: Killing 12465:com.android.vending:com.google.android.finsky.verifier.apkanalysis.service.ApkContentsScanService/u0a106i21 (adj 0): isolated not needed
08-22 02:28:40.973  1476  1580 D CompatibilityChangeReporter: Compat change id reported: 135549675; UID 10512; state: ENABLED
08-22 02:28:40.975  1476  1580 I PackageManager: Permission ownership changed. Updating all permissions.
08-22 02:28:42.358  1476  1580 V BackupManagerService: [UserID:0] restoreAtInstall pkg=io.scoregenius.app token=7 restoreSet=0
08-22 02:28:42.359  1476  1580 V BackupManagerService: [UserID:0] Finishing install immediately
08-22 02:28:42.383  1476  1549 I RoleManagerService: Granting default roles...
08-22 02:28:42.390  1476  1558 W BroadcastQueue: Background execution not allowed: receiving Intent { act=android.intent.action.PACKAGE_ADDED dat=package:io.scoregenius.app flg=0x4000010 (has extras) } to com.google.android.packageinstaller/com.android.packageinstaller.PackageInstalledReceiver
08-22 02:28:42.391  1476  1558 W BroadcastQueue: Background execution not allowed: receiving Intent { act=android.intent.action.PACKAGE_ADDED dat=package:io.scoregenius.app flg=0x4000010 (has extras) } to com.android.vending/com.google.android.finsky.packagemonitor.impl.PackageMonitorReceiverImpl$RegisteredReceiver
08-22 02:28:42.391  1476  1558 W BroadcastQueue: Background execution not allowed: receiving Intent { act=android.intent.action.PACKAGE_ADDED dat=package:io.scoregenius.app flg=0x4000010 (has extras) } to com.android.vending/com.google.android.finsky.packagemonitor.backgroundimpl.BackgroundPackageMonitorReceiverImpl$RegisteredReceiver
08-22 02:28:42.395  1476  1558 W BroadcastQueue: Background execution not allowed: receiving Intent { act=android.intent.action.PACKAGE_ADDED dat=package:io.scoregenius.app flg=0x4000010 (has extras) } to com.google.android.apps.nbu.files/.documentbrowser.browselanding.rootcontainerlist.receiver.PackageChangeReceiver_Receiver
08-22 02:28:42.396  1476  1558 W BroadcastQueue: Background execution not allowed: receiving Intent { act=android.intent.action.PACKAGE_ADDED dat=package:io.scoregenius.app flg=0x4000010 (has extras) } to com.google.android.gms/.chimera.GmsIntentOperationService$PersistentTrustedReceiver
08-22 02:28:42.396  1476  1558 W BroadcastQueue: Background execution not allowed: receiving Intent { act=android.intent.action.PACKAGE_ADDED dat=package:io.scoregenius.app flg=0x4000010 (has extras) } to com.google.android.gms/.games.chimera.GamesSystemBroadcastReceiverProxy
08-22 02:28:42.396  1476  1558 W BroadcastQueue: Background execution not allowed: receiving Intent { act=android.intent.action.PACKAGE_ADDED dat=package:io.scoregenius.app flg=0x4000010 (has extras) } to com.google.android.gms/.gass.chimera.PackageChangeBroadcastReceiver
08-22 02:28:42.525  1476  2302 E IntervalStats: Unable to parse usage stats package 215
08-22 02:28:42.526  1476  2302 E IntervalStats: Unable to parse usage stats package 259
08-22 02:28:42.526  1476  2302 E IntervalStats: Unable to parse usage stats package 260
08-22 02:28:42.526  1476  2302 E IntervalStats: Unable to parse usage stats package 261
08-22 02:28:42.526  1476  2302 E IntervalStats: Unable to parse usage stats package 262
08-22 02:28:42.526  1476  2302 E IntervalStats: Unable to parse usage stats package 264
08-22 02:28:42.526  1476  2302 E IntervalStats: Unable to parse usage stats package 265
08-22 02:28:42.526  1476  2302 E IntervalStats: Unable to parse usage stats package 266
08-22 02:28:42.526  1476  2302 E IntervalStats: Unable to parse usage stats package 267
08-22 02:28:42.526  1476  2302 E IntervalStats: Unable to parse usage stats package 268
08-22 02:28:42.526  1476  2302 E IntervalStats: Unable to parse usage stats package 269
08-22 02:28:42.526  1476  2302 E IntervalStats: Unable to parse usage stats package 270
08-22 02:28:42.550  1476  1476 W Looper  : Slow dispatch took 102ms main h=android.app.ActivityThread$H c=android.app.-$$Lambda$LoadedApk$ReceiverDispatcher$Args$_BumDX2UKsnxLVrE6UJsJZkotuA@7199b98 m=0
08-22 02:28:42.550  1476  1476 I Telecom : DefaultDialerCache: Refreshing default dialer for user 0: now com.google.android.dialer: DDC.oR@Amc
08-22 02:28:42.586  1476  1476 V BackupManagerConstants: getFullBackupIntervalMilliseconds(...) returns 86400000
08-22 02:28:42.586  1476  1476 V BackupManagerConstants: getFullBackupRequiredNetworkType(...) returns 2
08-22 02:28:42.586  1476  1476 V BackupManagerConstants: getFullBackupRequireCharging(...) returns true
08-22 02:28:42.669  1476  1549 W Looper  : Slow delivery took 218ms android.fg h=android.os.Handler c=<recycled PooledLambda@97f27a3> m=0
08-22 02:28:42.672  1476  1580 I PackageManager: autoVerify ignored when installing for all users
08-22 02:28:42.829  1476  1549 W Looper  : Drained
08-22 02:28:43.605  1476  3586 I ActivityTaskManager: START u0 {act=android.intent.action.MAIN cat=[android.intent.category.LAUNCHER] flg=0x10200000 cmp=io.scoregenius.app/.LauncherActivity bnds=[1123,1136][1393,1530]} from uid 10177
08-22 02:28:43.617  1476  1552 D CompatibilityChangeReporter: Compat change id reported: 135634846; UID 10512; state: DISABLED
08-22 02:28:43.617  1476  1559 D CompatibilityChangeReporter: Compat change id reported: 143937733; UID 10512; state: ENABLED
08-22 02:28:43.633  1476  1559 I ActivityManager: Start proc 12582:io.scoregenius.app/u0a512 for pre-top-activity {io.scoregenius.app/io.scoregenius.app.LauncherActivity}
08-22 02:28:43.846 12582 12582 E AndroidRuntime: FATAL EXCEPTION: main
08-22 02:28:43.846 12582 12582 E AndroidRuntime: Process: io.scoregenius.app, PID: 12582
08-22 02:28:43.846 12582 12582 E AndroidRuntime: java.lang.RuntimeException: Unable to start activity ComponentInfo{io.scoregenius.app/io.scoregenius.app.LauncherActivity}: android.view.InflateException: Binary XML file line #28 in io.scoregenius.app:layout/splash_screen_view: Failed to resolve attribute at index 0: TypedValue{t=0x2/d=0x7f03039e a=-1}
08-22 02:28:43.846 12582 12582 E AndroidRuntime: 	at android.app.ActivityThread.performLaunchActivity(ActivityThread.java:3449)
08-22 02:28:43.846 12582 12582 E AndroidRuntime: 	at android.app.ActivityThread.handleLaunchActivity(ActivityThread.java:3601)
08-22 02:28:43.846 12582 12582 E AndroidRuntime: 	at android.app.servertransaction.LaunchActivityItem.execute(LaunchActivityItem.java:85)
08-22 02:28:43.846 12582 12582 E AndroidRuntime: 	at android.app.servertransaction.TransactionExecutor.executeCallbacks(TransactionExecutor.java:135)
08-22 02:28:43.846 12582 12582 E AndroidRuntime: 	at android.app.servertransaction.TransactionExecutor.execute(TransactionExecutor.java:95)
08-22 02:28:43.846 12582 12582 E AndroidRuntime: 	at android.app.ActivityThread$H.handleMessage(ActivityThread.java:2066)
08-22 02:28:43.846 12582 12582 E AndroidRuntime: 	at android.os.Handler.dispatchMessage(Handler.java:106)
08-22 02:28:43.846 12582 12582 E AndroidRuntime: 	at android.os.Looper.loop(Looper.java:223)
08-22 02:28:43.846 12582 12582 E AndroidRuntime: 	at android.app.ActivityThread.main(ActivityThread.java:7656)
08-22 02:28:43.846 12582 12582 E AndroidRuntime: 	at java.lang.reflect.Method.invoke(Native Method)
08-22 02:28:43.846 12582 12582 E AndroidRuntime: 	at com.android.internal.os.RuntimeInit$MethodAndArgsCaller.run(RuntimeInit.java:592)
08-22 02:28:43.846 12582 12582 E AndroidRuntime: 	at com.android.internal.os.ZygoteInit.main(ZygoteInit.java:947)
08-22 02:28:43.846 12582 12582 E AndroidRuntime: Caused by: android.view.InflateException: Binary XML file line #28 in io.scoregenius.app:layout/splash_screen_view: Failed to resolve attribute at index 0: TypedValue{t=0x2/d=0x7f03039e a=-1}
08-22 02:28:43.846 12582 12582 E AndroidRuntime: Caused by: java.lang.UnsupportedOperationException: Failed to resolve attribute at index 0: TypedValue{t=0x2/d=0x7f03039e a=-1}
08-22 02:28:43.846 12582 12582 E AndroidRuntime: 	at android.content.res.TypedArray.getLayoutDimension(TypedArray.java:826)
08-22 02:28:43.846 12582 12582 E AndroidRuntime: 	at android.view.ViewGroup$LayoutParams.setBaseAttributes(ViewGroup.java:8231)
08-22 02:28:43.846 12582 12582 E AndroidRuntime: 	at android.view.ViewGroup$MarginLayoutParams.<init>(ViewGroup.java:8429)
08-22 02:28:43.846 12582 12582 E AndroidRuntime: 	at android.widget.FrameLayout$LayoutParams.<init>(FrameLayout.java:452)
08-22 02:28:43.846 12582 12582 E AndroidRuntime: 	at android.widget.FrameLayout.generateLayoutParams(FrameLayout.java:380)
08-22 02:28:43.846 12582 12582 E AndroidRuntime: 	at android.widget.FrameLayout.generateLayoutParams(FrameLayout.java:58)
08-22 02:28:43.846 12582 12582 E AndroidRuntime: 	at android.view.LayoutInflater.rInflate(LayoutInflater.java:1123)
08-22 02:28:43.846 12582 12582 E AndroidRuntime: 	at android.view.LayoutInflater.rInflateChildren(LayoutInflater.java:1082)
08-22 02:28:43.846 12582 12582 E AndroidRuntime: 	at android.view.LayoutInflater.inflate(LayoutInflater.java:680)
08-22 02:28:43.846 12582 12582 E AndroidRuntime: 	at android.view.LayoutInflater.inflate(LayoutInflater.java:532)
08-22 02:28:43.846 12582 12582 E AndroidRuntime: 	at android.view.LayoutInflater.inflate(LayoutInflater.java:479)
08-22 02:28:43.846 12582 12582 E AndroidRuntime: 	at android.view.View.inflate(View.java:26707)
08-22 02:28:43.846 12582 12582 E AndroidRuntime: 	at androidx.core.splashscreen.SplashScreenViewProvider$ViewImpl$_splashScreenView$2.invoke(SplashScreenViewProvider.kt:94)
08-22 02:28:43.846 12582 12582 E AndroidRuntime: 	at androidx.core.splashscreen.SplashScreenViewProvider$ViewImpl$_splashScreenView$2.invoke(SplashScreenViewProvider.kt:93)
08-22 02:28:43.846 12582 12582 E AndroidRuntime: 	at kotlin.SynchronizedLazyImpl.getValue(LazyJVM.kt:74)
08-22 02:28:43.846 12582 12582 E AndroidRuntime: 	at androidx.core.splashscreen.SplashScreenViewProvider$ViewImpl.get_splashScreenView(SplashScreenViewProvider.kt:93)
08-22 02:28:43.846 12582 12582 E AndroidRuntime: 	at androidx.core.splashscreen.SplashScreenViewProvider$ViewImpl.createSplashScreenView(SplashScreenViewProvider.kt:103)
08-22 02:28:43.846 12582 12582 E AndroidRuntime: 	at androidx.core.splashscreen.SplashScreenViewProvider.<init>(SplashScreenViewProvider.kt:52)
08-22 02:28:43.846 12582 12582 E AndroidRuntime: 	at androidx.core.splashscreen.SplashScreen$Impl.setOnExitAnimationListener(SplashScreen.kt:305)
08-22 02:28:43.846 12582 12582 E AndroidRuntime: 	at androidx.core.splashscreen.SplashScreen.setOnExitAnimationListener(SplashScreen.kt:185)
08-22 02:28:43.846 12582 12582 E AndroidRuntime: 	at io.scoregenius.app.LauncherActivity.onCreate(LauncherActivity.java:67)
08-22 02:28:43.846 12582 12582 E AndroidRuntime: 	at android.app.Activity.performCreate(Activity.java:8000)
08-22 02:28:43.846 12582 12582 E AndroidRuntime: 	at android.app.Activity.performCreate(Activity.java:7984)
08-22 02:28:43.846 12582 12582 E AndroidRuntime: 	at android.app.Instrumentation.callActivityOnCreate(Instrumentation.java:1309)
08-22 02:28:43.846 12582 12582 E AndroidRuntime: 	at android.app.ActivityThread.performLaunchActivity(ActivityThread.java:3422)
08-22 02:28:43.846 12582 12582 E AndroidRuntime: 	at android.app.ActivityThread.handleLaunchActivity(ActivityThread.java:3601)
08-22 02:28:43.846 12582 12582 E AndroidRuntime: 	at android.app.servertransaction.LaunchActivityItem.execute(LaunchActivityItem.java:85)
08-22 02:28:43.846 12582 12582 E AndroidRuntime: 	at android.app.servertransaction.TransactionExecutor.executeCallbacks(TransactionExecutor.java:135)
08-22 02:28:43.846 12582 12582 E AndroidRuntime: 	at android.app.servertransaction.TransactionExecutor.execute(TransactionExecutor.java:95)
08-22 02:28:43.846 12582 12582 E AndroidRuntime: 	at android.app.ActivityThread$H.handleMessage(ActivityThread.java:2066)
08-22 02:28:43.846 12582 12582 E AndroidRuntime: 	at android.os.Handler.dispatchMessage(Handler.java:106)
08-22 02:28:43.846 12582 12582 E AndroidRuntime: 	at android.os.Looper.loop(Looper.java:223)
08-22 02:28:43.846 12582 12582 E AndroidRuntime: 	at android.app.ActivityThread.main(ActivityThread.java:7656)
08-22 02:28:43.846 12582 12582 E AndroidRuntime: 	at java.lang.reflect.Method.invoke(Native Method)
08-22 02:28:43.846 12582 12582 E AndroidRuntime: 	at com.android.internal.os.RuntimeInit$MethodAndArgsCaller.run(RuntimeInit.java:592)
08-22 02:28:43.846 12582 12582 E AndroidRuntime: 	at com.android.internal.os.ZygoteInit.main(ZygoteInit.java:947)
08-22 02:28:43.848  1476  3539 W ActivityTaskManager:   Force finishing activity io.scoregenius.app/.LauncherActivity
08-22 02:28:43.848  1476 12606 I DropBoxManagerService: add tag=data_app_crash isTagEnabled=true flags=0x2
08-22 02:28:43.861  1476  1558 W BroadcastQueue: Background execution not allowed: receiving Intent { act=android.intent.action.DROPBOX_ENTRY_ADDED flg=0x10 (has extras) } to com.google.android.gms/.stats.service.DropBoxEntryAddedReceiver
08-22 02:28:43.869  1476  2302 I ActivityManager: Process io.scoregenius.app (pid 12582) has died: prcp TOP 
08-22 02:28:44.349  1476  1552 W ActivityTaskManager: Activity top resumed state loss timeout for ActivityRecord{1021d2a u0 io.scoregenius.app/.LauncherActivity t-1 f}}
08-22 02:28:44.904  1476  3561 I ActivityTaskManager: START u0 {act=android.intent.action.MAIN cat=[android.intent.category.LAUNCHER] flg=0x10200000 cmp=io.scoregenius.app/.LauncherActivity bnds=[1123,1136][1393,1530]} from uid 10177
08-22 02:28:44.918  1476  1552 D CompatibilityChangeReporter: Compat change id reported: 135634846; UID 10512; state: DISABLED
08-22 02:28:44.918  1476  1559 D CompatibilityChangeReporter: Compat change id reported: 143937733; UID 10512; state: ENABLED
08-22 02:28:44.929  1476  1559 I ActivityManager: Start proc 12609:io.scoregenius.app/u0a512 for pre-top-activity {io.scoregenius.app/io.scoregenius.app.LauncherActivity}
08-22 02:28:45.132 12609 12609 E AndroidRuntime: FATAL EXCEPTION: main
08-22 02:28:45.132 12609 12609 E AndroidRuntime: Process: io.scoregenius.app, PID: 12609
08-22 02:28:45.132 12609 12609 E AndroidRuntime: java.lang.RuntimeException: Unable to start activity ComponentInfo{io.scoregenius.app/io.scoregenius.app.LauncherActivity}: android.view.InflateException: Binary XML file line #28 in io.scoregenius.app:layout/splash_screen_view: Failed to resolve attribute at index 0: TypedValue{t=0x2/d=0x7f03039e a=-1}
08-22 02:28:45.132 12609 12609 E AndroidRuntime: 	at android.app.ActivityThread.performLaunchActivity(ActivityThread.java:3449)
08-22 02:28:45.132 12609 12609 E AndroidRuntime: 	at android.app.ActivityThread.handleLaunchActivity(ActivityThread.java:3601)
08-22 02:28:45.132 12609 12609 E AndroidRuntime: 	at android.app.servertransaction.LaunchActivityItem.execute(LaunchActivityItem.java:85)
08-22 02:28:45.132 12609 12609 E AndroidRuntime: 	at android.app.servertransaction.TransactionExecutor.executeCallbacks(TransactionExecutor.java:135)
08-22 02:28:45.132 12609 12609 E AndroidRuntime: 	at android.app.servertransaction.TransactionExecutor.execute(TransactionExecutor.java:95)
08-22 02:28:45.132 12609 12609 E AndroidRuntime: 	at android.app.ActivityThread$H.handleMessage(ActivityThread.java:2066)
08-22 02:28:45.132 12609 12609 E AndroidRuntime: 	at android.os.Handler.dispatchMessage(Handler.java:106)
08-22 02:28:45.132 12609 12609 E AndroidRuntime: 	at android.os.Looper.loop(Looper.java:223)
08-22 02:28:45.132 12609 12609 E AndroidRuntime: 	at android.app.ActivityThread.main(ActivityThread.java:7656)
08-22 02:28:45.132 12609 12609 E AndroidRuntime: 	at java.lang.reflect.Method.invoke(Native Method)
08-22 02:28:45.132 12609 12609 E AndroidRuntime: 	at com.android.internal.os.RuntimeInit$MethodAndArgsCaller.run(RuntimeInit.java:592)
08-22 02:28:45.132 12609 12609 E AndroidRuntime: 	at com.android.internal.os.ZygoteInit.main(ZygoteInit.java:947)
08-22 02:28:45.132 12609 12609 E AndroidRuntime: Caused by: android.view.InflateException: Binary XML file line #28 in io.scoregenius.app:layout/splash_screen_view: Failed to resolve attribute at index 0: TypedValue{t=0x2/d=0x7f03039e a=-1}
08-22 02:28:45.132 12609 12609 E AndroidRuntime: Caused by: java.lang.UnsupportedOperationException: Failed to resolve attribute at index 0: TypedValue{t=0x2/d=0x7f03039e a=-1}
08-22 02:28:45.132 12609 12609 E AndroidRuntime: 	at android.content.res.TypedArray.getLayoutDimension(TypedArray.java:826)
08-22 02:28:45.132 12609 12609 E AndroidRuntime: 	at android.view.ViewGroup$LayoutParams.setBaseAttributes(ViewGroup.java:8231)
08-22 02:28:45.132 12609 12609 E AndroidRuntime: 	at android.view.ViewGroup$MarginLayoutParams.<init>(ViewGroup.java:8429)
08-22 02:28:45.132 12609 12609 E AndroidRuntime: 	at android.widget.FrameLayout$LayoutParams.<init>(FrameLayout.java:452)
08-22 02:28:45.132 12609 12609 E AndroidRuntime: 	at android.widget.FrameLayout.generateLayoutParams(FrameLayout.java:380)
08-22 02:28:45.132 12609 12609 E AndroidRuntime: 	at android.widget.FrameLayout.generateLayoutParams(FrameLayout.java:58)
08-22 02:28:45.132 12609 12609 E AndroidRuntime: 	at android.view.LayoutInflater.rInflate(LayoutInflater.java:1123)
08-22 02:28:45.132 12609 12609 E AndroidRuntime: 	at android.view.LayoutInflater.rInflateChildren(LayoutInflater.java:1082)
08-22 02:28:45.132 12609 12609 E AndroidRuntime: 	at android.view.LayoutInflater.inflate(LayoutInflater.java:680)
08-22 02:28:45.132 12609 12609 E AndroidRuntime: 	at android.view.LayoutInflater.inflate(LayoutInflater.java:532)
08-22 02:28:45.132 12609 12609 E AndroidRuntime: 	at android.view.LayoutInflater.inflate(LayoutInflater.java:479)
08-22 02:28:45.132 12609 12609 E AndroidRuntime: 	at android.view.View.inflate(View.java:26707)
08-22 02:28:45.132 12609 12609 E AndroidRuntime: 	at androidx.core.splashscreen.SplashScreenViewProvider$ViewImpl$_splashScreenView$2.invoke(SplashScreenViewProvider.kt:94)
08-22 02:28:45.132 12609 12609 E AndroidRuntime: 	at androidx.core.splashscreen.SplashScreenViewProvider$ViewImpl$_splashScreenView$2.invoke(SplashScreenViewProvider.kt:93)
08-22 02:28:45.132 12609 12609 E AndroidRuntime: 	at kotlin.SynchronizedLazyImpl.getValue(LazyJVM.kt:74)
08-22 02:28:45.132 12609 12609 E AndroidRuntime: 	at androidx.core.splashscreen.SplashScreenViewProvider$ViewImpl.get_splashScreenView(SplashScreenViewProvider.kt:93)
08-22 02:28:45.132 12609 12609 E AndroidRuntime: 	at androidx.core.splashscreen.SplashScreenViewProvider$ViewImpl.createSplashScreenView(SplashScreenViewProvider.kt:103)
08-22 02:28:45.132 12609 12609 E AndroidRuntime: 	at androidx.core.splashscreen.SplashScreenViewProvider.<init>(SplashScreenViewProvider.kt:52)
08-22 02:28:45.132 12609 12609 E AndroidRuntime: 	at androidx.core.splashscreen.SplashScreen$Impl.setOnExitAnimationListener(SplashScreen.kt:305)
08-22 02:28:45.132 12609 12609 E AndroidRuntime: 	at androidx.core.splashscreen.SplashScreen.setOnExitAnimationListener(SplashScreen.kt:185)
08-22 02:28:45.132 12609 12609 E AndroidRuntime: 	at io.scoregenius.app.LauncherActivity.onCreate(LauncherActivity.java:67)
08-22 02:28:45.132 12609 12609 E AndroidRuntime: 	at android.app.Activity.performCreate(Activity.java:8000)
08-22 02:28:45.132 12609 12609 E AndroidRuntime: 	at android.app.Activity.performCreate(Activity.java:7984)
08-22 02:28:45.132 12609 12609 E AndroidRuntime: 	at android.app.Instrumentation.callActivityOnCreate(Instrumentation.java:1309)
08-22 02:28:45.132 12609 12609 E AndroidRuntime: 	at android.app.ActivityThread.performLaunchActivity(ActivityThread.java:3422)
08-22 02:28:45.132 12609 12609 E AndroidRuntime: 	at android.app.ActivityThread.handleLaunchActivity(ActivityThread.java:3601)
08-22 02:28:45.132 12609 12609 E AndroidRuntime: 	at android.app.servertransaction.LaunchActivityItem.execute(LaunchActivityItem.java:85)
08-22 02:28:45.132 12609 12609 E AndroidRuntime: 	at android.app.servertransaction.TransactionExecutor.executeCallbacks(TransactionExecutor.java:135)
08-22 02:28:45.132 12609 12609 E AndroidRuntime: 	at android.app.servertransaction.TransactionExecutor.execute(TransactionExecutor.java:95)
08-22 02:28:45.132 12609 12609 E AndroidRuntime: 	at android.app.ActivityThread$H.handleMessage(ActivityThread.java:2066)
08-22 02:28:45.132 12609 12609 E AndroidRuntime: 	at android.os.Handler.dispatchMessage(Handler.java:106)
08-22 02:28:45.132 12609 12609 E AndroidRuntime: 	at android.os.Looper.loop(Looper.java:223)
08-22 02:28:45.132 12609 12609 E AndroidRuntime: 	at android.app.ActivityThread.main(ActivityThread.java:7656)
08-22 02:28:45.132 12609 12609 E AndroidRuntime: 	at java.lang.reflect.Method.invoke(Native Method)
08-22 02:28:45.132 12609 12609 E AndroidRuntime: 	at com.android.internal.os.RuntimeInit$MethodAndArgsCaller.run(RuntimeInit.java:592)
08-22 02:28:45.132 12609 12609 E AndroidRuntime: 	at com.android.internal.os.ZygoteInit.main(ZygoteInit.java:947)
08-22 02:28:45.133  1476  3561 W ActivityTaskManager:   Force finishing activity io.scoregenius.app/.LauncherActivity
08-22 02:28:45.134  1476 12633 I DropBoxManagerService: add tag=data_app_crash isTagEnabled=true flags=0x2
08-22 02:28:45.142  1476  1558 W BroadcastQueue: Background execution not allowed: receiving Intent { act=android.intent.action.DROPBOX_ENTRY_ADDED flg=0x10 (has extras) } to com.google.android.gms/.stats.service.DropBoxEntryAddedReceiver
08-22 02:28:45.634  1476  1552 W ActivityTaskManager: Activity top resumed state loss timeout for ActivityRecord{8e22ca8 u0 io.scoregenius.app/.LauncherActivity t5625 f}}
08-22 02:28:45.640  1476  1552 W ActivityTaskManager: Activity pause timeout for ActivityRecord{8e22ca8 u0 io.scoregenius.app/.LauncherActivity t5625 f}}
08-22 02:28:46.341  1476  3561 W WindowManager:   Force finishing activity io.scoregenius.app/.LauncherActivity
08-22 02:28:46.349  1476  3561 I ActivityManager: Killing 12609:io.scoregenius.app/u0a512 (adj 900): crash
08-22 02:28:46.928  1476  2302 I ActivityTaskManager: START u0 {act=android.intent.action.MAIN cat=[android.intent.category.LAUNCHER] flg=0x10200000 cmp=io.scoregenius.app/.LauncherActivity bnds=[1123,1136][1393,1530]} from uid 10177
08-22 02:28:46.939  1476  1552 D CompatibilityChangeReporter: Compat change id reported: 135634846; UID 10512; state: DISABLED
08-22 02:28:46.939  1476  1559 D CompatibilityChangeReporter: Compat change id reported: 143937733; UID 10512; state: ENABLED
08-22 02:28:46.952  1476  1559 I ActivityManager: Start proc 12636:io.scoregenius.app/u0a512 for pre-top-activity {io.scoregenius.app/io.scoregenius.app.LauncherActivity}
08-22 02:28:47.154 12636 12636 E AndroidRuntime: FATAL EXCEPTION: main
08-22 02:28:47.154 12636 12636 E AndroidRuntime: Process: io.scoregenius.app, PID: 12636
08-22 02:28:47.154 12636 12636 E AndroidRuntime: java.lang.RuntimeException: Unable to start activity ComponentInfo{io.scoregenius.app/io.scoregenius.app.LauncherActivity}: android.view.InflateException: Binary XML file line #28 in io.scoregenius.app:layout/splash_screen_view: Failed to resolve attribute at index 0: TypedValue{t=0x2/d=0x7f03039e a=-1}
08-22 02:28:47.154 12636 12636 E AndroidRuntime: 	at android.app.ActivityThread.performLaunchActivity(ActivityThread.java:3449)
08-22 02:28:47.154 12636 12636 E AndroidRuntime: 	at android.app.ActivityThread.handleLaunchActivity(ActivityThread.java:3601)
08-22 02:28:47.154 12636 12636 E AndroidRuntime: 	at android.app.servertransaction.LaunchActivityItem.execute(LaunchActivityItem.java:85)
08-22 02:28:47.154 12636 12636 E AndroidRuntime: 	at android.app.servertransaction.TransactionExecutor.executeCallbacks(TransactionExecutor.java:135)
08-22 02:28:47.154 12636 12636 E AndroidRuntime: 	at android.app.servertransaction.TransactionExecutor.execute(TransactionExecutor.java:95)
08-22 02:28:47.154 12636 12636 E AndroidRuntime: 	at android.app.ActivityThread$H.handleMessage(ActivityThread.java:2066)
08-22 02:28:47.154 12636 12636 E AndroidRuntime: 	at android.os.Handler.dispatchMessage(Handler.java:106)
08-22 02:28:47.154 12636 12636 E AndroidRuntime: 	at android.os.Looper.loop(Looper.java:223)
08-22 02:28:47.154 12636 12636 E AndroidRuntime: 	at android.app.ActivityThread.main(ActivityThread.java:7656)
08-22 02:28:47.154 12636 12636 E AndroidRuntime: 	at java.lang.reflect.Method.invoke(Native Method)
08-22 02:28:47.154 12636 12636 E AndroidRuntime: 	at com.android.internal.os.RuntimeInit$MethodAndArgsCaller.run(RuntimeInit.java:592)
08-22 02:28:47.154 12636 12636 E AndroidRuntime: 	at com.android.internal.os.ZygoteInit.main(ZygoteInit.java:947)
08-22 02:28:47.154 12636 12636 E AndroidRuntime: Caused by: android.view.InflateException: Binary XML file line #28 in io.scoregenius.app:layout/splash_screen_view: Failed to resolve attribute at index 0: TypedValue{t=0x2/d=0x7f03039e a=-1}
08-22 02:28:47.154 12636 12636 E AndroidRuntime: Caused by: java.lang.UnsupportedOperationException: Failed to resolve attribute at index 0: TypedValue{t=0x2/d=0x7f03039e a=-1}
08-22 02:28:47.154 12636 12636 E AndroidRuntime: 	at android.content.res.TypedArray.getLayoutDimension(TypedArray.java:826)
08-22 02:28:47.154 12636 12636 E AndroidRuntime: 	at android.view.ViewGroup$LayoutParams.setBaseAttributes(ViewGroup.java:8231)
08-22 02:28:47.154 12636 12636 E AndroidRuntime: 	at android.view.ViewGroup$MarginLayoutParams.<init>(ViewGroup.java:8429)
08-22 02:28:47.154 12636 12636 E AndroidRuntime: 	at android.widget.FrameLayout$LayoutParams.<init>(FrameLayout.java:452)
08-22 02:28:47.154 12636 12636 E AndroidRuntime: 	at android.widget.FrameLayout.generateLayoutParams(FrameLayout.java:380)
08-22 02:28:47.154 12636 12636 E AndroidRuntime: 	at android.widget.FrameLayout.generateLayoutParams(FrameLayout.java:58)
08-22 02:28:47.154 12636 12636 E AndroidRuntime: 	at android.view.LayoutInflater.rInflate(LayoutInflater.java:1123)
08-22 02:28:47.154 12636 12636 E AndroidRuntime: 	at android.view.LayoutInflater.rInflateChildren(LayoutInflater.java:1082)
08-22 02:28:47.154 12636 12636 E AndroidRuntime: 	at android.view.LayoutInflater.inflate(LayoutInflater.java:680)
08-22 02:28:47.154 12636 12636 E AndroidRuntime: 	at android.view.LayoutInflater.inflate(LayoutInflater.java:532)
08-22 02:28:47.154 12636 12636 E AndroidRuntime: 	at android.view.LayoutInflater.inflate(LayoutInflater.java:479)
08-22 02:28:47.154 12636 12636 E AndroidRuntime: 	at android.view.View.inflate(View.java:26707)
08-22 02:28:47.154 12636 12636 E AndroidRuntime: 	at androidx.core.splashscreen.SplashScreenViewProvider$ViewImpl$_splashScreenView$2.invoke(SplashScreenViewProvider.kt:94)
08-22 02:28:47.154 12636 12636 E AndroidRuntime: 	at androidx.core.splashscreen.SplashScreenViewProvider$ViewImpl$_splashScreenView$2.invoke(SplashScreenViewProvider.kt:93)
08-22 02:28:47.154 12636 12636 E AndroidRuntime: 	at kotlin.SynchronizedLazyImpl.getValue(LazyJVM.kt:74)
08-22 02:28:47.154 12636 12636 E AndroidRuntime: 	at androidx.core.splashscreen.SplashScreenViewProvider$ViewImpl.get_splashScreenView(SplashScreenViewProvider.kt:93)
08-22 02:28:47.154 12636 12636 E AndroidRuntime: 	at androidx.core.splashscreen.SplashScreenViewProvider$ViewImpl.createSplashScreenView(SplashScreenViewProvider.kt:103)
08-22 02:28:47.154 12636 12636 E AndroidRuntime: 	at androidx.core.splashscreen.SplashScreenViewProvider.<init>(SplashScreenViewProvider.kt:52)
08-22 02:28:47.154 12636 12636 E AndroidRuntime: 	at androidx.core.splashscreen.SplashScreen$Impl.setOnExitAnimationListener(SplashScreen.kt:305)
08-22 02:28:47.154 12636 12636 E AndroidRuntime: 	at androidx.core.splashscreen.SplashScreen.setOnExitAnimationListener(SplashScreen.kt:185)
08-22 02:28:47.154 12636 12636 E AndroidRuntime: 	at io.scoregenius.app.LauncherActivity.onCreate(LauncherActivity.java:67)
08-22 02:28:47.154 12636 12636 E AndroidRuntime: 	at android.app.Activity.performCreate(Activity.java:8000)
08-22 02:28:47.154 12636 12636 E AndroidRuntime: 	at android.app.Activity.performCreate(Activity.java:7984)
08-22 02:28:47.154 12636 12636 E AndroidRuntime: 	at android.app.Instrumentation.callActivityOnCreate(Instrumentation.java:1309)
08-22 02:28:47.154 12636 12636 E AndroidRuntime: 	at android.app.ActivityThread.performLaunchActivity(ActivityThread.java:3422)
08-22 02:28:47.154 12636 12636 E AndroidRuntime: 	at android.app.ActivityThread.handleLaunchActivity(ActivityThread.java:3601)
08-22 02:28:47.154 12636 12636 E AndroidRuntime: 	at android.app.servertransaction.LaunchActivityItem.execute(LaunchActivityItem.java:85)
08-22 02:28:47.154 12636 12636 E AndroidRuntime: 	at android.app.servertransaction.TransactionExecutor.executeCallbacks(TransactionExecutor.java:135)
08-22 02:28:47.154 12636 12636 E AndroidRuntime: 	at android.app.servertransaction.TransactionExecutor.execute(TransactionExecutor.java:95)
08-22 02:28:47.154 12636 12636 E AndroidRuntime: 	at android.app.ActivityThread$H.handleMessage(ActivityThread.java:2066)
08-22 02:28:47.154 12636 12636 E AndroidRuntime: 	at android.os.Handler.dispatchMessage(Handler.java:106)
08-22 02:28:47.154 12636 12636 E AndroidRuntime: 	at android.os.Looper.loop(Looper.java:223)
08-22 02:28:47.154 12636 12636 E AndroidRuntime: 	at android.app.ActivityThread.main(ActivityThread.java:7656)
08-22 02:28:47.154 12636 12636 E AndroidRuntime: 	at java.lang.reflect.Method.invoke(Native Method)
08-22 02:28:47.154 12636 12636 E AndroidRuntime: 	at com.android.internal.os.RuntimeInit$MethodAndArgsCaller.run(RuntimeInit.java:592)
08-22 02:28:47.154 12636 12636 E AndroidRuntime: 	at com.android.internal.os.ZygoteInit.main(ZygoteInit.java:947)
08-22 02:28:47.156  1476  2302 W ActivityTaskManager:   Force finishing activity io.scoregenius.app/.LauncherActivity
08-22 02:28:47.157  1476 12660 I DropBoxManagerService: add tag=data_app_crash isTagEnabled=true flags=0x2
08-22 02:28:47.169  1476  1558 W BroadcastQueue: Background execution not allowed: receiving Intent { act=android.intent.action.DROPBOX_ENTRY_ADDED flg=0x10 (has extras) } to com.google.android.gms/.stats.service.DropBoxEntryAddedReceiver
08-22 02:28:47.188  1476  5223 I ActivityManager: Process io.scoregenius.app (pid 12636) has died: prcp TOP 
08-22 02:28:47.657  1476  1552 W ActivityTaskManager: Activity top resumed state loss timeout for ActivityRecord{2bd1e7d u0 io.scoregenius.app/.LauncherActivity t-1 f}}
08-22 02:28:48.007  1476  3539 I ActivityTaskManager: START u0 {act=android.intent.action.MAIN cat=[android.intent.category.LAUNCHER] flg=0x10200000 cmp=io.scoregenius.app/.LauncherActivity bnds=[1123,1136][1393,1530]} from uid 10177
08-22 02:28:48.018  1476  1552 D CompatibilityChangeReporter: Compat change id reported: 135634846; UID 10512; state: DISABLED
08-22 02:28:48.018  1476  1559 D CompatibilityChangeReporter: Compat change id reported: 143937733; UID 10512; state: ENABLED
08-22 02:28:48.025  1476  1559 I ActivityManager: Start proc 12662:io.scoregenius.app/u0a512 for pre-top-activity {io.scoregenius.app/io.scoregenius.app.LauncherActivity}
08-22 02:28:48.231 12662 12662 E AndroidRuntime: FATAL EXCEPTION: main
08-22 02:28:48.231 12662 12662 E AndroidRuntime: Process: io.scoregenius.app, PID: 12662
08-22 02:28:48.231 12662 12662 E AndroidRuntime: java.lang.RuntimeException: Unable to start activity ComponentInfo{io.scoregenius.app/io.scoregenius.app.LauncherActivity}: android.view.InflateException: Binary XML file line #28 in io.scoregenius.app:layout/splash_screen_view: Failed to resolve attribute at index 0: TypedValue{t=0x2/d=0x7f03039e a=-1}
08-22 02:28:48.231 12662 12662 E AndroidRuntime: 	at android.app.ActivityThread.performLaunchActivity(ActivityThread.java:3449)
08-22 02:28:48.231 12662 12662 E AndroidRuntime: 	at android.app.ActivityThread.handleLaunchActivity(ActivityThread.java:3601)
08-22 02:28:48.231 12662 12662 E AndroidRuntime: 	at android.app.servertransaction.LaunchActivityItem.execute(LaunchActivityItem.java:85)
08-22 02:28:48.231 12662 12662 E AndroidRuntime: 	at android.app.servertransaction.TransactionExecutor.executeCallbacks(TransactionExecutor.java:135)
08-22 02:28:48.231 12662 12662 E AndroidRuntime: 	at android.app.servertransaction.TransactionExecutor.execute(TransactionExecutor.java:95)
08-22 02:28:48.231 12662 12662 E AndroidRuntime: 	at android.app.ActivityThread$H.handleMessage(ActivityThread.java:2066)
08-22 02:28:48.231 12662 12662 E AndroidRuntime: 	at android.os.Handler.dispatchMessage(Handler.java:106)
08-22 02:28:48.231 12662 12662 E AndroidRuntime: 	at android.os.Looper.loop(Looper.java:223)
08-22 02:28:48.231 12662 12662 E AndroidRuntime: 	at android.app.ActivityThread.main(ActivityThread.java:7656)
08-22 02:28:48.231 12662 12662 E AndroidRuntime: 	at java.lang.reflect.Method.invoke(Native Method)
08-22 02:28:48.231 12662 12662 E AndroidRuntime: 	at com.android.internal.os.RuntimeInit$MethodAndArgsCaller.run(RuntimeInit.java:592)
08-22 02:28:48.231 12662 12662 E AndroidRuntime: 	at com.android.internal.os.ZygoteInit.main(ZygoteInit.java:947)
08-22 02:28:48.231 12662 12662 E AndroidRuntime: Caused by: android.view.InflateException: Binary XML file line #28 in io.scoregenius.app:layout/splash_screen_view: Failed to resolve attribute at index 0: TypedValue{t=0x2/d=0x7f03039e a=-1}
08-22 02:28:48.231 12662 12662 E AndroidRuntime: Caused by: java.lang.UnsupportedOperationException: Failed to resolve attribute at index 0: TypedValue{t=0x2/d=0x7f03039e a=-1}
08-22 02:28:48.231 12662 12662 E AndroidRuntime: 	at android.content.res.TypedArray.getLayoutDimension(TypedArray.java:826)
08-22 02:28:48.231 12662 12662 E AndroidRuntime: 	at android.view.ViewGroup$LayoutParams.setBaseAttributes(ViewGroup.java:8231)
08-22 02:28:48.231 12662 12662 E AndroidRuntime: 	at android.view.ViewGroup$MarginLayoutParams.<init>(ViewGroup.java:8429)
08-22 02:28:48.231 12662 12662 E AndroidRuntime: 	at android.widget.FrameLayout$LayoutParams.<init>(FrameLayout.java:452)
08-22 02:28:48.231 12662 12662 E AndroidRuntime: 	at android.widget.FrameLayout.generateLayoutParams(FrameLayout.java:380)
08-22 02:28:48.231 12662 12662 E AndroidRuntime: 	at android.widget.FrameLayout.generateLayoutParams(FrameLayout.java:58)
08-22 02:28:48.231 12662 12662 E AndroidRuntime: 	at android.view.LayoutInflater.rInflate(LayoutInflater.java:1123)
08-22 02:28:48.231 12662 12662 E AndroidRuntime: 	at android.view.LayoutInflater.rInflateChildren(LayoutInflater.java:1082)
08-22 02:28:48.231 12662 12662 E AndroidRuntime: 	at android.view.LayoutInflater.inflate(LayoutInflater.java:680)
08-22 02:28:48.231 12662 12662 E AndroidRuntime: 	at android.view.LayoutInflater.inflate(LayoutInflater.java:532)
08-22 02:28:48.231 12662 12662 E AndroidRuntime: 	at android.view.LayoutInflater.inflate(LayoutInflater.java:479)
08-22 02:28:48.231 12662 12662 E AndroidRuntime: 	at android.view.View.inflate(View.java:26707)
08-22 02:28:48.231 12662 12662 E AndroidRuntime: 	at androidx.core.splashscreen.SplashScreenViewProvider$ViewImpl$_splashScreenView$2.invoke(SplashScreenViewProvider.kt:94)
08-22 02:28:48.231 12662 12662 E AndroidRuntime: 	at androidx.core.splashscreen.SplashScreenViewProvider$ViewImpl$_splashScreenView$2.invoke(SplashScreenViewProvider.kt:93)
08-22 02:28:48.231 12662 12662 E AndroidRuntime: 	at kotlin.SynchronizedLazyImpl.getValue(LazyJVM.kt:74)
08-22 02:28:48.231 12662 12662 E AndroidRuntime: 	at androidx.core.splashscreen.SplashScreenViewProvider$ViewImpl.get_splashScreenView(SplashScreenViewProvider.kt:93)
08-22 02:28:48.231 12662 12662 E AndroidRuntime: 	at androidx.core.splashscreen.SplashScreenViewProvider$ViewImpl.createSplashScreenView(SplashScreenViewProvider.kt:103)
08-22 02:28:48.231 12662 12662 E AndroidRuntime: 	at androidx.core.splashscreen.SplashScreenViewProvider.<init>(SplashScreenViewProvider.kt:52)
08-22 02:28:48.231 12662 12662 E AndroidRuntime: 	at androidx.core.splashscreen.SplashScreen$Impl.setOnExitAnimationListener(SplashScreen.kt:305)
08-22 02:28:48.231 12662 12662 E AndroidRuntime: 	at androidx.core.splashscreen.SplashScreen.setOnExitAnimationListener(SplashScreen.kt:185)
08-22 02:28:48.231 12662 12662 E AndroidRuntime: 	at io.scoregenius.app.LauncherActivity.onCreate(LauncherActivity.java:67)
08-22 02:28:48.231 12662 12662 E AndroidRuntime: 	at android.app.Activity.performCreate(Activity.java:8000)
08-22 02:28:48.231 12662 12662 E AndroidRuntime: 	at android.app.Activity.performCreate(Activity.java:7984)
08-22 02:28:48.231 12662 12662 E AndroidRuntime: 	at android.app.Instrumentation.callActivityOnCreate(Instrumentation.java:1309)
08-22 02:28:48.231 12662 12662 E AndroidRuntime: 	at android.app.ActivityThread.performLaunchActivity(ActivityThread.java:3422)
08-22 02:28:48.231 12662 12662 E AndroidRuntime: 	at android.app.ActivityThread.handleLaunchActivity(ActivityThread.java:3601)
08-22 02:28:48.231 12662 12662 E AndroidRuntime: 	at android.app.servertransaction.LaunchActivityItem.execute(LaunchActivityItem.java:85)
08-22 02:28:48.231 12662 12662 E AndroidRuntime: 	at android.app.servertransaction.TransactionExecutor.executeCallbacks(TransactionExecutor.java:135)
08-22 02:28:48.231 12662 12662 E AndroidRuntime: 	at android.app.servertransaction.TransactionExecutor.execute(TransactionExecutor.java:95)
08-22 02:28:48.231 12662 12662 E AndroidRuntime: 	at android.app.ActivityThread$H.handleMessage(ActivityThread.java:2066)
08-22 02:28:48.231 12662 12662 E AndroidRuntime: 	at android.os.Handler.dispatchMessage(Handler.java:106)
08-22 02:28:48.231 12662 12662 E AndroidRuntime: 	at android.os.Looper.loop(Looper.java:223)
08-22 02:28:48.231 12662 12662 E AndroidRuntime: 	at android.app.ActivityThread.main(ActivityThread.java:7656)
08-22 02:28:48.231 12662 12662 E AndroidRuntime: 	at java.lang.reflect.Method.invoke(Native Method)
08-22 02:28:48.231 12662 12662 E AndroidRuntime: 	at com.android.internal.os.RuntimeInit$MethodAndArgsCaller.run(RuntimeInit.java:592)
08-22 02:28:48.231 12662 12662 E AndroidRuntime: 	at com.android.internal.os.ZygoteInit.main(ZygoteInit.java:947)
08-22 02:28:48.233  1476  5223 W ActivityTaskManager:   Force finishing activity io.scoregenius.app/.LauncherActivity
08-22 02:28:48.233  1476 12686 I DropBoxManagerService: add tag=data_app_crash isTagEnabled=true flags=0x2
08-22 02:28:48.245  1476  1558 W BroadcastQueue: Background execution not allowed: receiving Intent { act=android.intent.action.DROPBOX_ENTRY_ADDED flg=0x10 (has extras) } to com.google.android.gms/.stats.service.DropBoxEntryAddedReceiver
08-22 02:28:48.261  1476  3539 I ActivityManager: Process io.scoregenius.app (pid 12662) has died: prcp TOP 
08-22 02:28:48.734  1476  1552 W ActivityTaskManager: Activity top resumed state loss timeout for ActivityRecord{cfb3fa6 u0 io.scoregenius.app/.LauncherActivity t-1 f}}
