08-22 03:04:19.350  1476  1580 I PackageDexOptimizer: Running dexopt (dexoptNeeded=1) on: /data/app/~~BhWmjKJITWPdJut_4e04Kw==/io.scoregenius.app--7kMbCa2uxy38o5cT3Xe1g==/base.apk pkg=io.scoregenius.app isa=arm64 dexoptFlags=boot_complete,profile_guided,public,enable_hidden_api_checks targetFilter=speed-profile oatDir=/data/app/~~BhWmjKJITWPdJut_4e04Kw==/io.scoregenius.app--7kMbCa2uxy38o5cT3Xe1g==/oat classLoaderContext=PCL[]{}
08-22 03:04:19.353  1135 17448 V installd: DexInv: --- BEGIN '/data/app/~~BhWmjKJITWPdJut_4e04Kw==/io.scoregenius.app--7kMbCa2uxy38o5cT3Xe1g==/base.apk' ---
08-22 03:04:19.418 31643 31643 I dqbe    : (REDACTED) latestAudioLevel=%d
08-22 03:04:19.419 31643 31643 I capk    : (REDACTED) animateTo: to: %s, duration: %s
08-22 03:04:19.456 14761 14761 I dex2oat32: /apex/com.android.art/bin/dex2oat32 --input-vdex-fd=-1 --output-vdex-fd=9 --updatable-bcp-packages-file=/system/etc/updatable-bcp-packages.txt --resolve-startup-const-strings=true --max-image-block-size=524288 --compiler-filter=speed-profile --classpath-dir=/data/app/~~BhWmjKJITWPdJut_4e04Kw==/io.scoregenius.app--7kMbCa2uxy38o5cT3Xe1g== --class-loader-context=PCL[]{} --generate-mini-debug-info --compact-dex-level=none --compilation-reason=install
08-22 03:04:19.468 14761 14761 I dex2oat32: setting boot class path to /apex/com.android.art/javalib/core-oj.jar:/apex/com.android.art/javalib/core-libart.jar:/apex/com.android.art/javalib/core-icu4j.jar:/apex/com.android.art/javalib/okhttp.jar:/apex/com.android.art/javalib/bouncycastle.jar:/apex/com.android.art/javalib/apache-xml.jar:/system/framework/framework.jar:/system/framework/ext.jar:/system/framework/telephony-common.jar:/system/framework/voip-common.jar:/system/framework/ims-common.jar:/system/framework/framework-atb-backward-compatibility.jar
08-22 03:04:19.688 31643 31643 I dqbe    : (REDACTED) latestAudioLevel=%d
08-22 03:04:19.689 31643 31643 I capk    : (REDACTED) animateTo: to: %s, duration: %s
08-22 03:04:19.958 31643 31643 I dqbe    : (REDACTED) latestAudioLevel=%d
08-22 03:04:19.958 31643 31643 I capk    : (REDACTED) animateTo: to: %s, duration: %s
08-22 03:04:20.178 14761 14767 W dex2oat32: Accessing hidden method Landroid/graphics/Bitmap;->getHardwareBuffer()Landroid/hardware/HardwareBuffer; (blacklist, linking, denied)
08-22 03:04:20.227 31643 31643 I dqbe    : (REDACTED) latestAudioLevel=%d
08-22 03:04:20.228 31643 31643 I capk    : (REDACTED) animateTo: to: %s, duration: %s
08-22 03:04:20.497 31643 31643 I dqbe    : (REDACTED) latestAudioLevel=%d
08-22 03:04:20.498 31643 31643 I capk    : (REDACTED) animateTo: to: %s, duration: %s
08-22 03:04:20.757 14761 14761 I dex2oat32: dex2oat took 1.310s (2.609s cpu) (threads: 8) arena alloc=14KB (14592B) java alloc=10MB (10633848B) native alloc=14MB (14804272B) free=4419KB (4525344B)
08-22 03:04:20.766 31643 31643 I dqbe    : (REDACTED) latestAudioLevel=%d
08-22 03:04:20.767 31643 31643 I capk    : (REDACTED) animateTo: to: %s, duration: %s
08-22 03:04:20.770  1135 17448 V installd: DexInv: --- END '/data/app/~~BhWmjKJITWPdJut_4e04Kw==/io.scoregenius.app--7kMbCa2uxy38o5cT3Xe1g==/base.apk' (success) ---
08-22 03:04:20.772  1476  1580 V BackupManagerService: [UserID:0] restoreAtInstall pkg=io.scoregenius.app token=8 restoreSet=0
08-22 03:04:20.773  1476  1580 V BackupManagerService: [UserID:0] Finishing install immediately
08-22 03:04:20.787  1476  1476 W Binder:1476_D: type=1400 audit(0.0:3543): avc: denied { getopt } for scontext=u:r:system_server:s0 tcontext=u:r:shell:s0 tclass=unix_stream_socket permissive=0
08-22 03:04:20.790  1476  1476 W Binder:1476_D: type=1400 audit(0.0:3545): avc: denied { getopt } for scontext=u:r:system_server:s0 tcontext=u:r:shell:s0 tclass=unix_stream_socket permissive=0
08-22 03:04:20.791  1135 17448 E installd: Couldn't opendir /data/app/vmdl827953640.tmp: No such file or directory
08-22 03:04:20.791  1135 17448 E installd: Failed to delete /data/app/vmdl827953640.tmp: No such file or directory
08-22 03:04:20.797  2982 14771 I IntentFilterIntentOp: (REDACTED) Verifying IntentFilter. verificationId:%d scheme:"%s" hosts:"%s" package:"%s".
08-22 03:04:20.798  3483  3483 I MediaProvider: Invalidating LocalCallingIdentity cache for package io.scoregenius.app. Reason: package android.intent.action.PACKAGE_ADDED
08-22 03:04:20.804  2982 14771 I AppLinksUtilsV1: Legacy cross-profile verification enabled [CONTEXT service_id=244 ]
08-22 03:04:20.804  1476  1549 I RoleManagerService: Granting default roles...
08-22 03:04:20.817  1476  1502 W BroadcastQueue: Background execution not allowed: receiving Intent { act=android.intent.action.PACKAGE_ADDED dat=package:io.scoregenius.app flg=0x4000010 (has extras) } to com.google.android.packageinstaller/com.android.packageinstaller.PackageInstalledReceiver
08-22 03:04:20.818  6932  6932 I Finsky:background: [2] aesq - Received: android.intent.action.PACKAGE_ADDED, [r1rUDrpjJlHoMYlbJkWI2xGOnV4ejFL2WGpRnsjns-I]
08-22 03:04:20.821  8608  8608 I Finsky  : [2] aeta - Received: android.intent.action.PACKAGE_ADDED, [r1rUDrpjJlHoMYlbJkWI2xGOnV4ejFL2WGpRnsjns-I]
08-22 03:04:20.822  1476  1558 W BroadcastQueue: Background execution not allowed: receiving Intent { act=android.intent.action.PACKAGE_ADDED dat=package:io.scoregenius.app flg=0x4000010 (has extras) } to com.android.vending/com.google.android.finsky.packagemonitor.impl.PackageMonitorReceiverImpl$RegisteredReceiver
08-22 03:04:20.822  1476  1558 W BroadcastQueue: Background execution not allowed: receiving Intent { act=android.intent.action.PACKAGE_ADDED dat=package:io.scoregenius.app flg=0x4000010 (has extras) } to com.android.vending/com.google.android.finsky.packagemonitor.backgroundimpl.BackgroundPackageMonitorReceiverImpl$RegisteredReceiver
08-22 03:04:20.837  1476  1558 W BroadcastQueue: Background execution not allowed: receiving Intent { act=android.intent.action.PACKAGE_ADDED dat=package:io.scoregenius.app flg=0x4000010 (has extras) } to com.google.android.apps.nbu.files/.documentbrowser.browselanding.rootcontainerlist.receiver.PackageChangeReceiver_Receiver
08-22 03:04:20.837  1476  1558 W BroadcastQueue: Background execution not allowed: receiving Intent { act=android.intent.action.PACKAGE_ADDED dat=package:io.scoregenius.app flg=0x4000010 (has extras) } to com.google.android.gms/.chimera.GmsIntentOperationService$PersistentTrustedReceiver
08-22 03:04:20.837  1476  1558 W BroadcastQueue: Background execution not allowed: receiving Intent { act=android.intent.action.PACKAGE_ADDED dat=package:io.scoregenius.app flg=0x4000010 (has extras) } to com.google.android.gms/.games.chimera.GamesSystemBroadcastReceiverProxy
08-22 03:04:20.837  1476  1558 W BroadcastQueue: Background execution not allowed: receiving Intent { act=android.intent.action.PACKAGE_ADDED dat=package:io.scoregenius.app flg=0x4000010 (has extras) } to com.google.android.gms/.gass.chimera.PackageChangeBroadcastReceiver
08-22 03:04:20.840  1476  1661 I InputReader: Reconfiguring input devices, changes=KEYBOARD_LAYOUTS | 
08-22 03:04:20.843  8608  8608 I Finsky  : [2] Clearing split related stale data.
08-22 03:04:20.843  2982  2982 W ChimeraProxyRslvr: No registered Chimera impl for com.google.android.gms.games.chimera.GamesSystemBroadcastReceiverProxy
08-22 03:04:20.843  2982  2982 E ChimeraRcvrProxy: com.google.android.gms.games.chimera.GamesSystemBroadcastReceiverProxy dropping broadcast android.intent.action.PACKAGE_ADDED
08-22 03:04:20.847 15124 15256 I Bugle   : BroadcastReceiverAsyncWorkTracker: Acknowledging broadcast of cvjw@e04b0ba
08-22 03:04:20.850  3562  3562 D RegisteredNfcFServicesCache: Service unchanged, not updating
08-22 03:04:20.853  2219  2219 D CarrierSvcBindHelper: No carrier app for: 0
08-22 03:04:20.860  8608  8661 I Finsky  : [2153] A library licensing entry already exists for io.scoregenius.app.
08-22 03:04:20.860  6932 14776 I Finsky:background: [2168] Wrote row to frosting DB: 798
08-22 03:04:20.862  2982  8092 E grsp    : *~*~*~ Previous channel {0} was garbage collected without being shut down! ~*~*~*
08-22 03:04:20.862  2982  8092 E grsp    :     Make sure to call shutdown()/shutdownNow()
08-22 03:04:20.862  2982  8092 E grsp    : java.lang.RuntimeException: ManagedChannel allocation site
08-22 03:04:20.862  2982  8092 E grsp    : 	at grso.<init>(:com.google.android.gms@253133022@25.31.33 (150400-795226510):21)
08-22 03:04:20.862  2982  8092 E grsp    : 	at grsp.<init>(:com.google.android.gms@253133022@25.31.33 (150400-795226510):10)
08-22 03:04:20.862  2982  8092 E grsp    : 	at grsn.a(:com.google.android.gms@253133022@25.31.33 (150400-795226510):259)
08-22 03:04:20.862  2982  8092 E grsp    : 	at grdl.a(:com.google.android.gms@253133022@25.31.33 (150400-795226510):5)
08-22 03:04:20.862  2982  8092 E grsp    : 	at axqi.a(:com.google.android.gms@253133022@25.31.33 (150400-795226510):70)
08-22 03:04:20.862  2982  8092 E grsp    : 	at axpz.u(:com.google.android.gms@253133022@25.31.33 (150400-795226510):120)
08-22 03:04:20.862  2982  8092 E grsp    : 	at axpz.e(:com.google.android.gms@253133022@25.31.33 (150400-795226510):5)
08-22 03:04:20.862  2982  8092 E grsp    : 	at drtg.a(:com.google.android.gms@253133022@25.31.33 (150400-795226510):45)
08-22 03:04:20.862  2982  8092 E grsp    : 	at drsi.c(:com.google.android.gms@253133022@25.31.33 (150400-795226510):7)
08-22 03:04:20.862  2982  8092 E grsp    : 	at drsi.a(:com.google.android.gms@253133022@25.31.33 (150400-795226510):3)
08-22 03:04:20.862  2982  8092 E grsp    : 	at atfn.run(:com.google.android.gms@253133022@25.31.33 (150400-795226510):5)
08-22 03:04:20.862  2982  8092 E grsp    : 	at axwj.c(:com.google.android.gms@253133022@25.31.33 (150400-795226510):50)
08-22 03:04:20.862  2982  8092 E grsp    : 	at axwj.run(:com.google.android.gms@253133022@25.31.33 (150400-795226510):70)
08-22 03:04:20.862  2982  8092 E grsp    : 	at java.util.concurrent.ThreadPoolExecutor.runWorker(ThreadPoolExecutor.java:1167)
08-22 03:04:20.862  2982  8092 E grsp    : 	at java.util.concurrent.ThreadPoolExecutor$Worker.run(ThreadPoolExecutor.java:641)
08-22 03:04:20.862  2982  8092 E grsp    : 	at aycc.run(:com.google.android.gms@253133022@25.31.33 (150400-795226510):8)
08-22 03:04:20.862  2982  8092 E grsp    : 	at java.lang.Thread.run(Thread.java:923)
08-22 03:04:20.871  8608  8608 I Finsky  : [2] Do not start WearSupportService due to Wear service optimization
08-22 03:04:20.877  6932 14776 I Finsky:background: [2168] Wrote row to frosting DB: 799
08-22 03:04:20.886  2982 14777 I Auth    : (REDACTED) [SupervisedAccountIntentOperationV2] onHandleIntent: %s
08-22 03:04:20.890  2982 14777 I Blockstore: (REDACTED) [DataStoreImpl] Clearing Blockstore Data for package %s
08-22 03:04:20.891  2982 14777 I Blockstore: [DataStoreImpl] Keyless data not found or its IsLastInstallationData = false. [CONTEXT service_id=258 ]
08-22 03:04:20.892  2219  2219 D ImsResolver: maybeAddedImsService, packageName: io.scoregenius.app
08-22 03:04:20.893  2219  2219 D CarrierConfigLoader: mHandler: 9 phoneId: 0
08-22 03:04:20.895  2570 14781 W GCM     : Unexpected forwarded intent: Intent { act=android.intent.action.PACKAGE_ADDED dat=package:io.scoregenius.app flg=0x4000010 pkg=com.google.android.gms cmp=com.google.android.gms/.chimera.PersistentIntentOperationService (has extras) }
08-22 03:04:20.898 31552 31552 I EuiccGoogle: [2] EuiccServiceImpl.onCreate: mSimCardState in onCreate: 11
08-22 03:04:20.899 31552 31552 I EuiccGoogle: [2] GservicesChangedReceiver.setSupportedCountries: Set eUICC supported countries to ad,ae,af,ag,ai,al,am,ao,ar,as,at,au,aw,az,ba,bb,bd,be,bf,bg,bh,bi,bj,bm,bn,bo,br,bs,bt,bw,by,bz,ca,cd,cf,cg,ch,ci,ck,cl,cm,cn,co,cr,cu,cv,cy,cz,de,dj,dk,dm,do,dz,ec,ee,eg,er,es,et,fi,fj,fk,fm,fo,ga,gb,gd,ge,gf,gh,gi,gl,gm,gn,gp,gq,gr,gt,gu,gw,gy,hk,hn,hr,ht,hu,id,ie,il,in,iq,ir,is,it,jm,jo,jp,ke,kg,kh,ki,km,kn,kp,kr,kw,ky,kz,la,lb,lc,li,lk,lr,ls,lt,lu,lv,ly,ma,mc,md,me,mg,mh,mk,ml,mm,mn,mo,mp,mr,ms,mt,mu,mv,mw,mx,my,mz,na,nc,ne,ng,ni,nl,no,np,nr,nu,nz,om,pa,pe,pf,pg,ph,pk,pl,pm,pr,ps,pt,pw,py,qa,re,ro,rs,ru,rw,sa,sb,sc,sd,se,sg,sh,si,sk,sl,sm,sn,so,sr,ss,st,sv,sy,sz,tc,td,tg,th,tj,tl,tm,tn,to,tr,tt,tv,tw,tz,ua,ug,us,uy,uz,va,vc,ve,vg,vi,vn,vu,wf,ws,ye,za,zm,zw
08-22 03:04:20.899 31552 31552 I EuiccGoogle: [2] GservicesChangedReceiver.setSupportedCountries: Set eUICC unsupported countries to sg
08-22 03:04:20.901  8608  8608 I Finsky  : [2] DTU: Received onPackageAdded, replacing: false
08-22 03:04:20.902  2570 14791 W NetworkScheduler: Unexpected forwarded intent: Intent { act=android.intent.action.PACKAGE_ADDED dat=package:io.scoregenius.app flg=0x4000010 pkg=com.google.android.gms cmp=com.google.android.gms/.chimera.PersistentIntentOperationService (has extras) }
08-22 03:04:20.908  8608  8608 I Finsky  : [2] AIM: AppInfoCacheUpdater -> invalidating apps: [io.scoregenius.app]
08-22 03:04:20.908  8608  8608 I Finsky  : [2] AIM: AppInfoManager-Perf > getApps > called for 1 apps
08-22 03:04:20.909  8608 14804 I Finsky  : [2296] SCH: Received scheduling request: Id: 12-1, Constraints: [{ L: 15000, D: 86400000, C: CHARGING_NONE, I: IDLE_NONE, N: NET_ANY, B: BATTERY_ANY }]
08-22 03:04:20.910  8608  8654 I Finsky  : [2146] AIM: AppInfoManager-Perf > OnDeviceAppInfo > cacheHitCount=0, cacheMissCount=1. Missed  in cache (limit 10) : [io.scoregenius.app]
08-22 03:04:20.910  8608  8654 I Finsky  : [2146] AIM: AppInfoManager-Perf > OnDeviceAppInfo > cacheHitCount=0, cacheMissCount=1. Missed  in cache (limit 10) : [io.scoregenius.app]
08-22 03:04:20.912  8608  8654 I Finsky  : [2146] AIM: Got app ownership map. App counts: . Unique apps: 0
08-22 03:04:20.912  8608  8654 E Finsky  : [2146] [Counters] attempted to use a non-positive increment for: 4752
08-22 03:04:20.915  8608  8654 I Finsky  : [2146] AIM: Got app ownership map. App counts: . Unique apps: 0
08-22 03:04:20.915  8608  8654 E Finsky  : [2146] [Counters] attempted to use a non-positive increment for: 4752
08-22 03:04:20.921 31552 14807 I EuiccGoogle: [1869] EuiccServiceImpl.onGetEuiccProfileInfoList: onGetEuiccProfileInfoList: slotId = -1
08-22 03:04:20.922  2982 14798 I Dck     : (REDACTED) disableDckSupport: %s
08-22 03:04:20.925  8608  8633 I Finsky  : [2127] SCH: Received scheduling request: Id: 37-100, Constraints: [{ L: 0, D: 0, C: CHARGING_NONE, I: IDLE_NONE, N: NET_NONE, B: BATTERY_ANY }]
08-22 03:04:20.928  2982 14798 W Dck     : [WirelessCapabilitiesFeatures] wccSysProp: 0 [CONTEXT service_id=289 ]
08-22 03:04:20.928  2982 14798 I Dck     : [WirelessCapabilitiesFeatures] wccMendel: 3 [CONTEXT service_id=289 ]
08-22 03:04:20.933  2982 14798 I Dck     : [WirelessCapabilitiesFeatures] deviceWccOverride: false [CONTEXT service_id=289 ]
08-22 03:04:20.933  2982 14798 I Dck     : [WirelessCapabilitiesFeatures] replaceSupportedWccWithWccOverride: true [CONTEXT service_id=289 ]
08-22 03:04:20.935  2982 14798 I Dck     : [WirelessCapabilitiesFeatures] wccOverride: not set [CONTEXT service_id=289 ]
08-22 03:04:20.935  2006  2006 D QcrilMsgTunnelIfaceManager: handleMessage what = 1
08-22 03:04:20.936  2982 14798 I Dck     : (REDACTED) [WirelessCapabilitiesFeatures] wcc: %s
08-22 03:04:20.936  2982 14798 I Dck     : Dck module condition - hasWccSupport: false [CONTEXT service_id=289 ]
08-22 03:04:20.937  2006  2006 I QcrilOemhookMsgTunnel: [0]invokeOemRilRequestRaw: serial=1050 length=16
08-22 03:04:20.939  2982 14798 I Dck     : Dck module condition - downloadAllowed: false [CONTEXT service_id=289 ]
08-22 03:04:20.939  2982 14798 W Dck     : Dck module not eligible for asynchronous downloading [CONTEXT service_id=289 ]
08-22 03:04:20.939  2006  2033 I QcrilOemhookMsgTunnel: [0]processOemHookResponse serial no: 1050 error: 0length=88
08-22 03:04:20.940  8608  8643 I Finsky  : [2137] WM::SCH: Logging work initialize for 12-1
08-22 03:04:20.941  2006  2006 D QcrilMsgTunnelIfaceManager: handleMessage what = 2
08-22 03:04:20.942 31552 14807 I EuiccGoogle: [1869] UiccLogicalChannel.open: Locked on aid: A0000005591010FFFFFFFF8900000100
08-22 03:04:20.943  1476  2302 E IntervalStats: Unable to parse usage stats package 215
08-22 03:04:20.943  1476  2302 E IntervalStats: Unable to parse usage stats package 259
08-22 03:04:20.943  1476  2302 E IntervalStats: Unable to parse usage stats package 260
08-22 03:04:20.943  1476  2302 E IntervalStats: Unable to parse usage stats package 261
08-22 03:04:20.943  1476  2302 E IntervalStats: Unable to parse usage stats package 262
08-22 03:04:20.943  1476  2302 E IntervalStats: Unable to parse usage stats package 264
08-22 03:04:20.943  1476  2302 E IntervalStats: Unable to parse usage stats package 265
08-22 03:04:20.943  1476  2302 E IntervalStats: Unable to parse usage stats package 266
08-22 03:04:20.943  1476  2302 E IntervalStats: Unable to parse usage stats package 267
08-22 03:04:20.943  1476  2302 E IntervalStats: Unable to parse usage stats package 268
08-22 03:04:20.943  1476  2302 E IntervalStats: Unable to parse usage stats package 269
08-22 03:04:20.943  1476  2302 E IntervalStats: Unable to parse usage stats package 270
08-22 03:04:20.946  2982 14792 I NearbyDiscovery: (REDACTED) processGrantSlicePermission: %s
08-22 03:04:20.946  8608  8644 I Finsky  : [2138] WM::SCH: Logging work initialize for 37-100
08-22 03:04:20.949  1476  1476 I Telecom : DefaultDialerCache: Refreshing default dialer for user 0: now com.google.android.dialer: DDC.oR@Anc
08-22 03:04:20.966  1476  1476 V BackupManagerConstants: getFullBackupIntervalMilliseconds(...) returns 86400000
08-22 03:04:20.966  1476  1476 V BackupManagerConstants: getFullBackupRequiredNetworkType(...) returns 2
08-22 03:04:20.966  1476  1476 V BackupManagerConstants: getFullBackupRequireCharging(...) returns true
08-22 03:04:20.970  2982 12565 W Conscrypt: Could not set socket write timeout: java.net.SocketException: Socket closed
08-22 03:04:20.973  2982 12565 W Conscrypt: 	at com.google.android.gms.org.conscrypt.Platform.setSocketWriteTimeout(:com.google.android.gms@253133022@25.31.33 (150400-795226510):219)
08-22 03:04:20.973  2982 12565 W Conscrypt: 	at com.google.android.gms.org.conscrypt.ConscryptFileDescriptorSocket.setSoWriteTimeout(:com.google.android.gms@253133022@25.31.33 (150400-795226510):4)
08-22 03:04:20.986  2219  2219 E PhoneInterfaceManager: [PhoneIntfMgr] iccOpenLogicalChannel: Exception: com.android.internal.telephony.CommandException: NO_SUCH_ELEMENT
08-22 03:04:20.987 31552 14807 E EuiccGoogle: [1869] UiccLogicalChannel.open: selectResponse is null. Unlocked for aid: A0000005591010FFFFFFFF8900000100
08-22 03:04:20.987 31552 14807 W EuiccGoogle: [1869] EuiccServiceImpl.onGetEuiccProfileInfoList: slotId=-1. No eUICC is active. Return null.
08-22 03:04:21.018  2982 12565 W Conscrypt: Could not set socket write timeout: java.net.SocketException: Socket closed
08-22 03:04:21.018  2982 12565 W Conscrypt: 	at com.google.android.gms.org.conscrypt.Platform.setSocketWriteTimeout(:com.google.android.gms@253133022@25.31.33 (150400-795226510):219)
08-22 03:04:21.018  2982 12565 W Conscrypt: 	at com.google.android.gms.org.conscrypt.ConscryptFileDescriptorSocket.setSoWriteTimeout(:com.google.android.gms@253133022@25.31.33 (150400-795226510):4)
08-22 03:04:21.033  8608  8654 E Finsky  : [2146] [Counters] attempted to use a non-positive increment for: 4753
08-22 03:04:21.033  2982 13546 I Icing   : IndexChimeraService.getServiceInterface callingPackage=com.google.android.gms componentName=AppsCorpus serviceId=36
08-22 03:04:21.036 31643 31643 I dqbe    : (REDACTED) latestAudioLevel=%d
08-22 03:04:21.037 31643 31643 I capk    : (REDACTED) animateTo: to: %s, duration: %s
08-22 03:04:21.041  2982  2982 D BoundBrokerSvc: onBind: Intent { act=com.google.android.gms.feedback.internal.IFeedbackService dat=chimera-action: cmp=com.google.android.gms/.chimera.GmsBoundBrokerService }
08-22 03:04:21.041  2982  2982 D BoundBrokerSvc: Loading bound service for intent: Intent { act=com.google.android.gms.feedback.internal.IFeedbackService dat=chimera-action: cmp=com.google.android.gms/.chimera.GmsBoundBrokerService }
08-22 03:04:21.070  1476  1549 W Looper  : Slow delivery took 210ms android.fg h=android.os.Handler c=<recycled PooledLambda@fd78138> m=0
08-22 03:04:21.073  8608  8654 E Finsky  : [2146] [Counters] attempted to use a non-positive increment for: 4753
08-22 03:04:21.075  8608  8654 I Finsky  : [2146] SCH: Scheduling phonesky job Id: 12-1, CT: 1755846260909, Constraints: [{ L: 15000, D: 86400000, C: CHARGING_NONE, I: IDLE_NONE, N: NET_ANY, B: BATTERY_ANY }]
08-22 03:04:21.088  2982 13547 I Icing   : IndexChimeraService.getServiceInterface callingPackage=com.google.android.gms componentName=null serviceId=30
08-22 03:04:21.124  2982 12565 I Icing   : Usage reports ok 3, Failed Usage reports 0, indexed 0, rejected 0
08-22 03:04:21.152  2982 14771 I IntentFilterIntentOp: (REDACTED) Verification %d complete. Success:%b. Failed hosts:%s.
08-22 03:04:21.152  1476  1580 I PackageManager: autoVerify ignored when installing for all users
08-22 03:04:21.155  8608  8658 I Finsky  : [2151] SCH: Scheduling 1 system job(s)
08-22 03:04:21.155  8608  8658 I Finsky  : [2151] SCH: Scheduling system job Id: 9052, L: 14754, D: 73134420, C: false, I: false, N: 1
08-22 03:04:21.191  2982 12565 I Icing   : Usage reports ok 0, Failed Usage reports 0, indexed 0, rejected 0
08-22 03:04:21.194  2982 12565 I Icing   : Indexing com.google.android.gms-apps from com.google.android.gms
08-22 03:04:21.199  2230  2284 I PermissionControllerServiceImpl: Updating user sensitive for uid 10513
08-22 03:04:21.204  2982 12565 I Icing   : Indexing done com.google.android.gms-apps
08-22 03:04:21.212  8608  8658 I Finsky  : [2151] AIM: AppInfoManager-Perf > ItemModel > CacheSize=48, cacheHitCount=0, cacheMissCount=0, total appsWithNoServerDataCount=0. Missed  in cache (limit 10) : []
08-22 03:04:21.212  8608  8658 I Finsky  : [2151] AIM: AppInfoManager-Perf > ItemModel > CacheSize=48, cacheHitCount=0, cacheMissCount=0, total appsWithNoServerDataCount=0. Missed  in cache (limit 10) : []
08-22 03:04:21.215  8608  8644 I Finsky  : [2138] [ContentSync] finished, scheduled=true
08-22 03:04:21.215  8608  8658 I Finsky  : [2151] SCH: Scheduling phonesky job Id: 37-100, CT: 1755846260926, Constraints: [{ L: 0, D: 0, C: CHARGING_NONE, I: IDLE_NONE, N: NET_NONE, B: BATTERY_ANY }, { L: 0, D: 0, C: CHARGING_NONE, I: IDLE_NONE, N: NET_NONE, B: BATTERY_ANY }]
08-22 03:04:21.219  8608  8658 I Finsky  : [2151] SCH: Scheduling 1 system job(s)
08-22 03:04:21.220  8608  8658 I Finsky  : [2151] SCH: Scheduling system job Id: 9051, L: 0, D: 0, C: false, I: false, N: 0
08-22 03:04:21.228  1476  1549 W Looper  : Drained
08-22 03:04:21.237  8608  8608 I Finsky  : [2] SCH: job service start with id 9051.
08-22 03:04:21.239  8608  8658 I Finsky  : [2151] AIM: AppInfoManager-Perf > getApps > data collection finished
08-22 03:04:21.240  1476  1485 I system_server: Background concurrent copying GC freed 501829(22MB) AllocSpace objects, 140(5916KB) LOS objects, 43% free, 30MB/54MB, paused 733us total 451.792ms
08-22 03:04:21.240  8608  8658 I Finsky  : [2151] AIM: AppInfoManager-Perf > maybeDestroyAppInfoManager is called. actives = 0
08-22 03:04:21.254  8608 14804 I Finsky  : [2296] SCH: Satisfied jobs for 9051 are: 37-100
08-22 03:04:21.260  1476  1487 W System  : A resource failed to call release. 
08-22 03:04:21.260  1476  1487 W System  : A resource failed to call release. 
08-22 03:04:21.260  8608 14814 I Finsky  : [2300] SCH: Job 37-100 starting
08-22 03:04:21.261  8608  8608 I Finsky  : [2] WM::SCH: Logging work start for 37-100
08-22 03:04:21.261  8608  8608 I Finsky  : [2] Received an install/uninstall event for package io.scoregenius.app
08-22 03:04:21.262  8608  8608 I Finsky  : [2] SCH: jobFinished: 37-100. TimeElapsed: 1ms.
08-22 03:04:21.262  8608  8608 I Finsky  : [2] WM::SCH: Logging work end for 37-100
08-22 03:04:21.262  1476  1487 W System  : A resource failed to call release. 
08-22 03:04:21.262  1476  1487 I chatty  : uid=1000(system) FinalizerDaemon identical 1 line
08-22 03:04:21.262  1476  1487 W System  : A resource failed to call release. 
08-22 03:04:21.264  8608  8654 I Finsky  : [2146] Not an active Cubes user. Ignoring package install/uninstall event.
08-22 03:04:21.291  8608  8654 I Finsky  : [2146] SCH: Scheduling phonesky job Id: 26-1414141414, CT: 1755817767802, Constraints: [{ L: 43200000, D: 44100000, C: CHARGING_NONE, I: IDLE_NONE, N: NET_NONE, B: BATTERY_ANY }]
08-22 03:04:21.292  8608  8661 I Finsky  : [2153] Installer package name of package com.android.settings is 
08-22 03:04:21.293  8608  8661 I Finsky  : [2153] Installer package name of package io.scoregenius.app is 
08-22 03:04:21.306 31643 31643 I dqbe    : (REDACTED) latestAudioLevel=%d
08-22 03:04:21.306 31643 31643 I capk    : (REDACTED) animateTo: to: %s, duration: %s
08-22 03:04:21.307  8608  8654 I Finsky  : [2146] SCH: Scheduling 1 system job(s)
08-22 03:04:21.308  8608  8654 I Finsky  : [2146] SCH: Scheduling system job Id: 9056, L: 14706495, D: 15606495, C: false, I: false, N: 0
08-22 03:04:21.380  8608 14814 I Finsky  : [2300] SCH: job service finished with id 9051.
08-22 03:04:21.436  2008  2151 W ForegroundServiceTracke: User disabled notifications for app
08-22 03:04:21.576 31643 31643 I dqbe    : (REDACTED) latestAudioLevel=%d
08-22 03:04:21.577 31643 31643 I capk    : (REDACTED) animateTo: to: %s, duration: %s
08-22 03:04:21.606  8608  8608 E Finsky  : [2] Failed to load an Item com.android.vending, missing shared fields: [4], missing type-specific fields: [0, 0, 0, 0, 0, 0, 0, 0, 64]
08-22 03:04:21.606  8608  8608 E Finsky  : [2] Failed to load an Item com.google.android.apps.vega, no data available.
08-22 03:04:21.606  8608  8608 E Finsky  : [2] Failed to load an Item com.google.android.apps.youtube.vr, no data available.
08-22 03:04:21.606  8608  8608 E Finsky  : [2] Failed to load an Item com.google.android.vr.home, no data available.
08-22 03:04:21.607  8608  8608 E Finsky  : [2] Required items [com.android.vending, com.google.android.apps.vega, com.google.android.apps.youtube.vr, com.google.android.vr.home]
08-22 03:04:21.607  8608  8608 E Finsky  : [2] Requested items [[com.google.android.apps.youtube.vr, com.android.vending, com.google.android.vr.home, com.google.android.apps.vega]]
08-22 03:04:21.607  8608  8608 E Finsky  : [2] Retrieved items []
08-22 03:04:21.845 31643 31643 I dqbe    : (REDACTED) latestAudioLevel=%d
08-22 03:04:21.846 31643 31643 I capk    : (REDACTED) animateTo: to: %s, duration: %s
08-22 03:04:22.115 31643 31643 I dqbe    : (REDACTED) latestAudioLevel=%d
08-22 03:04:22.116 31643 31643 I capk    : (REDACTED) animateTo: to: %s, duration: %s
08-22 03:04:22.165  1060  1090 I CHRE    : @ 28282.088: [ImuCal] [NanoSensorCal:GYRO_RPS] Offset | Temperature [C]: 0.002393, 0.002258, -0.001570 | 17.39
08-22 03:04:22.165  1060  1090 I CHRE    : @ 28282.088: [ImuCal] [NanoSensorCal:GYRO_RPS] Temp Sensitivity: -0.000376, 0.000026, -0.000243
08-22 03:04:22.165  1060  1090 I CHRE    : @ 28282.088: [ImuCal] [NanoSensorCal:GYRO_RPS] Temp Intercept: 0.009102, 0.001696, 0.002674
08-22 03:04:22.385 31643 31643 I dqbe    : (REDACTED) latestAudioLevel=%d
08-22 03:04:22.386 31643 31643 I capk    : (REDACTED) animateTo: to: %s, duration: %s
08-22 03:04:22.656 31643 31643 I dqbe    : (REDACTED) latestAudioLevel=%d
08-22 03:04:22.657 31643 31643 I capk    : (REDACTED) animateTo: to: %s, duration: %s
08-22 03:04:22.925 31643 31643 I dqbe    : (REDACTED) latestAudioLevel=%d
08-22 03:04:22.926 31643 31643 I capk    : (REDACTED) animateTo: to: %s, duration: %s
08-22 03:04:23.196 31643 31643 I dqbe    : (REDACTED) latestAudioLevel=%d
08-22 03:04:23.197 31643 31643 I capk    : (REDACTED) animateTo: to: %s, duration: %s
08-22 03:04:23.464 31643 31643 I dqbe    : (REDACTED) latestAudioLevel=%d
08-22 03:04:23.464 31643 31643 I capk    : (REDACTED) animateTo: to: %s, duration: %s
08-22 03:04:23.734 31643 31643 I dqbe    : (REDACTED) latestAudioLevel=%d
08-22 03:04:23.735 31643 31643 I capk    : (REDACTED) animateTo: to: %s, duration: %s
08-22 03:04:24.005 31643 31643 I dqbe    : (REDACTED) latestAudioLevel=%d
08-22 03:04:24.006 31643 31643 I capk    : (REDACTED) animateTo: to: %s, duration: %s
08-22 03:04:24.273 10942 10942 I WirelessDebuggingEnabler: ADB_WIFI_ENABLED=true
08-22 03:04:24.274  1476  5059 E AdbDebuggingManager: Expected keyStore, but got tag=null
08-22 03:04:24.275  1476  5059 E AdbDebuggingManager: Expected keyStore, but got tag=null
08-22 03:04:24.283  1476  1549 I ActivityTaskManager: START u0 {flg=0x10000000 cmp=com.android.systemui/.wifi.WifiDebuggingActivity (has extras)} from uid 1000
08-22 03:04:24.283  1476  1552 D EventSequenceValidator: Transition from INTENT_FAILED to INTENT_STARTED
08-22 03:04:24.284 31643 31643 I dqbe    : (REDACTED) latestAudioLevel=%d
08-22 03:04:24.284 31643 31643 I capk    : (REDACTED) animateTo: to: %s, duration: %s
08-22 03:04:24.287 14822 14825 I chatty  : uid=2000(shell) expire 2 lines
08-22 03:04:24.287 14822 14823 I chatty  : uid=2000(shell) expire 1 line
08-22 03:04:24.288 14822 14827 I chatty  : uid=2000(shell) expire 1 line
08-22 03:04:24.288   671   671 D android.hardware.power@1.3-service.pixel-libperfmgr: LAUNCH: 1
08-22 03:04:24.293  1476  1552 D EventSequenceValidator: Transition from INTENT_STARTED to ACTIVITY_LAUNCHED
08-22 03:04:24.298   960  1696 D audio_hw_primary: out_set_parameters: enter: usecase(1: low-latency-playback) kvpairs: routing=2
08-22 03:04:24.298  1476  1502 I system_server: oneway function results will be dropped but finished with status OK and parcel size 4
08-22 03:04:24.299  1476  1502 I system_server: oneway function results will be dropped but finished with status OK and parcel size 4
08-22 03:04:24.300   960  3094 D audio_hw_primary: select_devices_with_force_switch: changing use case low-latency-playback output device from(4: speaker-safe, acdb 15) to (2: speaker, acdb 15)
08-22 03:04:24.300   960  3094 D audio_hw_primary: enable_snd_device: snd_device(2: speaker)
08-22 03:04:24.300   671   671 D android.hardware.power@1.3-service.pixel-libperfmgr: AUDIO_STREAMING: 1
08-22 03:04:24.300   960  3094 D audio_route: Apply path: speaker
08-22 03:04:24.300  1476  5059 I system_server: oneway function results will be dropped but finished with status OK and parcel size 4
08-22 03:04:24.300   960  3094 D ACDB-LOADER: ACDB -> send_audio_cal, acdb_id = 15, path = 0, app id = 0x11130, sample rate = 48000
08-22 03:04:24.300   960  3094 D ACDB-LOADER: ACDB -> ACDB_CMD_GET_AUDPROC_GAIN_DEP_STEP_TABLE, vol index 0
08-22 03:04:24.300   960  3094 D android.hardware.audio.service: Failed to fetch the lookup information of the device 0000000F 
08-22 03:04:24.300   960  3094 E ACDB-LOADER: Error: ACDB AudProc vol returned = -19
08-22 03:04:24.300   960  3094 D ACDB-LOADER: ACDB -> GET_AFE_TOPOLOGY_ID for adcd_id 15, Topology Id 1025e
08-22 03:04:24.300   960  3094 D audio_hw_primary: enable_audio_route: usecase(1) apply and update mixer path: low-latency-playback speaker
08-22 03:04:24.300   960  3094 D audio_route: Apply path: low-latency-playback speaker
08-22 03:04:24.305  1476  5059 W ActivityTaskManager: Tried to set launchTime (0) < mLastActivityLaunchTime (13176284)
08-22 03:04:24.309 10942 10942 I WirelessDebuggingEnabler: ADB_WIFI_ENABLED=false
08-22 03:04:24.322 31643 31673 I depr    : #onCloseSystemDialogs
08-22 03:04:24.322 31643 31643 I depr    : Suppress VoiceInteractionSession.onCloseSystemDialogs() callback
08-22 03:04:24.322 31643 31678 I dftc    : onCloseSystemDialogs
08-22 03:04:24.325  1873  1873 V ShadeControllerImpl: NotificationShadeWindow: com.android.systemui.statusbar.phone.NotificationShadeWindowView{6e21e0c I.E...... ......ID 0,0-1440,2880} canPanelBeCollapsed(): false
08-22 03:04:24.355  1476  1557 D ArtManagerInternalImpl: /data/misc/iorapd/com.android.systemui/30/com.android.systemui.wifi.WifiDebuggingActivity/compiled_traces/compiled_trace.pb doesn't exist
08-22 03:04:24.356   671   671 D android.hardware.power@1.3-service.pixel-libperfmgr: LAUNCH: 0
08-22 03:04:24.357  1476  1552 D EventSequenceValidator: Transition from ACTIVITY_LAUNCHED to ACTIVITY_FINISHED
08-22 03:04:24.359  1476  1557 I ActivityTaskManager: Displayed com.android.systemui/.wifi.WifiDebuggingActivity: +66ms
08-22 03:04:24.553 31643 31643 I dqbe    : (REDACTED) latestAudioLevel=%d
08-22 03:04:24.554 31643 31643 I capk    : (REDACTED) animateTo: to: %s, duration: %s
08-22 03:04:24.666   960  3094 D audio_hw_primary: out_write: retry previous failed cal level set
08-22 03:04:24.666   671   671 D android.hardware.power@1.3-service.pixel-libperfmgr: AUDIO_STREAMING: 0
08-22 03:04:24.689  1072  1321 W AudioFlinger: write blocked for 389 msecs, 5 delayed writes, thread 13
08-22 03:04:24.823 31643 31643 I dqbe    : (REDACTED) latestAudioLevel=%d
08-22 03:04:24.824 31643 31643 I capk    : (REDACTED) animateTo: to: %s, duration: %s
08-22 03:04:24.825  1476  1502 I system_server: oneway function results will be dropped but finished with status OK and parcel size 4
08-22 03:04:25.093 31643 31643 I dqbe    : (REDACTED) latestAudioLevel=%d
08-22 03:04:25.093 31643 31643 I capk    : (REDACTED) animateTo: to: %s, duration: %s
08-22 03:04:25.362 31643 31643 I dqbe    : (REDACTED) latestAudioLevel=%d
08-22 03:04:25.363 31643 31643 I capk    : (REDACTED) animateTo: to: %s, duration: %s
08-22 03:04:25.495  1476  5080 I system_server: oneway function results will be dropped but finished with status OK and parcel size 4
08-22 03:04:25.507  1476 14833 E AdbDebuggingManager: Caught an exception opening the socket: java.io.IOException: No such file or directory
08-22 03:04:25.532 14834 14838 I chatty  : uid=2000(shell) usb ffs open expire 6 lines
08-22 03:04:25.532 14834 14836 I chatty  : uid=2000(shell) /apex/com.android.adbd/bin/adbd expire 6 lines
08-22 03:04:25.533 14834 14840 I chatty  : uid=2000(shell) /apex/com.android.adbd/bin/adbd expire 2 lines
08-22 03:04:25.538 14834 14841 I chatty  : uid=2000(shell) /apex/com.android.adbd/bin/adbd expire 3 lines
08-22 03:04:25.550  1873  2509 D OpenGLRenderer: endAllActiveAnimators on 0x72c7718430 (RippleDrawable) with handle 0x71e7523f60
08-22 03:04:25.557  1476  3586 E AdbDebuggingManager: Expected keyStore, but got tag=null
08-22 03:04:25.557  1476  3586 E AdbDebuggingManager: Expected keyStore, but got tag=null
08-22 03:04:25.558 10942 14842 D SettingsActivity: No enabled state changed, skipping updateCategory call
08-22 03:04:25.566 20907 20907 I GoogleInputMethodService: GoogleInputMethodService.onFinishInput():2054 
08-22 03:04:25.567 20907 20907 I Module  : DeviceLockedStatusModuleProvider$Module.updateDeviceLockedStatus():100 repeatCheckTimes = 0, locked = false
08-22 03:04:25.568 20907 20907 I GoogleInputMethodService: GoogleInputMethodService.onStartInput():1315 onStartInput(EditorInfo{EditorInfo{packageName=com.android.settings, inputType=0, inputTypeString=NULL, enableLearning=false, autoCorrection=false, autoComplete=false, imeOptions=0, privateImeOptions=null, actionName=UNSPECIFIED, actionLabel=null, initialSelStart=-1, initialSelEnd=-1, initialCapsMode=0, label=null, fieldId=-1, fieldName=null, extras=null, hintText=null, hintLocales=[]}}, false)
08-22 03:04:25.569 20907 20907 I Module  : DeviceLockedStatusModuleProvider$Module.updateDeviceLockedStatus():100 repeatCheckTimes = 1, locked = false
08-22 03:04:25.621  1476  3586 I system_server: oneway function results will be dropped but finished with status OK and parcel size 4
08-22 03:04:25.631 31643 31643 I dqbe    : (REDACTED) latestAudioLevel=%d
08-22 03:04:25.632 31643 31643 I capk    : (REDACTED) animateTo: to: %s, duration: %s
08-22 03:04:25.849 31643 31643 W Choreographer: Frame time is 0.216072 ms in the future!  Check that graphics HAL is generating vsync timestamps using the correct timebase.
08-22 03:04:25.849 10942 10942 W Choreographer: Frame time is 0.217947 ms in the future!  Check that graphics HAL is generating vsync timestamps using the correct timebase.
08-22 03:04:25.901 31643 31643 I dqbe    : (REDACTED) latestAudioLevel=%d
08-22 03:04:25.901 31643 31643 I capk    : (REDACTED) animateTo: to: %s, duration: %s
08-22 03:04:26.171 31643 31643 I dqbe    : (REDACTED) latestAudioLevel=%d
08-22 03:04:26.172 31643 31643 I capk    : (REDACTED) animateTo: to: %s, duration: %s
08-22 03:04:26.440 31643 31643 I dqbe    : (REDACTED) latestAudioLevel=%d
08-22 03:04:26.441 31643 31643 I capk    : (REDACTED) animateTo: to: %s, duration: %s
08-22 03:04:26.509  1476  1549 W Looper  : Slow dispatch took 996ms android.fg h=com.android.server.adb.AdbDebuggingManager$AdbDebuggingHandler c=null m=27
08-22 03:04:26.509  1476  1549 W Looper  : Slow delivery took 996ms android.fg h=com.android.server.adb.AdbDebuggingManager$AdbDebuggingHandler c=null m=11
08-22 03:04:26.539 14834 14834 I chatty  : uid=2000(shell) /apex/com.android.adbd/bin/adbd expire 95 lines
08-22 03:04:26.559  1476  1549 W Looper  : Drained
08-22 03:04:26.571 14834 14845 I chatty  : uid=2000(shell) /apex/com.android.adbd/bin/adbd expire 3 lines
08-22 03:04:26.642 14834 14847 I chatty  : uid=2000(shell) /apex/com.android.adbd/bin/adbd expire 1 line
08-22 03:04:26.642 14834 14846 I chatty  : uid=2000(shell) /apex/com.android.adbd/bin/adbd expire 3 lines
08-22 03:04:26.687 14834 14849 I chatty  : uid=2000(shell) /apex/com.android.adbd/bin/adbd expire 1 line
08-22 03:04:26.687 14834 14848 I chatty  : uid=2000(shell) /apex/com.android.adbd/bin/adbd expire 3 lines
08-22 03:04:26.696 14834 14851 I chatty  : uid=2000(shell) /apex/com.android.adbd/bin/adbd expire 1 line
08-22 03:04:26.696 14834 14850 I chatty  : uid=2000(shell) /apex/com.android.adbd/bin/adbd expire 3 lines
08-22 03:04:26.708 31643 31643 I dqbe    : (REDACTED) latestAudioLevel=%d
08-22 03:04:26.709 31643 31643 I capk    : (REDACTED) animateTo: to: %s, duration: %s
08-22 03:04:26.709 14834 14853 I chatty  : uid=2000(shell) /apex/com.android.adbd/bin/adbd expire 1 line
08-22 03:04:26.709 14834 14852 I chatty  : uid=2000(shell) /apex/com.android.adbd/bin/adbd expire 3 lines
08-22 03:04:26.724 14834 14855 I chatty  : uid=2000(shell) /apex/com.android.adbd/bin/adbd expire 1 line
08-22 03:04:26.724 14834 14854 I chatty  : uid=2000(shell) /apex/com.android.adbd/bin/adbd expire 3 lines
08-22 03:04:26.731 14834 14857 I chatty  : uid=2000(shell) /apex/com.android.adbd/bin/adbd expire 1 line
08-22 03:04:26.731 14834 14856 I chatty  : uid=2000(shell) /apex/com.android.adbd/bin/adbd expire 3 lines
08-22 03:04:26.743 14834 14859 I chatty  : uid=2000(shell) /apex/com.android.adbd/bin/adbd expire 1 line
08-22 03:04:26.743 14834 14858 I chatty  : uid=2000(shell) /apex/com.android.adbd/bin/adbd expire 3 lines
08-22 03:04:26.974 31643 31643 I dqbe    : (REDACTED) latestAudioLevel=%d
08-22 03:04:26.975 31643 31643 I capk    : (REDACTED) animateTo: to: %s, duration: %s
08-22 03:04:26.975  1476  2302 I system_server: oneway function results will be dropped but finished with status OK and parcel size 4
08-22 03:04:27.102  1476  1502 I system_server: oneway function results will be dropped but finished with status OK and parcel size 4
08-22 03:04:27.189  1476 14860 I system_server: Pairing server started on port 39159
08-22 03:04:27.190  1476 14860 I AdbDebuggingManager-JNI: Waiting for pairing server to complete
08-22 03:04:27.190  1476  1686 D NsdService: Register service
08-22 03:04:27.190  1476  1686 D NsdService: registerService: 5 name: adb-712KPYR1072490-RhRYWZ, type: _adb-tls-pairing._tcp., host: null, port: 39159, txtRecord: 
08-22 03:04:27.190  1476  1686 D NsdService: mdnssd [register, 5, adb-712KPYR1072490-RhRYWZ, _adb-tls-pairing._tcp., 39159, ]
08-22 03:04:27.190 10942 10942 I WirelessDebuggingFrag: Got pairing code port=39159
08-22 03:04:27.191  1476  1686 D NsdService: Register 5 5
08-22 03:04:27.249 31643 31643 I dqbe    : (REDACTED) latestAudioLevel=%d
08-22 03:04:27.249 31643 31643 I capk    : (REDACTED) animateTo: to: %s, duration: %s
08-22 03:04:27.510 14834 14837 I chatty  : uid=2000(shell) adbd auth expire 2 lines
08-22 03:04:27.518 31643 31643 I dqbe    : (REDACTED) latestAudioLevel=%d
08-22 03:04:27.519 31643 31643 I capk    : (REDACTED) animateTo: to: %s, duration: %s
08-22 03:04:27.545 10942 10942 I WirelessDebuggingEnabler: ADB_WIFI_ENABLED=true
08-22 03:04:27.548  1476  1502 E AdbDebuggingManager: Expected keyStore, but got tag=null
08-22 03:04:27.548  1476  1502 E AdbDebuggingManager: Expected keyStore, but got tag=null
08-22 03:04:27.551 10942 10942 I WirelessDebuggingFrag: onEnabled(): connect_port=37678
08-22 03:04:27.630 14834 14865 I chatty  : uid=2000(shell) /apex/com.android.adbd/bin/adbd expire 1 line
08-22 03:04:27.788 31643 31643 I dqbe    : (REDACTED) latestAudioLevel=%d
08-22 03:04:27.789 31643 31643 I capk    : (REDACTED) animateTo: to: %s, duration: %s
08-22 03:04:27.857 14834 14867 I chatty  : uid=2000(shell) /apex/com.android.adbd/bin/adbd expire 1 line
08-22 03:04:27.857 14834 14866 I chatty  : uid=2000(shell) /apex/com.android.adbd/bin/adbd expire 3 lines
08-22 03:04:27.864 14834 14869 I chatty  : uid=2000(shell) /apex/com.android.adbd/bin/adbd expire 1 line
08-22 03:04:27.864 14834 14868 I chatty  : uid=2000(shell) /apex/com.android.adbd/bin/adbd expire 3 lines
08-22 03:04:27.871  1476  1686 D NsdService: Native daemon message SERVICE_REGISTERED: 606 5 "adb-712KPYR1072490-RhRYWZ"
08-22 03:04:27.883 14834 14871 I chatty  : uid=2000(shell) /apex/com.android.adbd/bin/adbd expire 1 line
08-22 03:04:27.884 14834 14870 I chatty  : uid=2000(shell) /apex/com.android.adbd/bin/adbd expire 3 lines
08-22 03:04:27.897 14834 14873 I chatty  : uid=2000(shell) /apex/com.android.adbd/bin/adbd expire 1 line
08-22 03:04:27.897 14834 14872 I chatty  : uid=2000(shell) /apex/com.android.adbd/bin/adbd expire 3 lines
08-22 03:04:27.906 14834 14875 I chatty  : uid=2000(shell) /apex/com.android.adbd/bin/adbd expire 1 line
08-22 03:04:27.906 14834 14874 I chatty  : uid=2000(shell) /apex/com.android.adbd/bin/adbd expire 3 lines
08-22 03:04:27.915 14834 14877 I chatty  : uid=2000(shell) /apex/com.android.adbd/bin/adbd expire 1 line
08-22 03:04:27.915 14834 14876 I chatty  : uid=2000(shell) /apex/com.android.adbd/bin/adbd expire 3 lines
08-22 03:04:27.918 14834 14834 I chatty  : uid=2000(shell) /apex/com.android.adbd/bin/adbd expire 2 lines
08-22 03:04:28.058 31643 31643 I dqbe    : (REDACTED) latestAudioLevel=%d
08-22 03:04:28.059 31643 31643 I capk    : (REDACTED) animateTo: to: %s, duration: %s
08-22 03:04:28.328 31643 31643 I dqbe    : (REDACTED) latestAudioLevel=%d
08-22 03:04:28.329 31643 31643 I capk    : (REDACTED) animateTo: to: %s, duration: %s
08-22 03:04:28.598 31643 31643 I dqbe    : (REDACTED) latestAudioLevel=%d
08-22 03:04:28.599 31643 31643 I capk    : (REDACTED) animateTo: to: %s, duration: %s
08-22 03:04:28.631 14834 14865 I chatty  : uid=2000(shell) /apex/com.android.adbd/bin/adbd expire 2 lines
08-22 03:04:28.632 14834 14834 I chatty  : uid=2000(shell) /apex/com.android.adbd/bin/adbd expire 3 lines
08-22 03:04:28.670 14834 14838 I chatty  : uid=2000(shell) usb ffs open expire 2 lines
08-22 03:04:28.672 14834 14878 I chatty  : uid=2000(shell) /apex/com.android.adbd/bin/adbd expire 1 line
08-22 03:04:28.768 14834 14834 I chatty  : uid=2000(shell) /apex/com.android.adbd/bin/adbd expire 1 line
08-22 03:04:28.768 14834 14879 I chatty  : uid=2000(shell) /apex/com.android.adbd/bin/adbd expire 3 lines
08-22 03:04:28.768 14834 14880 I chatty  : uid=2000(shell) /apex/com.android.adbd/bin/adbd expire 1 line
08-22 03:04:28.769 14834 14834 I chatty  : uid=2000(shell) /apex/com.android.adbd/bin/adbd expire 8 lines
08-22 03:04:28.866 31643 31643 I dqbe    : (REDACTED) latestAudioLevel=%d
08-22 03:04:28.867 31643 31643 I capk    : (REDACTED) animateTo: to: %s, duration: %s
08-22 03:04:29.083 14834 14882 I chatty  : uid=2000(shell) /apex/com.android.adbd/bin/adbd expire 1 line
08-22 03:04:29.083 14834 14881 I chatty  : uid=2000(shell) /apex/com.android.adbd/bin/adbd expire 2 lines
08-22 03:04:29.136 31643 31643 I dqbe    : (REDACTED) latestAudioLevel=%d
08-22 03:04:29.137 31643 31643 I capk    : (REDACTED) animateTo: to: %s, duration: %s
08-22 03:04:29.405 31643 31643 I dqbe    : (REDACTED) latestAudioLevel=%d
08-22 03:04:29.406 31643 31643 I capk    : (REDACTED) animateTo: to: %s, duration: %s
08-22 03:04:29.498 14834 14834 I chatty  : uid=2000(shell) /apex/com.android.adbd/bin/adbd expire 4 lines
08-22 03:04:29.500 14834 14885 I chatty  : uid=2000(shell) /apex/com.android.adbd/bin/adbd expire 1 line
08-22 03:04:29.500 14834 14834 I chatty  : uid=2000(shell) /apex/com.android.adbd/bin/adbd expire 1 line
08-22 03:04:29.500 14834 14888 I chatty  : uid=2000(shell) /apex/com.android.adbd/bin/adbd expire 3 lines
08-22 03:04:29.500 14834 14834 I chatty  : uid=2000(shell) /apex/com.android.adbd/bin/adbd expire 3 lines
08-22 03:04:29.500 14834 14893 I chatty  : uid=2000(shell) /apex/com.android.adbd/bin/adbd expire 1 line
08-22 03:04:29.501 14834 14886 I chatty  : uid=2000(shell) /apex/com.android.adbd/bin/adbd expire 3 lines
08-22 03:04:29.501 14834 14884 I chatty  : uid=2000(shell) /apex/com.android.adbd/bin/adbd expire 3 lines
08-22 03:04:29.501 14834 14891 I chatty  : uid=2000(shell) /apex/com.android.adbd/bin/adbd expire 1 line
08-22 03:04:29.501 14834 14892 I chatty  : uid=2000(shell) /apex/com.android.adbd/bin/adbd expire 1 line
08-22 03:04:29.501 14834 14887 I chatty  : uid=2000(shell) /apex/com.android.adbd/bin/adbd expire 1 line
08-22 03:04:29.501 14834 14890 I chatty  : uid=2000(shell) /apex/com.android.adbd/bin/adbd expire 2 lines
08-22 03:04:29.501 14834 14892 I chatty  : uid=2000(shell) /apex/com.android.adbd/bin/adbd expire 1 line
08-22 03:04:29.501 14834 14889 I chatty  : uid=2000(shell) /apex/com.android.adbd/bin/adbd expire 1 line
08-22 03:04:29.501 14834 14892 I chatty  : uid=2000(shell) /apex/com.android.adbd/bin/adbd expire 1 line
08-22 03:04:29.501 14834 14834 I chatty  : uid=2000(shell) /apex/com.android.adbd/bin/adbd expire 5 lines
08-22 03:04:29.501 14834 14890 I chatty  : uid=2000(shell) /apex/com.android.adbd/bin/adbd expire 1 line
08-22 03:04:29.502 14834 14834 I chatty  : uid=2000(shell) /apex/com.android.adbd/bin/adbd expire 22 lines
08-22 03:04:29.506 14834 14883 I chatty  : uid=2000(shell) /apex/com.android.adbd/bin/adbd expire 4 lines
08-22 03:04:29.508 14834 14883 I adbd    : [server]: Starting adbwifi tls handshake
08-22 03:04:29.525 14834 14834 I adbd    : New TLS connection [fd=24]
08-22 03:04:29.525 14834 14895 I adbd    : host-24: write thread spawning
08-22 03:04:29.525 14834 14894 I adbd    : host-24: read thread spawning
08-22 03:04:29.525 14834 14894 I adbd    : host-24: read failed: Success
08-22 03:04:29.525 14834 14894 I adbd    : host-24: connection terminated: read failed
08-22 03:04:29.525 14834 14834 I adbd    : host-24: already offline
08-22 03:04:29.525 14834 14834 I adbd    : destroying transport host-24
08-22 03:04:29.525 14834 14834 I adbd    : BlockingConnectionAdapter(host-24): stopping
08-22 03:04:29.526 14834 14834 I adbd    : BlockingConnectionAdapter(host-24): stopped
08-22 03:04:29.526 14834 14834 I adbd    : BlockingConnectionAdapter(host-24): destructing
08-22 03:04:29.526 14834 14834 I adbd    : BlockingConnectionAdapter(host-24): already stopped
08-22 03:04:29.527 14834 14883 I adbd    : adbd_auth: loading keys from /data/misc/adb/adb_keys
08-22 03:04:29.527 14834 14883 I adbd    : Matched auth_key=QAAAALltY5d3d3/KgcfQIiOuzE6gEqrMBLpAx3Wx8mTzcPV/RV0xeC2xr9kZ8RX3aIGiMIxuiwFUboRncKlOxDB9WOYazFMtvykGd5IetrnR4EquNcr54EArqQtSgQNvPtZzE2YsOZ+1jl62z0X5ulIRkYSbDBy4YIK/oFQ3s5Mji0CTCKwEuw2GRAxGQQhk1dZkbi9NqCE39OI7oP0j2httQBbcbMitSYDCLJNRQvpx1RwaMVReDYXkBKXcpPMooyM6lRQ1c89Hp7VUZl8+rL4qyshKgqRj+pYjDFZKi1L9ZVXl7JnhmY0036xhX4+eANphOt/x3Fj6pIit/LlUQCBLM78tnl7CrL5lWbqUa1fYFFgASI/P6XC4QJ/5kJ2NpFOp/rbBJTv17ZluNYz2E4nX4AzmB0AumXGLSiGIIfCNIl8rtyPtPBLxedh0p8hbku/Lw9GbPtuwEI4PwctDYXjvAqW+ebwtWWuENSON8VzQSi59Ii/JSRDVQP8yN/7Ghfjlt+kjDDhFAUHS6qSlOub3Z6aFu5485S1q2qXSWAedWHr2Dq6cr3RyfElKfgNOicaPK0tNk/Cg40TvsyRkPpMSWskcEPLdK9Kx9wFc+xeyMocyTpM2MYnY7n1xiDvaSbdgvuMMiFSHoUEOjUiFlvOPhS3OT7wysN2HYs2Bm5WAfXV2Wy+DYgEAAQA= mattb@New-Macbook
08-22 03:04:29.528 14834 14883 I adbd    : [server]: Handshake succeeded.
08-22 03:04:29.528 14834 14883 I adbd    : auth_key=QAAAALltY5d3d3/KgcfQIiOuzE6gEqrMBLpAx3Wx8mTzcPV/RV0xeC2xr9kZ8RX3aIGiMIxuiwFUboRncKlOxDB9WOYazFMtvykGd5IetrnR4EquNcr54EArqQtSgQNvPtZzE2YsOZ+1jl62z0X5ulIRkYSbDBy4YIK/oFQ3s5Mji0CTCKwEuw2GRAxGQQhk1dZkbi9NqCE39OI7oP0j2httQBbcbMitSYDCLJNRQvpx1RwaMVReDYXkBKXcpPMooyM6lRQ1c89Hp7VUZl8+rL4qyshKgqRj+pYjDFZKi1L9ZVXl7JnhmY0036xhX4+eANphOt/x3Fj6pIit/LlUQCBLM78tnl7CrL5lWbqUa1fYFFgASI/P6XC4QJ/5kJ2NpFOp/rbBJTv17ZluNYz2E4nX4AzmB0AumXGLSiGIIfCNIl8rtyPtPBLxedh0p8hbku/Lw9GbPtuwEI4PwctDYXjvAqW+ebwtWWuENSON8VzQSi59Ii/JSRDVQP8yN/7Ghfjlt+kjDDhFAUHS6qSlOub3Z6aFu5485S1q2qXSWAedWHr2Dq6cr3RyfElKfgNOicaPK0tNk/Cg40TvsyRkPpMSWskcEPLdK9Kx9wFc+xeyMocyTpM2MYnY7n1xiDvaSbdgvuMMiFSHoUEOjUiFlvOPhS3OT7wysN2HYs2Bm5WAfXV2Wy+DYgEAAQA= mattb@New-Macbook
08-22 03:04:29.528 14834 14883 I adbd    : adbd_wifi_secure_connect: connected host-23
08-22 03:04:29.528 14834 14896 I adbd    : host-23: read thread spawning
08-22 03:04:29.528 14834 14837 I adbd    : adbd_auth: marking framework writable
