08-28 00:37:29.421     0     0 I trusty  : [GF_TA][E][gf_tee_storage][gf_tee_open_object] exit. err=GF_ERROR_OPEN_SECURE_OBJECT_FAILED, errno=1035
08-28 00:37:29.421     0     0 I trusty  : [GF_TA][E][gf_secure_object][gf_so_load_persistent_object] so(finger_0_3_bak.so) not exist
08-28 00:37:29.421     0     0 I trusty  : [GF_TA][E][gf_secure_object][gf_so_load_persistent_object] exit. err=GF_ERROR_OPEN_SECURE_OBJECT_FAILED, errno=1035
08-28 00:37:29.421     0     0 I trusty  : [GF_TA][E][gf_fpcore_common][fpcore_load_template_object] exit. err=GF_ERROR_OPEN_SECURE_OBJECT_FAILED, errno=1035
08-28 00:37:29.421     0     0 I trusty  : [GF_TA][E][gf_fpcore_common][fpcore_get_finger_ids_from_so] exit. err=GF_ERROR_OPEN_SECURE_OBJECT_FAILED, errno=1035
08-28 00:37:29.423     0     0 I trusty  : [GF_TA][I][gf_tee_storage][trusty_file_open] 0 LHBM_finger_0_0.so 1
08-28 00:37:30.019     0     0 I trusty  : [GF_TA][I][gf_utils][gf_decompress] start zstd un compress 
08-28 00:37:30.019     0     0 I trusty  : [GF_TA][E][gf_utils][gf_decompress] failed to decompress data! err: Unknown frame descriptor  len:***
08-28 00:37:30.019     0     0 I trusty  : [GF_TA][E][gf_fpcore_common][fpcore_load_template_object] decompress data failed
08-28 00:37:30.024     0     0 I trusty  : [GF_TA][I][gf_tee_storage][trusty_file_open] 0 LHBM_finger_0_1.so 1
08-28 00:37:30.025     0     0 I trusty  : [GF_TA][E][gf_tee_storage][trusty_file_open] Failed to open LHBM_finger_0_1.so on com.android.trusty.storage.client.td. No fallback available.
08-28 00:37:30.025     0     0 I trusty  : storage_client: 245: send_reqv: failed (-42) to send_msg
08-28 00:37:30.025     0     0 I trusty  : storage_client: 312: close file failed (-42)
08-28 00:37:30.025     0     0 I trusty  : [GF_TA][E][gf_tee_storage][gf_tee_open_object] exit. err=GF_ERROR_OPEN_SECURE_OBJECT_FAILED, errno=1035
08-28 00:37:30.025     0     0 I trusty  : [GF_TA][E][gf_secure_object][gf_so_load_persistent_object] so(finger_0_1.so) not exist
08-28 00:37:30.025     0     0 I trusty  : [GF_TA][E][gf_secure_object][gf_so_load_persistent_object] exit. err=GF_ERROR_OPEN_SECURE_OBJECT_FAILED, errno=1035
08-28 00:37:30.025     0     0 I trusty  : [GF_TA][E][gf_fpcore_common][fpcore_load_template_object] exit. err=GF_ERROR_OPEN_SECURE_OBJECT_FAILED, errno=1035
08-28 00:37:30.025     0     0 I trusty  : [GF_TA][I][gf_tee_storage][trusty_file_open] 0 LHBM_finger_0_1_bak.so 1
08-28 00:37:30.025     0     0 I trusty  : [GF_TA][E][gf_tee_storage][trusty_file_open] Failed to open LHBM_finger_0_1_bak.so on com.android.trusty.storage.client.td. No fallback available.
08-28 00:37:30.025     0     0 I trusty  : storage_client: 245: send_reqv: failed (-42) to send_msg
08-28 00:37:30.025     0     0 I trusty  : storage_client: 312: close file failed (-42)
08-28 00:37:30.025     0     0 I trusty  : [GF_TA][E][gf_tee_storage][gf_tee_open_object] exit. err=GF_ERROR_OPEN_SECURE_OBJECT_FAILED, errno=1035
08-28 00:37:30.025     0     0 I trusty  : [GF_TA][E][gf_secure_object][gf_so_load_persistent_object] so(finger_0_1_bak.so) not exist
08-28 00:37:30.025     0     0 I trusty  : [GF_TA][E][gf_secure_object][gf_so_load_persistent_object] exit. err=GF_ERROR_OPEN_SECURE_OBJECT_FAILED, errno=1035
08-28 00:37:30.025     0     0 I trusty  : [GF_TA][E][gf_fpcore_common][fpcore_load_template_object] exit. err=GF_ERROR_OPEN_SECURE_OBJECT_FAILED, errno=1035
08-28 00:37:30.025     0     0 I trusty  : [GF_TA][I][gf_tee_storage][trusty_file_open] 0 LHBM_finger_0_2.so 1
08-28 00:37:30.025     0     0 I trusty  : [GF_TA][E][gf_tee_storage][trusty_file_open] Failed to open LHBM_finger_0_2.so on com.android.trusty.storage.client.td. No fallback available.
08-28 00:37:30.025     0     0 I trusty  : storage_client: 245: send_reqv: failed (-42) to send_msg
08-28 00:37:30.025     0     0 I trusty  : storage_client: 312: close file failed (-42)
08-28 00:37:30.025     0     0 I trusty  : [GF_TA][E][gf_tee_storage][gf_tee_open_object] exit. err=GF_ERROR_OPEN_SECURE_OBJECT_FAILED, errno=1035
08-28 00:37:30.025     0     0 I trusty  : [GF_TA][E][gf_secure_object][gf_so_load_persistent_object] so(finger_0_2.so) not exist
08-28 00:37:30.025     0     0 I trusty  : [GF_TA][E][gf_secure_object][gf_so_load_persistent_object] exit. err=GF_ERROR_OPEN_SECURE_OBJECT_FAILED, errno=1035
08-28 00:37:30.025     0     0 I trusty  : [GF_TA][E][gf_fpcore_common][fpcore_load_template_object] exit. err=GF_ERROR_OPEN_SECURE_OBJECT_FAILED, errno=1035
08-28 00:37:30.025     0     0 I trusty  : [GF_TA][I][gf_tee_storage][trusty_file_open] 0 LHBM_finger_0_2_bak.so 1
08-28 00:37:30.025     0     0 I trusty  : [GF_TA][E][gf_tee_storage][trusty_file_open] Failed to open LHBM_finger_0_2_bak.so on com.android.trusty.storage.client.td. No fallback available.
08-28 00:37:30.025     0     0 I trusty  : storage_client: 245: send_reqv: failed (-42) to send_msg
08-28 00:37:30.025     0     0 I trusty  : storage_client: 312: close file failed (-42)
08-28 00:37:30.025     0     0 I trusty  : [GF_TA][E][gf_tee_storage][gf_tee_open_object] exit. err=GF_ERROR_OPEN_SECURE_OBJECT_FAILED, errno=1035
08-28 00:37:30.025     0     0 I trusty  : [GF_TA][E][gf_secure_object][gf_so_load_persistent_object] so(finger_0_2_bak.so) not exist
08-28 00:37:30.025     0     0 I trusty  : [GF_TA][E][gf_secure_object][gf_so_load_persistent_object] exit. err=GF_ERROR_OPEN_SECURE_OBJECT_FAILED, errno=1035
08-28 00:37:30.025     0     0 I trusty  : [GF_TA][E][gf_fpcore_common][fpcore_load_template_object] exit. err=GF_ERROR_OPEN_SECURE_OBJECT_FAILED, errno=1035
08-28 00:37:30.025     0     0 I trusty  : [GF_TA][I][gf_tee_storage][trusty_file_open] 0 LHBM_finger_0_3.so 1
08-28 00:37:30.025     0     0 I trusty  : [GF_TA][E][gf_tee_storage][trusty_file_open] Failed to open LHBM_finger_0_3.so on com.android.trusty.storage.client.td. No fallback available.
08-28 00:37:30.025     0     0 I trusty  : storage_client: 245: send_reqv: failed (-42) to send_msg
08-28 00:37:30.025     0     0 I trusty  : storage_client: 312: close file failed (-42)
08-28 00:37:30.025     0     0 I trusty  : [GF_TA][E][gf_tee_storage][gf_tee_open_object] exit. err=GF_ERROR_OPEN_SECURE_OBJECT_FAILED, errno=1035
08-28 00:37:30.025     0     0 I trusty  : [GF_TA][E][gf_secure_object][gf_so_load_persistent_object] so(finger_0_3.so) not exist
08-28 00:37:30.025     0     0 I trusty  : [GF_TA][E][gf_secure_object][gf_so_load_persistent_object] exit. err=GF_ERROR_OPEN_SECURE_OBJECT_FAILED, errno=1035
08-28 00:37:30.025     0     0 I trusty  : [GF_TA][E][gf_fpcore_common][fpcore_load_template_object] exit. err=GF_ERROR_OPEN_SECURE_OBJECT_FAILED, errno=1035
08-28 00:37:30.025     0     0 I trusty  : [GF_TA][I][gf_tee_storage][trusty_file_open] 0 LHBM_finger_0_3_bak.so 1
08-28 00:37:30.025     0     0 I trusty  : [GF_TA][E][gf_tee_storage][trusty_file_open] Failed to open LHBM_finger_0_3_bak.so on com.android.trusty.storage.client.td. No fallback available.
08-28 00:37:30.025     0     0 I trusty  : storage_client: 245: send_reqv: failed (-42) to send_msg
08-28 00:37:30.025     0     0 I trusty  : storage_client: 312: close file failed (-42)
08-28 00:37:30.025     0     0 I trusty  : [GF_TA][E][gf_tee_storage][gf_tee_open_object] exit. err=GF_ERROR_OPEN_SECURE_OBJECT_FAILED, errno=1035
08-28 00:37:30.025     0     0 I trusty  : [GF_TA][E][gf_secure_object][gf_so_load_persistent_object] so(finger_0_3_bak.so) not exist
08-28 00:37:30.025     0     0 I trusty  : [GF_TA][E][gf_secure_object][gf_so_load_persistent_object] exit. err=GF_ERROR_OPEN_SECURE_OBJECT_FAILED, errno=1035
08-28 00:37:30.025     0     0 I trusty  : [GF_TA][E][gf_fpcore_common][fpcore_load_template_object] exit. err=GF_ERROR_OPEN_SECURE_OBJECT_FAILED, errno=1035
08-28 00:37:30.025     0     0 I trusty  : [GF_TA][E][gf_fpcore_common][fpcore_get_finger_ids_from_so] exit. err=GF_ERROR_OPEN_SECURE_OBJECT_FAILED, errno=1035
--------- beginning of system
08-28 00:37:32.079  1189  1189 I wificond: Regulatory domain changed to country: US on wiphy_index: 0
08-28 00:37:32.079  1189  1189 I wificond: UpdateBandInfo
08-28 00:37:32.085  1189  1189 I wificond: 2.4Ghz frequencies: 2412 2417 2422 2427 2432 2437 2442 2447 2452 2457 2462 2467 2472
08-28 00:37:32.085  1189  1189 I wificond: 5Ghz non-DFS frequencies: 5180 5200 5220 5240 5745 5765 5785 5805 5825
08-28 00:37:32.085  1189  1189 I wificond: 5Ghz DFS frequencies: 5260 5280 5300 5320 5500 5520 5540 5560 5580 5600 5620 5640 5660 5680 5700 5720 5845 5865 5885
08-28 00:37:32.085  1189  1189 I wificond: 6Ghz frequencies: 5955 5975 5995 6015 6035 6055 6075 6095 6115 6135 6155 6175 6195 6215 6235 6255 6275 6295 6315 6335 6355 6375 6395 6415 6435 6455 6475 6495 6515 6535 6555 6575 6595 6615 6635 6655 6675 6695 6715 6735 6755 6775 6795 6815 6835 6855 6875 6895 6915 6935 6955 6975 6995 7015 7035 7055 7075 7095
08-28 00:37:32.085  1189  1189 I wificond: 60Ghz frequencies:
08-28 00:37:32.089  2886  3013 V Configuration: Updating configuration, locales updated from [] to [en_US]
08-28 00:37:32.096  1452  2257 D CompatChangeReporter: Compat change id reported: 311208629; UID 10155; state: ENABLED
08-28 00:37:32.136  1452  1956 D CompatChangeReporter: Compat change id reported: 319212206; UID 10155; state: ENABLED
08-28 00:37:32.149  1452  1954 E AppOps  : attributionTag VCN not declared in manifest of android
08-28 00:37:32.192  2886  3013 V Configuration: Updating configuration, locales updated from [] to [en_US]
08-28 00:37:32.199  1452  1955 D CompatChangeReporter: Compat change id reported: 349487600; UID 10231; state: ENABLED
08-28 00:37:32.202  1452  2221 W ActivityManager: Unable to start service Intent { act=com.google.android.chimera.BoundService.START dat=chimera-action: xflg=0x4 cmp=com.google.android.gms/.chimera.PersistentApiService } U=0: not found
08-28 00:37:32.203  1452  1955 W ActivityManager: Unbind failed: could not find connection for android.os.BinderProxy@6323685
08-28 00:37:32.212  1452  1955 W ActivityManager: Unable to start service Intent { act=com.google.android.gms.phenotype.service.START xflg=0x4 pkg=com.google.android.gms } U=0: not found
08-28 00:37:32.212  1452  1955 W ActivityManager: Unbind failed: could not find connection for android.os.BinderProxy@e9bfa7e
08-28 00:37:32.251  2886  3013 V Configuration: Updating configuration, locales updated from [] to [en_US]
08-28 00:37:32.264  1452  1955 W ActivityManager: Unable to start service Intent { act=com.google.android.gms.phenotype.service.START xflg=0x4 pkg=com.google.android.gms } U=0: not found
08-28 00:37:32.264  1452  1955 W ActivityManager: Unbind failed: could not find connection for android.os.BinderProxy@f0b34a8
08-28 00:37:32.269  1452  1971 W ActivityManager: Unable to start service Intent { act=com.google.android.gms.phenotype.service.START xflg=0x4 pkg=com.google.android.gms } U=0: not found
08-28 00:37:32.269  1452  1971 W ActivityManager: Unbind failed: could not find connection for android.os.BinderProxy@aa3c2a7
08-28 00:37:32.274  1452  1971 W ActivityManager: Unable to start service Intent { act=com.google.android.gms.phenotype.service.START xflg=0x4 pkg=com.google.android.gms } U=0: not found
08-28 00:37:32.274  1452  1971 W ActivityManager: Unbind failed: could not find connection for android.os.BinderProxy@abfe243
08-28 00:37:32.278  1452  1971 W ActivityManager: Receiver with filter android.content.IntentFilter@f1231f9 already registered for pid 2373, callerPackage is com.shannon.imsservice
08-28 00:37:32.309  2886  3013 V Configuration: Updating configuration, locales updated from [] to [en_US]
08-28 00:37:32.313  3087  3234 W ActivityThread: Failed to find provider info for androidx.car.app.connection (user not unlocked)
08-28 00:37:32.318  2685  2696 W FileUtils: Failed to chmod(/data/user/0/com.google.android.gms/app_usage_reporting_db): android.system.ErrnoException: chmod failed: ENOENT (No such file or directory)
08-28 00:37:32.318  1452  1733 I ActivityManager: Start proc 3236:com.google.android.apps.wellbeing/u0a143 for broadcast {com.google.android.apps.wellbeing/com.google.android.apps.wellbeing.common.receiver.coalescedreceivers.LockedBootCompletedCoalescedBroadcast_Receiver}
08-28 00:37:32.319  1452  1733 I ActivityManager: ProcessObserver broadcast disabled
08-28 00:37:32.332  1452  2221 W ActivityManager: Unable to start service Intent { act=com.google.android.gms.phenotype.service.START xflg=0x4 pkg=com.google.android.gms } U=0: not found
08-28 00:37:32.332  1452  2221 W ActivityManager: Unbind failed: could not find connection for android.os.BinderProxy@688a181
08-28 00:37:32.340  1452  1971 W ActivityManager: Unable to start service Intent { xflg=0x4 cmp=com.google.android.dialer/com.google.apps.tiktok.concurrent.AndroidFuturesService (has extras) } U=0: not found
08-28 00:37:32.348  1452  1955 W ActivityManager: Unable to start service Intent { act=com.google.android.gms.phenotype.service.START xflg=0x4 pkg=com.google.android.gms } U=0: not found
08-28 00:37:32.349  1452  1955 W ActivityManager: Unbind failed: could not find connection for android.os.BinderProxy@4c6ffb9
08-28 00:37:32.375  2886  3013 V Configuration: Updating configuration, locales updated from [] to [en_US]
08-28 00:37:32.393  1452  2221 W ActivityManager: Unable to start service Intent { act=com.google.android.gms.phenotype.service.START xflg=0x4 pkg=com.google.android.gms } U=0: not found
08-28 00:37:32.393  1452  2221 W ActivityManager: Unbind failed: could not find connection for android.os.BinderProxy@4a4929
08-28 00:37:32.397  2886  3013 V Configuration: Updating configuration, locales updated from [] to [en_US]
08-28 00:37:32.403  1452  2221 W ActivityManager: Unable to start service Intent { act=com.google.android.chimera.BoundService.START dat=chimera-action: xflg=0x4 cmp=com.google.android.gms/.chimera.PersistentBoundBrokerService } U=0: not found
08-28 00:37:32.404  1452  2221 W ActivityManager: Unbind failed: could not find connection for android.os.BinderProxy@248fddc
08-28 00:37:32.443  2886  3013 V Configuration: Updating configuration, locales updated from [] to [en_US]
08-28 00:37:32.514  2886  3013 V Configuration: Updating configuration, locales updated from [] to [en_US]
08-28 00:37:32.529  2886  3013 V Configuration: Updating configuration, locales updated from [] to [en_US]
08-28 00:37:32.537  1452  1733 I ActivityManager: Start proc 3273:com.google.android.apps.work.clouddpc/u0a190 for broadcast {com.google.android.apps.work.clouddpc/com.google.android.apps.work.clouddpc.receivers.LockedBootCompletedReceiver}
08-28 00:37:32.537  1452  1733 I ActivityManager: ProcessObserver broadcast disabled
08-28 00:37:32.542  2886  3013 V Configuration: Updating configuration, locales updated from [] to [en_US]
08-28 00:37:32.577  2886  3013 V Configuration: Updating configuration, locales updated from [] to [en_US]
08-28 00:37:32.580  1452  1971 W ActivityManager: Unable to start service Intent { act=com.google.android.gms.phenotype.service.START xflg=0x4 pkg=com.google.android.gms } U=0: not found
08-28 00:37:32.581  1452  1971 W ActivityManager: Unbind failed: could not find connection for android.os.BinderProxy@f26e8a5
08-28 00:37:32.590  2886  3013 V Configuration: Updating configuration, locales updated from [] to [en_US]
08-28 00:37:32.599  2886  3013 V Configuration: Updating configuration, locales updated from [] to [en_US]
08-28 00:37:32.608  1452  1956 W ActivityManager: Unable to start service Intent { act=com.google.android.contextmanager.service.ContextManagerService.START xflg=0x4 pkg=com.google.android.gms } U=0: not found
08-28 00:37:32.608  1452  1971 W ActivityManager: Unbind failed: could not find connection for android.os.BinderProxy@de470f7
08-28 00:37:32.619  2886  3013 V Configuration: Updating configuration, locales updated from [] to [en_US]
08-28 00:37:32.631  2886  3013 V Configuration: Updating configuration, locales updated from [] to [en_US]
08-28 00:37:32.645  2886  3013 V Configuration: Updating configuration, locales updated from [] to [en_US]
08-28 00:37:32.661  2886  3013 V Configuration: Updating configuration, locales updated from [] to [en_US]
08-28 00:37:32.672  2886  3013 V Configuration: Updating configuration, locales updated from [] to [en_US]
08-28 00:37:32.681  2886  3013 V Configuration: Updating configuration, locales updated from [] to [en_US]
08-28 00:37:32.697  2886  3013 V Configuration: Updating configuration, locales updated from [] to [en_US]
08-28 00:37:32.709  2886  3013 V Configuration: Updating configuration, locales updated from [] to [en_US]
08-28 00:37:32.713  1452  1956 W ActivityManager: Unable to start service Intent { act=com.google.android.gms.phenotype.service.START xflg=0x4 pkg=com.google.android.gms } U=0: not found
08-28 00:37:32.714  1452  1956 W ActivityManager: Unbind failed: could not find connection for android.os.BinderProxy@e55f1f5
08-28 00:37:32.716  1452  2221 W ActivityManager: Unable to start service Intent { act=com.google.android.gms.feedback.internal.IFeedbackService xflg=0x4 pkg=com.google.android.gms } U=0: not found
08-28 00:37:32.718  1452  1732 D CompatChangeReporter: Compat change id reported: 151861875; UID 10185; state: ENABLED
08-28 00:37:32.719  1452  2221 W ActivityManager: Unbind failed: could not find connection for android.os.BinderProxy@6472656
08-28 00:37:32.726  2886  3013 V Configuration: Updating configuration, locales updated from [] to [en_US]
08-28 00:37:32.734  1452  1733 I ActivityManager: Start proc 3311:com.google.android.deskclock/u0a185 for broadcast {com.google.android.deskclock/com.android.deskclock.AlarmInitReceiver}
08-28 00:37:32.734  1452  1733 I ActivityManager: ProcessObserver broadcast disabled
08-28 00:37:32.735  1452  1971 W ActivityManager: Unable to start service Intent { act=com.google.android.gms.phenotype.service.START xflg=0x4 pkg=com.google.android.gms } U=0: not found
08-28 00:37:32.735  1452  1971 W ActivityManager: Unbind failed: could not find connection for android.os.BinderProxy@5731563
08-28 00:37:32.741  2886  3013 V Configuration: Updating configuration, locales updated from [] to [en_US]
08-28 00:37:32.772  1452  2221 W ActivityManager: Unable to start service Intent { act=com.google.android.gms.phenotype.service.START xflg=0x4 pkg=com.google.android.gms } U=0: not found
08-28 00:37:32.773  1452  2221 W ActivityManager: Unbind failed: could not find connection for android.os.BinderProxy@11f4351
08-28 00:37:32.820  2886  3013 V Configuration: Updating configuration, locales updated from [] to [en_US]
08-28 00:37:32.854  2886  3013 V Configuration: Updating configuration, locales updated from [] to [en_US]
08-28 00:37:32.878  2886  3013 V Configuration: Updating configuration, locales updated from [] to [en_US]
08-28 00:37:32.911  1452  2221 W ActivityManager: Unable to start service Intent { act=com.google.android.gms.wearable.BIND xflg=0x4 pkg=com.google.android.gms } U=0: not found
08-28 00:37:32.912  1452  1955 W ActivityManager: Unbind failed: could not find connection for android.os.BinderProxy@f88b59e
08-28 00:37:32.921  3311  3328 W ActivityThread: Failed to find provider info for com.google.android.apps.wellbeing.api (user not unlocked)
08-28 00:37:32.932  1452  1733 I ActivityManager: Start proc 3332:com.netpulse.mobile.goldsgymmypath/u0a315 for broadcast {com.netpulse.mobile.goldsgymmypath/com.capacitorjs.plugins.localnotifications.LocalNotificationRestoreReceiver}
08-28 00:37:32.932  1452  1733 I ActivityManager: ProcessObserver broadcast disabled
08-28 00:37:32.971  1452  1971 W ActivityManager: Unable to start service Intent { act=com.google.android.gms.phenotype.service.START xflg=0x4 pkg=com.google.android.gms } U=0: not found
08-28 00:37:32.974  1452  1971 W ActivityManager: Unbind failed: could not find connection for android.os.BinderProxy@2a35afe
08-28 00:37:33.161  1452  2221 D CompatChangeReporter: Compat change id reported: 161145287; UID 10315; state: ENABLED
--------- beginning of crash
08-28 00:37:33.281  3332  3332 E AndroidRuntime: FATAL EXCEPTION: main
08-28 00:37:33.281  3332  3332 E AndroidRuntime: Process: com.netpulse.mobile.goldsgymmypath, PID: 3332
08-28 00:37:33.281  3332  3332 E AndroidRuntime: java.lang.RuntimeException: Unable to create application com.netpulse.mobile.core.NetpulseApplication: java.lang.IllegalStateException: SharedPreferences in credential encrypted storage are not available until after user (id 0) is unlocked
08-28 00:37:33.281  3332  3332 E AndroidRuntime: 	at android.app.ActivityThread.handleBindApplication(ActivityThread.java:7836)
08-28 00:37:33.281  3332  3332 E AndroidRuntime: 	at android.app.ActivityThread.-$$Nest$mhandleBindApplication(Unknown Source:0)
08-28 00:37:33.281  3332  3332 E AndroidRuntime: 	at android.app.ActivityThread$H.handleMessage(ActivityThread.java:2546)
08-28 00:37:33.281  3332  3332 E AndroidRuntime: 	at android.os.Handler.dispatchMessage(Handler.java:110)
08-28 00:37:33.281  3332  3332 E AndroidRuntime: 	at android.os.Looper.loopOnce(Looper.java:248)
08-28 00:37:33.281  3332  3332 E AndroidRuntime: 	at android.os.Looper.loop(Looper.java:338)
08-28 00:37:33.281  3332  3332 E AndroidRuntime: 	at android.app.ActivityThread.main(ActivityThread.java:9067)
08-28 00:37:33.281  3332  3332 E AndroidRuntime: 	at java.lang.reflect.Method.invoke(Native Method)
08-28 00:37:33.281  3332  3332 E AndroidRuntime: 	at com.android.internal.os.RuntimeInit$MethodAndArgsCaller.run(RuntimeInit.java:593)
08-28 00:37:33.281  3332  3332 E AndroidRuntime: 	at com.android.internal.os.ZygoteInit.main(ZygoteInit.java:932)
08-28 00:37:33.281  3332  3332 E AndroidRuntime: Caused by: java.lang.IllegalStateException: SharedPreferences in credential encrypted storage are not available until after user (id 0) is unlocked
08-28 00:37:33.281  3332  3332 E AndroidRuntime: 	at android.app.ContextImpl.getSharedPreferences(ContextImpl.java:631)
08-28 00:37:33.281  3332  3332 E AndroidRuntime: 	at android.app.ContextImpl.getSharedPreferences(ContextImpl.java:609)
08-28 00:37:33.281  3332  3332 E AndroidRuntime: 	at android.content.ContextWrapper.getSharedPreferences(ContextWrapper.java:223)
08-28 00:37:33.281  3332  3332 E AndroidRuntime: 	at com.netpulse.mobile.core.util.PreferenceUtils.getAppPreferences(SourceFile:200)
08-28 00:37:33.281  3332  3332 E AndroidRuntime: 	at com.netpulse.mobile.core.module.DataModule.dynamicBrandInfoPreference(SourceFile:383)
08-28 00:37:33.281  3332  3332 E AndroidRuntime: 	at com.netpulse.mobile.core.module.DataModule_DynamicBrandInfoPreferenceFactory.dynamicBrandInfoPreference(SourceFile:54)
08-28 00:37:33.281  3332  3332 E AndroidRuntime: 	at com.netpulse.mobile.core.DaggerNetpulseComponent$NetpulseComponentImpl.iPreferenceOfBrandInfo(SourceFile:43601)
08-28 00:37:33.281  3332  3332 E AndroidRuntime: 	at com.netpulse.mobile.core.DaggerNetpulseComponent$NetpulseComponentImpl.brandingConfigUseCase2(SourceFile:43605)
08-28 00:37:33.281  3332  3332 E AndroidRuntime: 	at com.netpulse.mobile.core.DaggerNetpulseComponent$NetpulseComponentImpl.brandingConfigUseCase(SourceFile:47971)
08-28 00:37:33.281  3332  3332 E AndroidRuntime: 	at com.netpulse.mobile.core.DaggerNetpulseComponent$NetpulseComponentImpl.injectNetpulseApplication(SourceFile:48874)
08-28 00:37:33.281  3332  3332 E AndroidRuntime: 	at com.netpulse.mobile.core.DaggerNetpulseComponent$NetpulseComponentImpl.inject(SourceFile:48235)
08-28 00:37:33.281  3332  3332 E AndroidRuntime: 	at com.netpulse.mobile.utils.NetpulseApplicationTestHelperKt.configure(SourceFile:16)
08-28 00:37:33.281  3332  3332 E AndroidRuntime: 	at com.netpulse.mobile.core.NetpulseApplication.onCreate(SourceFile:109)
08-28 00:37:33.281  3332  3332 E AndroidRuntime: 	at android.app.Instrumentation.callApplicationOnCreate(Instrumentation.java:1381)
08-28 00:37:33.281  3332  3332 E AndroidRuntime: 	at android.app.ActivityThread.handleBindApplication(ActivityThread.java:7830)
08-28 00:37:33.281  3332  3332 E AndroidRuntime: 	... 9 more
08-28 00:37:33.284  1452  3349 I DropBoxManagerService: add tag=data_app_crash isTagEnabled=true flags=0x2
08-28 00:37:33.306  1452  1733 I ActivityManager: Start proc 3350:pedometer.steptracker.calorieburner.stepcounter/u0a273 for broadcast {pedometer.steptracker.calorieburner.stepcounter/steptracker.stepcounter.pedometer.receiver.PedometerReceiver}
08-28 00:37:33.307  1452  1733 I ActivityManager: ProcessObserver broadcast disabled
08-28 00:37:33.313  1452  1955 I ActivityManager: Process com.netpulse.mobile.goldsgymmypath (pid 3332) has died: fg  CEM 
08-28 00:37:33.367  1452  1955 W ActivityManager: Unable to start service Intent { xflg=0x4 cmp=com.google.android.dialer/com.google.apps.tiktok.concurrent.AndroidFuturesService (has extras) } U=0: not found
08-28 00:37:33.400  1452  2063 E AppOps  : attributionTag VCN not declared in manifest of android
08-28 00:37:33.413  1452  2257 W ActivityManager: Receiver with filter android.content.IntentFilter@6a88cd already registered for pid 2428, callerPackage is com.android.ons
08-28 00:37:33.415  1452  1452 I Telecom : PhoneAccountRegistrar: getSimCallManager: SimCallManager for subId 1 queried, returning: null: TSI.gSCMFU(a)@AEk
08-28 00:37:33.416  1452  1718 D ColorDisplayService: ColorDisplayService$NightDisplayTintController Animation cancelled: false to matrix: 
08-28 00:37:33.416  1452  1718 D ColorDisplayService:        1.000000 0.000000 0.000000 0.000000 0.000000 0.559257 0.000000 0.000000 0.000000 0.000000 0.250272 0.000000 0.000000 0.000000 0.000000 1.000000 min matrix coefficients: 
08-28 00:37:33.416  1452  1718 D ColorDisplayService:        1.000000 0.000000 0.000000 0.000000 0.000000 0.559257 0.000000 0.000000 0.000000 0.000000 0.250272 0.000000 0.000000 0.000000 0.000000 1.000000 max matrix coefficients: 
08-28 00:37:33.416  1452  1718 D ColorDisplayService:        1.000000 0.000000 0.000000 0.000000 0.000000 1.000000 0.000000 0.000000 0.000000 0.000000 1.000000 0.000000 0.000000 0.000000 0.000000 1.000000
08-28 00:37:33.424  1452  1571 E AppOps  : attributionTag IWLAN not declared in manifest of com.google.android.iwlan
08-28 00:37:33.425  1452  2221 D CompatChangeReporter: Compat change id reported: 311402873; UID 10130; state: ENABLED
08-28 00:37:33.425  1452  2221 D CompatChangeReporter: Compat change id reported: 323349338; UID 10130; state: ENABLED
08-28 00:37:33.426  1452  1570 E AppOps  : attributionTag IWLAN not declared in manifest of com.google.android.iwlan
08-28 00:37:33.426  1452  2063 I VcnManagementService: new snapshot: TelephonySubscriptionSnapshot{ mActiveDataSubId=1, mSubIdToInfoMap={}, mSubIdToCarrierConfigMap={1=PersistableBundle[{carrier_config_applied_bool=true, carrier_config_version_string=verizon_us-70000000042.14
08-28 00:37:33.426  1452  2063 I VcnManagementService: 2025-03-28}]}, mPrivilegedPackages={} }
08-28 00:37:33.432  1452  1954 W AppOpService: Ignored setUidMode call for runtime permission app op: uid = 10170, code = READ_CELL_BROADCASTS, mode = allow, callingUid = 1001, oldMode = allow
08-28 00:37:33.440  1452  3085 I Telecom : CallsManager: updateEmergencyCallNotificationAsync; show=false: CM.UEMCNA@AEg
08-28 00:37:33.449  1452  1971 W AppOpService: Ignored setUidMode call for runtime permission app op: uid = 1001, code = READ_SMS, mode = allow, callingUid = 1001, oldMode = allow
08-28 00:37:33.450  1452  2430 I Telecom : TelecomServiceImpl$1: registerPhoneAccount: account=[[ ] PhoneAccount: ComponentInfo{com.android.phone/com.android.services.telephony.TelephonyConnectionService}, 1, UserHandle{0} Capabilities: SuppVideo CallProvider MultiUser PlaceEmerg SimSub  Audio Routes: BESW Schemes: tel voicemail  Extras: Bundle[{android.telecom.extra.SUPPORTS_VIDEO_CALLING_FALLBACK=true, android.telecom.extra.SORT_ORDER=1}] GroupId: *** SC Restrictions: [ ]]: TSI.rPA(cap)@AEo
08-28 00:37:33.451  1452  2430 I Telecom : PhoneAccountRegistrar: Modify account: [ComponentInfo{com.android.phone/com.android.services.telephony.TelephonyConnectionService}, 1, UserHandle{0}(addr: tel:************ -> tel:)(cap: SuppVideo CallProvider MultiUser PlaceEmerg SimSub  -> CallProvider MultiUser PlaceEmerg SimSub )(subAddr: tel:************ -> tel:)]: TSI.rPA(cap)@AEo
08-28 00:37:33.458  1452  2257 W AppOpService: Ignored setUidMode call for runtime permission app op: uid = 1001, code = RECEIVE_SMS, mode = allow, callingUid = 1001, oldMode = allow
08-28 00:37:33.459  1452  2257 W AppOpService: Ignored setUidMode call for runtime permission app op: uid = 1001, code = RECEIVE_WAP_PUSH, mode = allow, callingUid = 1001, oldMode = allow
08-28 00:37:33.460  1452  1570 W AppOpService: Ignored setUidMode call for runtime permission app op: uid = 1001, code = SEND_SMS, mode = allow, callingUid = 1001, oldMode = allow
08-28 00:37:33.462  1452  2430 I Telecom : CallsManager: handlePhoneAccountChanged: phoneAccount=[[X] PhoneAccount: ComponentInfo{com.android.phone/com.android.services.telephony.TelephonyConnectionService}, 1, UserHandle{0} Capabilities: SuppVideo CallProvider MultiUser PlaceEmerg SimSub  Audio Routes: BESW Schemes: tel voicemail  Extras: Bundle[{android.telecom.extra.SUPPORTS_VIDEO_CALLING_FALLBACK=true, android.telecom.extra.SORT_ORDER=1}] GroupId: *** SC Restrictions: [ ]]: TSI.rPA(cap)@AEo
08-28 00:37:33.463  1452  1571 W AppOpService: Ignored setUidMode call for runtime permission app op: uid = 1001, code = READ_CELL_BROADCASTS, mode = allow, callingUid = 1001, oldMode = allow
08-28 00:37:33.467  1452  2430 I Telecom : PhoneAccountRegistrar: getSimCallManager: SimCallManager for subId 1 queried, returning: null: TSI.rPA(cap)@AEo
08-28 00:37:33.467  1452  2430 I Telecom : PhoneAccountRegistrar: Notifying telephony of voice service override change for 1 SIMs, hasService = false: TSI.rPA(cap)@AEo
08-28 00:37:33.523  1452  2221 D CompatChangeReporter: Compat change id reported: 161145287; UID 10273; state: ENABLED
08-28 00:37:33.542  2886  3378 V Configuration: Updating configuration, locales updated from [] to [en_US]
08-28 00:37:33.545  1452  2257 W ActivityManager: Unable to start service Intent { flg=0x89000010 pkg=com.google.android.gms cmp=com.google.android.gms/.gcm.nts.SchedulerService (has extras) } U=0: not found
08-28 00:37:33.553  1452  2257 D CompatChangeReporter: Compat change id reported: 349487600; UID 10133; state: ENABLED
08-28 00:37:33.554  1452  2430 W ActivityManager: Unable to start service Intent { act=com.google.android.chimera.BoundService.START dat=chimera-action: xflg=0x4 cmp=com.google.android.gms/.chimera.PersistentApiService } U=0: not found
08-28 00:37:33.563  1452  2430 D CompatChangeReporter: Compat change id reported: 311208629; UID 10130; state: ENABLED
08-28 00:37:33.564  1452  1955 W ActivityManager: Unbind failed: could not find connection for android.os.BinderProxy@c503e3
08-28 00:37:33.572  1452  2430 W ActivityManager: Unable to start service Intent { act=com.google.android.chimera.BoundService.START dat=chimera-action: xflg=0x4 cmp=com.google.android.gms/.chimera.PersistentApiService } U=0: not found
08-28 00:37:33.573  1452  2517 W ActivityManager: Unbind failed: could not find connection for android.os.BinderProxy@b8ae5d1
08-28 00:37:33.613  1452  2221 I Telecom : TelecomServiceImpl$1: registerPhoneAccount: account=[[ ] PhoneAccount: ComponentInfo{com.android.phone/com.android.services.telephony.TelephonyConnectionService}, 1, UserHandle{0} Capabilities: SuppVideo CallProvider MultiUser PlaceEmerg SimSub  Audio Routes: BESW Schemes: tel voicemail  Extras: Bundle[{android.telecom.extra.SUPPORTS_VIDEO_CALLING_FALLBACK=true, android.telecom.extra.SORT_ORDER=1}] GroupId: *** SC Restrictions: [ ]]: TSI.rPA(cap)@AFA
08-28 00:37:33.616  1452  2221 I Telecom : PhoneAccountRegistrar: Modify account: [ComponentInfo{com.android.phone/com.android.services.telephony.TelephonyConnectionService}, 1, UserHandle{0}]: TSI.rPA(cap)@AFA
08-28 00:37:33.619  1452  2221 I Telecom : CallsManager: handlePhoneAccountChanged: phoneAccount=[[X] PhoneAccount: ComponentInfo{com.android.phone/com.android.services.telephony.TelephonyConnectionService}, 1, UserHandle{0} Capabilities: SuppVideo CallProvider MultiUser PlaceEmerg SimSub  Audio Routes: BESW Schemes: tel voicemail  Extras: Bundle[{android.telecom.extra.SUPPORTS_VIDEO_CALLING_FALLBACK=true, android.telecom.extra.SORT_ORDER=1}] GroupId: *** SC Restrictions: [ ]]: TSI.rPA(cap)@AFA
08-28 00:37:33.622  1452  2221 I Telecom : PhoneAccountRegistrar: getSimCallManager: SimCallManager for subId 1 queried, returning: null: TSI.rPA(cap)@AFA
08-28 00:37:33.622  1452  2221 I Telecom : PhoneAccountRegistrar: Notifying telephony of voice service override change for 1 SIMs, hasService = false: TSI.rPA(cap)@AFA
08-28 00:37:33.676  1452  2221 D CompatChangeReporter: Compat change id reported: 253665015; UID 10273; state: ENABLED
08-28 00:37:33.682  2886  3378 V Configuration: Updating configuration, locales updated from [] to [en_US]
08-28 00:37:33.727  1452  1955 I ActivityManager: Background started FGS: Allowed [callingPackage: pedometer.steptracker.calorieburner.stepcounter; callingUid: 10273; uidState: RCVR; uidBFSL: n/a; intent: Intent { flg=0x20 xflg=0x4 cmp=pedometer.steptracker.calorieburner.stepcounter/steptracker.stepcounter.pedometer.service.CounterService (has extras) }; code:LOCKED_BOOT_COMPLETED; tempAllowListReason:<8515035 android.intent.action.LOCKED_BOOT_COMPLETED/u0,reasonCode:LOCKED_BOOT_COMPLETED,duration:20000,callingUid:1000>; allowWiu:-1; targetSdkVersion:34; callerTargetSdkVersion:34; startForegroundCount:0; bindFromPackage:null: isBindService:false]
08-28 00:37:33.737  1452  2430 I BroadcastQueue: BOOT_COMPLETED_BROADCAST_COMPLETION_LATENCY_REPORTED action:android.intent.action.LOCKED_BOOT_COMPLETED dispatchLatency:5 completeLatency:3364 dispatchRealLatency:5 completeRealLatency:3364 receiversSize:30 userId:0 userType:android.os.usertype.full.SYSTEM
08-28 00:37:33.744  1452  1733 I ActivityManager: Start proc 3435:pedometer.steptracker.calorieburner.stepcounter:main/u0a273 for service {pedometer.steptracker.calorieburner.stepcounter/steptracker.stepcounter.pedometer.service.CounterService}
08-28 00:37:33.744  1452  1733 I ActivityManager: ProcessObserver broadcast disabled
08-28 00:37:33.758  2886  3378 V Configuration: Updating configuration, locales updated from [] to [en_US]
08-28 00:37:33.789  2886  3378 V Configuration: Updating configuration, locales updated from [] to [en_US]
08-28 00:37:33.825  1452  1570 W ActivityManager: Slow operation: 51ms so far, now at attachApplicationLocked: before bindApplication
08-28 00:37:33.825  1452  1570 W ActivityManager: Slow operation: 51ms so far, now at attachApplicationLocked: immediately before bindApplication
08-28 00:37:33.828  1452  1570 W ActivityManager: Slow operation: 54ms so far, now at attachApplicationLocked: immediately after bindApplication
08-28 00:37:33.828  1452  1570 W ActivityManager: Slow operation: 54ms so far, now at attachApplicationLocked: after updateLruProcessLocked
08-28 00:37:33.829  1452  1570 W ActivityManager: Slow operation: 55ms so far, now at attachApplicationLocked: after updateOomAdjLocked
08-28 00:37:33.907  1452  2517 D CompatChangeReporter: Compat change id reported: 161145287; UID 10273; state: ENABLED
08-28 00:37:33.909  1452  2430 D OomAdjuster: Not killing cached processes
08-28 00:37:33.922  2886  3378 V Configuration: Updating configuration, locales updated from [] to [en_US]
08-28 00:37:33.963  1452  1570 W ActivityManager: Foreground service started from background can not have location/camera/microphone access: service pedometer.steptracker.calorieburner.stepcounter/steptracker.stepcounter.pedometer.service.CounterService
08-28 00:37:33.964  1452  1570 W ForegroundServiceTypeLoggerModule: Foreground service start for UID: 10273 does not have any types
08-28 00:37:33.992  1452  1973 E AppOps  : attributionTag  not declared in manifest of pedometer.steptracker.calorieburner.stepcounter
08-28 00:37:33.997  1452  1570 W ActivityManager: Foreground service started from background can not have location/camera/microphone access: service pedometer.steptracker.calorieburner.stepcounter/steptracker.stepcounter.pedometer.service.CounterService
08-28 00:37:34.019  1452  2517 D CompatChangeReporter: Compat change id reported: 253665015; UID 10273; state: ENABLED
08-28 00:37:34.058  2886  3378 V Configuration: Updating configuration, locales updated from [] to [en_US]
08-28 00:37:34.111  2886  3378 V Configuration: Updating configuration, locales updated from [] to [en_US]
08-28 00:37:34.143  2886  3378 V Configuration: Updating configuration, locales updated from [] to [en_US]
08-28 00:37:34.218  2886  3378 V Configuration: Updating configuration, locales updated from [] to [en_US]
08-28 00:37:34.261  1452  2430 W ContextImpl: Calling a method in the system process without a qualified user: android.app.ContextImpl.sendBroadcastMultiplePermissions:1319 android.content.Context.sendBroadcastMultiplePermissions:2583 com.android.server.TelephonyRegistry.broadcastServiceStateChanged:4159 com.android.server.TelephonyRegistry.notifyServiceStateForPhoneId:1848 com.android.internal.telephony.ITelephonyRegistry$Stub.onTransact:613 
08-28 00:37:34.262  1452  2430 W ContextImpl: Calling a method in the system process without a qualified user: android.app.ContextImpl.sendBroadcastMultiplePermissions:1352 com.android.server.TelephonyRegistry.broadcastServiceStateChanged:4164 com.android.server.TelephonyRegistry.notifyServiceStateForPhoneId:1848 com.android.internal.telephony.ITelephonyRegistry$Stub.onTransact:613 android.os.Binder.execTransactInternal:1421 
08-28 00:37:34.264  1452  2430 W ContextImpl: Calling a method in the system process without a qualified user: android.app.ContextImpl.sendBroadcastMultiplePermissions:1352 com.android.server.TelephonyRegistry.broadcastServiceStateChanged:4173 com.android.server.TelephonyRegistry.notifyServiceStateForPhoneId:1848 com.android.internal.telephony.ITelephonyRegistry$Stub.onTransact:613 android.os.Binder.execTransactInternal:1421 
08-28 00:37:34.265  1452  2430 W ContextImpl: Calling a method in the system process without a qualified user: android.app.ContextImpl.sendBroadcastMultiplePermissions:1352 com.android.server.TelephonyRegistry.broadcastServiceStateChanged:4179 com.android.server.TelephonyRegistry.notifyServiceStateForPhoneId:1848 com.android.internal.telephony.ITelephonyRegistry$Stub.onTransact:613 android.os.Binder.execTransactInternal:1421 
08-28 00:37:34.280  2886  3378 V Configuration: Updating configuration, locales updated from [] to [en_US]
08-28 00:37:34.316  1452  2430 W ContextImpl: Calling a method in the system process without a qualified user: android.app.ContextImpl.sendBroadcastMultiplePermissions:1319 android.content.Context.sendBroadcastMultiplePermissions:2583 com.android.server.TelephonyRegistry.broadcastServiceStateChanged:4159 com.android.server.TelephonyRegistry.notifyServiceStateForPhoneId:1848 com.android.internal.telephony.ITelephonyRegistry$Stub.onTransact:613 
08-28 00:37:34.317  1452  2430 W ContextImpl: Calling a method in the system process without a qualified user: android.app.ContextImpl.sendBroadcastMultiplePermissions:1352 com.android.server.TelephonyRegistry.broadcastServiceStateChanged:4164 com.android.server.TelephonyRegistry.notifyServiceStateForPhoneId:1848 com.android.internal.telephony.ITelephonyRegistry$Stub.onTransact:613 android.os.Binder.execTransactInternal:1421 
08-28 00:37:34.317  1452  2430 W ContextImpl: Calling a method in the system process without a qualified user: android.app.ContextImpl.sendBroadcastMultiplePermissions:1352 com.android.server.TelephonyRegistry.broadcastServiceStateChanged:4173 com.android.server.TelephonyRegistry.notifyServiceStateForPhoneId:1848 com.android.internal.telephony.ITelephonyRegistry$Stub.onTransact:613 android.os.Binder.execTransactInternal:1421 
08-28 00:37:34.318  1452  2430 W ContextImpl: Calling a method in the system process without a qualified user: android.app.ContextImpl.sendBroadcastMultiplePermissions:1352 com.android.server.TelephonyRegistry.broadcastServiceStateChanged:4179 com.android.server.TelephonyRegistry.notifyServiceStateForPhoneId:1848 com.android.internal.telephony.ITelephonyRegistry$Stub.onTransact:613 android.os.Binder.execTransactInternal:1421 
08-28 00:37:34.348  1452  1971 E AppOps  : attributionTag IWLAN not declared in manifest of com.google.android.iwlan
08-28 00:37:34.348  1452  1971 E AppOps  : attributionTag VCN not declared in manifest of android
08-28 00:37:34.380  1452  1570 W ContextImpl: Calling a method in the system process without a qualified user: android.app.ContextImpl.sendBroadcastMultiplePermissions:1352 android.content.Context.sendBroadcastMultiplePermissions:2529 android.content.Context.sendBroadcastMultiplePermissions:2517 com.android.server.TelephonyRegistry.broadcastDataConnectionStateChanged:4378 com.android.server.TelephonyRegistry.notifyDataConnectionForSubscriber:2321 
08-28 00:37:34.403  1452  1954 I Telecom : TelecomServiceImpl$1: registerPhoneAccount: account=[[ ] PhoneAccount: ComponentInfo{com.android.phone/com.android.services.telephony.TelephonyConnectionService}, 1, UserHandle{0} Capabilities: SuppVideo CallProvider MultiUser PlaceEmerg SimSub  Audio Routes: BESW Schemes: tel voicemail  Extras: Bundle[{android.telecom.extra.SUPPORTS_VIDEO_CALLING_FALLBACK=true, android.telecom.extra.SORT_ORDER=1}] GroupId: *** SC Restrictions: [ ]]: TSI.rPA(cap)@AFg
08-28 00:37:34.404  1452  1954 I Telecom : PhoneAccountRegistrar: Modify account: [ComponentInfo{com.android.phone/com.android.services.telephony.TelephonyConnectionService}, 1, UserHandle{0}]: TSI.rPA(cap)@AFg
08-28 00:37:34.406  1452  2054 W BroadcastLoopers: Found previously unknown looper Thread[ConnectivityServiceThread,5,main]
08-28 00:37:34.407  1452  1954 I Telecom : CallsManager: handlePhoneAccountChanged: phoneAccount=[[X] PhoneAccount: ComponentInfo{com.android.phone/com.android.services.telephony.TelephonyConnectionService}, 1, UserHandle{0} Capabilities: SuppVideo CallProvider MultiUser PlaceEmerg SimSub  Audio Routes: BESW Schemes: tel voicemail  Extras: Bundle[{android.telecom.extra.SUPPORTS_VIDEO_CALLING_FALLBACK=true, android.telecom.extra.SORT_ORDER=1}] GroupId: *** SC Restrictions: [ ]]: TSI.rPA(cap)@AFg
08-28 00:37:34.409  1452  1954 I Telecom : PhoneAccountRegistrar: getSimCallManager: SimCallManager for subId 1 queried, returning: null: TSI.rPA(cap)@AFg
08-28 00:37:34.411  1452  1954 I Telecom : PhoneAccountRegistrar: Notifying telephony of voice service override change for 1 SIMs, hasService = false: TSI.rPA(cap)@AFg
08-28 00:37:34.434  1452  1570 I Telecom : TelecomServiceImpl$1: registerPhoneAccount: account=[[ ] PhoneAccount: ComponentInfo{com.android.phone/com.android.services.telephony.TelephonyConnectionService}, 1, UserHandle{0} Capabilities: SuppVideo CallProvider MultiUser PlaceEmerg SimSub  Audio Routes: BESW Schemes: tel voicemail  Extras: Bundle[{android.telecom.extra.SUPPORTS_VIDEO_CALLING_FALLBACK=true, android.telecom.extra.SORT_ORDER=1}] GroupId: *** SC Restrictions: [ ]]: TSI.rPA(cap)@AFs
08-28 00:37:34.436  1452  1570 I Telecom : PhoneAccountRegistrar: Modify account: [ComponentInfo{com.android.phone/com.android.services.telephony.TelephonyConnectionService}, 1, UserHandle{0}]: TSI.rPA(cap)@AFs
08-28 00:37:34.437  1452  1570 I Telecom : CallsManager: handlePhoneAccountChanged: phoneAccount=[[X] PhoneAccount: ComponentInfo{com.android.phone/com.android.services.telephony.TelephonyConnectionService}, 1, UserHandle{0} Capabilities: SuppVideo CallProvider MultiUser PlaceEmerg SimSub  Audio Routes: BESW Schemes: tel voicemail  Extras: Bundle[{android.telecom.extra.SUPPORTS_VIDEO_CALLING_FALLBACK=true, android.telecom.extra.SORT_ORDER=1}] GroupId: *** SC Restrictions: [ ]]: TSI.rPA(cap)@AFs
08-28 00:37:34.438  1452  1570 I Telecom : PhoneAccountRegistrar: getSimCallManager: SimCallManager for subId 1 queried, returning: null: TSI.rPA(cap)@AFs
08-28 00:37:34.439  1452  1570 I Telecom : PhoneAccountRegistrar: Notifying telephony of voice service override change for 1 SIMs, hasService = false: TSI.rPA(cap)@AFs
08-28 00:37:34.448  1452  2517 W ContextImpl: Calling a method in the system process without a qualified user: android.app.ContextImpl.sendBroadcastMultiplePermissions:1352 android.content.Context.sendBroadcastMultiplePermissions:2529 android.content.Context.sendBroadcastMultiplePermissions:2517 com.android.server.TelephonyRegistry.broadcastDataConnectionStateChanged:4378 com.android.server.TelephonyRegistry.notifyDataConnectionForSubscriber:2321 
08-28 00:37:34.549  2886  3378 V Configuration: Updating configuration, locales updated from [] to [en_US]
08-28 00:37:34.582  1452  2517 W ContextImpl: Calling a method in the system process without a qualified user: android.app.ContextImpl.sendBroadcastMultiplePermissions:1352 android.content.Context.sendBroadcastMultiplePermissions:2529 android.content.Context.sendBroadcastMultiplePermissions:2517 com.android.server.TelephonyRegistry.broadcastDataConnectionStateChanged:4378 com.android.server.TelephonyRegistry.notifyDataConnectionForSubscriber:2321 
08-28 00:37:34.602  1452  1955 W ActivityManager: Foreground service started from background can not have location/camera/microphone access: service pedometer.steptracker.calorieburner.stepcounter/steptracker.stepcounter.pedometer.service.CounterService
08-28 00:37:34.604   907   940 E NetlinkEvent: NetlinkEvent::FindParam(): Parameter 'INTERFACE' not found
08-28 00:37:34.604   907   940 E NetlinkEvent: NetlinkEvent::FindParam(): Parameter 'STATE' not found
08-28 00:37:34.604   907   940 E NetlinkEvent: NetlinkEvent::FindParam(): Parameter 'TIME_NS' not found
08-28 00:37:34.604   907   940 E NetlinkEvent: NetlinkEvent::FindParam(): Parameter 'UID' not found
08-28 00:37:34.654  2886  3378 V Configuration: Updating configuration, locales updated from [] to [en_US]
08-28 00:37:34.840  1452  1955 W ContextImpl: Calling a method in the system process without a qualified user: android.app.ContextImpl.sendBroadcastMultiplePermissions:1352 android.content.Context.sendBroadcastMultiplePermissions:2529 android.content.Context.sendBroadcastMultiplePermissions:2517 com.android.server.TelephonyRegistry.broadcastDataConnectionStateChanged:4378 com.android.server.TelephonyRegistry.notifyDataConnectionForSubscriber:2321 
08-28 00:37:34.864   907   940 E NetlinkEvent: NetlinkEvent::FindParam(): Parameter 'INTERFACE' not found
08-28 00:37:34.864   907   940 E NetlinkEvent: NetlinkEvent::FindParam(): Parameter 'STATE' not found
08-28 00:37:34.864   907   940 E NetlinkEvent: NetlinkEvent::FindParam(): Parameter 'TIME_NS' not found
08-28 00:37:34.864   907   940 E NetlinkEvent: NetlinkEvent::FindParam(): Parameter 'UID' not found
08-28 00:37:34.883  1452  2054 W ContextImpl: Calling a method in the system process without a qualified user: android.app.ContextImpl.sendStickyBroadcast:1698 android.net.connectivity.com.android.server.ConnectivityService.sendStickyBroadcast:4122 android.net.connectivity.com.android.server.ConnectivityService.sendGeneralBroadcast:4092 android.net.connectivity.com.android.server.ConnectivityService.sendConnectedBroadcast:4065 android.net.connectivity.com.android.server.ConnectivityService.sendLegacyNetworkBroadcast:12529 
08-28 00:37:34.897  1452  2430 E AppOps  : attributionTag IWLAN not declared in manifest of com.google.android.iwlan
08-28 00:37:34.900  1452  1452 I SyncManager: Loaded persisted syncs: 135 periodic syncs, 5 oneshot syncs, 140 total system server jobs, JobStats: FirstLoad: 295/148/140 LastSave: -1/-1/-1
08-28 00:37:34.973  2886  3378 V Configuration: Updating configuration, locales updated from [] to [en_US]
08-28 00:37:35.005  2886  3378 V Configuration: Updating configuration, locales updated from [] to [en_US]
08-28 00:37:35.190  2886  3378 V Configuration: Updating configuration, locales updated from [] to [en_US]
08-28 00:37:35.282  2886  3378 V Configuration: Updating configuration, locales updated from [] to [en_US]
08-28 00:37:35.349  1452  2517 E AppOps  : attributionTag IWLAN not declared in manifest of com.google.android.iwlan
08-28 00:37:35.373  2886  3378 V Configuration: Updating configuration, locales updated from [] to [en_US]
08-28 00:37:35.400  1452  2054 W ContextImpl: Calling a method in the system process without a qualified user: android.app.ContextImpl.sendStickyBroadcast:1698 android.net.connectivity.com.android.server.ConnectivityService.sendStickyBroadcast:4122 android.net.connectivity.com.android.server.ConnectivityService.sendGeneralBroadcast:4092 android.net.connectivity.com.android.server.ConnectivityService.sendInetConditionBroadcast:4069 android.net.connectivity.com.android.server.ConnectivityService.updateInetCondition:12181 
08-28 00:37:35.495  1452  2517 I Telecom : TelecomServiceImpl$1: registerPhoneAccount: account=[[ ] PhoneAccount: ComponentInfo{com.android.phone/com.android.services.telephony.TelephonyConnectionService}, 1, UserHandle{0} Capabilities: SuppVideo CallProvider MultiUser PlaceEmerg SimSub  Audio Routes: BESW Schemes: tel voicemail  Extras: Bundle[{android.telecom.extra.SUPPORTS_VIDEO_CALLING_FALLBACK=true, android.telecom.extra.SORT_ORDER=1}] GroupId: *** SC Restrictions: [ ]]: TSI.rPA(cap)@AGA
08-28 00:37:35.498  1452  2517 I Telecom : PhoneAccountRegistrar: Modify account: [ComponentInfo{com.android.phone/com.android.services.telephony.TelephonyConnectionService}, 1, UserHandle{0}]: TSI.rPA(cap)@AGA
