08-28 00:37:39.835  2175  2202 V WindowManagerShell: No transition roots in (#7) android.os.BinderProxy@ddf1adf@0 so abort
08-28 00:37:39.836  2175  2202 V WindowManagerShell: Transition animation finished (aborted=true), notifying core (#7) android.os.BinderProxy@ddf1adf@0
08-28 00:37:39.837  2175  2202 V WindowManagerShell: Track 0 became idle
08-28 00:37:39.837  2175  2202 V WindowManagerShell: All active transition animations finished
08-28 00:37:39.841  1452  1452 V NotificationManagerService.NotificationListeners: enabling notification listener for 0: ComponentInfo{com.google.vr.vrcore/com.google.vr.vrcore.notification.VrNotificationService}
08-28 00:37:39.841  1452  1452 V NotificationManagerService.NotificationListeners: binding: Intent { act=android.service.notification.NotificationListenerService cmp=com.google.vr.vrcore/.notification.VrNotificationService (has extras) }
08-28 00:37:39.842  1452  2134 D BackgroundInstallControlService: Package event received: 0
08-28 00:37:39.844  1452  1778 W BroadcastLoopers: Found previously unknown looper Thread[PackageManager,5,main]
08-28 00:37:39.847  1452  2134 D BackgroundInstallControlService: Package event received: 0
08-28 00:37:39.848  1452  2430 D CompatChangeReporter: Compat change id reported: 151861875; UID 10303; state: ENABLED
08-28 00:37:39.857  1452  2134 D BackgroundInstallControlService: Package event received: 0
08-28 00:37:39.858  1452  3765 D WallpaperManagerService: WPMS.saveSettingsLocked-0
08-28 00:37:39.862  1452  1733 I ActivityManager: Start proc 3858:com.google.vr.vrcore/u0a400 for service {com.google.vr.vrcore/com.google.vr.vrcore.common.VrCoreZenConditionProvider}
08-28 00:37:39.863  1452  1733 I ActivityManager: ProcessObserver broadcast disabled
08-28 00:37:39.864  2175  2202 V WindowManagerShell: Transition requested (#8): android.os.BinderProxy@b64b3cb TransitionRequestInfo { type = CLOSE, triggerTask = null, pipChange = null, remoteTransition = RemoteTransition { remoteTransition = android.window.IRemoteTransition$Stub$Proxy@2aa97a8, appThread = null, debugName = TaskFragmentComponent }, displayChange = null, flags = 0, debugId = 8 }
08-28 00:37:39.864  2175  2202 V WindowManagerShell: RemoteTransition directly requested for (#8) android.os.BinderProxy@b64b3cb: RemoteTransition { remoteTransition = android.window.IRemoteTransition$Stub$Proxy@2aa97a8, appThread = null, debugName = TaskFragmentComponent }
08-28 00:37:39.864  2175  2202 V WindowManagerShell: Transition (#8): request handled by RemoteTransitionHandler
08-28 00:37:39.866  1452  2134 D BackgroundInstallControlService: Package event received: 0
08-28 00:37:39.869  1452  1452 V NotificationManagerService.NotificationListeners: enabling notification listener for 0: ComponentInfo{com.google.android.apps.dreamliner/com.google.android.apps.dreamliner.notification.DreamlinerNotificationService}
08-28 00:37:39.869  1452  1452 V NotificationManagerService.NotificationListeners: binding: Intent { act=android.service.notification.NotificationListenerService cmp=com.google.android.apps.dreamliner/.notification.DreamlinerNotificationService (has extras) }
08-28 00:37:39.875  1452  3762 D CompatChangeReporter: Compat change id reported: 261072174; UID 10273; state: ENABLED
08-28 00:37:39.876  2175  2683 V WindowManagerShell: onTransitionReady(transaction=6236292514081)
08-28 00:37:39.876  2175  2202 V WindowManagerShell: onTransitionReady (#8) android.os.BinderProxy@b64b3cb: {id=8 t=CLOSE f=0x0 trk=1 r=[] c=[]}
08-28 00:37:39.876  2175  2202 V WindowManagerShell: No transition roots in (#8) android.os.BinderProxy@b64b3cb@1 so abort
08-28 00:37:39.877  2175  2202 V WindowManagerShell: Transition animation finished (aborted=true), notifying core (#8) android.os.BinderProxy@b64b3cb@1
08-28 00:37:39.878  2175  2202 V WindowManagerShell: Track 1 became idle
08-28 00:37:39.878  2175  2202 V WindowManagerShell: All active transition animations finished
08-28 00:37:39.886  1452  1715 V WindowManager: Sent Transition (#7) createdAt=08-28 00:37:39.790 via request=TransitionRequestInfo { type = CHANGE, triggerTask = null, pipChange = null, remoteTransition = RemoteTransition { remoteTransition = android.window.IRemoteTransition$Stub$Proxy@2500cd4, appThread = null, debugName = TaskFragmentComponent }, displayChange = null, flags = 0, debugId = 7 }
08-28 00:37:39.886  1452  1715 V WindowManager:     startWCT=WindowContainerTransaction { changes= {} hops= [] errorCallbackToken=null taskFragmentOrganizer=null }
08-28 00:37:39.886  1452  1715 V WindowManager:     info={id=7 t=CHANGE f=0x0 trk=0 r=[] c=[]}
08-28 00:37:39.886  1452  1715 V WindowManager: Finish Transition (#7): created at 08-28 00:37:39.790 collect-started=0.153ms request-sent=3.19ms started=14.187ms ready=41.482ms sent=43.026ms commit=17.64ms finished=46.517ms
08-28 00:37:39.887  1452  1452 D CompatChangeReporter: Compat change id reported: 151861875; UID 10118; state: ENABLED
08-28 00:37:39.914     0     0 I trusty  : logging.cc: 79: 596: :219: Command Received: TrustedAppInit
08-28 00:37:39.914     0     0 I trusty  : logging.cc: 79: 596"faceauth": :189: Session finished, current heap footprint: 16384, maximum footprint: 16384
08-28 00:37:39.914     0     0 I trusty  : logging.cc: 79: 597: :219: Command Received: TzResetLockout
08-28 00:37:39.914     0     0 I trusty  : logging.cc: 79: 597"faceauth": :189: Session finished, current heap footprint: 16384, maximum footprint: 16384
08-28 00:37:39.887  1452  2134 D BackgroundInstallControlService: Package event received: 0
08-28 00:37:39.887  1452  1452 V NotificationManagerService.NotificationListeners: enabling notification listener for 0: ComponentInfo{com.google.android.apps.nexuslauncher/com.android.launcher3.notification.NotificationListener}
08-28 00:37:39.888  1452  1452 V NotificationManagerService.NotificationListeners: binding: Intent { act=android.service.notification.NotificationListenerService cmp=com.google.android.apps.nexuslauncher/com.android.launcher3.notification.NotificationListener (has extras) }
08-28 00:37:39.889  1452  1715 V WindowManager: Sent Transition (#8) createdAt=08-28 00:37:39.826 via request=TransitionRequestInfo { type = CLOSE, triggerTask = null, pipChange = null, remoteTransition = RemoteTransition { remoteTransition = android.window.IRemoteTransition$Stub$Proxy@24a5f1f, appThread = null, debugName = TaskFragmentComponent }, displayChange = null, flags = 0, debugId = 8 }
08-28 00:37:39.889  1452  1715 V WindowManager:     startWCT=WindowContainerTransaction { changes= {} hops= [] errorCallbackToken=null taskFragmentOrganizer=null }
08-28 00:37:39.889  1452  1715 V WindowManager:     info={id=8 t=CLOSE f=0x0 trk=1 r=[] c=[]}
08-28 00:37:39.889  1452  1715 V WindowManager: Finish Transition (#8): created at 08-28 00:37:39.826 collect-started=7.733ms request-sent=37.318ms started=38.333ms ready=38.29ms sent=40.015ms commit=22.108ms finished=51.967ms
08-28 00:37:39.889  1452  3603 I StorageUserConnection: Service: [ComponentInfo{com.google.android.providers.media.module/com.android.providers.media.fuse.ExternalStorageServiceImpl}] connected. User [0]
08-28 00:37:39.892  1452  1452 V NotificationManagerService.NotificationListeners: enabling notification listener for 0: ComponentInfo{com.google.android.as/com.google.android.apps.miphone.aiai.common.notification.service.AiAiNotificationListenerService}
08-28 00:37:39.892  1452  1452 V NotificationManagerService.NotificationListeners: binding: Intent { act=android.service.notification.NotificationListenerService cmp=com.google.android.as/com.google.android.apps.miphone.aiai.common.notification.service.AiAiNotificationListenerService (has extras) }
08-28 00:37:39.895  1452  2134 D BackgroundInstallControlService: Package event received: 0
08-28 00:37:39.895  1452  2134 D BackgroundInstallControlService: Package event received: 0
08-28 00:37:39.896  1452  1452 W Looper  : Slow dispatch took 133ms main app=system_server main=true group=FOREGROUND h=android.app.ActivityThread$H c=android.app.LoadedApk$ReceiverDispatcher$Args$$ExternalSyntheticLambda0@1f8c0ed m=0
08-28 00:37:39.897  1452  1733 I ActivityManager: Start proc 3866:com.google.android.apps.chromecast.app/u0a303 for service {com.google.android.apps.chromecast.app/com.google.android.apps.chromecast.app.systemcontrol.HomeControlService}
08-28 00:37:39.897  1452  1733 I ActivityManager: ProcessObserver broadcast disabled
08-28 00:37:39.904  1452  2128 D LockoutCache: Lockout for user: 0 is 0
08-28 00:37:39.905  1452  2128 D BiometricSchedulerOperation: [Finished / destroy]: {[12] com.android.server.biometrics.sensors.face.aidl.FaceResetLockoutClient, proto=12, owner=android, cookie=0, requestId=-1, userId=0}
08-28 00:37:39.905  1452  2128 D BiometricScheduler: [Finishing] {[12] com.android.server.biometrics.sensors.face.aidl.FaceResetLockoutClient, proto=12, owner=android, cookie=0, requestId=-1, userId=0}, success: true
08-28 00:37:39.905  1452  2128 D BiometricScheduler: No operations, returning to idle
08-28 00:37:39.910  1452  2134 D BackgroundInstallControlService: Package event received: 0
08-28 00:37:39.914  1452  2134 D BackgroundInstallControlService: Package event received: 0
08-28 00:37:39.924  1452  1733 I ActivityManager: Start proc 3880:com.google.android.apps.dreamliner/u0a118 for service {com.google.android.apps.dreamliner/com.google.android.apps.dreamliner.notification.DreamlinerNotificationService}
08-28 00:37:39.925  1452  1733 I ActivityManager: ProcessObserver broadcast disabled
08-28 00:37:39.931  1452  2134 D BackgroundInstallControlService: Package event received: 0
08-28 00:37:39.954  1452  1452 E JobScheduler.Component: Job exists for non-existent package: com.weather.Weather
08-28 00:37:39.954  1452  1452 E JobScheduler.Component: Job exists for non-existent package: com.weather.Weather
08-28 00:37:39.957  1452  1452 E JobScheduler.Component: Job exists for non-existent package: com.google.android.googlequicksearchbox
08-28 00:37:39.958  1452  1452 E JobScheduler.Component: Job exists for non-existent package: com.google.android.apps.nbu.files
08-28 00:37:39.958  1452  1452 E JobScheduler.Component: Job exists for non-existent package: com.google.android.apps.nbu.files
08-28 00:37:39.958  1452  1452 E JobScheduler.Component: Job exists for non-existent package: com.android.settings
08-28 00:37:39.959  1452  1452 E JobScheduler.Component: Job exists for non-existent package: com.android.settings
08-28 00:37:39.960  1452  1452 D AuthenticationStatsBroadcastReceiver: Received: android.intent.action.USER_UNLOCKED
08-28 00:37:39.964  1452  1733 W ActivityManager: Slow operation: 59ms so far, now at startProcess: done updating battery stats
08-28 00:37:39.964  1452  1733 W ActivityManager: Slow operation: 59ms so far, now at startProcess: building log message
08-28 00:37:39.964  1452  1733 I ActivityManager: Start proc 3891:com.google.android.carriersetup/u0a209 for broadcast {com.google.android.carriersetup/com.google.android.carriersetup.VzwActivationReceiver}
08-28 00:37:39.964  1452  1733 W ActivityManager: Slow operation: 59ms so far, now at startProcess: starting to update pids map
08-28 00:37:39.964  1452  1733 I ActivityManager: ProcessObserver broadcast disabled
08-28 00:37:39.964  1452  1733 W ActivityManager: Slow operation: 59ms so far, now at startProcess: done updating pids map
08-28 00:37:39.996  1452  2134 D BackgroundInstallControlService: Package event received: 0
08-28 00:37:39.997  1452  1733 I ActivityManager: Start proc 3919:com.google.android.apps.vega/u0a382 for service {com.google.android.apps.vega/com.google.android.libraries.notifications.entrypoints.scheduled.ScheduledTaskService}
08-28 00:37:39.997  1452  1733 I ActivityManager: ProcessObserver broadcast disabled
08-28 00:37:40.003  1452  1452 D FingerprintProvider/default: Initializing AuthenticationStatsCollector
08-28 00:37:40.005  1452  2134 D BackgroundInstallControlService: Package event received: 0
08-28 00:37:40.008  1452  1452 W Looper  : Slow delivery took 238ms main app=system_server main=true group=FOREGROUND h=android.app.ActivityThread$H c=android.app.LoadedApk$ReceiverDispatcher$Args$$ExternalSyntheticLambda0@7ba69 m=0
08-28 00:37:40.008  1452  1452 D AuthenticationStatsBroadcastReceiver: Received: android.intent.action.USER_UNLOCKED
08-28 00:37:40.025  1452  2134 D BackgroundInstallControlService: Package event received: 0
08-28 00:37:40.039   569   573 I vold    : fuse-bpf is enabled because /sys/fs/fuse/features/fuse_bpf reads 'supported'
08-28 00:37:40.039   569   573 I vold    : Setting ro.fuse.bpf.is_running to true
08-28 00:37:40.040   569   573 I vold    : Configuring read_ahead of /mnt/user/0/emulated fuse filesystem to 256kb
08-28 00:37:40.041   569   573 I vold    : Writing 256 to /sys/class/bdi/0:209/read_ahead_kb
08-28 00:37:40.041   569   573 I vold    : Configuring max_ratio of /mnt/user/0/emulated fuse filesystem to 40
08-28 00:37:40.041   569   573 I vold    : Writing 40 to /sys/class/bdi/0:209/max_ratio
08-28 00:37:40.042  1452  2016 I StorageManagerService: Mounted volume VolumeInfo{emulated;0}:
08-28 00:37:40.042  1452  2016 I StorageManagerService:     type=EMULATED diskId=null partGuid= mountFlags=PRIMARY|VISIBLE_FOR_WRITE 
08-28 00:37:40.042  1452  2016 I StorageManagerService:     mountUserId=0 state=MOUNTED 
08-28 00:37:40.042  1452  2016 I StorageManagerService:     fsType=null fsUuid=null fsLabel=null 
08-28 00:37:40.042  1452  2016 I StorageManagerService:     path=/storage/emulated internalPath=/data/media 
08-28 00:37:40.042  1452  2016 I StorageSessionController: Notifying volume state changed for session with id: emulated;0
08-28 00:37:40.048  1452  1452 D FaceProvider/default: Initializing AuthenticationStatsCollector
08-28 00:37:40.079  1452  1976 D CompatChangeReporter: Compat change id reported: 151861875; UID 10300; state: ENABLED
08-28 00:37:40.087  1452  2092 D BackupManagerService: user:0 readBackupEnableState enabled:true
08-28 00:37:40.087  1452  2092 I BackupManagerService: [UserID:0] Backup enabled => true
08-28 00:37:40.090  1452  1976 D CompatChangeReporter: Compat change id reported: 151861875; UID 10302; state: ENABLED
08-28 00:37:40.107  1452  1733 I ActivityManager: Start proc 3953:com.google.android.apps.walletnfcrel/u0a300 for service {com.google.android.apps.walletnfcrel/com.google.android.libraries.notifications.entrypoints.scheduled.ScheduledTaskService}
08-28 00:37:40.107  1452  1733 I ActivityManager: ProcessObserver broadcast disabled
08-28 00:37:40.124  1452  1733 I ActivityManager: Start proc 3954:com.google.android.apps.adm/u0a302 for service {com.google.android.apps.adm/com.google.android.libraries.notifications.entrypoints.scheduled.ScheduledTaskService}
08-28 00:37:40.124  1452  1733 I ActivityManager: ProcessObserver broadcast disabled
08-28 00:37:40.139  1452  2016 I StorageSessionController: Notifying volume state changed for session with id: emulated;0
08-28 00:37:40.144  1452  1733 I ActivityManager: Start proc 3958:com.google.android.apps.nbu.paisa.user/u0a305 for service {com.google.android.apps.nbu.paisa.user/com.google.android.libraries.notifications.entrypoints.scheduled.ScheduledTaskService}
08-28 00:37:40.147  1452  1976 E JobScheduler.Quota: <0>com.google.android.apps.vega has 0 EJ quota without running anything
08-28 00:37:40.147  1452  1733 I ActivityManager: ProcessObserver broadcast disabled
08-28 00:37:40.148  1452  1976 E JobScheduler.Quota: <0>com.google.android.apps.vega has 0 EJ quota without running anything
08-28 00:37:40.160  1452  1976 E JobScheduler.Quota: <0>com.google.android.apps.vega has 0 EJ quota without running anything
08-28 00:37:40.161  1452  2016 I StorageSessionController: Notifying volume state changed for session with id: emulated;0
08-28 00:37:40.168  1452  2257 D CompatChangeReporter: Compat change id reported: 170503758; UID 10382; state: ENABLED
08-28 00:37:40.186  1452  2134 D BackgroundInstallControlService: Package event received: 0
08-28 00:37:40.186  1452  2134 D BackgroundInstallControlService: Package event received: 0
08-28 00:37:40.195  1452  2092 D BackupManagerConstants: getFullBackupIntervalMilliseconds(...) returns 86400000
08-28 00:37:40.197  1452  2092 D BackupManagerConstants: getFullBackupRequiredNetworkType(...) returns 2
08-28 00:37:40.212  1452  2092 D BackupManagerConstants: getFullBackupRequireCharging(...) returns true
08-28 00:37:40.248  1452  2134 D BackgroundInstallControlService: Package event received: 0
08-28 00:37:40.292  1452  2134 D BackgroundInstallControlService: Package event received: 0
08-28 00:37:40.320  1452  2134 D BackgroundInstallControlService: Package event received: 0
08-28 00:37:40.321  1452  2134 D BackgroundInstallControlService: Package event received: 0
08-28 00:37:40.322  1452  2134 D BackgroundInstallControlService: Package event received: 0
08-28 00:37:40.345  1452  2134 D BackgroundInstallControlService: Package event received: 0
08-28 00:37:40.346  1452  1733 I ActivityManager: Start proc 4017:com.google.android.apps.messaging/u0a170 for service {com.google.android.apps.messaging/com.google.android.apps.messaging.rcsmigration.RcsMigrationService}
08-28 00:37:40.346  1452  1733 I ActivityManager: ProcessObserver broadcast disabled
08-28 00:37:40.371  1452  1732 D CompatChangeReporter: Compat change id reported: 151861875; UID 10114; state: ENABLED
08-28 00:37:40.389  1452  1733 I ActivityManager: Start proc 4026:com.google.omadm.trigger/u0a114 for broadcast {com.google.omadm.trigger/com.google.omadm.trigger.SIMChangedReceiver}
08-28 00:37:40.389  1452  1733 I ActivityManager: ProcessObserver broadcast disabled
08-28 00:37:40.411  1452  2063 E AppOps  : attributionTag VCN not declared in manifest of android
08-28 00:37:40.443  1452  3765 D CompatChangeReporter: Compat change id reported: 261072174; UID 10308; state: ENABLED
08-28 00:37:40.459  3663  3663 W ContextImpl: Calling a method in the system process without a qualified user: android.app.ContextImpl.startService:2002 android.content.ContextWrapper.startService:855 android.content.ContextWrapper.startService:855 com.google.SSRestartDetector.SSRestartDetectorAutoboot.onReceive:9 android.app.ActivityThread.handleReceiver:5029 
08-28 00:37:40.469  3663  3663 W ContextImpl: Calling a method in the system process without a qualified user: android.app.ContextImpl.startService:2002 android.content.ContextWrapper.startService:855 com.google.SSRestartDetector.SSRestartDetectorService.onCreate:172 android.app.ActivityThread.handleCreateService:5282 android.app.ActivityThread.-$$Nest$mhandleCreateService:0 
08-28 00:37:40.470  1452  3765 W ActivityManager: Unable to start service Intent { act=com.android.ramdump.REQUEST_RAMDUMP_LIST_URI xflg=0x4 cmp=com.android.ramdump/.RamdumpBackgroundService } U=0: not found
08-28 00:37:40.513  1452  2015 V AccessibilityManagerService: onUserStateChangedLocked for userId: 0, forceUpdate: false
08-28 00:37:40.518  1452  2015 W MagnificationConnectionManager: requestConnection duplicated request: connect=false, mConnectionState=DISCONNECTED
08-28 00:37:40.579  1452  2430 I Telecom : TelecomServiceImpl$1: registerPhoneAccount: account=[[ ] PhoneAccount: ComponentInfo{com.android.phone/com.android.services.telephony.TelephonyConnectionService}, 1, UserHandle{0} Capabilities: SuppVideo Video Presence CallProvider MultiUser PlaceEmerg SimSub  Audio Routes: BESW Schemes: tel voicemail  Extras: Bundle[{android.telecom.extra.SUPPORTS_VIDEO_CALLING_FALLBACK=true, android.telecom.extra.SORT_ORDER=1}] GroupId: *** SC Restrictions: [ ]]: TSI.rPA(cap)@AH4
08-28 00:37:40.583  1452  2430 I Telecom : PhoneAccountRegistrar: Modify account: [ComponentInfo{com.android.phone/com.android.services.telephony.TelephonyConnectionService}, 1, UserHandle{0}(cap: SuppVideo Video Presence CallProvider MultiUser PlaceEmerg SimSub  -> SuppVideo Video Presence CallProvider MultiUser PlaceEmerg SimSub Rtt )]: TSI.rPA(cap)@AH4
08-28 00:37:40.588  1452  2430 I Telecom : CallsManager: handlePhoneAccountChanged: phoneAccount=[[X] PhoneAccount: ComponentInfo{com.android.phone/com.android.services.telephony.TelephonyConnectionService}, 1, UserHandle{0} Capabilities: SuppVideo Video Presence CallProvider MultiUser PlaceEmerg SimSub  Audio Routes: BESW Schemes: tel voicemail  Extras: Bundle[{android.telecom.extra.SUPPORTS_VIDEO_CALLING_FALLBACK=true, android.telecom.extra.SORT_ORDER=1}] GroupId: *** SC Restrictions: [ ]]: TSI.rPA(cap)@AH4
08-28 00:37:40.591  1452  1452 D CompatChangeReporter: Compat change id reported: 151861875; UID 10306; state: ENABLED
08-28 00:37:40.594  1452  2134 D BackgroundInstallControlService: Package event received: 0
08-28 00:37:40.595  1452  2134 D BackgroundInstallControlService: Package event received: 0
08-28 00:37:40.601  1452  2134 D BackgroundInstallControlService: Package event received: 0
08-28 00:37:40.602  1452  2430 I Telecom : PhoneAccountRegistrar: getSimCallManager: SimCallManager for subId 1 queried, returning: null: TSI.rPA(cap)@AH4
08-28 00:37:40.602  1452  2430 I Telecom : PhoneAccountRegistrar: Notifying telephony of voice service override change for 1 SIMs, hasService = false: TSI.rPA(cap)@AH4
08-28 00:37:40.602  1452  2134 D BackgroundInstallControlService: Package event received: 0
08-28 00:37:40.627  1452  2134 D BackgroundInstallControlService: Package event received: 0
08-28 00:37:40.629  1452  1733 I ActivityManager: Start proc 4085:com.google.android.keep/u0a306 for service {com.google.android.keep/com.google.android.keep.syncadapter.KeepSyncAdapterService}
08-28 00:37:40.629  1452  1733 I ActivityManager: ProcessObserver broadcast disabled
08-28 00:37:40.646  1452  2134 D BackgroundInstallControlService: Package event received: 0
08-28 00:37:40.649  1452  2430 D CompatChangeReporter: Compat change id reported: 297989574; UID 10114; state: ENABLED
08-28 00:37:40.679  1452  2134 D BackgroundInstallControlService: Package event received: 0
08-28 00:37:40.684  1452  2134 D BackgroundInstallControlService: Package event received: 0
08-28 00:37:40.694  1452  2134 D BackgroundInstallControlService: Package event received: 0
08-28 00:37:40.706  1452  2134 D BackgroundInstallControlService: Package event received: 0
08-28 00:37:40.708  1452  2134 D BackgroundInstallControlService: Package event received: 0
08-28 00:37:40.719  1452  3671 I Telecom : TelecomServiceImpl$1: registerPhoneAccount: account=[[ ] PhoneAccount: ComponentInfo{com.android.phone/com.android.services.telephony.TelephonyConnectionService}, 1, UserHandle{0} Capabilities: SuppVideo Video Presence CallProvider MultiUser PlaceEmerg SimSub  Audio Routes: BESW Schemes: tel voicemail  Extras: Bundle[{android.telecom.extra.SUPPORTS_VIDEO_CALLING_FALLBACK=true, android.telecom.extra.SORT_ORDER=1}] GroupId: *** SC Restrictions: [ ]]: TSI.rPA(cap)@AIE
08-28 00:37:40.720  1452  3671 I Telecom : PhoneAccountRegistrar: Modify account: [ComponentInfo{com.android.phone/com.android.services.telephony.TelephonyConnectionService}, 1, UserHandle{0}]: TSI.rPA(cap)@AIE
08-28 00:37:40.721  1452  3671 I Telecom : CallsManager: handlePhoneAccountChanged: phoneAccount=[[X] PhoneAccount: ComponentInfo{com.android.phone/com.android.services.telephony.TelephonyConnectionService}, 1, UserHandle{0} Capabilities: SuppVideo Video Presence CallProvider MultiUser PlaceEmerg SimSub  Audio Routes: BESW Schemes: tel voicemail  Extras: Bundle[{android.telecom.extra.SUPPORTS_VIDEO_CALLING_FALLBACK=true, android.telecom.extra.SORT_ORDER=1}] GroupId: *** SC Restrictions: [ ]]: TSI.rPA(cap)@AIE
08-28 00:37:40.725  1452  3671 I Telecom : PhoneAccountRegistrar: getSimCallManager: SimCallManager for subId 1 queried, returning: null: TSI.rPA(cap)@AIE
08-28 00:37:40.725  1452  3671 I Telecom : PhoneAccountRegistrar: Notifying telephony of voice service override change for 1 SIMs, hasService = false: TSI.rPA(cap)@AIE
08-28 00:37:40.732  1452  2134 D BackgroundInstallControlService: Package event received: 0
08-28 00:37:40.734  1452  1732 D CompatChangeReporter: Compat change id reported: 151861875; UID 10239; state: ENABLED
08-28 00:37:40.751  1452  2134 D BackgroundInstallControlService: Package event received: 0
08-28 00:37:40.757  1452  1733 I ActivityManager: Start proc 4133:com.verizon.mips.services/u0a239 for broadcast {com.verizon.mips.services/com.verizon.mips.services.carrier.receiver.CarrierPhoneStateChangeReceiver}
08-28 00:37:40.757  1452  1733 I ActivityManager: ProcessObserver broadcast disabled
08-28 00:37:40.758  1452  2517 D CompatChangeReporter: Compat change id reported: 311402873; UID 10114; state: ENABLED
08-28 00:37:40.758  1452  2517 D CompatChangeReporter: Compat change id reported: 323349338; UID 10114; state: ENABLED
08-28 00:37:40.759  1452  2134 D BackgroundInstallControlService: Package event received: 0
08-28 00:37:40.761  1452  2134 D BackgroundInstallControlService: Package event received: 0
08-28 00:37:40.765  1452  2134 D BackgroundInstallControlService: Package event received: 0
08-28 00:37:40.811  1452  1452 W Looper  : Slow dispatch took 760ms main app=system_server main=true group=FOREGROUND h=android.app.ActivityThread$H c=android.app.LoadedApk$ReceiverDispatcher$Args$$ExternalSyntheticLambda0@3ddcbe0 m=0
08-28 00:37:40.822  1452  2134 D BackgroundInstallControlService: Package event received: 0
08-28 00:37:40.823  1452  1452 V NotificationManagerService.NotificationListeners: 0 notification listener service connected: ComponentInfo{com.google.android.apps.nexuslauncher/com.android.launcher3.notification.NotificationListener}
08-28 00:37:40.825  1452  1452 V ConditionProviders: 0 condition provider service connected: ComponentInfo{com.google.android.gms/com.google.android.location.settings.DrivingConditionProvider}
08-28 00:37:40.827  1452  1452 V NotificationManagerService.NotificationListeners: 0 notification listener service connected: ComponentInfo{com.google.android.apps.dreamliner/com.google.android.apps.dreamliner.notification.DreamlinerNotificationService}
08-28 00:37:40.836  1452  2517 D NotificationManagerService.NotificationListeners: Disabling component com.google.android.apps.nexuslauncher/com.android.launcher3.notification.NotificationListener
08-28 00:37:40.838  1452  3367 D NotificationManagerService.NotificationListeners: Disabling component com.google.android.apps.dreamliner/.notification.DreamlinerNotificationService
08-28 00:37:40.839  1452  3367 D CompatChangeReporter: Compat change id reported: 311208629; UID 10118; state: ENABLED
08-28 00:37:40.841  1452  1452 V ConditionProviders: 0 condition provider service connected: ComponentInfo{com.google.vr.vrcore/com.google.vr.vrcore.common.VrCoreZenConditionProvider}
08-28 00:37:40.845  1452  1452 V NotificationManagerService.NotificationListeners: 0 notification listener service connected: ComponentInfo{com.google.vr.vrcore/com.google.vr.vrcore.notification.VrNotificationService}
08-28 00:37:40.845  1452  2134 D BackgroundInstallControlService: Package event received: 0
08-28 00:37:40.852  1452  2134 D BackgroundInstallControlService: Package event received: 0
08-28 00:37:40.857  1452  3671 D ConditionProviders: Disabling component com.google.vr.vrcore/.common.VrCoreZenConditionProvider
08-28 00:37:40.861  1452  3367 D NotificationManagerService.NotificationListeners: Disabling component com.google.vr.vrcore/.notification.VrNotificationService
08-28 00:37:40.868  1452  2134 D BackgroundInstallControlService: Package event received: 0
08-28 00:37:40.883  1452  2134 D BackgroundInstallControlService: Package event received: 0
08-28 00:37:40.887  1452  1452 W Looper  : Drained
08-28 00:37:40.890  1452  2257 D CompatChangeReporter: Compat change id reported: 297989574; UID 10192; state: ENABLED
08-28 00:37:40.905  1452  2093 D AppWidgetServiceImpl: Trying to notify widget providers changed
08-28 00:37:40.905  1452  2131 D ShortcutService: received package broadcast intent: Intent { act=android.intent.action.PACKAGE_CHANGED dat=package: flg=0x45000010 pkg=android (has extras) }
08-28 00:37:40.906  1452  2131 D ShortcutService: changing package: com.android.systemui userId=0
08-28 00:37:40.906  1452  1452 I Telecom : PhoneAccountRegistrar: getSimCallManager: SimCallManager for subId 1 queried, returning: null: TSI.gSCMFU(a)@AII
08-28 00:37:40.911  1452  3765 I WindowManager: finishDrawing of relaunch: Window{2cd9780 u0 com.google.android.apps.nexuslauncher/com.google.android.apps.nexuslauncher.NexusLauncherActivity} 1403ms
08-28 00:37:40.912  1452  1733 I ActivityManager: Start proc 4173:com.android.vending/u0a149 for service {com.android.vending/com.google.android.finsky.developergroupidinfo.DeveloperGroupIdInfoService}
08-28 00:37:40.913  1452  1733 I ActivityManager: ProcessObserver broadcast disabled
08-28 00:37:40.917  1452  2134 D BackgroundInstallControlService: Package event received: 0
08-28 00:37:40.918  1452  2134 D BackgroundInstallControlService: Package event received: 0
08-28 00:37:40.920  1452  2134 D BackgroundInstallControlService: Package event received: 0
08-28 00:37:40.921  1452  2134 D BackgroundInstallControlService: Package event received: 0
08-28 00:37:40.927  1452  2134 D BackgroundInstallControlService: Package event received: 0
08-28 00:37:40.938  1452  2134 D BackgroundInstallControlService: Package event received: 0
08-28 00:37:40.949  1452  3085 I Telecom : CallsManager: updateEmergencyCallNotificationAsync; show=false: CM.UEMCNA@AIM
08-28 00:37:40.955  1452  1971 D CompatChangeReporter: Compat change id reported: 151861875; UID 10149; state: ENABLED
08-28 00:37:40.955  1452  3761 I Telecom : TelecomServiceImpl$1: registerPhoneAccount: account=[[ ] PhoneAccount: ComponentInfo{com.android.phone/com.android.services.telephony.TelephonyConnectionService}, 1, UserHandle{0} Capabilities: SuppVideo Video Presence CallProvider MultiUser PlaceEmerg SimSub Rtt  Audio Routes: BESW Schemes: tel voicemail  Extras: Bundle[{android.telecom.extra.SUPPORTS_VIDEO_CALLING_FALLBACK=true, android.telecom.extra.SORT_ORDER=1}] GroupId: *** SC Restrictions: [ ]]: TSI.rPA(cap)@AIQ
08-28 00:37:40.957  1452  3761 I Telecom : PhoneAccountRegistrar: Modify account: [ComponentInfo{com.android.phone/com.android.services.telephony.TelephonyConnectionService}, 1, UserHandle{0}(cap: SuppVideo Video Presence CallProvider MultiUser PlaceEmerg SimSub Rtt  -> SuppVideo Video Presence CallProvider MultiUser PlaceEmerg SimSub )]: TSI.rPA(cap)@AIQ
08-28 00:37:40.957  1452  1733 I ActivityManager: Start proc 4188:com.google.android.apps.wallpaper/u0a230 for content provider {com.google.android.apps.wallpaper/com.google.android.apps.wallpaper.provider.RecentWallpapersProvider}
08-28 00:37:40.958  1452  3761 I Telecom : CallsManager: handlePhoneAccountChanged: phoneAccount=[[X] PhoneAccount: ComponentInfo{com.android.phone/com.android.services.telephony.TelephonyConnectionService}, 1, UserHandle{0} Capabilities: SuppVideo Video Presence CallProvider MultiUser PlaceEmerg SimSub Rtt  Audio Routes: BESW Schemes: tel voicemail  Extras: Bundle[{android.telecom.extra.SUPPORTS_VIDEO_CALLING_FALLBACK=true, android.telecom.extra.SORT_ORDER=1}] GroupId: *** SC Restrictions: [ ]]: TSI.rPA(cap)@AIQ
08-28 00:37:40.958  1452  1733 I ActivityManager: ProcessObserver broadcast disabled
08-28 00:37:40.970  1452  3761 I Telecom : PhoneAccountRegistrar: getSimCallManager: SimCallManager for subId 1 queried, returning: null: TSI.rPA(cap)@AIQ
08-28 00:37:40.970  1452  3761 I Telecom : PhoneAccountRegistrar: Notifying telephony of voice service override change for 1 SIMs, hasService = false: TSI.rPA(cap)@AIQ
08-28 00:37:40.980  1452  1733 I ActivityManager: Start proc 4200:com.google.android.googlequicksearchbox:search/u0a150 for content provider {com.google.android.googlequicksearchbox/com.google.android.apps.gsa.staticplugins.publiccontent.GsaPublicContentProvider}
08-28 00:37:40.980  1452  1733 I ActivityManager: ProcessObserver broadcast disabled
08-28 00:37:40.990  1452  1731 I GameServiceController: Starting Game Service provider: GameServiceComponentConfiguration{userHandle=UserHandle{0}, gameServiceComponentName=ComponentInfo{com.google.android.gms/com.google.android.gms.gp.gameservice.GameService}, gameSessionServiceComponentName=ComponentInfo{com.google.android.gms/com.google.android.gms.gp.gameservice.GameSessionService}}
08-28 00:37:40.999  1452  2134 D BackgroundInstallControlService: Package event received: 0
08-28 00:37:41.008  1452  1715 W Looper  : Slow dispatch took 104ms android.fg app=system_server main=false group=FOREGROUND h=android.os.Handler c=android.app.LoadedApk$ReceiverDispatcher$Args$$ExternalSyntheticLambda0@d5f6c53 m=0
08-28 00:37:41.010  1452  1452 I Telecom : MissedCallNotifierImpl: reloadAfterBootComplete: user=0: TSBCR.oR@AIU
08-28 00:37:41.021  1452  1452 I Telecom : PhoneAccountRegistrar: getSimCallManager: SimCallManager for subId 1 queried, returning: null: TSI.gSCMFU(a)@AIc
08-28 00:37:41.023  1452  3085 I Telecom : CallsManager: updateEmergencyCallNotificationAsync; show=false: CM.UEMCNA@AIY
08-28 00:37:41.024  1452  2134 D BackgroundInstallControlService: Package event received: 0
08-28 00:37:41.026  1452  2117 I MR2ProviderWatcher: Enabling proxy for MediaRoute2ProviderService: ComponentInfo{com.google.android.gms/com.google.android.gms.cast.media.CastMediaRoute2ProviderService_Persistent} (isSelfScan=false, supportsSystemMediaRouting=false, userId=0)
08-28 00:37:41.032  1452  2134 D BackgroundInstallControlService: Package event received: 0
08-28 00:37:41.032  1452  2134 D BackgroundInstallControlService: Package event received: 0
08-28 00:37:41.050  1452  4217 I DropBoxManagerService: add tag=SYSTEM_BOOT isTagEnabled=true flags=0x2
08-28 00:37:41.055  1452  1731 V AccessibilityManagerService: onUserStateChangedLocked for userId: 0, forceUpdate: false
08-28 00:37:41.057  1452  2093 D AppWidgetServiceImpl: Trying to notify widget providers changed
08-28 00:37:41.064  1452  4217 I BootReceiver: Copying audit failures to DropBox
08-28 00:37:41.064  1452  4217 I BootReceiver: Checking for fsck errors
08-28 00:37:41.070  1452  1731 W MagnificationConnectionManager: requestConnection duplicated request: connect=false, mConnectionState=DISCONNECTED
08-28 00:37:41.075  1452  4217 I BootReceiver: fs_stat, partition:persist stat:0x0
08-28 00:37:41.076  1452  4217 I BootReceiver: fs_stat, partition:modem_a stat:0x3
08-28 00:37:41.076  1452  4217 I BootReceiver: fs_stat, partition:userdata stat:0x0
08-28 00:37:41.076  1452  4217 I BootReceiver: fs_stat, partition:efs stat:0x0
08-28 00:37:41.076  1452  4217 I BootReceiver: fs_stat, partition:efs_backup stat:0x0
08-28 00:37:41.076  1452  4217 I BootReceiver: fs_stat, partition:modem_userdata stat:0x0
08-28 00:37:41.124  1452  1715 W Looper  : Slow dispatch took 108ms android.fg app=system_server main=false group=FOREGROUND h=android.os.Handler c=android.app.LoadedApk$ReceiverDispatcher$Args$$ExternalSyntheticLambda0@67e730e m=0
08-28 00:37:41.132  1452  2134 D BackgroundInstallControlService: Package event received: 0
08-28 00:37:41.132  1452  2134 D BackgroundInstallControlService: Package event received: 0
08-28 00:37:41.133  1452  2134 D BackgroundInstallControlService: Package event received: 0
08-28 00:37:41.134  1452  2134 D BackgroundInstallControlService: Package event received: 0
08-28 00:37:41.134  1452  2134 D BackgroundInstallControlService: Package event received: 0
08-28 00:37:41.164  1452  1733 I ActivityManager: Start proc 4243:android.process.media/u0a77 for content provider {com.android.providers.downloads/com.android.providers.downloads.DownloadProvider}
08-28 00:37:41.167  1452  1733 I ActivityManager: ProcessObserver broadcast disabled
08-28 00:37:41.170  1452  2134 D BackgroundInstallControlService: Package event received: 0
08-28 00:37:41.182  1452  2134 D BackgroundInstallControlService: Package event received: 0
08-28 00:37:41.197  1452  2134 D BackgroundInstallControlService: Package event received: 0
08-28 00:37:41.210  1452  2134 D BackgroundInstallControlService: Package event received: 0
08-28 00:37:41.236  1452  2792 E AppOps  : attributionTag IWLAN not declared in manifest of com.google.android.iwlan
08-28 00:37:41.286  1452  2091 W JobServiceContext: Sending onNetworkChanged for a job that isn't started. JobStatus{17541ac #u0a382/11443 com.google.android.apps.vega/com.google.android.libraries.notifications.entrypoints.scheduled.ScheduledTaskService u=0 s=10382 NET PERSISTED READY}
08-28 00:37:41.287  1452  2091 W JobServiceContext: Sending onNetworkChanged for a job that isn't started. JobStatus{526c42f #u0a305/111010999 com.google.android.apps.nbu.paisa.user/com.google.android.libraries.notifications.entrypoints.scheduled.ScheduledTaskService u=0 s=10305 NET PERSISTED READY}
08-28 00:37:41.287  1452  2091 W JobServiceContext: Sending onNetworkChanged for a job that isn't started. JobStatus{101bb86 #u0a302/111001008 com.google.android.apps.adm/com.google.android.libraries.notifications.entrypoints.scheduled.ScheduledTaskService u=0 s=10302 NET PERSISTED READY}
08-28 00:37:41.287  1452  2091 W JobServiceContext: Sending onNetworkChanged for a job that isn't started. JobStatus{fd5d9e4 #u0a300/111010999 com.google.android.apps.walletnfcrel/com.google.android.libraries.notifications.entrypoints.scheduled.ScheduledTaskService u=0 s=10300 NET PERSISTED READY}
08-28 00:37:41.287  1452  2091 W JobServiceContext: Sending onNetworkChanged for a job that isn't started. JobStatus{c78ff76 #u0a300/111001002 com.google.android.apps.walletnfcrel/com.google.android.libraries.notifications.entrypoints.scheduled.ScheduledTaskService u=0 s=10300 NET PERSISTED READY}
08-28 00:37:41.287  1452  2091 W JobServiceContext: Sending onNetworkChanged for a job that isn't started. JobStatus{89ee977 #u0a300/111001001 com.google.android.apps.walletnfcrel/com.google.android.libraries.notifications.entrypoints.scheduled.ScheduledTaskService u=0 s=10300 NET PERSISTED READY}
08-28 00:37:41.312  1452  2134 D BackgroundInstallControlService: Package event received: 0
08-28 00:37:41.324  1452  2134 D BackgroundInstallControlService: Package event received: 0
08-28 00:37:41.346  1452  2134 D BackgroundInstallControlService: Package event received: 0
08-28 00:37:41.350  1452  1956 I Telecom : TelecomServiceImpl$1: isInEmergencyCall: false: TSI.iIEC@AJQ
08-28 00:37:41.374  1452  2134 D BackgroundInstallControlService: Package event received: 0
08-28 00:37:41.404  1452  2134 D BackgroundInstallControlService: Package event received: 0
08-28 00:37:41.409  1452  2134 D BackgroundInstallControlService: Package event received: 0
08-28 00:37:41.483  1452  1976 W JobServiceContext: Sending onNetworkChanged for a job that isn't started. JobStatus{101bb86 #u0a302/111001008 com.google.android.apps.adm/com.google.android.libraries.notifications.entrypoints.scheduled.ScheduledTaskService u=0 s=10302 NET PERSISTED READY}
08-28 00:37:41.530  1452  2134 D BackgroundInstallControlService: Package event received: 0
08-28 00:37:41.536  3958  3958 I DisplayManager: Implicitly registering for refresh rate
08-28 00:37:41.551  1452  2134 D BackgroundInstallControlService: Package event received: 0
08-28 00:37:41.560  1452  2134 D BackgroundInstallControlService: Package event received: 0
08-28 00:37:41.649  3592  3592 I DisplayManager: Implicitly registering for refresh rate
08-28 00:37:41.661  1452  1976 W JobServiceContext: Sending onNetworkChanged for a job that isn't started. JobStatus{526c42f #u0a305/111010999 com.google.android.apps.nbu.paisa.user/com.google.android.libraries.notifications.entrypoints.scheduled.ScheduledTaskService u=0 s=10305 NET PERSISTED READY}
08-28 00:37:41.681  1452  2134 D BackgroundInstallControlService: Package event received: 0
08-28 00:37:41.691  1452  2134 D BackgroundInstallControlService: Package event received: 0
08-28 00:37:41.696  1452  2134 D BackgroundInstallControlService: Package event received: 0
08-28 00:37:41.696  1452  3367 D CompatChangeReporter: Compat change id reported: 311402873; UID 10192; state: ENABLED
08-28 00:37:41.696  1452  3367 D CompatChangeReporter: Compat change id reported: 323349338; UID 10192; state: ENABLED
08-28 00:37:41.711  1452  1955 D CompatChangeReporter: Compat change id reported: 151861875; UID 10168; state: ENABLED
08-28 00:37:41.711  1452  2134 D BackgroundInstallControlService: Package event received: 0
08-28 00:37:41.728  1452  1976 W JobServiceContext: Sending onNetworkChanged for a job that isn't started. JobStatus{17541ac #u0a382/11443 com.google.android.apps.vega/com.google.android.libraries.notifications.entrypoints.scheduled.ScheduledTaskService u=0 s=10382 NET PERSISTED READY}
08-28 00:37:41.751  1452  1733 I ActivityManager: Start proc 4432:com.google.android.apps.aiwallpapers/u0a168 for content provider {com.google.android.apps.aiwallpapers/com.google.android.apps.aiwallpapers.application.PickerConfigurationProvider}
08-28 00:37:41.757  1452  1733 I ActivityManager: ProcessObserver broadcast disabled
08-28 00:37:41.761  1452  2134 D BackgroundInstallControlService: Package event received: 0
08-28 00:37:41.764  1452  2430 W PackageConfigPersister: App-specific configuration not found for packageName: com.google.android.apps.nexuslauncher and userId: 0
08-28 00:37:41.771  1452  2134 D BackgroundInstallControlService: Package event received: 0
08-28 00:37:41.776  1452  2795 W PackageConfigPersister: App-specific configuration not found for packageName: com.google.android.apps.nexuslauncher and userId: 0
08-28 00:37:41.790  1452  2134 D BackgroundInstallControlService: Package event received: 0
08-28 00:37:41.817  1452  2134 D BackgroundInstallControlService: Package event received: 0
08-28 00:37:41.817  1452  1971 D CompatChangeReporter: Compat change id reported: 151861875; UID 10158; state: ENABLED
08-28 00:37:41.842  1452  4246 D CompatChangeReporter: Compat change id reported: 319212206; UID 10192; state: ENABLED
08-28 00:37:41.855  1452  1733 I ActivityManager: Start proc 4469:com.google.android.as.oss/u0a158 for service {com.google.android.as.oss/com.google.android.apps.miphone.astrea.grpc.AstreaGrpcService}
08-28 00:37:41.855  1452  1733 I ActivityManager: ProcessObserver broadcast disabled
08-28 00:37:41.871  3138  3138 D ActivityThread: Too many transaction errors, throttling freezer binder callback.
08-28 00:37:41.874  1452  1954 W ActivityManager: pid 3138 com.google.android.ims sent binder code 1 with flags 2 to frozen apps and got error -74
08-28 00:37:41.891  1452  2134 D BackgroundInstallControlService: Package event received: 0
08-28 00:37:41.933  1452  1731 E PackageManager: Optimistic bind failed.
08-28 00:37:41.933  1452  1731 E PackageManager: java.util.concurrent.TimeoutException: [Optimistic Bind] Didn't bind to resolver in time!
08-28 00:37:41.933  1452  1731 E PackageManager: 	at com.android.server.pm.InstantAppResolverConnection.waitForBindLocked(InstantAppResolverConnection.java:160)
08-28 00:37:41.933  1452  1731 E PackageManager: 	at com.android.server.pm.InstantAppResolverConnection.bind(InstantAppResolverConnection.java:230)
08-28 00:37:41.933  1452  1731 E PackageManager: 	at com.android.server.pm.InstantAppResolverConnection.lambda$optimisticBind$0(InstantAppResolverConnection.java:260)
08-28 00:37:41.933  1452  1731 E PackageManager: 	at com.android.server.pm.InstantAppResolverConnection.$r8$lambda$66W2s2mMKe4pk_xXCScH9RCqav8(InstantAppResolverConnection.java:0)
08-28 00:37:41.933  1452  1731 E PackageManager: 	at com.android.server.pm.InstantAppResolverConnection$$ExternalSyntheticLambda0.run(R8$$SyntheticClass:0)
08-28 00:37:41.933  1452  1731 E PackageManager: 	at android.os.Handler.handleCallback(Handler.java:995)
08-28 00:37:41.933  1452  1731 E PackageManager: 	at android.os.Handler.dispatchMessage(Handler.java:103)
08-28 00:37:41.933  1452  1731 E PackageManager: 	at android.os.Looper.loopOnce(Looper.java:248)
08-28 00:37:41.933  1452  1731 E PackageManager: 	at android.os.Looper.loop(Looper.java:338)
08-28 00:37:41.933  1452  1731 E PackageManager: 	at android.os.HandlerThread.run(HandlerThread.java:85)
08-28 00:37:41.960  1452  2164 E SyncManager: Couldn't find backoff values for Account {name=xxxxxxxxxxxx@xxxxx.xxx, type=com.google}/subscribedfeeds:u0
08-28 00:37:41.990  1452  2134 D BackgroundInstallControlService: Package event received: 0
08-28 00:37:42.040  1452  2016 W BroadcastLoopers: Found previously unknown looper Thread[StorageManagerService,5,main]
08-28 00:37:42.044  1452  2016 D StorageManagerService: Volume emulated;0 broadcasting mounted to UserHandle{0}
08-28 00:37:42.047  1452  2016 D StorageManagerService: Volume emulated;0 broadcasting mounted to UserHandle{0}
08-28 00:37:42.127  1452  2134 D BackgroundInstallControlService: Package event received: 0
08-28 00:37:42.244  1452  4246 W PackageManager: Cannot suspend package "com.android.dynsystem": has OP_SYSTEM_EXEMPT_FROM_SUSPENSION set
08-28 00:37:42.248  1452  4246 W PackageManager: Cannot suspend package "com.google.android.settings.future.biometrics.faceenroll": has OP_SYSTEM_EXEMPT_FROM_SUSPENSION set
08-28 00:37:42.254  1452  4246 W PackageManager: Cannot suspend package "com.google.pixel.camera.services": has OP_SYSTEM_EXEMPT_FROM_SUSPENSION set
08-28 00:37:42.256  1452  4246 W PackageManager: Cannot suspend package "com.android.vending": required for package verification
08-28 00:37:42.258  1452  4246 W PackageManager: Cannot suspend package "com.google.android.apps.work.oobconfig": protected package
08-28 00:37:42.258  1452  4246 W PackageManager: Cannot suspend package "android": has OP_SYSTEM_EXEMPT_FROM_SUSPENSION set
08-28 00:37:42.263  1452  4246 W PackageManager: Cannot suspend package "com.google.android.repairmode": has OP_SYSTEM_EXEMPT_FROM_SUSPENSION set
08-28 00:37:42.263  1452  4246 W PackageManager: Cannot suspend package "com.android.qns": has OP_SYSTEM_EXEMPT_FROM_SUSPENSION set
08-28 00:37:42.264  1452  4246 W PackageManager: Cannot suspend package "com.google.android.permissioncontroller": required for permissions management
08-28 00:37:42.264  1452  4246 W PackageManager: Cannot suspend package "com.android.providers.settings": has OP_SYSTEM_EXEMPT_FROM_SUSPENSION set
08-28 00:37:42.264  1452  4246 W PackageManager: Cannot suspend package "com.google.android.iwlan": has OP_SYSTEM_EXEMPT_FROM_SUSPENSION set
08-28 00:37:42.265  1452  4246 W PackageManager: Cannot suspend package "com.android.inputdevices": has OP_SYSTEM_EXEMPT_FROM_SUSPENSION set
08-28 00:37:42.265  1452  4246 W PackageManager: Cannot suspend package "com.google.android.dialer": is the default dialer
08-28 00:37:42.267  1452  2134 D BackgroundInstallControlService: Package event received: 0
08-28 00:37:42.267  1452  2134 D BackgroundInstallControlService: Package event received: 0
08-28 00:37:42.267  1452  2134 D BackgroundInstallControlService: Package event received: 0
08-28 00:37:42.277  1452  4246 W PackageManager: Cannot suspend package "com.android.server.telecom": has OP_SYSTEM_EXEMPT_FROM_SUSPENSION set
08-28 00:37:42.277  1452  4246 W PackageManager: Cannot suspend package "com.android.keychain": has OP_SYSTEM_EXEMPT_FROM_SUSPENSION set
08-28 00:37:42.277  1452  4246 W PackageManager: Cannot suspend package "com.google.android.packageinstaller": required for package installation
08-28 00:37:42.279  1452  4246 W PackageManager: Cannot suspend package "com.android.localtransport": has OP_SYSTEM_EXEMPT_FROM_SUSPENSION set
08-28 00:37:42.279  1452  4246 W PackageManager: Cannot suspend package "com.google.android.apps.nexuslauncher": contains the active launcher
08-28 00:37:42.279  1452  4246 W PackageManager: Cannot suspend package "com.android.DeviceAsWebcam": has OP_SYSTEM_EXEMPT_FROM_SUSPENSION set
08-28 00:37:42.279  1452  4246 W PackageManager: Cannot suspend package "com.google.SSRestartDetector": has OP_SYSTEM_EXEMPT_FROM_SUSPENSION set
08-28 00:37:42.292  1452  4246 W PackageManager: Cannot suspend package "com.android.settings": has OP_SYSTEM_EXEMPT_FROM_SUSPENSION set
08-28 00:37:42.299  1452  2164 E SyncManager: Couldn't find backoff values for Account {name=xxxxxxxxxxxxxxx@xxxxx.xxx, type=com.google}/subscribedfeeds:u0
08-28 00:37:42.301  1452  4246 W PackageManager: Cannot suspend package "com.android.location.fused": has OP_SYSTEM_EXEMPT_FROM_SUSPENSION set
08-28 00:37:42.315  1452  2134 D BackgroundInstallControlService: Package event received: 0
08-28 00:37:42.315  1452  4244 D SearchUiPerUserService: Creating SearchSessionInfo for session Id=com.google.android.apps.nexuslauncher:796dcfdd-7341-4386-bc82-04b944592077,0
08-28 00:37:42.318  1452  1971 D SearchUiPerUserService: Storing callback for session Id=com.google.android.apps.nexuslauncher:796dcfdd-7341-4386-bc82-04b944592077,0 and callback=android.os.BinderProxy@ba0e18f
08-28 00:37:42.325  1452  2134 D BackgroundInstallControlService: Package event received: 0
08-28 00:37:42.342  1452  4246 W PackageManager: Cannot suspend package "com.google.pixel.iwlan": has OP_SYSTEM_EXEMPT_FROM_SUSPENSION set
08-28 00:37:42.386  1452  2134 D BackgroundInstallControlService: Package event received: 0
08-28 00:37:42.406  1452  1733 I ActivityManager: Start proc 4610:com.android.localtransport/1000 for service {com.android.localtransport/com.android.localtransport.LocalTransportService}
08-28 00:37:42.407  1452  1733 I ActivityManager: ProcessObserver broadcast disabled
08-28 00:37:42.455  1452  2134 D BackgroundInstallControlService: Package event received: 0
08-28 00:37:42.564  1452  2164 E SyncManager: Couldn't find backoff values for Account {name=xxxxxxxxxxxxxxxxxx@xxxxx.xxx, type=com.google}/subscribedfeeds:u0
08-28 00:37:42.565  1452  1452 V NotificationManagerService.NotificationAssistants: 0 notification assistant service connected: ComponentInfo{com.google.android.as/com.google.android.apps.miphone.aiai.common.notification.service.AiAiNotificationAssistantService}
