08-28 00:37:35.500  1452  2517 I Telecom : CallsManager: handlePhoneAccountChanged: phoneAccount=[[X] PhoneAccount: ComponentInfo{com.android.phone/com.android.services.telephony.TelephonyConnectionService}, 1, UserHandle{0} Capabilities: SuppVideo CallProvider MultiUser PlaceEmerg SimSub  Audio Routes: BESW Schemes: tel voicemail  Extras: Bundle[{android.telecom.extra.SUPPORTS_VIDEO_CALLING_FALLBACK=true, android.telecom.extra.SORT_ORDER=1}] GroupId: *** SC Restrictions: [ ]]: TSI.rPA(cap)@AGA
08-28 00:37:35.504  1452  2517 I Telecom : PhoneAccountRegistrar: getSimCallManager: SimCallManager for subId 1 queried, returning: null: TSI.rPA(cap)@AGA
08-28 00:37:35.504  1452  2517 I Telecom : PhoneAccountRegistrar: Notifying telephony of voice service override change for 1 SIMs, hasService = false: TSI.rPA(cap)@AGA
08-28 00:37:35.512  1452  2063 E AppOps  : attributionTag VCN not declared in manifest of android
08-28 00:37:35.520  1452  1971 W ContextImpl: Calling a method in the system process without a qualified user: android.app.ContextImpl.sendBroadcastMultiplePermissions:1319 android.content.Context.sendBroadcastMultiplePermissions:2583 com.android.server.TelephonyRegistry.broadcastServiceStateChanged:4159 com.android.server.TelephonyRegistry.notifyServiceStateForPhoneId:1848 com.android.internal.telephony.ITelephonyRegistry$Stub.onTransact:613 
08-28 00:37:35.521  1452  1971 W ContextImpl: Calling a method in the system process without a qualified user: android.app.ContextImpl.sendBroadcastMultiplePermissions:1352 com.android.server.TelephonyRegistry.broadcastServiceStateChanged:4164 com.android.server.TelephonyRegistry.notifyServiceStateForPhoneId:1848 com.android.internal.telephony.ITelephonyRegistry$Stub.onTransact:613 android.os.Binder.execTransactInternal:1421 
08-28 00:37:35.524  1452  1971 W ContextImpl: Calling a method in the system process without a qualified user: android.app.ContextImpl.sendBroadcastMultiplePermissions:1352 com.android.server.TelephonyRegistry.broadcastServiceStateChanged:4173 com.android.server.TelephonyRegistry.notifyServiceStateForPhoneId:1848 com.android.internal.telephony.ITelephonyRegistry$Stub.onTransact:613 android.os.Binder.execTransactInternal:1421 
08-28 00:37:35.525  1452  1971 W ContextImpl: Calling a method in the system process without a qualified user: android.app.ContextImpl.sendBroadcastMultiplePermissions:1352 com.android.server.TelephonyRegistry.broadcastServiceStateChanged:4179 com.android.server.TelephonyRegistry.notifyServiceStateForPhoneId:1848 com.android.internal.telephony.ITelephonyRegistry$Stub.onTransact:613 android.os.Binder.execTransactInternal:1421 
08-28 00:37:35.550  1452  2221 I Telecom : TelecomServiceImpl$1: registerPhoneAccount: account=[[ ] PhoneAccount: ComponentInfo{com.android.phone/com.android.services.telephony.TelephonyConnectionService}, 1, UserHandle{0} Capabilities: SuppVideo CallProvider MultiUser PlaceEmerg SimSub Rtt  Audio Routes: BESW Schemes: tel voicemail  Extras: Bundle[{android.telecom.extra.SUPPORTS_VIDEO_CALLING_FALLBACK=true, android.telecom.extra.SORT_ORDER=1}] GroupId: *** SC Restrictions: [ ]]: TSI.rPA(cap)@AGE
08-28 00:37:35.552  1452  2221 I Telecom : PhoneAccountRegistrar: Modify account: [ComponentInfo{com.android.phone/com.android.services.telephony.TelephonyConnectionService}, 1, UserHandle{0}(cap: SuppVideo CallProvider MultiUser PlaceEmerg SimSub Rtt  -> SuppVideo CallProvider MultiUser PlaceEmerg SimSub )]: TSI.rPA(cap)@AGE
08-28 00:37:35.553  1452  2221 I Telecom : CallsManager: handlePhoneAccountChanged: phoneAccount=[[X] PhoneAccount: ComponentInfo{com.android.phone/com.android.services.telephony.TelephonyConnectionService}, 1, UserHandle{0} Capabilities: SuppVideo CallProvider MultiUser PlaceEmerg SimSub Rtt  Audio Routes: BESW Schemes: tel voicemail  Extras: Bundle[{android.telecom.extra.SUPPORTS_VIDEO_CALLING_FALLBACK=true, android.telecom.extra.SORT_ORDER=1}] GroupId: *** SC Restrictions: [ ]]: TSI.rPA(cap)@AGE
08-28 00:37:35.555  1452  2221 I Telecom : PhoneAccountRegistrar: getSimCallManager: SimCallManager for subId 1 queried, returning: null: TSI.rPA(cap)@AGE
08-28 00:37:35.555  1452  2221 I Telecom : PhoneAccountRegistrar: Notifying telephony of voice service override change for 1 SIMs, hasService = false: TSI.rPA(cap)@AGE
08-28 00:37:35.576  1452  2221 I Telecom : TelecomServiceImpl$1: registerPhoneAccount: account=[[ ] PhoneAccount: ComponentInfo{com.android.phone/com.android.services.telephony.TelephonyConnectionService}, 1, UserHandle{0} Capabilities: SuppVideo CallProvider MultiUser PlaceEmerg SimSub  Audio Routes: BESW Schemes: tel voicemail  Extras: Bundle[{android.telecom.extra.SUPPORTS_VIDEO_CALLING_FALLBACK=true, android.telecom.extra.SORT_ORDER=1}] GroupId: *** SC Restrictions: [ ]]: TSI.rPA(cap)@AGQ
08-28 00:37:35.578  1452  2221 I Telecom : PhoneAccountRegistrar: Modify account: [ComponentInfo{com.android.phone/com.android.services.telephony.TelephonyConnectionService}, 1, UserHandle{0}(cap: SuppVideo CallProvider MultiUser PlaceEmerg SimSub  -> SuppVideo CallProvider MultiUser PlaceEmerg SimSub Rtt )]: TSI.rPA(cap)@AGQ
08-28 00:37:35.579  1452  2221 I Telecom : CallsManager: handlePhoneAccountChanged: phoneAccount=[[X] PhoneAccount: ComponentInfo{com.android.phone/com.android.services.telephony.TelephonyConnectionService}, 1, UserHandle{0} Capabilities: SuppVideo CallProvider MultiUser PlaceEmerg SimSub  Audio Routes: BESW Schemes: tel voicemail  Extras: Bundle[{android.telecom.extra.SUPPORTS_VIDEO_CALLING_FALLBACK=true, android.telecom.extra.SORT_ORDER=1}] GroupId: *** SC Restrictions: [ ]]: TSI.rPA(cap)@AGQ
08-28 00:37:35.582  1452  2221 I Telecom : PhoneAccountRegistrar: getSimCallManager: SimCallManager for subId 1 queried, returning: null: TSI.rPA(cap)@AGQ
08-28 00:37:35.582  1452  2221 I Telecom : PhoneAccountRegistrar: Notifying telephony of voice service override change for 1 SIMs, hasService = false: TSI.rPA(cap)@AGQ
08-28 00:37:35.596  1452  1971 I Telecom : TelecomServiceImpl$1: registerPhoneAccount: account=[[ ] PhoneAccount: ComponentInfo{com.android.phone/com.android.services.telephony.TelephonyConnectionService}, 1, UserHandle{0} Capabilities: SuppVideo CallProvider MultiUser PlaceEmerg SimSub  Audio Routes: BESW Schemes: tel voicemail  Extras: Bundle[{android.telecom.extra.SUPPORTS_VIDEO_CALLING_FALLBACK=true, android.telecom.extra.SORT_ORDER=1}] GroupId: *** SC Restrictions: [ ]]: TSI.rPA(cap)@AGc
08-28 00:37:35.598  1452  1971 I Telecom : PhoneAccountRegistrar: Modify account: [ComponentInfo{com.android.phone/com.android.services.telephony.TelephonyConnectionService}, 1, UserHandle{0}]: TSI.rPA(cap)@AGc
08-28 00:37:35.600  1452  1971 I Telecom : CallsManager: handlePhoneAccountChanged: phoneAccount=[[X] PhoneAccount: ComponentInfo{com.android.phone/com.android.services.telephony.TelephonyConnectionService}, 1, UserHandle{0} Capabilities: SuppVideo CallProvider MultiUser PlaceEmerg SimSub  Audio Routes: BESW Schemes: tel voicemail  Extras: Bundle[{android.telecom.extra.SUPPORTS_VIDEO_CALLING_FALLBACK=true, android.telecom.extra.SORT_ORDER=1}] GroupId: *** SC Restrictions: [ ]]: TSI.rPA(cap)@AGc
08-28 00:37:35.602  1452  1971 I Telecom : PhoneAccountRegistrar: getSimCallManager: SimCallManager for subId 1 queried, returning: null: TSI.rPA(cap)@AGc
08-28 00:37:35.602  1452  1971 I Telecom : PhoneAccountRegistrar: Notifying telephony of voice service override change for 1 SIMs, hasService = false: TSI.rPA(cap)@AGc
08-28 00:37:35.612  1452  2221 W ActivityManager: Unable to start service Intent { act=com.google.android.gms.PixelImpulseClient.BIND xflg=0x4 pkg=com.google.android.gms } U=0: not found
08-28 00:37:35.621  1452  2221 W ContextImpl: Calling a method in the system process without a qualified user: android.app.ContextImpl.sendBroadcastMultiplePermissions:1319 android.content.Context.sendBroadcastMultiplePermissions:2583 com.android.server.TelephonyRegistry.broadcastServiceStateChanged:4159 com.android.server.TelephonyRegistry.notifyServiceStateForPhoneId:1848 com.android.internal.telephony.ITelephonyRegistry$Stub.onTransact:613 
08-28 00:37:35.622  1452  2221 W ContextImpl: Calling a method in the system process without a qualified user: android.app.ContextImpl.sendBroadcastMultiplePermissions:1352 com.android.server.TelephonyRegistry.broadcastServiceStateChanged:4164 com.android.server.TelephonyRegistry.notifyServiceStateForPhoneId:1848 com.android.internal.telephony.ITelephonyRegistry$Stub.onTransact:613 android.os.Binder.execTransactInternal:1421 
08-28 00:37:35.623  1452  2221 W ContextImpl: Calling a method in the system process without a qualified user: android.app.ContextImpl.sendBroadcastMultiplePermissions:1352 com.android.server.TelephonyRegistry.broadcastServiceStateChanged:4173 com.android.server.TelephonyRegistry.notifyServiceStateForPhoneId:1848 com.android.internal.telephony.ITelephonyRegistry$Stub.onTransact:613 android.os.Binder.execTransactInternal:1421 
08-28 00:37:35.624  1452  2221 W ContextImpl: Calling a method in the system process without a qualified user: android.app.ContextImpl.sendBroadcastMultiplePermissions:1352 com.android.server.TelephonyRegistry.broadcastServiceStateChanged:4179 com.android.server.TelephonyRegistry.notifyServiceStateForPhoneId:1848 com.android.internal.telephony.ITelephonyRegistry$Stub.onTransact:613 android.os.Binder.execTransactInternal:1421 
08-28 00:37:35.626  2886  3378 V Configuration: Updating configuration, locales updated from [] to [en_US]
08-28 00:37:35.644  1452  1971 I Telecom : TelecomServiceImpl$1: registerPhoneAccount: account=[[ ] PhoneAccount: ComponentInfo{com.android.phone/com.android.services.telephony.TelephonyConnectionService}, 1, UserHandle{0} Capabilities: SuppVideo Video Presence CallProvider MultiUser PlaceEmerg SimSub  Audio Routes: BESW Schemes: tel voicemail  Extras: Bundle[{android.telecom.extra.SUPPORTS_VIDEO_CALLING_FALLBACK=true, android.telecom.extra.SORT_ORDER=1}] GroupId: *** SC Restrictions: [ ]]: TSI.rPA(cap)@AGo
08-28 00:37:35.646  1452  1971 I Telecom : PhoneAccountRegistrar: Modify account: [ComponentInfo{com.android.phone/com.android.services.telephony.TelephonyConnectionService}, 1, UserHandle{0}(cap: SuppVideo Video Presence CallProvider MultiUser PlaceEmerg SimSub  -> SuppVideo CallProvider MultiUser PlaceEmerg SimSub )]: TSI.rPA(cap)@AGo
08-28 00:37:35.647  1452  1971 I Telecom : CallsManager: handlePhoneAccountChanged: phoneAccount=[[X] PhoneAccount: ComponentInfo{com.android.phone/com.android.services.telephony.TelephonyConnectionService}, 1, UserHandle{0} Capabilities: SuppVideo Video Presence CallProvider MultiUser PlaceEmerg SimSub  Audio Routes: BESW Schemes: tel voicemail  Extras: Bundle[{android.telecom.extra.SUPPORTS_VIDEO_CALLING_FALLBACK=true, android.telecom.extra.SORT_ORDER=1}] GroupId: *** SC Restrictions: [ ]]: TSI.rPA(cap)@AGo
08-28 00:37:35.649  1452  1971 I Telecom : PhoneAccountRegistrar: getSimCallManager: SimCallManager for subId 1 queried, returning: null: TSI.rPA(cap)@AGo
08-28 00:37:35.649  1452  1971 I Telecom : PhoneAccountRegistrar: Notifying telephony of voice service override change for 1 SIMs, hasService = false: TSI.rPA(cap)@AGo
08-28 00:37:35.663  1452  1971 I Telecom : TelecomServiceImpl$1: registerPhoneAccount: account=[[ ] PhoneAccount: ComponentInfo{com.android.phone/com.android.services.telephony.TelephonyConnectionService}, 1, UserHandle{0} Capabilities: SuppVideo Video Presence CallProvider MultiUser PlaceEmerg SimSub Rtt  Audio Routes: BESW Schemes: tel voicemail  Extras: Bundle[{android.telecom.extra.SUPPORTS_VIDEO_CALLING_FALLBACK=true, android.telecom.extra.SORT_ORDER=1}] GroupId: *** SC Restrictions: [ ]]: TSI.rPA(cap)@AGs
08-28 00:37:35.664  1452  1971 I Telecom : PhoneAccountRegistrar: Modify account: [ComponentInfo{com.android.phone/com.android.services.telephony.TelephonyConnectionService}, 1, UserHandle{0}(cap: SuppVideo Video Presence CallProvider MultiUser PlaceEmerg SimSub Rtt  -> SuppVideo Video Presence CallProvider MultiUser PlaceEmerg SimSub )]: TSI.rPA(cap)@AGs
08-28 00:37:35.666  1452  1971 I Telecom : CallsManager: handlePhoneAccountChanged: phoneAccount=[[X] PhoneAccount: ComponentInfo{com.android.phone/com.android.services.telephony.TelephonyConnectionService}, 1, UserHandle{0} Capabilities: SuppVideo Video Presence CallProvider MultiUser PlaceEmerg SimSub Rtt  Audio Routes: BESW Schemes: tel voicemail  Extras: Bundle[{android.telecom.extra.SUPPORTS_VIDEO_CALLING_FALLBACK=true, android.telecom.extra.SORT_ORDER=1}] GroupId: *** SC Restrictions: [ ]]: TSI.rPA(cap)@AGs
08-28 00:37:35.669  1452  1971 I Telecom : PhoneAccountRegistrar: getSimCallManager: SimCallManager for subId 1 queried, returning: null: TSI.rPA(cap)@AGs
08-28 00:37:35.669  1452  1971 I Telecom : PhoneAccountRegistrar: Notifying telephony of voice service override change for 1 SIMs, hasService = false: TSI.rPA(cap)@AGs
08-28 00:37:35.702  1452  2221 I Telecom : TelecomServiceImpl$1: registerPhoneAccount: account=[[ ] PhoneAccount: ComponentInfo{com.android.phone/com.android.services.telephony.TelephonyConnectionService}, 1, UserHandle{0} Capabilities: SuppVideo Video Presence CallProvider MultiUser PlaceEmerg SimSub Rtt  Audio Routes: BESW Schemes: tel voicemail  Extras: Bundle[{android.telecom.extra.SUPPORTS_VIDEO_CALLING_FALLBACK=true, android.telecom.extra.SORT_ORDER=1}] GroupId: *** SC Restrictions: [ ]]: TSI.rPA(cap)@AG8
08-28 00:37:35.704  1452  2221 I Telecom : PhoneAccountRegistrar: Modify account: [ComponentInfo{com.android.phone/com.android.services.telephony.TelephonyConnectionService}, 1, UserHandle{0}]: TSI.rPA(cap)@AG8
08-28 00:37:35.705  1452  2221 I Telecom : CallsManager: handlePhoneAccountChanged: phoneAccount=[[X] PhoneAccount: ComponentInfo{com.android.phone/com.android.services.telephony.TelephonyConnectionService}, 1, UserHandle{0} Capabilities: SuppVideo Video Presence CallProvider MultiUser PlaceEmerg SimSub Rtt  Audio Routes: BESW Schemes: tel voicemail  Extras: Bundle[{android.telecom.extra.SUPPORTS_VIDEO_CALLING_FALLBACK=true, android.telecom.extra.SORT_ORDER=1}] GroupId: *** SC Restrictions: [ ]]: TSI.rPA(cap)@AG8
08-28 00:37:35.707  1452  2221 I Telecom : PhoneAccountRegistrar: getSimCallManager: SimCallManager for subId 1 queried, returning: null: TSI.rPA(cap)@AG8
08-28 00:37:35.707  1452  2221 I Telecom : PhoneAccountRegistrar: Notifying telephony of voice service override change for 1 SIMs, hasService = false: TSI.rPA(cap)@AG8
08-28 00:37:35.824  2886  3378 V Configuration: Updating configuration, locales updated from [] to [en_US]
08-28 00:37:35.928  2886  3378 V Configuration: Updating configuration, locales updated from [] to [en_US]
08-28 00:37:35.934  1452  1955 W ActivityManager: Unable to start service Intent { act=com.google.android.apps.turbo.PixelImpulseClient.BIND xflg=0x4 pkg=com.google.android.apps.turbo } U=0: not found
08-28 00:37:35.961     0     0 I trusty  : WARN: system/keymint/ta/src/lib.rs:1253 failing OperationFinish request with error Hal(VerificationFailed, "system/keymint/boringssl/src/aes.rs:276: failed to finalize: ErrorStack([])")
08-28 00:37:35.961   588   600 W keymint-hal-trusty: kmr_hal: HAL: command OperationFinish failed: -30
08-28 00:37:35.962   585   616 E keystore2: system/security/keystore2/src/error.rs:183 - system/security/keystore2/src/operation.rs:852: KeystoreOperation::finish
08-28 00:37:35.962   585   616 E keystore2: 
08-28 00:37:35.962   585   616 E keystore2: Caused by:
08-28 00:37:35.962   585   616 E keystore2:     0: system/security/keystore2/src/operation.rs:433: Finish failed for uid 10221
08-28 00:37:35.962   585   616 E keystore2:     1: Error::Km(r#VERIFICATION_FAILED)
08-28 00:37:36.024  1452  1955 W ActivityManager: Foreground service started from background can not have location/camera/microphone access: service pedometer.steptracker.calorieburner.stepcounter/steptracker.stepcounter.pedometer.service.CounterService
08-28 00:37:36.057  2886  3378 V Configuration: Updating configuration, locales updated from [] to [en_US]
08-28 00:37:36.124  2886  3378 V Configuration: Updating configuration, locales updated from [] to [en_US]
08-28 00:37:36.224  2886  3378 V Configuration: Updating configuration, locales updated from [] to [en_US]
08-28 00:37:36.345  2886  3378 V Configuration: Updating configuration, locales updated from [] to [en_US]
08-28 00:37:36.369  1452  2221 D HapticFeedbackCustomization: No loadable haptic feedback customization from file.
08-28 00:37:36.370  1452  2221 D HapticFeedbackCustomization: Successfully opened customization resource.
08-28 00:37:36.371  1452  2221 D HapticFeedbackCustomization: Successfully opened customization resource.
08-28 00:37:36.371  1452  2221 D HapticFeedbackCustomization: Successfully opened customization resource.
08-28 00:37:36.387  1452  1955 D CoreBackPreview: Window{ee8de9b u0 NotificationShade}: Setting back callback OnBackInvokedCallbackInfo{mCallback=android.window.IOnBackInvokedCallback$Stub$Proxy@e04b7b4, mPriority=0, mIsAnimationCallback=true, mOverrideBehavior=0}
08-28 00:37:36.436  2886  3378 V Configuration: Updating configuration, locales updated from [] to [en_US]
08-28 00:37:36.484  1452  1973 E AppOps  : attributionTag  not declared in manifest of pedometer.steptracker.calorieburner.stepcounter
08-28 00:37:36.491  1452  2430 W ActivityManager: Foreground service started from background can not have location/camera/microphone access: service pedometer.steptracker.calorieburner.stepcounter/steptracker.stepcounter.pedometer.service.CounterService
08-28 00:37:36.500  2886  3378 V Configuration: Updating configuration, locales updated from [] to [en_US]
08-28 00:37:36.555  1452  2221 W OverlayManager: service 'idmap' died
08-28 00:37:36.797  2886  3378 V Configuration: Updating configuration, locales updated from [] to [en_US]
08-28 00:37:36.840  2886  3378 V Configuration: Updating configuration, locales updated from [] to [en_US]
08-28 00:37:36.903  2886  3378 V Configuration: Updating configuration, locales updated from [] to [en_US]
08-28 00:37:36.974  2886  3378 V Configuration: Updating configuration, locales updated from [] to [en_US]
08-28 00:37:36.983  2886  3378 V Configuration: Updating configuration, locales updated from [] to [en_US]
08-28 00:37:36.994  2886  3378 V Configuration: Updating configuration, locales updated from [] to [en_US]
08-28 00:37:37.003  2886  3378 V Configuration: Updating configuration, locales updated from [] to [en_US]
08-28 00:37:37.012  2886  3378 V Configuration: Updating configuration, locales updated from [] to [en_US]
08-28 00:37:37.024  2886  3378 V Configuration: Updating configuration, locales updated from [] to [en_US]
08-28 00:37:37.034  2886  3378 V Configuration: Updating configuration, locales updated from [] to [en_US]
08-28 00:37:37.044  2886  3378 V Configuration: Updating configuration, locales updated from [] to [en_US]
08-28 00:37:37.052  2886  3378 V Configuration: Updating configuration, locales updated from [] to [en_US]
08-28 00:37:37.066  2886  3378 V Configuration: Updating configuration, locales updated from [] to [en_US]
08-28 00:37:37.074  2886  3378 V Configuration: Updating configuration, locales updated from [] to [en_US]
08-28 00:37:37.081  2886  3378 V Configuration: Updating configuration, locales updated from [] to [en_US]
08-28 00:37:37.093  2886  3378 V Configuration: Updating configuration, locales updated from [] to [en_US]
08-28 00:37:37.099  2886  3378 V Configuration: Updating configuration, locales updated from [] to [en_US]
08-28 00:37:37.110  2886  3378 V Configuration: Updating configuration, locales updated from [] to [en_US]
08-28 00:37:37.116  2886  3378 V Configuration: Updating configuration, locales updated from [] to [en_US]
08-28 00:37:37.123  2886  3378 V Configuration: Updating configuration, locales updated from [] to [en_US]
08-28 00:37:37.128  2886  3378 V Configuration: Updating configuration, locales updated from [] to [en_US]
08-28 00:37:37.137  2886  3378 V Configuration: Updating configuration, locales updated from [] to [en_US]
08-28 00:37:37.143  2886  3378 V Configuration: Updating configuration, locales updated from [] to [en_US]
08-28 00:37:37.152  2886  3378 V Configuration: Updating configuration, locales updated from [] to [en_US]
08-28 00:37:37.158  2886  3378 V Configuration: Updating configuration, locales updated from [] to [en_US]
08-28 00:37:37.164  2886  3378 V Configuration: Updating configuration, locales updated from [] to [en_US]
08-28 00:37:37.171  2886  3378 V Configuration: Updating configuration, locales updated from [] to [en_US]
08-28 00:37:37.180  2886  3378 V Configuration: Updating configuration, locales updated from [] to [en_US]
08-28 00:37:37.191  2886  3378 V Configuration: Updating configuration, locales updated from [] to [en_US]
08-28 00:37:37.199  2886  3378 V Configuration: Updating configuration, locales updated from [] to [en_US]
08-28 00:37:37.208  2886  3378 V Configuration: Updating configuration, locales updated from [] to [en_US]
08-28 00:37:38.581  1452  2430 I LockSettingsService: Verifying lockscreen credential for user 0
08-28 00:37:38.623  1452  2430 I SyntheticPasswordManager: Found AIDL weaver service v2
08-28 00:37:38.623  1452  2430 I SyntheticPasswordManager: Using AIDL weaver service
08-28 00:37:38.631  1452  2430 I SyntheticPasswordManager: Weaver service initialized
08-28 00:37:38.713   585   616 I keystore2: system/security/keystore2/src/authorization.rs:112 - add_auth_token(challenge=0, userId=-5270170251288250256, authId=0, authType=0x1, timestamp=23733ms)
08-28 00:37:38.717  1452  2430 I LockSettingsService: Successfully verified lockscreen credential for user 0
08-28 00:37:38.718  1452  2026 D BiometricDeferredQueue: Face addPendingLockoutResetForUser: 0
08-28 00:37:38.719  1452  2026 D BiometricDeferredQueue: Fingerprint addPendingLockoutResetForUser: 0
08-28 00:37:38.720   585   616 I keystore2: system/security/keystore2/src/authorization.rs:126 - on_device_unlocked(user_id=0, password.is_some()=true)
08-28 00:37:38.719  1452  2026 D BiometricDeferredQueue: Fingerprint addPendingLockoutResetForUser: 0
08-28 00:37:38.720   585   616 I keystore2: system/security/keystore2/src/super_key.rs:1149 - unlock_user(user=0)
08-28 00:37:38.754   569   573 D vold    : fscrypt_unlock_ce_storage 0
08-28 00:37:38.754   569   573 D vold    : Trying user CE key /data/misc/vold/user_keys/ce/0/current
08-28 00:37:38.757   569   573 D vold    : Successfully retrieved key
08-28 00:37:38.759     0     0 I trusty  : WARN: system/keymint/ta/src/lib.rs:1253 failing DeviceConvertStorageKeyToEphemeral request with error Hal(KeyRequiresUpgrade, "system/keymint/ta/src/lib.rs:434: keyblob with old OS version 140000 needs upgrade to current 160000")
08-28 00:37:38.759   588   600 W keymint-hal-trusty: kmr_hal: HAL: command DeviceConvertStorageKeyToEphemeral failed: -62
08-28 00:37:38.765   569   573 D vold    : Installed fscrypt key with ref eb1693479d0655cbcb3b8f276a0fc7d8 to /data
08-28 00:37:38.765   569   573 D vold    : Installed CE key for user 0
08-28 00:37:38.766  1452  2430 I LockSettingsService: Unlocked CE storage for secured user 0
08-28 00:37:38.766  1452  2430 D SystemServerTiming: finishUserUnlocking-0
08-28 00:37:38.767  1452  2430 D ActivityManager: Started unlocking user 0
08-28 00:37:38.767  1452  2430 D LockSettingsService: unlockUser started
08-28 00:37:38.767  1452  2430 D ActivityManager: Unlocking user 0 progress 0
08-28 00:37:38.767  1452  2430 D LockSettingsService: unlockUser progress 0
08-28 00:37:38.767  1452  2430 D ActivityManager: Unlocking user 0 progress 5
08-28 00:37:38.767  1452  2430 D LockSettingsService: unlockUser progress 5
08-28 00:37:38.768  1452  1715 D SystemServerTiming: UM.onBeforeUnlockUser-0
08-28 00:37:38.768  1452  1715 D SystemServerTiming: prepareUserData-0
08-28 00:37:38.768  1452  1715 D UserDataPreparer: Preparing user data; volumeUuid=null, userId=0, flags=0x2, isNewUser=false
08-28 00:37:38.769   569   573 D vold    : fscrypt_prepare_user_storage for volume null, user 0, flags 2
08-28 00:37:38.769   569   573 D vold    : Preparing: /data/system_ce/0
08-28 00:37:38.770   569   573 I vold    : Verified that /data/system_ce/0 has the encryption policy eb1693479d0655cbcb3b8f276a0fc7d8 v2 modes 1/10 flags 0xa
08-28 00:37:38.772   569   573 D vold    : Preparing: /data/vendor_ce/0
08-28 00:37:38.772   569   573 I vold    : Verified that /data/vendor_ce/0 has the encryption policy eb1693479d0655cbcb3b8f276a0fc7d8 v2 modes 1/10 flags 0xa
08-28 00:37:38.774   569   573 D vold    : Preparing: /data/media/0
08-28 00:37:38.774   569   573 I vold    : Verified that /data/media/0 has the encryption policy eb1693479d0655cbcb3b8f276a0fc7d8 v2 modes 1/10 flags 0xa
08-28 00:37:38.775   569   573 D vold    : Preparing: /data/misc_ce/0
08-28 00:37:38.775   569   573 I vold    : Verified that /data/misc_ce/0 has the encryption policy eb1693479d0655cbcb3b8f276a0fc7d8 v2 modes 1/10 flags 0xa
08-28 00:37:38.775   569   573 D vold    : Preparing: /data/user/0
08-28 00:37:38.776   569   573 I vold    : Verified that /data/user/0 has the encryption policy eb1693479d0655cbcb3b8f276a0fc7d8 v2 modes 1/10 flags 0xa
08-28 00:37:38.776   569   573 D vold    : Starting restorecon of /data/system_ce/0
08-28 00:37:38.780   569   573 D vold    : Finished restorecon of /data/system_ce/0
08-28 00:37:38.780   569   573 D vold    : Starting restorecon of /data/vendor_ce/0
08-28 00:37:38.783   569   573 D vold    : Finished restorecon of /data/vendor_ce/0
08-28 00:37:38.783   569   573 D vold    : Starting restorecon of /data/misc_ce/0
08-28 00:37:38.785   569   573 D vold    : Finished restorecon of /data/misc_ce/0
08-28 00:37:38.786   569   573 D vold    : /system/bin/vold_prepare_subdirs
08-28 00:37:38.786   569   573 D vold    :     prepare
08-28 00:37:38.786   569   573 D vold    :     
08-28 00:37:38.786   569   573 D vold    :     0
08-28 00:37:38.786   569   573 D vold    :     2
08-28 00:37:38.849   932  1793 I Lyric   : proxy_camera_provider.cc:237: Attempting to rebind to ICameraProvider
08-28 00:37:38.852  1452  2221 W ActivityManager: Unable to start service Intent { xflg=0x4 cmp=com.google.android.apps.camera.services/.connectivity.service.ProxyCameraProviderService } U=0: not found
08-28 00:37:38.852  1452  2221 W ActivityManager: Unbind failed: could not find connection for android.os.BinderProxy@7573de2
08-28 00:37:38.861  1452  2221 D WindowManager: Remove SleepToken: tag=keyguard, displayId=0
08-28 00:37:38.861  2175  2202 V WindowManagerShell: Transition requested (#6): android.os.BinderProxy@ee1cd0a TransitionRequestInfo { type = TO_BACK, triggerTask = null, pipChange = null, remoteTransition = null, displayChange = null, flags = 260, debugId = 6 }
08-28 00:37:38.861  1452  1715 V UserDataPreparer: Found /data/user/0 with serial number 0
08-28 00:37:38.861  1452  1715 V UserDataPreparer: Found /data/system_ce/0 with serial number 0
08-28 00:37:38.862  1452  2221 D ActivityTaskManager: Top Process State changed to PROCESS_STATE_TOP
08-28 00:37:38.862  1452  1715 D UserDataPreparer: Setting property: sys.user.0.ce_available=true
08-28 00:37:38.863  1452  1715 D SystemServerTiming: reconcileAppsData-0
08-28 00:37:38.864  1452  1715 V PackageManager: reconcileAppsData for null u0 0x2 migrateAppData=false
08-28 00:37:38.877  1452  1715 W PackageManager: Skipping preparing app data for com.google.android.tzdata6
08-28 00:37:38.877  1452  1715 W PackageManager: Skipping preparing app data for com.google.android.ondevicepersonalization
08-28 00:37:38.877  1452  1715 W PackageManager: Skipping preparing app data for com.android.hardware.biometrics.face.virtual
08-28 00:37:38.877  1452  1715 W PackageManager: Skipping preparing app data for com.google.android.media.swcodec
08-28 00:37:38.877  1452  1715 W PackageManager: Skipping preparing app data for com.google.android.os.statsd
08-28 00:37:38.877  1452  1715 W PackageManager: Skipping preparing app data for com.google.android.widevine.nonupdatable
08-28 00:37:38.877  1452  1715 W PackageManager: Skipping preparing app data for com.google.android.extservices
08-28 00:37:38.877  1452  1715 W PackageManager: Skipping preparing app data for com.google.android.sdksandbox
08-28 00:37:38.878  1452  1715 W PackageManager: Skipping preparing app data for com.google.android.bt
08-28 00:37:38.878  1452  1715 W PackageManager: Skipping preparing app data for com.google.android.healthfitness
08-28 00:37:38.878  1452  1715 W PackageManager: Skipping preparing app data for com.google.android.ipsec
08-28 00:37:38.878  1452  1715 W PackageManager: Skipping preparing app data for com.google.android.media
08-28 00:37:38.878  1452  1715 W PackageManager: Skipping preparing app data for com.google.android.compos
08-28 00:37:38.878  1452  1715 W PackageManager: Skipping preparing app data for com.google.android.uprobestats
08-28 00:37:38.878  1452  1715 W PackageManager: Skipping preparing app data for com.android.i18n
08-28 00:37:38.878  1452  1715 W PackageManager: Skipping preparing app data for com.google.android.nfcservices
08-28 00:37:38.878  1452  1715 W PackageManager: Skipping preparing app data for com.google.android.appsearch
08-28 00:37:38.878  1452  1715 W PackageManager: Skipping preparing app data for com.google.android.configinfrastructure
08-28 00:37:38.878  1452  1715 W PackageManager: Skipping preparing app data for com.android.devicelock
08-28 00:37:38.878  1452  1715 W PackageManager: Skipping preparing app data for com.google.pixel.euicc.update
08-28 00:37:38.878  1452  1715 W PackageManager: Skipping preparing app data for com.google.android.cellbroadcast
08-28 00:37:38.878  1452  1715 W PackageManager: Skipping preparing app data for com.android.apex.cts.shim
08-28 00:37:38.878  1452  1715 W PackageManager: Skipping preparing app data for com.google.android.resolv
08-28 00:37:38.878  1452  1715 W PackageManager: Skipping preparing app data for com.google.android.sdkext
08-28 00:37:38.878  1452  1715 W PackageManager: Skipping preparing app data for com.google.android.art
08-28 00:37:38.878  1452  1715 W PackageManager: Skipping preparing app data for com.google.android.uwb
08-28 00:37:38.878  1452  1715 W PackageManager: Skipping preparing app data for com.android.hardware.biometrics.fingerprint.virtual
08-28 00:37:38.878  1452  1715 W PackageManager: Skipping preparing app data for com.google.android.runtime
08-28 00:37:38.878  1452  1715 W PackageManager: Skipping preparing app data for com.android.hardware.cas
08-28 00:37:38.878  1452  1715 W PackageManager: Skipping preparing app data for com.google.android.adservices
08-28 00:37:38.878  1452  1715 W PackageManager: Skipping preparing app data for com.google.android.crashrecovery
08-28 00:37:38.879  1452  1715 W PackageManager: Skipping preparing app data for com.google.android.scheduling
08-28 00:37:38.879  1452  1715 W PackageManager: Skipping preparing app data for com.google.android.hardware.biometrics.fingerprint
08-28 00:37:38.879  1452  1715 W PackageManager: Skipping preparing app data for com.google.android.mediaprovider
08-28 00:37:38.879  1452  1715 W PackageManager: Skipping preparing app data for com.google.android.permission
08-28 00:37:38.879  1452  1715 W PackageManager: Skipping preparing app data for com.google.android.profiling
08-28 00:37:38.879  1452  1715 W PackageManager: Skipping preparing app data for com.google.pixel.camera.hal
08-28 00:37:38.879  1452  1715 W PackageManager: Skipping preparing app data for com.google.android.neuralnetworks
08-28 00:37:38.879  1452  1715 W PackageManager: Skipping preparing app data for com.google.android.tethering
08-28 00:37:38.879  1452  1715 W PackageManager: Skipping preparing app data for com.google.android.adbd
08-28 00:37:38.879  1452  1715 W PackageManager: Skipping preparing app data for com.google.android.rkpd
08-28 00:37:38.879  1452  1715 W PackageManager: Skipping preparing app data for com.google.android.virt
08-28 00:37:38.879  1452  1715 W PackageManager: Skipping preparing app data for com.google.android.wifi
08-28 00:37:38.879  1452  1715 W PackageManager: Skipping preparing app data for com.google.android.conscrypt
08-28 00:37:38.879  1452  1715 W PackageManager: Skipping preparing app data for com.google.android.hardware.biometrics.face
08-28 00:37:38.879  1452  1715 W PackageManager: Skipping preparing app data for com.google.pixel.wifi.ext
08-28 00:37:38.890  2175  2756 V WindowManagerShell: onTransitionReady(transaction=6236292514034)
08-28 00:37:38.890  2175  2202 V WindowManagerShell: onTransitionReady (#6) android.os.BinderProxy@ee1cd0a: {id=6 t=TO_BACK f=0x104 trk=0 r=[0@Point(0, 0)] c=[
08-28 00:37:38.890  2175  2202 V WindowManagerShell:         {m=TO_FRONT f=SHOW_WALLPAPER p=WCT{android.window.IWindowContainerToken$Stub$Proxy@c6d4257} leash=Surface(name=Task=1)/@0x8253398 sb=Rect(0, 0 - 1080, 2400) eb=Rect(0, 0 - 1080, 2400) epz=Point(1080, 2400) d=0 taskParent=-1},
08-28 00:37:38.890  2175  2202 V WindowManagerShell:         {m=TO_FRONT f=SHOW_WALLPAPER|FLAG_IS_TASK_DISPLAY_AREA leash=Surface(name=DefaultTaskDisplayArea)/@0xd1f77f1 sb=Rect(0, 0 - 1080, 2400) eb=Rect(0, 0 - 1080, 2400) epz=Point(1080, 2400) d=0}
08-28 00:37:38.890  2175  2202 V WindowManagerShell:     ]}
08-28 00:37:38.890  2175  2202 V WindowManagerShell: Playing animation for (#6) android.os.BinderProxy@ee1cd0a@0
08-28 00:37:38.890  2175  2202 V WindowManagerShell: start keyguard going-away transition, info = {id=6 t=TO_BACK f=0x104 trk=0 r=[0@Point(0, 0)] c=[{m=TO_FRONT f=SHOW_WALLPAPER p=WCT{android.window.IWindowContainerToken$Stub$Proxy@c6d4257} leash=Surface(name=Task=1)/@0x8253398 sb=Rect(0, 0 - 1080, 2400) eb=Rect(0, 0 - 1080, 2400) epz=Point(1080, 2400) d=0 taskParent=-1},{m=TO_FRONT f=SHOW_WALLPAPER|FLAG_IS_TASK_DISPLAY_AREA leash=Surface(name=DefaultTaskDisplayArea)/@0xd1f77f1 sb=Rect(0, 0 - 1080, 2400) eb=Rect(0, 0 - 1080, 2400) epz=Point(1080, 2400) d=0}]}
08-28 00:37:38.890  2175  2202 D KeyguardService: Starts IRemoteAnimationRunner: info={id=6 t=TO_BACK f=0x104 trk=0 r=[0@Point(0, 0)] c=[{m=TO_FRONT f=SHOW_WALLPAPER p=WCT{android.window.IWindowContainerToken$Stub$Proxy@c6d4257} leash=Surface(name=Task=1)/@0x8253398 sb=Rect(0, 0 - 1080, 2400) eb=Rect(0, 0 - 1080, 2400) epz=Point(1080, 2400) d=0 taskParent=-1},{m=TO_FRONT f=SHOW_WALLPAPER|FLAG_IS_TASK_DISPLAY_AREA leash=Surface(name=DefaultTaskDisplayArea)/@0xd1f77f1 sb=Rect(0, 0 - 1080, 2400) eb=Rect(0, 0 - 1080, 2400) epz=Point(1080, 2400) d=0}]}
08-28 00:37:38.891  2175  2202 V WindowManagerShell:  animated by com.android.wm.shell.keyguard.KeyguardTransitionHandler@fa2a22d
08-28 00:37:38.957  1452  1731 D OomAdjuster: Not killing cached processes
08-28 00:37:38.981  2175  2202 E SingleInstanceRemoteListener: Failed remote call on null listener
08-28 00:37:38.984   585   619 I keystore2: system/security/keystore2/src/authorization.rs:126 - on_device_unlocked(user_id=0, password.is_some()=false)
08-28 00:37:38.986  1452  1955 D CoreBackPreview: Window{ee8de9b u0 NotificationShade}: Setting back callback OnBackInvokedCallbackInfo{mCallback=android.window.IOnBackInvokedCallback$Stub$Proxy@e027666, mPriority=0, mIsAnimationCallback=false, mOverrideBehavior=0}
08-28 00:37:38.990  2175  2175 D KeyguardService: Finish IRemoteAnimationRunner.
08-28 00:37:38.990  2175  2202 V WindowManagerShell: Transition animation finished (aborted=false), notifying core (#6) android.os.BinderProxy@ee1cd0a@0
08-28 00:37:39.005  2175  2202 V WindowManagerShell: Track 0 became idle
08-28 00:37:39.005  2175  2202 V WindowManagerShell: All active transition animations finished
08-28 00:37:39.008  1452  1571 E AppOps  : attributionTag  not declared in manifest of com.android.systemui
08-28 00:37:39.009  1452  2221 E AppOps  : attributionTag  not declared in manifest of com.android.systemui
08-28 00:37:39.010  1452  1954 D SystemServerTiming: getUserSwitchability-0
08-28 00:37:39.010  1452  1954 D SystemServerTiming: TM.isInCall
08-28 00:37:39.010  1452  1954 D SystemServerTiming: hasUserRestriction-DISALLOW_USER_SWITCH
08-28 00:37:39.010  1452  1954 D SystemServerTiming: getInt-ALLOW_USER_SWITCHING_WHEN_SYSTEM_USER_LOCKED
08-28 00:37:39.010  1452  1954 D SystemServerTiming: isUserUnlocked-USER_SYSTEM
08-28 00:37:39.013  1452  1971 D CoreBackPreview: Window{ee8de9b u0 NotificationShade}: Setting back callback null
08-28 00:37:39.028  1452  1571 D FingerprintProvider/default: Starting watchdog for fingerprint
08-28 00:37:39.028  1452  1571 E BiometricScheduler: Current operation is null,no need to start watchdog
08-28 00:37:39.037  1452  2011 D CompatChangeReporter: Compat change id reported: 151861875; UID 10192; state: ENABLED
08-28 00:37:39.053  1452  1733 I ActivityManager: Start proc 3592:com.google.android.inputmethod.latin/u0a192 for service {com.google.android.inputmethod.latin/com.android.inputmethod.latin.LatinIME}
08-28 00:37:39.053  1452  1733 I ActivityManager: ProcessObserver broadcast disabled
08-28 00:37:39.061  1452  1715 V PackageManager: reconcileAppsData finished 543 packages
08-28 00:37:39.061  1452  1715 I ActivityManager: User 0 state changed from RUNNING_LOCKED to RUNNING_UNLOCKING
08-28 00:37:39.061  1452  1715 D ActivityManager: Unlocking user 0 progress 20
08-28 00:37:39.061  1452  1715 D LockSettingsService: unlockUser progress 20
08-28 00:37:39.062  1452  1732 D SystemServerTimingAsync: ssm.UnlockingUser-0
08-28 00:37:39.062  1452  1715 W Looper  : Slow dispatch took 294ms android.fg app=system_server main=false group=FOREGROUND h=android.os.Handler c=com.android.server.am.UserController$$ExternalSyntheticLambda7@768a175 m=0
08-28 00:37:39.062  1452  1732 I SystemServiceManager: Calling onUnlockingUser 0
08-28 00:37:39.062  1452  1732 D SystemServerTimingAsync: ssm.onUnlockingUser-0_com.android.server.security.FileIntegrityService
08-28 00:37:39.062  1452  1732 D SystemServerTimingAsync: ssm.onUnlockingUser-0_com.android.server.pm.Installer
08-28 00:37:39.062  1452  1732 D SystemServerTimingAsync: ssm.onUnlockingUser-0_com.android.server.os.DeviceIdentifiersPolicyService
08-28 00:37:39.062  1452  1732 D SystemServerTimingAsync: ssm.onUnlockingUser-0_com.android.server.flags.FeatureFlagsService
08-28 00:37:39.062  1452  1732 D SystemServerTimingAsync: ssm.onUnlockingUser-0_com.android.server.uri.UriGrantsManagerService$Lifecycle
08-28 00:37:39.062  1452  1732 D SystemServerTimingAsync: ssm.onUnlockingUser-0_com.android.server.powerstats.PowerStatsService
08-28 00:37:39.062  1452  1732 D SystemServerTimingAsync: ssm.onUnlockingUser-0_com.android.server.permission.access.AccessCheckingService
08-28 00:37:39.062  1452  1732 D SystemServerTimingAsync: ssm.onUnlockingUser-0_com.android.server.wm.ActivityTaskManagerService$Lifecycle
08-28 00:37:39.062  1452  1732 D SystemServerTimingAsync: ssm.onUnlockingUser-0_com.android.server.am.ActivityManagerService$Lifecycle
08-28 00:37:39.062  1452  1732 D SystemServerTimingAsync: ssm.onUnlockingUser-0_com.android.server.pm.DataLoaderManagerService
08-28 00:37:39.062  1452  1732 D SystemServerTimingAsync: ssm.onUnlockingUser-0_com.android.server.power.PowerManagerService
08-28 00:37:39.062  1452  1732 D SystemServerTimingAsync: ssm.onUnlockingUser-0_com.android.server.power.ThermalManagerService
08-28 00:37:39.062  1452  1732 D SystemServerTimingAsync: ssm.onUnlockingUser-0_com.android.server.recoverysystem.RecoverySystemService$Lifecycle
08-28 00:37:39.062  1452  1732 D SystemServerTimingAsync: ssm.onUnlockingUser-0_com.android.server.lights.LightsService
08-28 00:37:39.062  1452  1732 D SystemServerTimingAsync: ssm.onUnlockingUser-0_com.android.server.display.DisplayManagerService
08-28 00:37:39.062  1452  1732 D SystemServerTimingAsync: ssm.onUnlockingUser-0_com.android.server.pm.verify.domain.DomainVerificationService
08-28 00:37:39.062  1452  1732 D SystemServerTimingAsync: ssm.onUnlockingUser-0_com.android.server.pm.PackageInstallerService$Lifecycle
08-28 00:37:39.062  1452  1732 D SystemServerTimingAsync: ssm.onUnlockingUser-0_com.android.server.pm.UserManagerService$LifeCycle
08-28 00:37:39.063  1452  1715 V WindowManager: Sent Transition (#6) createdAt=08-28 00:37:38.860 via request=TransitionRequestInfo { type = TO_BACK, triggerTask = null, pipChange = null, remoteTransition = null, displayChange = null, flags = 260, debugId = 6 }
08-28 00:37:39.063  1452  1715 V WindowManager:     startWCT=WindowContainerTransaction { changes= {} hops= [] errorCallbackToken=null taskFragmentOrganizer=null }
08-28 00:37:39.063  1452  1732 D SystemServerTimingAsync: ssm.onUnlockingUser-0_com.android.server.om.OverlayManagerService
08-28 00:37:39.063  1452  1732 D SystemServerTimingAsync: ssm.onUnlockingUser-0_com.android.server.resources.ResourcesManagerService
08-28 00:37:39.063  1452  1732 D SystemServerTimingAsync: ssm.onUnlockingUser-0_com.android.server.sensorprivacy.SensorPrivacyService
08-28 00:37:39.063  1452  1732 D SystemServerTimingAsync: ssm.onUnlockingUser-0_com.android.server.sensors.SensorService
08-28 00:37:39.063  1452  1732 D SystemServerTimingAsync: ssm.onUnlockingUser-0_com.android.server.SystemConfigService
08-28 00:37:39.063  1452  1732 D SystemServerTimingAsync: ssm.onUnlockingUser-0_com.android.server.BatteryService
08-28 00:37:39.063  1452  1715 V WindowManager:     info={id=6 t=TO_BACK f=0x104 trk=0 r=[0@Point(0, 0)] c=[
08-28 00:37:39.063  1452  1715 V WindowManager:         {WCT{RemoteToken{e3c950a Task{7f1e10 #1 type=home}}} m=TO_FRONT f=SHOW_WALLPAPER p=WCT{RemoteToken{4f0b17b DefaultTaskDisplayArea@147272403}} leash=Surface(name=Task=1)/@0x5f79aed sb=Rect(0, 0 - 1080, 2400) eb=Rect(0, 0 - 1080, 2400) epz=Point(1080, 2400) d=0 taskParent=-1},
08-28 00:37:39.063  1452  1715 V WindowManager:         {WCT{RemoteToken{4f0b17b DefaultTaskDisplayArea@147272403}} m=TO_FRONT f=SHOW_WALLPAPER|FLAG_IS_TASK_DISPLAY_AREA leash=Surface(name=DefaultTaskDisplayArea)/@0xda45504 sb=Rect(0, 0 - 1080, 2400) eb=Rect(0, 0 - 1080, 2400) epz=Point(1080, 2400) d=0}
08-28 00:37:39.063  1452  1715 V WindowManager:     ]}
08-28 00:37:39.063  1452  1732 D SystemServerTimingAsync: ssm.onUnlockingUser-0_com.android.server.usage.UsageStatsService
08-28 00:37:39.063  1452  1732 D SystemServerTimingAsync: ssm.onUnlockingUser-0_com.android.server.webkit.WebViewUpdateService
08-28 00:37:39.064  1452  1732 D SystemServerTimingAsync: ssm.onUnlockingUser-0_com.android.server.CachedDeviceStateService
08-28 00:37:39.064  1452  1732 D SystemServerTimingAsync: ssm.onUnlockingUser-0_com.android.server.BinderCallsStatsService$LifeCycle
08-28 00:37:39.064  1452  1732 D SystemServerTimingAsync: ssm.onUnlockingUser-0_com.android.server.LooperStatsService$Lifecycle
08-28 00:37:39.064  1452  1732 D SystemServerTimingAsync: ssm.onUnlockingUser-0_com.android.server.rollback.RollbackManagerService
08-28 00:37:39.064  1452  1715 V WindowManager: Finish Transition (#6): created at 08-28 00:37:38.860 collect-started=0.24ms request-sent=0.306ms started=12.461ms ready=12.444ms sent=29.002ms commit=9.085ms finished=142.898ms
08-28 00:37:39.066  1452  1732 D SystemServerTimingAsync: ssm.onUnlockingUser-0_com.android.server.os.NativeTombstoneManagerService
08-28 00:37:39.066  1452  1732 D SystemServerTimingAsync: ssm.onUnlockingUser-0_com.android.server.os.BugreportManagerService
08-28 00:37:39.066  1452  1732 D SystemServerTimingAsync: ssm.onUnlockingUser-0_com.android.server.gpu.GpuService
08-28 00:37:39.066  1452  1732 D SystemServerTimingAsync: ssm.onUnlockingUser-0_com.android.server.security.rkp.RemoteProvisioningService
08-28 00:37:39.066  1452  1732 D SystemServerTimingAsync: ssm.onUnlockingUser-0_com.android.server.security.KeyChainSystemService
08-28 00:37:39.066  1452  1732 D SystemServerTimingAsync: ssm.onUnlockingUser-0_com.android.server.BinaryTransparencyService
08-28 00:37:39.066  1452  1732 D SystemServerTimingAsync: ssm.onUnlockingUser-0_com.android.server.telecom.TelecomLoaderService
08-28 00:37:39.066  1452  1732 D SystemServerTimingAsync: ssm.onUnlockingUser-0_com.android.server.accounts.AccountManagerService$Lifecycle
08-28 00:37:39.066  1452  1732 D SystemServerTimingAsync: ssm.onUnlockingUser-0_com.android.server.content.ContentService$Lifecycle
08-28 00:37:39.066  1452  1732 D SystemServerTimingAsync: ssm.onUnlockingUser-0_com.android.server.deviceconfig.DeviceConfigInit$Lifecycle
08-28 00:37:39.067  1452  1732 D SystemServerTimingAsync: ssm.onUnlockingUser-0_com.android.server.DropBoxManagerService
08-28 00:37:39.067  1452  1732 D SystemServerTimingAsync: ssm.onUnlockingUser-0_com.android.ecm.EnhancedConfirmationService
08-28 00:37:39.067  1452  1732 D SystemServerTimingAsync: ssm.onUnlockingUser-0_com.android.server.power.hint.HintManagerService
08-28 00:37:39.067  1452  1732 D SystemServerTimingAsync: ssm.onUnlockingUser-0_com.android.role.RoleService
08-28 00:37:39.067  1452  1732 D SystemServerTimingAsync: ssm.onUnlockingUser-0_com.android.server.supervision.SupervisionService$Lifecycle
08-28 00:37:39.067  1452  1732 D SystemServerTimingAsync: ssm.onUnlockingUser-0_com.android.server.vibrator.VibratorManagerService$Lifecycle
08-28 00:37:39.067  1452  1732 D SystemServerTimingAsync: ssm.onUnlockingUser-0_com.android.server.alarm.AlarmManagerService
08-28 00:37:39.067  1452  1732 D SystemServerTimingAsync: ssm.onUnlockingUser-0_com.android.server.input.InputManagerService$Lifecycle
08-28 00:37:39.067  1452  1732 D SystemServerTimingAsync: ssm.onUnlockingUser-0_com.android.server.devicestate.DeviceStateManagerService
08-28 00:37:39.067  1452  1732 D SystemServerTimingAsync: ssm.onUnlockingUser-0_com.android.server.camera.CameraServiceProxy
08-28 00:37:39.067  1452  1732 D SystemServerTimingAsync: ssm.onUnlockingUser-0_com.android.server.bluetooth.BluetoothService
08-28 00:37:39.067  1452  1732 D SystemServerTimingAsync: ssm.onUnlockingUser-0_com.android.server.connectivity.IpConnectivityMetrics
08-28 00:37:39.067  1452  1732 D SystemServerTimingAsync: ssm.onUnlockingUser-0_com.android.server.net.watchlist.NetworkWatchlistService$Lifecycle
08-28 00:37:39.067  1452  1732 D SystemServerTimingAsync: ssm.onUnlockingUser-0_com.android.server.pinner.PinnerService
08-28 00:37:39.067  1452  1732 D SystemServerTimingAsync: ssm.onUnlockingUser-0_com.android.server.integrity.AppIntegrityManagerService
08-28 00:37:39.067  1452  1732 D SystemServerTimingAsync: ssm.onUnlockingUser-0_com.android.server.logcat.LogcatManagerService
08-28 00:37:39.067  1452  1732 D SystemServerTimingAsync: ssm.onUnlockingUser-0_com.android.server.security.intrusiondetection.IntrusionDetectionService
08-28 00:37:39.067  1452  1732 D SystemServerTimingAsync: ssm.onUnlockingUser-0_com.android.server.appfunctions.AppFunctionManagerService
08-28 00:37:39.067  1452  1732 D SystemServerTimingAsync: ssm.onUnlockingUser-0_com.android.server.security.advancedprotection.AdvancedProtectionService$Lifecycle
08-28 00:37:39.067  1452  1732 D SystemServerTimingAsync: ssm.onUnlockingUser-0_com.android.server.TradeInModeService
08-28 00:37:39.067  1452  1732 D SystemServerTimingAsync: ssm.onUnlockingUser-0_com.android.server.inputmethod.InputMethodManagerService$Lifecycle
08-28 00:37:39.068  1452  1732 D SystemServerTimingAsync: ssm.onUnlockingUser-0_com.android.server.accessibility.AccessibilityManagerService$Lifecycle
08-28 00:37:39.068  1452  1732 D SystemServerTimingAsync: ssm.onUnlockingUser-0_com.android.server.StorageManagerService$Lifecycle
08-28 00:37:39.068  1452  1732 D StorageManagerService: onUserUnlocking 0
08-28 00:37:39.068  1452  1732 I StorageSessionController: On user unlock 0
08-28 00:37:39.068  1452  1732 I StorageSessionController: Initialialising...
08-28 00:37:39.068   569   573 I vold    : onUserStarted: 0
08-28 00:37:39.071  1452  1971 V StorageManagerService: Found primary storage at VolumeInfo{emulated;0}:
08-28 00:37:39.071  1452  1971 V StorageManagerService:     type=EMULATED diskId=null partGuid= mountFlags=0 mountUserId=0 
08-28 00:37:39.071  1452  1971 V StorageManagerService:     state=UNMOUNTED 
08-28 00:37:39.071  1452  1971 V StorageManagerService:     fsType=null fsUuid=null fsLabel=null 
08-28 00:37:39.071  1452  1971 V StorageManagerService:     path=null internalPath=null 
08-28 00:37:39.071  1452  2016 I StorageManagerService: Mounting volume VolumeInfo{emulated;0}:
08-28 00:37:39.071  1452  2016 I StorageManagerService:     type=EMULATED diskId=null partGuid= mountFlags=PRIMARY|VISIBLE_FOR_WRITE 
08-28 00:37:39.071  1452  2016 I StorageManagerService:     mountUserId=0 state=UNMOUNTED 
08-28 00:37:39.071  1452  2016 I StorageManagerService:     fsType=null fsUuid=null fsLabel=null 
08-28 00:37:39.071  1452  2016 I StorageManagerService:     path=null internalPath=null 
08-28 00:37:39.071  1452  2016 I Watchdog: Pausing of HandlerChecker: monitor thread for reason: #mount might be slow. Pause end time: 52486
08-28 00:37:39.072   569   573 I vold    : Mounting emulated fuse volume
08-28 00:37:39.075   569   573 I vold    : Creating mount directory /mnt/user/0
08-28 00:37:39.078   569   573 I vold    : Bind mounting /data/media to /mnt/pass_through/0/emulated
08-28 00:37:39.079  1452  2016 I StorageSessionController: On volume mount VolumeInfo{emulated;0}:
08-28 00:37:39.079  1452  2016 I StorageSessionController:     type=EMULATED diskId=null partGuid= mountFlags=PRIMARY|VISIBLE_FOR_WRITE 
08-28 00:37:39.079  1452  2016 I StorageSessionController:     mountUserId=0 state=CHECKING 
08-28 00:37:39.079  1452  2016 I StorageSessionController:     fsType=null fsUuid=null fsLabel=null 
08-28 00:37:39.079  1452  2016 I StorageSessionController:     path=/storage/emulated internalPath=/data/media 
08-28 00:37:39.079  1452  2016 I StorageSessionController: Creating connection for user: 0
08-28 00:37:39.079  1452  2016 I StorageSessionController: Creating and starting session with id: emulated;0
