08-28 00:37:48.265  1452  4547 W PackageManager: No change is needed for package: com.chipotle.ordering. Skipping suspending/un-suspending.
08-28 00:37:48.265  1452  4547 W PackageManager: No change is needed for package: com.google.android.providers.media.module. Skipping suspending/un-suspending.
08-28 00:37:48.265  1452  4547 W PackageManager: No change is needed for package: com.android.systemui.clocks.bignum. Skipping suspending/un-suspending.
08-28 00:37:48.265  1452  4547 W PackageManager: No change is needed for package: com.github.android. Skipping suspending/un-suspending.
08-28 00:37:48.265  1452  4547 W PackageManager: No change is needed for package: com.google.android.overlay.udfpsoverlay. Skipping suspending/un-suspending.
08-28 00:37:48.265  1452  4547 W PackageManager: No change is needed for package: com.google.android.wifi.resources.pixel. Skipping suspending/un-suspending.
08-28 00:37:48.265  1452  4547 W PackageManager: No change is needed for package: com.google.android.overlay.googlewebview. Skipping suspending/un-suspending.
08-28 00:37:48.265  1452  4547 W PackageManager: No change is needed for package: com.wholefoods.wholefoodsmarket. Skipping suspending/un-suspending.
08-28 00:37:48.265  1452  4547 W PackageManager: No change is needed for package: com.google.android.apps.safetyhub. Skipping suspending/un-suspending.
08-28 00:37:48.265  1452  4547 W PackageManager: No change is needed for package: com.google.android.factoryota. Skipping suspending/un-suspending.
08-28 00:37:48.265  1452  4547 W PackageManager: No change is needed for package: com.android.healthconnect.overlay. Skipping suspending/un-suspending.
08-28 00:37:48.265  1452  4547 W PackageManager: No change is needed for package: com.android.systemui.plugin.globalactions.wallet. Skipping suspending/un-suspending.
08-28 00:37:48.265  1452  4547 W PackageManager: No change is needed for package: com.google.ar.core. Skipping suspending/un-suspending.
08-28 00:37:48.265  1452  4547 W PackageManager: No change is needed for package: com.google.ar.lens. Skipping suspending/un-suspending.
08-28 00:37:48.265  1452  4547 W PackageManager: No change is needed for package: com.google.android.apps.emojiwallpaper. Skipping suspending/un-suspending.
08-28 00:37:48.265  1452  4547 W PackageManager: No change is needed for package: com.android.providers.downloads.ui. Skipping suspending/un-suspending.
08-28 00:37:48.265  1452  4547 W PackageManager: No change is needed for package: com.google.android.hotspot2.osulogin. Skipping suspending/un-suspending.
08-28 00:37:48.265  1452  4547 W PackageManager: No change is needed for package: com.android.vending. Skipping suspending/un-suspending.
08-28 00:37:48.265  1452  4547 W PackageManager: No change is needed for package: com.android.pacprocessor. Skipping suspending/un-suspending.
08-28 00:37:48.265  1452  4547 W PackageManager: No change is needed for package: com.android.simappdialog. Skipping suspending/un-suspending.
08-28 00:37:48.265  1452  4547 W PackageManager: No change is needed for package: com.android.cellbroadcastreceiver.overlay.pixel. Skipping suspending/un-suspending.
08-28 00:37:48.265  1452  4547 W PackageManager: No change is needed for package: com.google.android.adservices.api. Skipping suspending/un-suspending.
08-28 00:37:48.265  1452  4547 W PackageManager: No change is needed for package: com.android.systemui.clocks.growth. Skipping suspending/un-suspending.
08-28 00:37:48.265  1452  4547 W PackageManager: No change is needed for package: com.google.android.overlay.pixelconfig2019midyear. Skipping suspending/un-suspending.
08-28 00:37:48.265  1452  4547 W PackageManager: No change is needed for package: com.breathwork.othership. Skipping suspending/un-suspending.
08-28 00:37:48.265  1452  4547 W PackageManager: No change is needed for package: com.stripe.android.dashboard. Skipping suspending/un-suspending.
08-28 00:37:48.265  1452  4547 W PackageManager: No change is needed for package: com.android.internal.display.cutout.emulation.hole. Skipping suspending/un-suspending.
08-28 00:37:48.266  1452  4547 W PackageManager: No change is needed for package: com.android.internal.display.cutout.emulation.tall. Skipping suspending/un-suspending.
08-28 00:37:48.266  1452  4547 W PackageManager: No change is needed for package: com.android.networkstack.overlay. Skipping suspending/un-suspending.
08-28 00:37:48.266  1452  4547 W PackageManager: No change is needed for package: com.android.certinstaller. Skipping suspending/un-suspending.
08-28 00:37:48.266  1452  4547 W PackageManager: No change is needed for package: com.google.android.marvin.talkback. Skipping suspending/un-suspending.
08-28 00:37:48.266  1452  4547 W PackageManager: No change is needed for package: com.google.android.apps.accessibility.voiceaccess. Skipping suspending/un-suspending.
08-28 00:37:48.266  1452  4547 W PackageManager: No change is needed for package: com.netpulse.mobile.goldsgymmypath. Skipping suspending/un-suspending.
08-28 00:37:48.266  1452  4547 W PackageManager: No change is needed for package: com.google.android.connectivity.resources.overlay. Skipping suspending/un-suspending.
08-28 00:37:48.266  1452  4547 W PackageManager: No change is needed for package: com.reddit.frontpage. Skipping suspending/un-suspending.
08-28 00:37:48.266  1452  4547 W PackageManager: No change is needed for package: com.android.internal.systemui.navbar.threebutton. Skipping suspending/un-suspending.
08-28 00:37:48.266  1452  4547 W PackageManager: No change is needed for package: com.google.android.apps.work.oobconfig. Skipping suspending/un-suspending.
08-28 00:37:48.266  1452  4547 W PackageManager: No change is needed for package: us.zoom.videomeetings. Skipping suspending/un-suspending.
08-28 00:37:48.266  1452  4547 W PackageManager: No change is needed for package: com.spothero.spothero. Skipping suspending/un-suspending.
08-28 00:37:48.266  1452  4547 W PackageManager: No change is needed for package: android. Skipping suspending/un-suspending.
08-28 00:37:48.266  1452  4547 W PackageManager: No change is needed for package: com.android.hotwordenrollment.xgoogle. Skipping suspending/un-suspending.
08-28 00:37:48.266  1452  4547 W PackageManager: No change is needed for package: com.google.android.apps.privacy.wildlife. Skipping suspending/un-suspending.
08-28 00:37:48.266  1452  4547 W PackageManager: No change is needed for package: com.google.android.pixel.setupwizard. Skipping suspending/un-suspending.
08-28 00:37:48.266  1452  4547 W PackageManager: No change is needed for package: com.google.android.repairmode. Skipping suspending/un-suspending.
08-28 00:37:48.266  1452  4547 W PackageManager: No change is needed for package: com.google.android.grilservice. Skipping suspending/un-suspending.
08-28 00:37:48.266  1452  4547 W PackageManager: No change is needed for package: com.google.android.sdksandbox. Skipping suspending/un-suspending.
08-28 00:37:48.266  1452  4547 W PackageManager: No change is needed for package: me.lyft.android. Skipping suspending/un-suspending.
08-28 00:37:48.266  1452  4547 W PackageManager: No change is needed for package: com.android.egg. Skipping suspending/un-suspending.
08-28 00:37:48.266  1452  4547 W PackageManager: No change is needed for package: com.android.mtp. Skipping suspending/un-suspending.
08-28 00:37:48.266  1452  4547 W PackageManager: No change is needed for package: com.android.nfc. Skipping suspending/un-suspending.
08-28 00:37:48.266  1452  4547 W PackageManager: No change is needed for package: com.android.ons. Skipping suspending/un-suspending.
08-28 00:37:48.266  1452  4547 W PackageManager: No change is needed for package: com.android.qns. Skipping suspending/un-suspending.
08-28 00:37:48.266  1452  4547 W PackageManager: No change is needed for package: com.android.stk. Skipping suspending/un-suspending.
08-28 00:37:48.266  1452  4547 W PackageManager: No change is needed for package: com.google.android.pixel.avatarpicker. Skipping suspending/un-suspending.
08-28 00:37:48.266  1452  4547 W PackageManager: No change is needed for package: com.android.backupconfirm. Skipping suspending/un-suspending.
08-28 00:37:48.266  1452  4547 W PackageManager: No change is needed for package: com.bamnetworks.mobile.android.gameday.atbat. Skipping suspending/un-suspending.
08-28 00:37:48.266  1452  4547 W PackageManager: No change is needed for package: com.instagram.android. Skipping suspending/un-suspending.
08-28 00:37:48.266  1452  4547 W PackageManager: No change is needed for package: com.waze. Skipping suspending/un-suspending.
08-28 00:37:48.266  1452  4547 W PackageManager: No change is needed for package: com.android.settings.auto_generated_rro_vendor__. Skipping suspending/un-suspending.
08-28 00:37:48.266  1452  4547 W PackageManager: No change is needed for package: com.espn.score_center. Skipping suspending/un-suspending.
08-28 00:37:48.266  1452  4547 W PackageManager: No change is needed for package: com.stubhub. Skipping suspending/un-suspending.
08-28 00:37:48.266  1452  4547 W PackageManager: No change is needed for package: com.android.systemui.auto_generated_rro_vendor__. Skipping suspending/un-suspending.
08-28 00:37:48.266  1452  4547 W PackageManager: No change is needed for package: com.samsung.slsi.telephony.oem.oemrilhookservice. Skipping suspending/un-suspending.
08-28 00:37:48.266  1452  4547 W PackageManager: No change is needed for package: com.google.android.deskclock. Skipping suspending/un-suspending.
08-28 00:37:48.266  1452  4547 W PackageManager: No change is needed for package: com.android.systemui.clocks.numoverlap. Skipping suspending/un-suspending.
08-28 00:37:48.266  1452  4547 W PackageManager: No change is needed for package: com.shakeshack.android. Skipping suspending/un-suspending.
08-28 00:37:48.266  1452  4547 W PackageManager: No change is needed for package: com.google.android.as. Skipping suspending/un-suspending.
08-28 00:37:48.266  1452  4547 W PackageManager: No change is needed for package: com.google.android.gm. Skipping suspending/un-suspending.
08-28 00:37:48.266  1452  4547 W PackageManager: No change is needed for package: com.overlook.android.fing. Skipping suspending/un-suspending.
08-28 00:37:48.266  1452  4547 W PackageManager: No change is needed for package: com.google.android.carrier. Skipping suspending/un-suspending.
08-28 00:37:48.266  1452  4547 W PackageManager: No change is needed for package: com.withings.wiscale2. Skipping suspending/un-suspending.
08-28 00:37:48.266  1452  4547 W PackageManager: No change is needed for package: pm.spin. Skipping suspending/un-suspending.
08-28 00:37:48.266  1452  4547 W PackageManager: No change is needed for package: com.google.android.apps.tachyon. Skipping suspending/un-suspending.
08-28 00:37:48.266  1452  4547 W PackageManager: No change is needed for package: com.google.android.systemui.overlay.pixelvpnconfig. Skipping suspending/un-suspending.
08-28 00:37:48.266  1452  4547 W PackageManager: No change is needed for package: com.beerscovery.wrapper. Skipping suspending/un-suspending.
08-28 00:37:48.266  1452  4547 W PackageManager: No change is needed for package: com.microsoft.bing. Skipping suspending/un-suspending.
08-28 00:37:48.266  1452  4547 W PackageManager: No change is needed for package: com.android.systemui.clocks.weather. Skipping suspending/un-suspending.
08-28 00:37:48.266  1452  4547 W PackageManager: No change is needed for package: com.google.android.turboadapter. Skipping suspending/un-suspending.
08-28 00:37:48.266  1452  4547 W PackageManager: No change is needed for package: com.android.systemui.clocks.calligraphy. Skipping suspending/un-suspending.
08-28 00:37:48.266  1452  4547 W PackageManager: No change is needed for package: com.android.managedprovisioning.overlay. Skipping suspending/un-suspending.
08-28 00:37:48.266  1452  4547 W PackageManager: No change is needed for package: com.android.systemui.accessibility.accessibilitymenu. Skipping suspending/un-suspending.
08-28 00:37:48.266  1452  4547 W PackageManager: No change is needed for package: com.google.android.permissioncontroller. Skipping suspending/un-suspending.
08-28 00:37:48.266  1452  4547 W PackageManager: No change is needed for package: apps.syrupy.metadatacleaner. Skipping suspending/un-suspending.
08-28 00:37:48.266  1452  4547 W PackageManager: No change is needed for package: com.google.intelligence.sense. Skipping suspending/un-suspending.
08-28 00:37:48.266  1452  4547 W PackageManager: No change is needed for package: com.gotcha.gotchascooters. Skipping suspending/un-suspending.
08-28 00:37:48.266  1452  4547 W PackageManager: No change is needed for package: com.google.android.apps.playconsole. Skipping suspending/un-suspending.
08-28 00:37:48.266  1452  4547 W PackageManager: No change is needed for package: com.google.android.setupwizard. Skipping suspending/un-suspending.
08-28 00:37:48.266  1452  4547 W PackageManager: No change is needed for package: com.google.android.bluetooth. Skipping suspending/un-suspending.
08-28 00:37:48.266  1452  4547 W PackageManager: No change is needed for package: com.pcvirt.ImageEditor. Skipping suspending/un-suspending.
08-28 00:37:48.266  1452  4547 W PackageManager: No change is needed for package: com.appmagna.sleepaidfan. Skipping suspending/un-suspending.
08-28 00:37:48.266  1452  4547 W PackageManager: No change is needed for package: com.ifs.banking.fiid3858. Skipping suspending/un-suspending.
08-28 00:37:48.266  1452  4547 W PackageManager: No change is needed for package: com.zellepay.zelle. Skipping suspending/un-suspending.
08-28 00:37:48.266  1452  4547 W PackageManager: No change is needed for package: com.android.providers.settings. Skipping suspending/un-suspending.
08-28 00:37:48.266  1452  4547 W PackageManager: No change is needed for package: com.google.android.networkstack.tethering.overlay2021. Skipping suspending/un-suspending.
08-28 00:37:48.266  1452  4547 W PackageManager: No change is needed for package: com.android.sharedstoragebackup. Skipping suspending/un-suspending.
08-28 00:37:48.266  1452  4547 W PackageManager: No change is needed for package: com.verizon.services. Skipping suspending/un-suspending.
08-28 00:37:48.266  1452  4547 W PackageManager: No change is needed for package: app.sportsvenueweather.twa. Skipping suspending/un-suspending.
08-28 00:37:48.266  1452  4547 W PackageManager: No change is needed for package: com.google.android.euicc. Skipping suspending/un-suspending.
08-28 00:37:48.266  1452  4547 W PackageManager: No change is needed for package: com.google.android.iwlan. Skipping suspending/un-suspending.
08-28 00:37:48.266  1452  4547 W PackageManager: No change is needed for package: com.apple.android.music. Skipping suspending/un-suspending.
08-28 00:37:48.266  1452  4547 W PackageManager: No change is needed for package: com.google.android.music. Skipping suspending/un-suspending.
08-28 00:37:48.266  1452  4547 W PackageManager: No change is needed for package: com.android.printspooler. Skipping suspending/un-suspending.
08-28 00:37:48.266  1452  4547 W PackageManager: No change is needed for package: com.squareup.cash. Skipping suspending/un-suspending.
08-28 00:37:48.266  1452  4547 W PackageManager: No change is needed for package: com.android.hotwordenrollment.okgoogle. Skipping suspending/un-suspending.
08-28 00:37:48.266  1452  4547 W PackageManager: No change is needed for package: com.android.virtualization.terminal. Skipping suspending/un-suspending.
08-28 00:37:48.266  1452  4547 W PackageManager: No change is needed for package: com.android.sdm.plugins.diagmon. Skipping suspending/un-suspending.
08-28 00:37:48.266  1452  4547 W PackageManager: No change is needed for package: com.hf.findlostdevice. Skipping suspending/un-suspending.
08-28 00:37:48.266  1452  4547 W PackageManager: No change is needed for package: com.android.dreams.basic. Skipping suspending/un-suspending.
08-28 00:37:48.266  1452  4547 W PackageManager: No change is needed for package: com.google.android.aicore. Skipping suspending/un-suspending.
08-28 00:37:48.266  1452  4547 W PackageManager: No change is needed for package: com.android.providers.settings.auto_generated_rro_product__. Skipping suspending/un-suspending.
08-28 00:37:48.266  1452  4547 W PackageManager: No change is needed for package: com.google.android.as.oss. Skipping suspending/un-suspending.
08-28 00:37:48.266  1452  4547 W PackageManager: No change is needed for package: com.geocomply.oobeeapp. Skipping suspending/un-suspending.
08-28 00:37:48.266  1452  4547 W PackageManager: No change is needed for package: com.android.se. Skipping suspending/un-suspending.
08-28 00:37:48.266  1452  4547 W PackageManager: No change is needed for package: com.android.inputdevices. Skipping suspending/un-suspending.
08-28 00:37:48.266  1452  4547 W PackageManager: No change is needed for package: com.android.traceur.auto_generated_rro_product__. Skipping suspending/un-suspending.
08-28 00:37:48.266  1452  4547 W PackageManager: No change is needed for package: com.google.android.apps.wellbeing. Skipping suspending/un-suspending.
08-28 00:37:48.266  1452  4547 W PackageManager: No change is needed for package: toilet.samruston.com.toilet. Skipping suspending/un-suspending.
08-28 00:37:48.266  1452  4547 W PackageManager: No change is needed for package: skyview.star.map.stargazing. Skipping suspending/un-suspending.
08-28 00:37:48.266  1452  4547 W PackageManager: No change is needed for package: com.instagram.barcelona. Skipping suspending/un-suspending.
08-28 00:37:48.266  1452  4547 W PackageManager: No change is needed for package: com.google.android.dialer. Skipping suspending/un-suspending.
08-28 00:37:48.266  1452  4547 W PackageManager: No change is needed for package: com.t11.skyviewfree. Skipping suspending/un-suspending.
08-28 00:37:48.266  1452  4547 W PackageManager: No change is needed for package: com.android.bips. Skipping suspending/un-suspending.
08-28 00:37:48.266  1452  4547 W PackageManager: No change is needed for package: com.google.audio.hearing.visualization.accessibility.scribe. Skipping suspending/un-suspending.
08-28 00:37:48.266  1452  4547 W PackageManager: No change is needed for package: com.google.android.apps.nbu.files. Skipping suspending/un-suspending.
08-28 00:37:48.266  1452  4547 W PackageManager: No change is needed for package: com.gpshopper.express.android. Skipping suspending/un-suspending.
08-28 00:37:48.266  1452  4547 W PackageManager: No change is needed for package: co.mona.android. Skipping suspending/un-suspending.
08-28 00:37:48.266  1452  4547 W PackageManager: No change is needed for package: com.google.android.captiveportallogin. Skipping suspending/un-suspending.
08-28 00:37:48.266  1452  4547 W PackageManager: No change is needed for package: com.google.android.flipendo.auto_generated_rro_product__. Skipping suspending/un-suspending.
08-28 00:37:48.266  1452  4547 W PackageManager: No change is needed for package: com.google.android.accessibility.soundamplifier. Skipping suspending/un-suspending.
08-28 00:37:48.266  1452  4547 W PackageManager: No change is needed for package: com.shannon.rcsservice. Skipping suspending/un-suspending.
08-28 00:37:48.266  1452  4547 W PackageManager: No change is needed for package: com.pa.lightpollutionmap. Skipping suspending/un-suspending.
08-28 00:37:48.266  1452  4547 W PackageManager: No change is needed for package: android.auto_generated_characteristics_rro. Skipping suspending/un-suspending.
08-28 00:37:48.266  1452  4547 W PackageManager: No change is needed for package: com.android.settings.shiba. Skipping suspending/un-suspending.
08-28 00:37:48.266  1452  4547 W PackageManager: No change is needed for package: com.google.android.apps.cloudprint. Skipping suspending/un-suspending.
08-28 00:37:48.266  1452  4547 W PackageManager: No change is needed for package: com.twitter.android. Skipping suspending/un-suspending.
08-28 00:37:48.266  1452  4547 W PackageManager: No change is needed for package: com.google.android.appsearch.apk. Skipping suspending/un-suspending.
08-28 00:37:48.266  1452  4547 W PackageManager: No change is needed for package: com.google.ambient.streaming. Skipping suspending/un-suspending.
08-28 00:37:48.266  1452  4547 W PackageManager: No change is needed for package: com.android.musicfx. Skipping suspending/un-suspending.
08-28 00:37:48.266  1452  4547 W PackageManager: No change is needed for package: com.android.devicediagnostics.auto_generated_rro_vendor__. Skipping suspending/un-suspending.
08-28 00:37:48.266  1452  4547 W PackageManager: No change is needed for package: com.google.android.apps.bard. Skipping suspending/un-suspending.
08-28 00:37:48.266  1452  4547 W PackageManager: No change is needed for package: com.google.android.apps.docs. Skipping suspending/un-suspending.
08-28 00:37:48.266  1452  4547 W PackageManager: No change is needed for package: com.google.android.apps.maps. Skipping suspending/un-suspending.
08-28 00:37:48.266  1452  4547 W PackageManager: No change is needed for package: com.google.android.apps.tips. Skipping suspending/un-suspending.
08-28 00:37:48.266  1452  4547 W PackageManager: No change is needed for package: com.google.android.apps.vega. Skipping suspending/un-suspending.
08-28 00:37:48.266  1452  4547 W PackageManager: No change is needed for package: com.vitotechnology.sky.tonight.map.star.walk. Skipping suspending/un-suspending.
08-28 00:37:48.266  1452  4547 W PackageManager: No change is needed for package: com.google.android.documentsui.theme.pixel. Skipping suspending/un-suspending.
08-28 00:37:48.266  1452  4547 W PackageManager: No change is needed for package: com.google.android.modulemetadata. Skipping suspending/un-suspending.
08-28 00:37:48.266  1452  4547 W PackageManager: No change is needed for package: com.ubercab.eats. Skipping suspending/un-suspending.
08-28 00:37:48.266  1452  4547 W PackageManager: No change is needed for package: com.google.android.avatarpicker. Skipping suspending/un-suspending.
08-28 00:37:48.266  1452  4547 W PackageManager: No change is needed for package: com.vacasa.guests. Skipping suspending/un-suspending.
08-28 00:37:48.266  1452  4547 W PackageManager: No change is needed for package: com.microsoft.office.word. Skipping suspending/un-suspending.
08-28 00:37:48.266  1452  4547 W PackageManager: No change is needed for package: com.google.android.microdroid.empty_payload. Skipping suspending/un-suspending.
08-28 00:37:48.266  1452  4547 W PackageManager: No change is needed for package: com.safariflow.queue. Skipping suspending/un-suspending.
08-28 00:37:48.266  1452  4547 W PackageManager: No change is needed for package: com.google.android.markup. Skipping suspending/un-suspending.
08-28 00:37:48.266  1452  4547 W PackageManager: No change is needed for package: com.android.cellbroadcastreceiver. Skipping suspending/un-suspending.
08-28 00:37:48.266  1452  4547 W PackageManager: No change is needed for package: com.google.android.webview. Skipping suspending/un-suspending.
08-28 00:37:48.266  1452  4547 W PackageManager: No change is needed for package: com.seatgeek.android. Skipping suspending/un-suspending.
08-28 00:37:48.266  1452  4547 W PackageManager: No change is needed for package: com.google.android.apps.carrier.log. Skipping suspending/un-suspending.
08-28 00:37:48.266  1452  4547 W PackageManager: No change is needed for package: com.google.android.networkstack. Skipping suspending/un-suspending.
08-28 00:37:48.266  1452  4547 W PackageManager: No change is needed for package: com.google.android.rkpdapp. Skipping suspending/un-suspending.
08-28 00:37:48.266  1452  4547 W PackageManager: No change is needed for package: com.google.android.contactkeys. Skipping suspending/un-suspending.
08-28 00:37:48.266  1452  4547 W PackageManager: No change is needed for package: com.google.android.contacts. Skipping suspending/un-suspending.
08-28 00:37:48.266  1452  4547 W PackageManager: No change is needed for package: com.android.server.telecom. Skipping suspending/un-suspending.
08-28 00:37:48.266  1452  4547 W PackageManager: No change is needed for package: com.android.keychain. Skipping suspending/un-suspending.
08-28 00:37:48.266  1452  4547 W PackageManager: No change is needed for package: com.android.server.telecom.auto_generated_rro_product__. Skipping suspending/un-suspending.
08-28 00:37:48.269  1452  4547 W PackageManager: No change is needed for package: com.android.phone.auto_generated_characteristics_rro. Skipping suspending/un-suspending.
08-28 00:37:48.269  1452  4547 W PackageManager: No change is needed for package: com.google.android.overlay.googleconfig. Skipping suspending/un-suspending.
08-28 00:37:48.269  1452  4547 W PackageManager: No change is needed for package: com.android.systemui.clocks.inflate. Skipping suspending/un-suspending.
08-28 00:37:48.269  1452  4547 W PackageManager: No change is needed for package: com.ketomojo.app. Skipping suspending/un-suspending.
08-28 00:37:48.269  1452  4547 W PackageManager: No change is needed for package: com.google.android.calculator. Skipping suspending/un-suspending.
08-28 00:37:48.269  1452  4547 W PackageManager: No change is needed for package: com.android.chrome. Skipping suspending/un-suspending.
08-28 00:37:48.269  1452  4547 W PackageManager: No change is needed for package: com.bamnetworks.mobile.android.ballpark. Skipping suspending/un-suspending.
08-28 00:37:48.269  1452  4547 W PackageManager: No change is needed for package: com.citymapper.app.release. Skipping suspending/un-suspending.
08-28 00:37:48.269  1452  4547 W PackageManager: No change is needed for package: com.toasttab.consumer. Skipping suspending/un-suspending.
08-28 00:37:48.269  1452  4547 W PackageManager: No change is needed for package: com.thehomedepot. Skipping suspending/un-suspending.
08-28 00:37:48.269  1452  4547 W PackageManager: No change is needed for package: com.android.bips.auto_generated_rro_product__. Skipping suspending/un-suspending.
08-28 00:37:48.269  1452  4547 W PackageManager: No change is needed for package: com.google.android.packageinstaller. Skipping suspending/un-suspending.
08-28 00:37:48.269  1452  4547 W PackageManager: No change is needed for package: com.google.android.apps.customization.pixel. Skipping suspending/un-suspending.
08-28 00:37:48.269  1452  4547 W PackageManager: No change is needed for package: com.google.android.gms. Skipping suspending/un-suspending.
08-28 00:37:48.269  1452  4547 W PackageManager: No change is needed for package: com.google.android.gsf. Skipping suspending/un-suspending.
08-28 00:37:48.269  1452  4547 W PackageManager: No change is needed for package: com.google.android.ims. Skipping suspending/un-suspending.
08-28 00:37:48.269  1452  4547 W PackageManager: No change is needed for package: com.google.android.nfc. Skipping suspending/un-suspending.
08-28 00:37:48.269  1452  4547 W PackageManager: No change is needed for package: com.google.android.pcs. Skipping suspending/un-suspending.
08-28 00:37:48.269  1452  4547 W PackageManager: No change is needed for package: com.google.android.tag. Skipping suspending/un-suspending.
08-28 00:37:48.269  1452  4547 W PackageManager: No change is needed for package: com.google.android.tts. Skipping suspending/un-suspending.
08-28 00:37:48.269  1452  4547 W PackageManager: No change is needed for package: com.google.android.overlay.permissioncontroller. Skipping suspending/un-suspending.
08-28 00:37:48.269  1452  4547 W PackageManager: No change is needed for package: com.google.android.apps.walletnfcrel. Skipping suspending/un-suspending.
08-28 00:37:48.269  1452  4547 W PackageManager: No change is needed for package: com.android.calllogbackup. Skipping suspending/un-suspending.
08-28 00:37:48.269  1452  4547 W PackageManager: No change is needed for package: com.google.android.partnersetup. Skipping suspending/un-suspending.
08-28 00:37:48.269  1452  4547 W PackageManager: No change is needed for package: com.android.safetyregulatoryinfo. Skipping suspending/un-suspending.
08-28 00:37:48.269  1452  4547 W PackageManager: No change is needed for package: com.android.cameraextensions. Skipping suspending/un-suspending.
08-28 00:37:48.269  1452  4547 W PackageManager: No change is needed for package: com.google.android.apps.wallpaper.pixel. Skipping suspending/un-suspending.
08-28 00:37:48.269  1452  4547 W PackageManager: No change is needed for package: com.android.localtransport. Skipping suspending/un-suspending.
08-28 00:37:48.269  1452  4547 W PackageManager: No change is needed for package: com.google.android.videos. Skipping suspending/un-suspending.
08-28 00:37:48.269  1452  4547 W PackageManager: No change is needed for package: com.google.android.nfc.overlay. Skipping suspending/un-suspending.
08-28 00:37:48.269  1452  4547 W PackageManager: No change is needed for package: com.google.android.wallpaper.effects. Skipping suspending/un-suspending.
08-28 00:37:48.269  1452  4547 W PackageManager: No change is needed for package: com.google.android.apps.nexuslauncher. Skipping suspending/un-suspending.
08-28 00:37:48.269  1452  4547 W PackageManager: No change is needed for package: com.android.carrierdefaultapp. Skipping suspending/un-suspending.
08-28 00:37:48.269  1452  4547 W PackageManager: No change is needed for package: com.google.android.virtualmachine.res. Skipping suspending/un-suspending.
08-28 00:37:48.269  1452  4547 W PackageManager: No change is needed for package: com.android.credentialmanager. Skipping suspending/un-suspending.
08-28 00:37:48.269  1452  4547 W PackageManager: No change is needed for package: com.google.RilConfigService. Skipping suspending/un-suspending.
08-28 00:37:48.269  1452  4547 W PackageManager: No change is needed for package: com.sportsaction.action. Skipping suspending/un-suspending.
08-28 00:37:48.269  1452  4547 W PackageManager: No change is needed for package: com.android.theme.font.notoserifsource. Skipping suspending/un-suspending.
08-28 00:37:48.269  1452  4547 W PackageManager: No change is needed for package: com.android.DeviceAsWebcam. Skipping suspending/un-suspending.
08-28 00:37:48.269  1452  4547 W PackageManager: No change is needed for package: com.android.proxyhandler. Skipping suspending/un-suspending.
08-28 00:37:48.269  1452  4547 W PackageManager: No change is needed for package: com.google.android.safetycenter.resources. Skipping suspending/un-suspending.
08-28 00:37:48.269  1452  4547 W PackageManager: No change is needed for package: com.google.android.compos.payload. Skipping suspending/un-suspending.
08-28 00:37:48.269  1452  4547 W PackageManager: No change is needed for package: com.android.internal.display.cutout.emulation.waterfall. Skipping suspending/un-suspending.
08-28 00:37:48.269  1452  4547 W PackageManager: No change is needed for package: com.android.intentresolver. Skipping suspending/un-suspending.
08-28 00:37:48.269  1452  4547 W PackageManager: No change is needed for package: com.google.SSRestartDetector. Skipping suspending/un-suspending.
08-28 00:37:48.269  1452  4547 W PackageManager: No change is needed for package: com.google.android.storagemanager.auto_generated_rro_vendor__. Skipping suspending/un-suspending.
08-28 00:37:48.269  1452  4547 W PackageManager: No change is needed for package: com.android.internal.systemui.navbar.transparent. Skipping suspending/un-suspending.
08-28 00:37:48.269  1452  4547 W PackageManager: No change is needed for package: com.android.providers.contactkeys. Skipping suspending/un-suspending.
08-28 00:37:48.269  1452  4547 W PackageManager: No change is needed for package: com.google.android.connectivity.resources. Skipping suspending/un-suspending.
08-28 00:37:48.269  1452  4547 W PackageManager: No change is needed for package: com.dd.doordash. Skipping suspending/un-suspending.
08-28 00:37:48.269  1452  4547 W PackageManager: No change is needed for package: com.android.providers.contacts.auto_generated_rro_product__. Skipping suspending/un-suspending.
08-28 00:37:48.269  1452  4547 W PackageManager: No change is needed for package: com.google.android.feedback. Skipping suspending/un-suspending.
08-28 00:37:48.269  1452  4547 W PackageManager: No change is needed for package: com.google.android.printservice.recommendation. Skipping suspending/un-suspending.
08-28 00:37:48.269  1452  4547 W PackageManager: No change is needed for package: com.google.android.apps.photos. Skipping suspending/un-suspending.
08-28 00:37:48.269  1452  4547 W PackageManager: No change is needed for package: com.google.android.calendar. Skipping suspending/un-suspending.
08-28 00:37:48.269  1452  4547 W PackageManager: No change is needed for package: com.android.managedprovisioning. Skipping suspending/un-suspending.
08-28 00:37:48.269  1452  4547 W PackageManager: No change is needed for package: com.virginiacreditunionbusiness5128.mobile. Skipping suspending/un-suspending.
08-28 00:37:48.269  1452  4547 W PackageManager: No change is needed for package: com.google.android.overlay.devicelockcontroller. Skipping suspending/un-suspending.
08-28 00:37:48.269  1452  4547 W PackageManager: No change is needed for package: com.spotify.music. Skipping suspending/un-suspending.
08-28 00:37:48.269  1452  4547 W PackageManager: No change is needed for package: com.google.android.pixelnfc. Skipping suspending/un-suspending.
08-28 00:37:48.269  1452  4547 W PackageManager: No change is needed for package: com.android.soundpicker. Skipping suspending/un-suspending.
08-28 00:37:48.269  1452  4547 W PackageManager: No change is needed for package: com.ubercab. Skipping suspending/un-suspending.
08-28 00:37:48.269  1452  4547 W PackageManager: No change is needed for package: com.google.android.documentsui. Skipping suspending/un-suspending.
08-28 00:37:48.269  1452  4547 W PackageManager: No change is needed for package: com.google.android.overlay.glanceablehubconfig. Skipping suspending/un-suspending.
08-28 00:37:48.269  1452  4547 W PackageManager: No change is needed for package: com.google.android.accessibility.switchaccess. Skipping suspending/un-suspending.
08-28 00:37:48.270  1452  4547 W PackageManager: No change is needed for package: ai.perplexity.app.android. Skipping suspending/un-suspending.
08-28 00:37:48.290  1452  4244 W PackageConfigPersister: App-specific configuration not found for packageName: com.google.android.apps.nexuslauncher and userId: 0
08-28 00:37:48.290  2471  2471 D InsetsController: Setting requestedVisibleTypes to -1 (was -9)
08-28 00:37:48.295  1452  2134 D BackgroundInstallControlService: Package event received: 0
08-28 00:37:48.296  1452  2134 D BackgroundInstallControlService: Package event received: 0
08-28 00:37:48.299  1452  2257 D CoreBackPreview: Window{2cd9780 u0 com.google.android.apps.nexuslauncher/com.google.android.apps.nexuslauncher.NexusLauncherActivity}: Setting back callback OnBackInvokedCallbackInfo{mCallback=android.window.IOnBackInvokedCallback$Stub$Proxy@28f17, mPriority=0, mIsAnimationCallback=true, mOverrideBehavior=0}
08-28 00:37:48.317  1452  1715 D HintManagerService: Sent cleanup message for uid 10192
08-28 00:37:48.332  1452  2134 D BackgroundInstallControlService: Package event received: 0
08-28 00:37:48.332  1452  2134 D BackgroundInstallControlService: Package event received: 0
08-28 00:37:48.337  1452  2011 W InputMethodManagerService: Delegator package does not match. Ignoring startStylusHandwriting
08-28 00:37:48.347  1452  2134 D BackgroundInstallControlService: Package event received: 0
08-28 00:37:48.353  1452  2134 D BackgroundInstallControlService: Package event received: 0
08-28 00:37:48.358  1452  2792 D ImeInsetsSourceProvider: showImePostLayout aborted, isScheduledAndReadyToShowIme: false, mImeRequester: null, serverVisible: false, frozen: false, mWindowContainer is: non-null, windowState: Window{1fa1d9d u0 InputMethod}, isDrawn: false, mGivenInsetsPending: false, dcTarget: Window{2cd9780 u0 com.google.android.apps.nexuslauncher/com.google.android.apps.nexuslauncher.NexusLauncherActivity}, controlTarget: Window{2cd9780 u0 com.google.android.apps.nexuslauncher/com.google.android.apps.nexuslauncher.NexusLauncherActivity}
08-28 00:37:48.361  1452  3761 D CoreBackPreview: Window{2cd9780 u0 com.google.android.apps.nexuslauncher/com.google.android.apps.nexuslauncher.NexusLauncherActivity}: Setting back callback OnBackInvokedCallbackInfo{mCallback=android.window.IOnBackInvokedCallback$Stub$Proxy@8a2594d, mPriority=0, mIsAnimationCallback=true, mOverrideBehavior=0}
08-28 00:37:48.363  1452  5112 D CoreBackPreview: Window{2cd9780 u0 com.google.android.apps.nexuslauncher/com.google.android.apps.nexuslauncher.NexusLauncherActivity}: Setting back callback OnBackInvokedCallbackInfo{mCallback=android.window.IOnBackInvokedCallback$Stub$Proxy@2e3ac02, mPriority=0, mIsAnimationCallback=true, mOverrideBehavior=0}
08-28 00:37:48.366  2175  2202 D WindowManagerShell: onKeepClearAreasChanged: restricted={}, unrestricted={Rect(0, 2274 - 1080, 2400)}
08-28 00:37:48.381  2175  2202 D WindowManagerShell: onKeepClearAreasChanged: restricted={}, unrestricted={Rect(0, 1482 - 1080, 2400)}
08-28 00:37:48.414  1452  1452 W JobScheduler: Job didn't exist in JobStore: dcdfb66 {SyncManager} #1000/21 @SyncManager@com.google.android.keep/com.google:android
08-28 00:37:48.434  1452  2257 D CompatChangeReporter: Compat change id reported: 311208629; UID 10300; state: ENABLED
08-28 00:37:48.485  1452  1571 D CoreBackPreview: Window{2cd9780 u0 com.google.android.apps.nexuslauncher/com.google.android.apps.nexuslauncher.NexusLauncherActivity}: Setting back callback OnBackInvokedCallbackInfo{mCallback=android.window.IOnBackInvokedCallback$Stub$Proxy@bc4778c, mPriority=0, mIsAnimationCallback=true, mOverrideBehavior=0}
08-28 00:37:48.622  1452  2257 D CompatChangeReporter: Compat change id reported: 297989574; UID 1001; state: ENABLED
08-28 00:37:48.628  2175  2202 V WindowManagerShell: Transition animation finished (aborted=false), notifying core (#10) android.os.BinderProxy@3e8d24e@0
08-28 00:37:48.630  1452  1715 V WindowManager: Finish Transition (#10): created at 08-28 00:37:48.115 collect-started=0.057ms request-sent=0.145ms started=3.209ms ready=15.682ms sent=51.18ms commit=26.774ms finished=514.3ms
08-28 00:37:48.630  2175  2202 V WindowManagerShell: Track 0 became idle
08-28 00:37:48.630  2175  2202 V WindowManagerShell: All active transition animations finished
08-28 00:37:48.646  1452  1571 D CompatChangeReporter: Compat change id reported: 311208629; UID 10186; state: ENABLED
08-28 00:37:48.651  1452  2257 D CoreBackPreview: Window{f29aae0 u0 io.scoregenius.app/io.scoregenius.app.LauncherActivity}: Setting back callback null
08-28 00:37:48.679  1452  2134 D BackgroundInstallControlService: Package event received: 0
08-28 00:37:48.680  1452  5696 I DisplayManager: Choreographer implicitly registered for the refresh rate.
08-28 00:37:48.905  1452  1733 I ActivityManager: Start proc 5721:com.android.vending:background/u0a149 for service {com.android.vending/com.google.frameworks.client.data.android.server.play.BackgroundProcessEndpointService}
08-28 00:37:48.909  1452  1733 I ActivityManager: ProcessObserver broadcast disabled
08-28 00:37:48.971  1452  5109 D OomAdjuster: Not killing cached processes
08-28 00:37:49.145  1452  1988 D HintManagerService: Starts cleaning for 10461
08-28 00:37:49.150  1452  3367 I ActivityManager: Background started FGS: Allowed [callingPackage: com.google.android.apps.messaging; callingUid: 10170; uidState: BFGS; uidBFSL: [BFSL]; intent: Intent { xflg=0x4 cmp=com.google.android.apps.messaging/com.google.apps.tiktok.concurrent.InternalForegroundService (has extras) }; code:PROC_STATE_BFGS; tempAllowListReason:<22b6e01 android.intent.action.BOOT_COMPLETED/u0,reasonCode:BOOT_COMPLETED,duration:20000,callingUid:1000>; allowWiu:-1; targetSdkVersion:36; callerTargetSdkVersion:36; startForegroundCount:0; bindFromPackage:null: isBindService:false]
08-28 00:37:49.226  1452  1733 I ActivityManager: Start proc 5763:com.google.android.apps.diagnosticstool/u0a147 for broadcast {com.google.android.apps.diagnosticstool/com.google.android.apps.diagnosticstool.receiver.BootCompleteReceiver}
08-28 00:37:49.226  1452  1733 W ActivityManager: Slow operation: 67ms so far, now at startProcess: starting to update pids map
08-28 00:37:49.228  1452  1733 I ActivityManager: ProcessObserver broadcast disabled
08-28 00:37:49.228  1452  1733 W ActivityManager: Slow operation: 69ms so far, now at startProcess: done updating pids map
08-28 00:37:49.241  1452  4518 W ActivityManager: Foreground service started from background can not have location/camera/microphone access: service com.google.android.apps.messaging/com.google.apps.tiktok.concurrent.InternalForegroundService
08-28 00:37:49.243  1452  4518 W ForegroundServiceTypeLoggerModule: Foreground service start for UID: 10170 does not have any types
08-28 00:37:49.245  1452  2134 D BackgroundInstallControlService: Package event received: 0
08-28 00:37:49.280  1452  2134 D BackgroundInstallControlService: Package event received: 0
08-28 00:37:49.348  1452  1733 I ActivityManager: Start proc 5788:com.google.android.apps.magazines/u0a311 for service {com.google.android.apps.magazines/com.google.android.libraries.notifications.entrypoints.scheduled.ScheduledTaskService}
08-28 00:37:49.348  1452  1733 I ActivityManager: ProcessObserver broadcast disabled
08-28 00:37:49.361  1452  1988 D HintManagerService: Starts cleaning for 10192
08-28 00:37:49.389  1452  1976 E JobScheduler.Quota: <0>com.google.android.apps.magazines has 0 EJ quota without running anything
08-28 00:37:49.391  1452  1976 E JobScheduler.Quota: <0>com.google.android.apps.magazines has 0 EJ quota without running anything
08-28 00:37:49.392  1452  1976 E JobScheduler.Quota: <0>com.google.android.apps.magazines has 0 EJ quota without running anything
08-28 00:37:49.427  1452  1956 D AmbientContextManagerService: Not all events types are wearable events.
08-28 00:37:49.427  1452  1956 D AmbientContextManagerService: getServiceForType with userid: 0 service type: DEFAULT
08-28 00:37:49.427  1452  1956 D AmbientContextManagerService: Services that are available: 1 number of services
08-28 00:37:49.427  1452  1956 D AmbientContextManagerService: Not all events types are wearable events.
08-28 00:37:49.427  1452  1956 D AmbientContextManagerPerUserService: Query event status of [1] for com.google.android.apps.wellbeing
08-28 00:37:49.429  1452  2134 D BackgroundInstallControlService: Package event received: 0
08-28 00:37:49.445  1452  1715 D BrightnessThermalClamper: New thermal throttling status = 1
08-28 00:37:49.450  1452  1764 V DisplayPowerController[0]: Brightness [0.030497184] reason changing to: 'automatic [ throttled ]', previous reason: 'automatic'.
08-28 00:37:49.451  1452  1764 I DisplayPowerController[0]: BrightnessEvent: brt=0.030497184 (51.0%), nits= 44.884373, lux=0.75134724, reason=automatic [ throttled ], strat=AutomaticBrightnessStrategy, state=ON, stateReason=DEFAULT_POLICY, policy=BRIGHT, flags=, initBrt=0.030497184, rcmdBrt=0.030497184, preBrt=NaN, preLux=0.0, wasShortTermModelActive=false, autoBrightness=true (default), unclampedBrt=0.030497184, hbmMax=0.35428858, hbmMode=off, thrmMax=1.0, rbcStrength=35, powerFactor=1.0, physDisp=Built-in Screen(local:4619826886480892416), logicalId=0, slowChange=false, rampSpeed=0.0
08-28 00:37:49.472  1452  1956 I DefaultRemoteAmbientContextDetectionService: Query status for com.google.android.apps.wellbeing
08-28 00:37:49.477  1452  2134 D BackgroundInstallControlService: Package event received: 0
08-28 00:37:49.478  2685  3956 D ActivityThread: Too many transaction errors, throttling freezer binder callback.
08-28 00:37:49.484  2685  4010 D ActivityThread: Too many transaction errors, throttling freezer binder callback.
08-28 00:37:49.485  2685  2880 D ActivityThread: Too many transaction errors, throttling freezer binder callback.
08-28 00:37:49.486  2685  4945 D ActivityThread: Too many transaction errors, throttling freezer binder callback.
08-28 00:37:49.487  2685  4046 D ActivityThread: Too many transaction errors, throttling freezer binder callback.
08-28 00:37:49.487  2685  4068 D ActivityThread: Too many transaction errors, throttling freezer binder callback.
08-28 00:37:49.489  2685  4006 D ActivityThread: Too many transaction errors, throttling freezer binder callback.
08-28 00:37:49.489  2685  2849 D ActivityThread: Too many transaction errors, throttling freezer binder callback.
08-28 00:37:49.489  2685  3946 D ActivityThread: Too many transaction errors, throttling freezer binder callback.
08-28 00:37:49.492  1452  1733 I ActivityManager: Start proc 5814:com.google.android.repairmode/1000 for content provider {com.google.android.repairmode/com.google.android.repairmode.RepairModeProvider}
08-28 00:37:49.492  1452  1733 I ActivityManager: ProcessObserver broadcast disabled
08-28 00:37:49.538  1452  1571 D CompatChangeReporter: Compat change id reported: 311208629; UID 10239; state: ENABLED
08-28 00:37:49.555  1452  5032 W ForegroundServiceTypeLoggerModule: FGS stop call for: 10170 has no types!
08-28 00:37:49.557  1452  2134 D BackgroundInstallControlService: Package event received: 0
08-28 00:37:49.557  1452  2134 D BackgroundInstallControlService: Package event received: 0
08-28 00:37:49.675  1452  4544 D CompatChangeReporter: Compat change id reported: 311208629; UID 10243; state: ENABLED
08-28 00:37:49.682  1452  1732 D CompatChangeReporter: Compat change id reported: 151861875; UID 10288; state: ENABLED
08-28 00:37:49.688  1452  2134 D BackgroundInstallControlService: Package event received: 0
08-28 00:37:49.707  1452  1733 I ActivityManager: Start proc 5833:com.draftkings.sportsbook/u0a288 for broadcast {com.draftkings.sportsbook/io.radar.sdk.RadarLocationReceiver}
08-28 00:37:49.707  1452  1733 I ActivityManager: ProcessObserver broadcast disabled
08-28 00:37:49.721  1452  2134 D BackgroundInstallControlService: Package event received: 0
08-28 00:37:49.827  1452  2134 D BackgroundInstallControlService: Package event received: 0
08-28 00:37:49.841  1452  2134 D BackgroundInstallControlService: Package event received: 0
08-28 00:37:49.843  1452  2134 D BackgroundInstallControlService: Package event received: 0
08-28 00:37:49.843  1452  2134 D BackgroundInstallControlService: Package event received: 0
08-28 00:37:49.914  1452  1956 W OverlayManager: service 'idmap' died
08-28 00:37:49.965  1452  2134 D BackgroundInstallControlService: Package event received: 0
08-28 00:37:49.994  1452  3367 D CompatChangeReporter: Compat change id reported: 311402873; UID 10149; state: ENABLED
08-28 00:37:49.994  1452  3367 D CompatChangeReporter: Compat change id reported: 323349338; UID 10149; state: ENABLED
08-28 00:37:50.016  5833  5833 V Configuration: Updating configuration, locales updated from [en_US] to [en_US,en]
08-28 00:37:50.073  1452  1976 W JobServiceContext: Sending onNetworkChanged for a job that isn't started. JobStatus{3d3a03 #u0a311/111010999 com.google.android.apps.magazines/com.google.android.libraries.notifications.entrypoints.scheduled.ScheduledTaskService u=0 s=10311 NET PERSISTED READY}
08-28 00:37:50.105  1452  2134 D BackgroundInstallControlService: Package event received: 0
08-28 00:37:50.231  1452  2134 D BackgroundInstallControlService: Package event received: 0
08-28 00:37:50.253  1452  1733 I ActivityManager: Start proc 5907:com.google.android.gms.unstable/u0a133 for service {com.google.android.gms/com.google.android.gms.droidguard.DroidGuardService}
08-28 00:37:50.254  1452  1733 I ActivityManager: ProcessObserver broadcast disabled
08-28 00:37:50.287  1452  2134 D BackgroundInstallControlService: Package event received: 0
08-28 00:37:50.383  1452  1452 W JobScheduler: Job didn't exist in JobStore: b6168b0 {SyncManager} #1000/27 @SyncManager@com.google.android.keep/com.google:android
08-28 00:37:50.390  1452  1976 E JobScheduler.Quota: <0>com.google.android.apps.magazines has 0 EJ quota without running anything
08-28 00:37:50.394  1452  1976 W BroadcastLoopers: Found previously unknown looper Thread[appscheduling.default,5,main]
08-28 00:37:50.475  1452  4246 D AmbientContextManagerService: Not all events types are wearable events.
08-28 00:37:50.475  1452  4246 D AmbientContextManagerService: getServiceForType with userid: 0 service type: DEFAULT
08-28 00:37:50.475  1452  4246 D AmbientContextManagerService: Services that are available: 1 number of services
08-28 00:37:50.475  1452  4246 D AmbientContextManagerService: Not all events types are wearable events.
08-28 00:37:50.475  1452  4246 D AmbientContextManagerPerUserService: Query event status of [2] for com.google.android.apps.wellbeing
08-28 00:37:50.476  1452  4246 I DefaultRemoteAmbientContextDetectionService: Query status for com.google.android.apps.wellbeing
08-28 00:37:50.502  1452  2134 D BackgroundInstallControlService: Package event received: 0
08-28 00:37:50.508  1452  4246 E JobScheduler.JobStatus: App com.google.android.apps.magazines became active but still in NEVER bucket
08-28 00:37:50.517  1452  2134 D BackgroundInstallControlService: Package event received: 0
08-28 00:37:50.520  1452  1452 W JobScheduler: Job didn't exist in JobStore: ea9d876 {SyncManager} #1000/29 @SyncManager@com.google.android.keep/com.google:android
08-28 00:37:50.548  1452  1733 I ActivityManager: Start proc 5962:com.google.omadm.trigger/u0a114 for service {com.google.omadm.trigger/com.google.omadm.trigger.SendNIService}
08-28 00:37:50.549  1452  1733 I ActivityManager: ProcessObserver broadcast disabled
